20:31:10 **** Incremental Build of configuration Debug for project demo ****
make -r -j4 all 
Building file: ../source/demo.cpp
Invoking: MCU C++ Compiler
arm-none-eabi-c++ -DCPU_MK64FN1M0VLL12 -DCPU_MK64FN1M0VLL12_cm4 -DSDK_OS_FREE_RTOS -DSERIAL_PORT_TYPE_UART=1 -DSDK_DEBUGCONSOLE=1 -D__MCUXPRESSO -D__USE_CMSIS -DDEBUG -D__NEWLIB__ -I"/poli/home/vyuka/osy/workspace.rtos/demo/board" -I"/poli/home/vyuka/osy/workspace.rtos/demo/source" -I"/poli/home/vyuka/osy/workspace.rtos/demo/freertos/freertos_kernel/include" -I"/poli/home/vyuka/osy/workspace.rtos/demo/freertos/freertos_kernel/portable/GCC/ARM_CM4F" -I"/poli/home/vyuka/osy/workspace.rtos/demo/drivers" -I"/poli/home/vyuka/osy/workspace.rtos/demo/device" -I"/poli/home/vyuka/osy/workspace.rtos/demo/CMSIS" -I"/poli/home/vyuka/osy/workspace.rtos/demo/utilities" -I"/poli/home/vyuka/osy/workspace.rtos/demo/component/serial_manager" -I"/poli/home/vyuka/osy/workspace.rtos/demo/component/uart" -I"/poli/home/vyuka/osy/workspace.rtos/demo/component/lists" -O0 -fno-common -g3 -Wall -c -ffunction-sections -fdata-sections -ffreestanding -fno-builtin -fno-rtti -fno-exceptions -fmerge-constants -fmacro-prefix-map="../source/"= -mcpu=cortex-m4 -mfpu=fpv4-sp-d16 -mfloat-abi=hard -mthumb -D__NEWLIB__ -fstack-usage -specs=nano.specs -MMD -MP -MF"source/demo.d" -MT"source/demo.o" -MT"source/demo.d" -o "source/demo.o" "../source/demo.cpp"
Finished building: ../source/demo.cpp
 
Building target: demo.axf
Invoking: MCU C++ Linker
arm-none-eabi-c++ -nostdlib -Xlinker -Map="demo.map" -Xlinker --gc-sections -Xlinker -print-memory-usage -Xlinker --sort-section=alignment -Xlinker --cref -mcpu=cortex-m4 -mfpu=fpv4-sp-d16 -mfloat-abi=hard -mthumb -T demo_Debug.ld -o "demo.axf"  ./utilities/fsl_debug_console.o ./utilities/fsl_str.o  ./startup/startup_mk64f12.o  ./source/cpp_config.o ./source/demo.o ./source/semihost_hardfault.o  ./freertos/freertos_kernel/portable/MemMang/heap_4.o  ./freertos/freertos_kernel/portable/GCC/ARM_CM4F/port.o  ./freertos/freertos_kernel/croutine.o ./freertos/freertos_kernel/event_groups.o ./freertos/freertos_kernel/list.o ./freertos/freertos_kernel/queue.o ./freertos/freertos_kernel/stream_buffer.o ./freertos/freertos_kernel/tasks.o ./freertos/freertos_kernel/timers.o  ./drivers/fsl_adc16.o ./drivers/fsl_clock.o ./drivers/fsl_common.o ./drivers/fsl_common_arm.o ./drivers/fsl_ftm.o ./drivers/fsl_gpio.o ./drivers/fsl_i2c.o ./drivers/fsl_pit.o ./drivers/fsl_smc.o ./drivers/fsl_uart.o  ./device/system_MK64F12.o  ./component/uart/fsl_adapter_uart.o  ./component/serial_manager/fsl_component_serial_manager.o ./component/serial_manager/fsl_component_serial_port_uart.o  ./component/lists/fsl_component_generic_list.o  ./board/board.o ./board/clock_config.o ./board/peripherals.o ./board/pin_mux.o   
Memory region         Used Size  Region Size  %age Used
   PROGRAM_FLASH:       29272 B         1 MB      2.79%
      SRAM_UPPER:       19200 B       192 KB      9.77%
      SRAM_LOWER:          0 GB        64 KB      0.00%
        FLEX_RAM:          0 GB         4 KB      0.00%
Finished building target: demo.axf
 
Performing post-build steps
arm-none-eabi-size "demo.axf"; # arm-none-eabi-objcopy -v -O binary "demo.axf" "demo.bin" ; # checksum -p MK64FN1M0xxx12 -d "demo.bin";
   text	   data	    bss	    dec	    hex	filename
  29072	    200	  19000	  48272	   bc90	demo.axf
 

20:31:11 Build Finished. 0 errors, 0 warnings. (took 279ms)

