Archive member included to satisfy reference by file (symbol)

/home/fei/min0150/Projects/VSB/APPS/apps-workspace.mcu/leds/mbed-os/lib/libmbed-os.a(Ticker.o)
                              ./main-leds.o (mbed::TickerBase::handler())
/home/fei/min0150/Projects/VSB/APPS/apps-workspace.mcu/leds/mbed-os/lib/libmbed-os.a(TimerEvent.o)
                              /home/fei/min0150/Projects/VSB/APPS/apps-workspace.mcu/leds/mbed-os/lib/libmbed-os.a(Ticker.o) (mbed::TimerEvent::TimerEvent(ticker_data_t const*))
/home/fei/min0150/Projects/VSB/APPS/apps-workspace.mcu/leds/mbed-os/lib/libmbed-os.a(mbed_compat.o)
                              ./main-leds.o (gpio_free)
/home/fei/min0150/Projects/VSB/APPS/apps-workspace.mcu/leds/mbed-os/lib/libmbed-os.a(mbed_gpio.o)
                              ./main-leds.o (gpio_init_in)
/home/fei/min0150/Projects/VSB/APPS/apps-workspace.mcu/leds/mbed-os/lib/libmbed-os.a(mbed_lp_ticker_api.o)
                              /home/fei/min0150/Projects/VSB/APPS/apps-workspace.mcu/leds/mbed-os/lib/libmbed-os.a(Ticker.o) (get_lp_ticker_data)
/home/fei/min0150/Projects/VSB/APPS/apps-workspace.mcu/leds/mbed-os/lib/libmbed-os.a(mbed_ticker_api.o)
                              /home/fei/min0150/Projects/VSB/APPS/apps-workspace.mcu/leds/mbed-os/lib/libmbed-os.a(TimerEvent.o) (ticker_set_handler)
/home/fei/min0150/Projects/VSB/APPS/apps-workspace.mcu/leds/mbed-os/lib/libmbed-os.a(mbed_us_ticker_api.o)
                              /home/fei/min0150/Projects/VSB/APPS/apps-workspace.mcu/leds/mbed-os/lib/libmbed-os.a(Ticker.o) (get_us_ticker_data)
/home/fei/min0150/Projects/VSB/APPS/apps-workspace.mcu/leds/mbed-os/lib/libmbed-os.a(CriticalSectionLock.o)
                              /home/fei/min0150/Projects/VSB/APPS/apps-workspace.mcu/leds/mbed-os/lib/libmbed-os.a(Ticker.o) (mbed::CriticalSectionLock::CriticalSectionLock())
/home/fei/min0150/Projects/VSB/APPS/apps-workspace.mcu/leds/mbed-os/lib/libmbed-os.a(mbed_assert.o)
                              /home/fei/min0150/Projects/VSB/APPS/apps-workspace.mcu/leds/mbed-os/lib/libmbed-os.a(mbed_ticker_api.o) (mbed_assert_internal)
/home/fei/min0150/Projects/VSB/APPS/apps-workspace.mcu/leds/mbed-os/lib/libmbed-os.a(mbed_critical.o)
                              /home/fei/min0150/Projects/VSB/APPS/apps-workspace.mcu/leds/mbed-os/lib/libmbed-os.a(mbed_ticker_api.o) (core_util_critical_section_enter)
/home/fei/min0150/Projects/VSB/APPS/apps-workspace.mcu/leds/mbed-os/lib/libmbed-os.a(mbed_error.o)
                              /home/fei/min0150/Projects/VSB/APPS/apps-workspace.mcu/leds/mbed-os/lib/libmbed-os.a(mbed_ticker_api.o) (mbed_error)
/home/fei/min0150/Projects/VSB/APPS/apps-workspace.mcu/leds/mbed-os/lib/libmbed-os.a(mbed_power_mgmt.o)
                              /home/fei/min0150/Projects/VSB/APPS/apps-workspace.mcu/leds/mbed-os/lib/libmbed-os.a(Ticker.o) (sleep_manager_lock_deep_sleep_internal)
/home/fei/min0150/Projects/VSB/APPS/apps-workspace.mcu/leds/mbed-os/lib/libmbed-os.a(mbed_sdk_boot.o)
                              /usr/local/mcuxpressoide-11.6.1_8255/ide/plugins/com.nxp.mcuxpresso.tools.linux_11.6.1.202207200623/tools/bin/../lib/gcc/arm-none-eabi/10.3.1/../../../../arm-none-eabi/lib/thumb/v7e-m+fp/softfp/crt0.o (__wrap_main)
/home/fei/min0150/Projects/VSB/APPS/apps-workspace.mcu/leds/mbed-os/lib/libmbed-os.a(mbed_wait_api_no_rtos.o)
                              /home/fei/min0150/Projects/VSB/APPS/apps-workspace.mcu/leds/mbed-os/lib/libmbed-os.a(mbed_power_mgmt.o) (wait_ns)
/home/fei/min0150/Projects/VSB/APPS/apps-workspace.mcu/leds/mbed-os/lib/libmbed-os.a(mbed_retarget.o)
                              /home/fei/min0150/Projects/VSB/APPS/apps-workspace.mcu/leds/mbed-os/lib/libmbed-os.a(TimerEvent.o) (__cxa_pure_virtual)
/home/fei/min0150/Projects/VSB/APPS/apps-workspace.mcu/leds/mbed-os/lib/libmbed-os.a(startup_MK64F12.o)
                              (Reset_Handler)
/home/fei/min0150/Projects/VSB/APPS/apps-workspace.mcu/leds/mbed-os/lib/libmbed-os.a(system_MK64F12.o)
                              /home/fei/min0150/Projects/VSB/APPS/apps-workspace.mcu/leds/mbed-os/lib/libmbed-os.a(startup_MK64F12.o) (SystemInit)
/home/fei/min0150/Projects/VSB/APPS/apps-workspace.mcu/leds/mbed-os/lib/libmbed-os.a(us_ticker.o)
                              /home/fei/min0150/Projects/VSB/APPS/apps-workspace.mcu/leds/mbed-os/lib/libmbed-os.a(mbed_us_ticker_api.o) (us_ticker_init)
/home/fei/min0150/Projects/VSB/APPS/apps-workspace.mcu/leds/mbed-os/lib/libmbed-os.a(spi_api.o)
                              /home/fei/min0150/Projects/VSB/APPS/apps-workspace.mcu/leds/mbed-os/lib/libmbed-os.a(mbed_compat.o) (spi_master_cs_pinmap)
/home/fei/min0150/Projects/VSB/APPS/apps-workspace.mcu/leds/mbed-os/lib/libmbed-os.a(serial_api.o)
                              /home/fei/min0150/Projects/VSB/APPS/apps-workspace.mcu/leds/mbed-os/lib/libmbed-os.a(mbed_retarget.o) (serial_init_direct)
[...]
Memory Configuration

Name             Origin             Length             Attributes
m_interrupts     0x0000000000000000 0x0000000000000400 xr
m_flash_config   0x0000000000000400 0x0000000000000010 xr
m_text           0x0000000000000410 0x00000000000ffbf0 xr
m_data           0x000000001fff0000 0x0000000000010000 rw
m_data_2         0x0000000020000000 0x0000000000030000 rw
*default*        0x0000000000000000 0xffffffffffffffff

Linker script and memory map

LOAD /usr/local/mcuxpressoide-11.6.1_8255/ide/plugins/com.nxp.mcuxpresso.tools.linux_11.6.1.202207200623/tools/bin/../lib/gcc/arm-none-eabi/10.3.1/thumb/v7e-m+fp/softfp/crti.o
LOAD /usr/local/mcuxpressoide-11.6.1_8255/ide/plugins/com.nxp.mcuxpresso.tools.linux_11.6.1.202207200623/tools/bin/../lib/gcc/arm-none-eabi/10.3.1/thumb/v7e-m+fp/softfp/crtbegin.o
LOAD /usr/local/mcuxpressoide-11.6.1_8255/ide/plugins/com.nxp.mcuxpresso.tools.linux_11.6.1.202207200623/tools/bin/../lib/gcc/arm-none-eabi/10.3.1/../../../../arm-none-eabi/lib/thumb/v7e-m+fp/softfp/crt0.o
LOAD ./main-leds.o
LOAD /home/fei/min0150/Projects/VSB/APPS/apps-workspace.mcu/leds/mbed-os/lib/libmbed-os.a
LOAD /usr/local/mcuxpressoide-11.6.1_8255/ide/plugins/com.nxp.mcuxpresso.tools.linux_11.6.1.202207200623/tools/bin/../lib/gcc/arm-none-eabi/10.3.1/../../../../arm-none-eabi/lib/thumb/v7e-m+fp/softfp/libstdc++.a
LOAD /usr/local/mcuxpressoide-11.6.1_8255/ide/plugins/com.nxp.mcuxpresso.tools.linux_11.6.1.202207200623/tools/bin/../lib/gcc/arm-none-eabi/10.3.1/../../../../arm-none-eabi/lib/thumb/v7e-m+fp/softfp/libsupc++.a
LOAD /usr/local/mcuxpressoide-11.6.1_8255/ide/plugins/com.nxp.mcuxpresso.tools.linux_11.6.1.202207200623/tools/bin/../lib/gcc/arm-none-eabi/10.3.1/thumb/v7e-m+fp/softfp/libgcc.a
LOAD /usr/local/mcuxpressoide-11.6.1_8255/ide/plugins/com.nxp.mcuxpresso.tools.linux_11.6.1.202207200623/tools/bin/../lib/gcc/arm-none-eabi/10.3.1/../../../../arm-none-eabi/lib/thumb/v7e-m+fp/softfp/libnosys.a
START GROUP
LOAD /usr/local/mcuxpressoide-11.6.1_8255/ide/plugins/com.nxp.mcuxpresso.tools.linux_11.6.1.202207200623/tools/bin/../lib/gcc/arm-none-eabi/10.3.1/../../../../arm-none-eabi/lib/thumb/v7e-m+fp/softfp/libstdc++.a
LOAD /usr/local/mcuxpressoide-11.6.1_8255/ide/plugins/com.nxp.mcuxpresso.tools.linux_11.6.1.202207200623/tools/bin/../lib/gcc/arm-none-eabi/10.3.1/../../../../arm-none-eabi/lib/thumb/v7e-m+fp/softfp/libsupc++.a
LOAD /usr/local/mcuxpressoide-11.6.1_8255/ide/plugins/com.nxp.mcuxpresso.tools.linux_11.6.1.202207200623/tools/bin/../lib/gcc/arm-none-eabi/10.3.1/../../../../arm-none-eabi/lib/thumb/v7e-m+fp/softfp/libm.a
LOAD /usr/local/mcuxpressoide-11.6.1_8255/ide/plugins/com.nxp.mcuxpresso.tools.linux_11.6.1.202207200623/tools/bin/../lib/gcc/arm-none-eabi/10.3.1/../../../../arm-none-eabi/lib/thumb/v7e-m+fp/softfp/libc.a
LOAD /usr/local/mcuxpressoide-11.6.1_8255/ide/plugins/com.nxp.mcuxpresso.tools.linux_11.6.1.202207200623/tools/bin/../lib/gcc/arm-none-eabi/10.3.1/thumb/v7e-m+fp/softfp/libgcc.a
LOAD /usr/local/mcuxpressoide-11.6.1_8255/ide/plugins/com.nxp.mcuxpresso.tools.linux_11.6.1.202207200623/tools/bin/../lib/gcc/arm-none-eabi/10.3.1/../../../../arm-none-eabi/lib/thumb/v7e-m+fp/softfp/libnosys.a
LOAD /home/fei/min0150/Projects/VSB/APPS/apps-workspace.mcu/leds/mbed-os/lib/libmbed-os.a
END GROUP
LOAD /usr/local/mcuxpressoide-11.6.1_8255/ide/plugins/com.nxp.mcuxpresso.tools.linux_11.6.1.202207200623/tools/bin/../lib/gcc/arm-none-eabi/10.3.1/../../../../arm-none-eabi/lib/thumb/v7e-m+fp/softfp/libstdc++.a
LOAD /usr/local/mcuxpressoide-11.6.1_8255/ide/plugins/com.nxp.mcuxpresso.tools.linux_11.6.1.202207200623/tools/bin/../lib/gcc/arm-none-eabi/10.3.1/../../../../arm-none-eabi/lib/thumb/v7e-m+fp/softfp/libm.a
LOAD /usr/local/mcuxpressoide-11.6.1_8255/ide/plugins/com.nxp.mcuxpresso.tools.linux_11.6.1.202207200623/tools/bin/../lib/gcc/arm-none-eabi/10.3.1/../../../../arm-none-eabi/lib/thumb/v7e-m+fp/softfp/libc.a
START GROUP
LOAD /usr/local/mcuxpressoide-11.6.1_8255/ide/plugins/com.nxp.mcuxpresso.tools.linux_11.6.1.202207200623/tools/bin/../lib/gcc/arm-none-eabi/10.3.1/thumb/v7e-m+fp/softfp/libgcc.a
LOAD /usr/local/mcuxpressoide-11.6.1_8255/ide/plugins/com.nxp.mcuxpresso.tools.linux_11.6.1.202207200623/tools/bin/../lib/gcc/arm-none-eabi/10.3.1/../../../../arm-none-eabi/lib/thumb/v7e-m+fp/softfp/libc.a
END GROUP
LOAD /usr/local/mcuxpressoide-11.6.1_8255/ide/plugins/com.nxp.mcuxpresso.tools.linux_11.6.1.202207200623/tools/bin/../lib/gcc/arm-none-eabi/10.3.1/thumb/v7e-m+fp/softfp/crtend.o
LOAD /usr/local/mcuxpressoide-11.6.1_8255/ide/plugins/com.nxp.mcuxpresso.tools.linux_11.6.1.202207200623/tools/bin/../lib/gcc/arm-none-eabi/10.3.1/thumb/v7e-m+fp/softfp/crtn.o
                0x0000000000000001                __ram_vector_table__ = 0x1
                0x0000000000000400                __stack_size__ = 0x400
                0x0000000000000400                STACK_SIZE = DEFINED (__stack_size__)?__stack_size__:0x400
                0x0000000000000400                M_VECTOR_RAM_SIZE = DEFINED (__ram_vector_table__)?0x400:0x0
                0x0000000000000100                M_CRASH_DATA_RAM_SIZE = 0x100

.interrupts     0x0000000000000000      0x400
                0x0000000000000000                __VECTOR_TABLE = .
                0x0000000000000000                . = ALIGN (0x8)
 *(.isr_vector)
 .isr_vector    0x0000000000000000      0x400 /home/fei/min0150/Projects/VSB/APPS/apps-workspace.mcu/leds/mbed-os/lib/libmbed-os.a(startup_MK64F12.o)
                0x0000000000000000                __isr_vector
                0x0000000000000400                . = ALIGN (0x8)

.flash_config   0x0000000000000400       0x10
                0x0000000000000400                . = ALIGN (0x8)
 *(.FlashConfig)
 .FlashConfig   0x0000000000000400       0x10 /home/fei/min0150/Projects/VSB/APPS/apps-workspace.mcu/leds/mbed-os/lib/libmbed-os.a(startup_MK64F12.o)
                0x0000000000000410                . = ALIGN (0x8)

.text           0x0000000000000440     0x73a8
                0x0000000000000440                . = ALIGN (0x8)
 *(.text)
 .text          0x0000000000000440       0x40 /usr/local/mcuxpressoide-11.6.1_8255/ide/plugins/com.nxp.mcuxpresso.tools.linux_11.6.1.202207200623/tools/bin/../lib/gcc/arm-none-eabi/10.3.1/thumb/v7e-m+fp/softfp/crtbegin.o
 .text          0x0000000000000480       0x7c /usr/local/mcuxpressoide-11.6.1_8255/ide/plugins/com.nxp.mcuxpresso.tools.linux_11.6.1.202207200623/tools/bin/../lib/gcc/arm-none-eabi/10.3.1/../../../../arm-none-eabi/lib/thumb/v7e-m+fp/softfp/crt0.o
                0x0000000000000480                _stack_init
                0x0000000000000488                _mainCRTStartup
                0x0000000000000488                _start
 .text          0x00000000000004fc      0x1e4 /home/fei/min0150/Projects/VSB/APPS/apps-workspace.mcu/leds/mbed-os/lib/libmbed-os.a(startup_MK64F12.o)
                0x00000000000004fc                Reset_Handler
                0x0000000000000540                DebugMon_Handler
                0x0000000000000540                DMA_Error_DriverIRQHandler
                0x0000000000000540                SDHC_DriverIRQHandler
                0x0000000000000540                PIT0_IRQHandler
                0x0000000000000540                CMP2_IRQHandler
                0x0000000000000540                LLWU_IRQHandler
                0x0000000000000540                I2S0_Tx_DriverIRQHandler
                0x0000000000000540                ENET_1588_Timer_DriverIRQHandler
                0x0000000000000540                I2C2_DriverIRQHandler
                0x0000000000000540                SWI_IRQHandler
                0x0000000000000540                ADC0_IRQHandler
                0x0000000000000540                UsageFault_Handler
                0x0000000000000540                CMT_IRQHandler
                0x0000000000000540                DefaultISR
                0x0000000000000540                UART5_ERR_DriverIRQHandler
                0x0000000000000540                CMP1_IRQHandler
                0x0000000000000540                Reserved71_IRQHandler
                0x0000000000000540                PORTD_IRQHandler
                0x0000000000000540                PORTB_IRQHandler
                0x0000000000000540                UART2_ERR_DriverIRQHandler
                0x0000000000000540                ADC1_IRQHandler
                0x0000000000000540                PIT2_IRQHandler
                0x0000000000000540                RTC_IRQHandler
                0x0000000000000540                UART3_ERR_DriverIRQHandler
                0x0000000000000540                PDB0_IRQHandler
                0x0000000000000540                FTM1_IRQHandler
                0x0000000000000540                PIT3_IRQHandler
                0x0000000000000540                RTC_Seconds_IRQHandler
                0x0000000000000540                MCG_IRQHandler
                0x0000000000000540                FTFE_IRQHandler
                0x0000000000000540                UART0_ERR_DriverIRQHandler
                0x0000000000000540                Read_Collision_IRQHandler
                0x0000000000000540                USBDCD_IRQHandler
                0x0000000000000540                I2S0_Rx_DriverIRQHandler
                0x0000000000000540                USB0_IRQHandler
                0x0000000000000540                UART4_ERR_DriverIRQHandler
                0x0000000000000540                WDOG_EWM_IRQHandler
                0x0000000000000540                MemManage_Handler
                0x0000000000000540                UART0_LON_DriverIRQHandler
                0x0000000000000540                RNG_IRQHandler
                0x0000000000000540                I2C1_DriverIRQHandler
                0x0000000000000540                ENET_Receive_DriverIRQHandler
                0x0000000000000540                DAC0_IRQHandler
                0x0000000000000540                ENET_Error_DriverIRQHandler
                0x0000000000000540                PIT1_IRQHandler
                0x0000000000000540                LVD_LVW_IRQHandler
                0x0000000000000540                FTM0_IRQHandler
                0x0000000000000540                PORTA_IRQHandler
                0x0000000000000540                DAC1_IRQHandler
                0x0000000000000540                MCM_IRQHandler
                0x0000000000000540                CAN0_DriverIRQHandler
                0x0000000000000540                FTM3_IRQHandler
                0x0000000000000540                PORTE_IRQHandler
                0x0000000000000540                FTM2_IRQHandler
                0x0000000000000540                LPTMR0_IRQHandler
                0x0000000000000540                BusFault_Handler
                0x0000000000000540                UART1_ERR_DriverIRQHandler
                0x0000000000000540                ENET_Transmit_DriverIRQHandler
                0x0000000000000540                I2C0_DriverIRQHandler
                0x0000000000000540                CMP0_IRQHandler
                0x0000000000000540                PORTC_IRQHandler
                0x0000000000000544                NMI_Handler
                0x0000000000000548                HardFault_Handler
                0x000000000000054c                SVC_Handler
                0x0000000000000550                PendSV_Handler
                0x0000000000000554                SysTick_Handler
                0x0000000000000558                DMA0_IRQHandler
                0x000000000000055c                DMA1_IRQHandler
                0x0000000000000560                DMA2_IRQHandler
                0x0000000000000564                DMA3_IRQHandler
                0x0000000000000568                DMA4_IRQHandler
                0x000000000000056c                DMA5_IRQHandler
                0x0000000000000570                DMA6_IRQHandler
                0x0000000000000574                DMA7_IRQHandler
                0x0000000000000578                DMA8_IRQHandler
                0x000000000000057c                DMA9_IRQHandler
                0x0000000000000580                DMA10_IRQHandler
                0x0000000000000584                DMA11_IRQHandler
                0x0000000000000588                DMA12_IRQHandler
                0x000000000000058c                DMA13_IRQHandler
                0x0000000000000590                DMA14_IRQHandler
                0x0000000000000594                DMA15_IRQHandler
                0x0000000000000598                DMA_Error_IRQHandler
                0x000000000000059c                I2C0_IRQHandler
                0x00000000000005a0                I2C1_IRQHandler
                0x00000000000005a4                SPI0_IRQHandler
                0x00000000000005a8                SPI1_IRQHandler
                0x00000000000005ac                I2S0_Tx_IRQHandler
                0x00000000000005b0                I2S0_Rx_IRQHandler
                0x00000000000005b4                UART0_LON_IRQHandler
                0x00000000000005b8                UART0_RX_TX_IRQHandler
                0x00000000000005bc                UART0_ERR_IRQHandler
                0x00000000000005c0                UART1_RX_TX_IRQHandler
                0x00000000000005c4                UART1_ERR_IRQHandler
                0x00000000000005c8                UART2_RX_TX_IRQHandler
                0x00000000000005cc                UART2_ERR_IRQHandler
                0x00000000000005d0                UART3_RX_TX_IRQHandler
                0x00000000000005d4                UART3_ERR_IRQHandler
                0x00000000000005d8                SPI2_IRQHandler
                0x00000000000005dc                UART4_RX_TX_IRQHandler
                0x00000000000005e0                UART4_ERR_IRQHandler
                0x00000000000005e4                UART5_RX_TX_IRQHandler
                0x00000000000005e8                UART5_ERR_IRQHandler
                0x00000000000005ec                I2C2_IRQHandler
                0x00000000000005f0                CAN0_ORed_Message_buffer_IRQHandler
                0x00000000000005f4                CAN0_Bus_Off_IRQHandler
                0x00000000000005f8                CAN0_Error_IRQHandler
                0x00000000000005fc                CAN0_Tx_Warning_IRQHandler
                0x0000000000000600                CAN0_Rx_Warning_IRQHandler
                0x0000000000000604                CAN0_Wake_Up_IRQHandler
                0x0000000000000608                SDHC_IRQHandler
                0x000000000000060c                ENET_1588_Timer_IRQHandler
                0x0000000000000610                ENET_Transmit_IRQHandler
                0x0000000000000614                ENET_Receive_IRQHandler
                0x0000000000000618                ENET_Error_IRQHandler
 .text          0x00000000000006e0       0x30 /usr/local/mcuxpressoide-11.6.1_8255/ide/plugins/com.nxp.mcuxpresso.tools.linux_11.6.1.202207200623/tools/bin/../lib/gcc/arm-none-eabi/10.3.1/thumb/v7e-m+fp/softfp/libgcc.a(_aeabi_uldivmod.o)
                0x00000000000006e0                __aeabi_uldivmod
 .text          0x0000000000000710      0x2d0 /usr/local/mcuxpressoide-11.6.1_8255/ide/plugins/com.nxp.mcuxpresso.tools.linux_11.6.1.202207200623/tools/bin/../lib/gcc/arm-none-eabi/10.3.1/thumb/v7e-m+fp/softfp/libgcc.a(_udivmoddi4.o)
                0x0000000000000710                __udivmoddi4
 .text          0x00000000000009e0        0x4 /usr/local/mcuxpressoide-11.6.1_8255/ide/plugins/com.nxp.mcuxpresso.tools.linux_11.6.1.202207200623/tools/bin/../lib/gcc/arm-none-eabi/10.3.1/thumb/v7e-m+fp/softfp/libgcc.a(_dvmd_tls.o)
                0x00000000000009e0                __aeabi_ldiv0
                0x00000000000009e0                __aeabi_idiv0
 .text          0x00000000000009e4      0x134 /usr/local/mcuxpressoide-11.6.1_8255/ide/plugins/com.nxp.mcuxpresso.tools.linux_11.6.1.202207200623/tools/bin/../lib/gcc/arm-none-eabi/10.3.1/../../../../arm-none-eabi/lib/thumb/v7e-m+fp/softfp/libc.a(lib_a-memcpy.o)
                0x00000000000009e4                memcpy
 *fill*         0x0000000000000b18       0x28 
 .text          0x0000000000000b40       0xdc /usr/local/mcuxpressoide-11.6.1_8255/ide/plugins/com.nxp.mcuxpresso.tools.linux_11.6.1.202207200623/tools/bin/../lib/gcc/arm-none-eabi/10.3.1/../../../../arm-none-eabi/lib/thumb/v7e-m+fp/softfp/libc.a(lib_a-strlen.o)
                0x0000000000000b40                strlen
 *fill*         0x0000000000000c1c        0x4 
 .text          0x0000000000000c20       0xa0 /usr/local/mcuxpressoide-11.6.1_8255/ide/plugins/com.nxp.mcuxpresso.tools.linux_11.6.1.202207200623/tools/bin/../lib/gcc/arm-none-eabi/10.3.1/../../../../arm-none-eabi/lib/thumb/v7e-m+fp/softfp/libc.a(lib_a-memchr.o)
                0x0000000000000c20                memchr
 *(.text*)
 .text._ZnwjPv  0x0000000000000cc0        0xe ./main-leds.o
                0x0000000000000cc0                operator new(unsigned int, void*)
 .text._ZNKSt6chrono8durationIxSt5ratioILx1ELx1000000EEE5countEv
                0x0000000000000cce       0x12 ./main-leds.o
                0x0000000000000cce                std::chrono::duration<long long, std::ratio<1ll, 1000000ll> >::count() const
 .text._ZN4mbed6detail12CallbackBase7controlEv
                0x0000000000000ce0        0xe ./main-leds.o
                0x0000000000000ce0                mbed::detail::CallbackBase::control()
 .text._ZN4mbed6detail12CallbackBase5clearEv
                0x0000000000000cee       0x1a ./main-leds.o
                0x0000000000000cee                mbed::detail::CallbackBase::clear()
 .text._ZN4mbed9DigitalInC2E7PinName
                0x0000000000000d08       0x22 ./main-leds.o
                0x0000000000000d08                mbed::DigitalIn::DigitalIn(PinName)
                0x0000000000000d08                mbed::DigitalIn::DigitalIn(PinName)
 .text._ZN4mbed9DigitalInD2Ev
                0x0000000000000d2a       0x18 ./main-leds.o
                0x0000000000000d2a                mbed::DigitalIn::~DigitalIn()
                0x0000000000000d2a                mbed::DigitalIn::~DigitalIn()
 .text._ZN4mbed9DigitalIn4readEv
                0x0000000000000d42       0x18 ./main-leds.o
                0x0000000000000d42                mbed::DigitalIn::read()
 .text._ZN4mbed9DigitalIncviEv
                0x0000000000000d5a       0x16 ./main-leds.o
                0x0000000000000d5a                mbed::DigitalIn::operator int()
 .text._ZN4mbed10DigitalOutC2E7PinName
                0x0000000000000d70       0x22 ./main-leds.o
                0x0000000000000d70                mbed::DigitalOut::DigitalOut(PinName)
                0x0000000000000d70                mbed::DigitalOut::DigitalOut(PinName)
 .text._ZN4mbed10DigitalOut5writeEi
                0x0000000000000d92       0x1a ./main-leds.o
                0x0000000000000d92                mbed::DigitalOut::write(int)
 .text._ZN4mbed10DigitalOutaSEi
                0x0000000000000dac       0x1a ./main-leds.o
                0x0000000000000dac                mbed::DigitalOut::operator=(int)
 *fill*         0x0000000000000dc6        0x2 
 .text._ZN4mbed10TickerBaseD2Ev
                0x0000000000000dc8       0x28 ./main-leds.o
                0x0000000000000dc8                mbed::TickerBase::~TickerBase()
                0x0000000000000dc8                mbed::TickerBase::~TickerBase()
 .text._ZN4mbed6TickerD2Ev
                0x0000000000000df0       0x24 ./main-leds.o
                0x0000000000000df0                mbed::Ticker::~Ticker()
                0x0000000000000df0                mbed::Ticker::~Ticker()
 .text._ZN6PWMLedC2E7PinName
                0x0000000000000e14       0x6c ./main-leds.o
                0x0000000000000e14                PWMLed::PWMLed(PinName)
                0x0000000000000e14                PWMLed::PWMLed(PinName)
 .text._ZN6PWMLed14set_brightnessEh
                0x0000000000000e80       0x40 ./main-leds.o
                0x0000000000000e80                PWMLed::set_brightness(unsigned char)
 .text._ZN6PWMLed14get_brightnessEv
                0x0000000000000ec0       0x10 ./main-leds.o
                0x0000000000000ec0                PWMLed::get_brightness()
 .text._ZN6PWMLed7run_pwmEv
                0x0000000000000ed0       0x4c ./main-leds.o
                0x0000000000000ed0                PWMLed::run_pwm()
 .text._ZN6ButtonC2E7PinName
                0x0000000000000f1c       0x78 ./main-leds.o
                0x0000000000000f1c                Button::Button(PinName)
                0x0000000000000f1c                Button::Button(PinName)
 .text._ZN6Button7run_pwmEv
                0x0000000000000f94       0x50 ./main-leds.o
                0x0000000000000f94                Button::run_pwm()
 .text._ZN6Button10get_statusEv
                0x0000000000000fe4       0x10 ./main-leds.o
                0x0000000000000fe4                Button::get_status()
 .text._ZN6PWMLedD2Ev
                0x0000000000000ff4       0x18 ./main-leds.o
                0x0000000000000ff4                PWMLed::~PWMLed()
                0x0000000000000ff4                PWMLed::~PWMLed()
 .text._ZN6ButtonD2Ev
                0x000000000000100c       0x22 ./main-leds.o
                0x000000000000100c                Button::~Button()
                0x000000000000100c                Button::~Button()
 *fill*         0x000000000000102e        0x2 
 .text._Z12checkButtonsv
                0x0000000000001030      0x108 ./main-leds.o
                0x0000000000001030                checkButtons()
 .text.main     0x0000000000001138       0x54 ./main-leds.o
                0x0000000000001138                main
 .text._ZSt4moveIRPFvvEEONSt16remove_referenceIT_E4typeEOS4_
                0x000000000000118c        0xc ./main-leds.o
                0x000000000000118c                std::remove_reference<void (*&)()>::type&& std::move<void (*&)()>(void (*&)())
 .text._ZN4mbed8callbackI6PWMLedS1_vJEEENS_8CallbackIFT1_DpT2_EEEPT0_MT_FS3_S5_E
                0x0000000000001198       0x22 ./main-leds.o
                0x0000000000001198                mbed::Callback<void ()> mbed::callback<PWMLed, PWMLed, void>(PWMLed*, void (PWMLed::*)())
 .text._ZNSt6chrono8durationIxSt5ratioILx1ELx1000000EEEC2IxS1_ILx1ELx1000EEvEERKNS0_IT_T0_EE
                0x00000000000011ba       0x2e ./main-leds.o
                0x00000000000011ba                std::chrono::duration<long long, std::ratio<1ll, 1000000ll> >::duration<long long, std::ratio<1ll, 1000ll>, void>(std::chrono::duration<long long, std::ratio<1ll, 1000ll> > const&)
                0x00000000000011ba                std::chrono::duration<long long, std::ratio<1ll, 1000000ll> >::duration<long long, std::ratio<1ll, 1000ll>, void>(std::chrono::duration<long long, std::ratio<1ll, 1000ll> > const&)
 .text._ZN4mbed8callbackI6ButtonS1_vJEEENS_8CallbackIFT1_DpT2_EEEPT0_MT_FS3_S5_E
                0x00000000000011e8       0x22 ./main-leds.o
                0x00000000000011e8                mbed::Callback<void ()> mbed::callback<Button, Button, void>(Button*, void (Button::*)())
 .text._ZN4mbed8CallbackIFvvEEC2IPS1_Li0EEET_
                0x000000000000120a       0x34 ./main-leds.o
                0x000000000000120a                mbed::Callback<void ()>::Callback<void (*)(), 0>(void (*)())
                0x000000000000120a                mbed::Callback<void ()>::Callback<void (*)(), 0>(void (*)())
 .text._ZNKSt6chrono8durationIxSt5ratioILx1ELx1000EEE5countEv
                0x000000000000123e       0x12 ./main-leds.o
                0x000000000000123e                std::chrono::duration<long long, std::ratio<1ll, 1000ll> >::count() const
 .text._ZZN4mbed8CallbackIFvvEEC4IP6PWMLedMS4_FvvELi0EEET_T0_ENKUlvE_clEv
                0x0000000000001250       0x1c ./main-leds.o
                0x0000000000001250                mbed::Callback<void ()>::Callback<PWMLed*, void (PWMLed::*)(), 0>(PWMLed*, void (PWMLed::*)())::{lambda()#1}::operator()() const
 .text._ZN4mbed8CallbackIFvvEEC2IP6PWMLedMS4_FvvELi0EEET_T0_
                0x000000000000126c       0x32 ./main-leds.o
                0x000000000000126c                mbed::Callback<void ()>::Callback<PWMLed*, void (PWMLed::*)(), 0>(PWMLed*, void (PWMLed::*)())
                0x000000000000126c                mbed::Callback<void ()>::Callback<PWMLed*, void (PWMLed::*)(), 0>(PWMLed*, void (PWMLed::*)())
 .text._ZNSt6chrono13duration_castINS_8durationIxSt5ratioILx1ELx1000000EEEExS2_ILx1ELx1000EEEENSt9enable_ifIXsrNS_13__is_durationIT_EE5valueES8_E4typeERKNS1_IT0_T1_EE
                0x000000000000129e       0x1c ./main-leds.o
                0x000000000000129e                std::enable_if<std::chrono::__is_duration<std::chrono::duration<long long, std::ratio<1ll, 1000000ll> > >::value, std::chrono::duration<long long, std::ratio<1ll, 1000000ll> > >::type std::chrono::duration_cast<std::chrono::duration<long long, std::ratio<1ll, 1000000ll> >, long long, std::ratio<1ll, 1000ll> >(std::chrono::duration<long long, std::ratio<1ll, 1000ll> > const&)
 .text._ZZN4mbed8CallbackIFvvEEC4IP6ButtonMS4_FvvELi0EEET_T0_ENKUlvE_clEv
                0x00000000000012ba       0x1c ./main-leds.o
                0x00000000000012ba                mbed::Callback<void ()>::Callback<Button*, void (Button::*)(), 0>(Button*, void (Button::*)())::{lambda()#1}::operator()() const
 .text._ZN4mbed8CallbackIFvvEEC2IP6ButtonMS4_FvvELi0EEET_T0_
                0x00000000000012d6       0x32 ./main-leds.o
                0x00000000000012d6                mbed::Callback<void ()>::Callback<Button*, void (Button::*)(), 0>(Button*, void (Button::*)())
                0x00000000000012d6                mbed::Callback<void ()>::Callback<Button*, void (Button::*)(), 0>(Button*, void (Button::*)())
 .text._ZN4mbed8CallbackIFvvEE8generateIPS1_vEEvOT_
                0x0000000000001308       0x40 ./main-leds.o
                0x0000000000001308                void mbed::Callback<void ()>::generate<void (*)(), void>(void (*&&)())
 .text._ZNSt6chrono8durationIxSt5ratioILx1ELx1000000EEEC2IxvEERKT_
                0x0000000000001348       0x1a ./main-leds.o
                0x0000000000001348                std::chrono::duration<long long, std::ratio<1ll, 1000000ll> >::duration<long long, void>(long long const&)
                0x0000000000001348                std::chrono::duration<long long, std::ratio<1ll, 1000000ll> >::duration<long long, void>(long long const&)
 .text._ZN4mbed6detail8invoke_rIvRKM6PWMLedFvvEJRKPS2_ELi0EEET_OT0_DpOT1_
                0x0000000000001362       0x26 ./main-leds.o
                0x0000000000001362                void mbed::detail::invoke_r<void, void (PWMLed::* const&)(), PWMLed* const&, 0>(void (PWMLed::* const&)(), PWMLed* const&)
 .text._ZN4mbed8CallbackIFvvEE8generateIZNS2_C4IP6PWMLedMS5_FvvELi0EEET_T0_EUlvE_vEEvOS9_
                0x0000000000001388       0x34 ./main-leds.o
                0x0000000000001388                void mbed::Callback<void ()>::generate<mbed::Callback<void ()>::generate<PWMLed*, void (PWMLed::*)(), 0>(PWMLed*, void (PWMLed::*)())::{lambda()#1}, void>(mbed::Callback<void ()>::generate<PWMLed*, void (PWMLed::*)(), 0>(PWMLed*, void (PWMLed::*)())::{lambda()#1}&&)
 .text._ZNSt6chrono20__duration_cast_implINS_8durationIxSt5ratioILx1ELx1000000EEEES2_ILx1000ELx1EExLb0ELb1EE6__castIxS2_ILx1ELx1000EEEES4_RKNS1_IT_T0_EE
                0x00000000000013bc       0x7a ./main-leds.o
                0x00000000000013bc                std::chrono::duration<long long, std::ratio<1ll, 1000000ll> > std::chrono::__duration_cast_impl<std::chrono::duration<long long, std::ratio<1ll, 1000000ll> >, std::ratio<1000ll, 1ll>, long long, false, true>::__cast<long long, std::ratio<1ll, 1000ll> >(std::chrono::duration<long long, std::ratio<1ll, 1000ll> > const&)
 .text._ZN4mbed6detail8invoke_rIvRKM6ButtonFvvEJRKPS2_ELi0EEET_OT0_DpOT1_
                0x0000000000001436       0x26 ./main-leds.o
                0x0000000000001436                void mbed::detail::invoke_r<void, void (Button::* const&)(), Button* const&, 0>(void (Button::* const&)(), Button* const&)
 .text._ZN4mbed8CallbackIFvvEE8generateIZNS2_C4IP6ButtonMS5_FvvELi0EEET_T0_EUlvE_vEEvOS9_
                0x000000000000145c       0x34 ./main-leds.o
                0x000000000000145c                void mbed::Callback<void ()>::generate<mbed::Callback<void ()>::generate<Button*, void (Button::*)(), 0>(Button*, void (Button::*)())::{lambda()#1}, void>(mbed::Callback<void ()>::generate<Button*, void (Button::*)(), 0>(Button*, void (Button::*)())::{lambda()#1}&&)
 .text._ZN4mbed8CallbackIFvvEE11target_callIPS1_EEvPKNS_6detail12CallbackBaseE
                0x0000000000001490       0x18 ./main-leds.o
                0x0000000000001490                void mbed::Callback<void ()>::target_call<void (*)()>(mbed::detail::CallbackBase const*)
 .text._ZSt7forwardIRKM6PWMLedFvvEEOT_RNSt16remove_referenceIS5_E4typeE
                0x00000000000014a8        0xc ./main-leds.o
                0x00000000000014a8                void (PWMLed::* const&std::forward<void (PWMLed::* const&)()>(std::remove_reference<void (PWMLed::* const&)()>::type&))()
 .text._ZSt7forwardIRKP6PWMLedEOT_RNSt16remove_referenceIS4_E4typeE
                0x00000000000014b4        0xc ./main-leds.o
                0x00000000000014b4                PWMLed* const& std::forward<PWMLed* const&>(std::remove_reference<PWMLed* const&>::type&)
 .text._ZN4mstd6invokeIRKM6PWMLedFvvEJRKPS1_EEENS_13invoke_resultIT_JDpT0_EE4typeEOSA_DpOSB_
                0x00000000000014c0       0x28 ./main-leds.o
                0x00000000000014c0                mstd::invoke_result<void (PWMLed::* const&)(), PWMLed* const&>::type mstd::invoke<void (PWMLed::* const&)(), PWMLed* const&>(void (PWMLed::* const&)(), PWMLed* const&)
 .text._ZN4mbed8CallbackIFvvEE11target_callIZNS2_C4IP6PWMLedMS5_FvvELi0EEET_T0_EUlvE_EEvPKNS_6detail12CallbackBaseE
                0x00000000000014e8       0x18 ./main-leds.o
                0x00000000000014e8                void mbed::Callback<void ()>::target_call<mbed::Callback<void ()>::target_call<PWMLed*, void (PWMLed::*)(), 0>(PWMLed*, void (PWMLed::*)())::{lambda()#1}>(mbed::detail::CallbackBase const*)
 .text._ZSt4moveIRZN4mbed8CallbackIFvvEEC4IP6PWMLedMS5_FvvELi0EEET_T0_EUlvE_EONSt16remove_referenceIS9_E4typeEOS9_
                0x0000000000001500        0xc ./main-leds.o
                0x0000000000001500                std::remove_reference<mbed::Callback<void ()>::Callback<PWMLed*, void (PWMLed::*)(), 0>(PWMLed*, void (PWMLed::*)())::{lambda()#1}&>::type&& std::move<mbed::Callback<void ()>::Callback<PWMLed*, void (PWMLed::*)(), 0>(PWMLed*, void (PWMLed::*)())::{lambda()#1}&>(mbed::Callback<void ()>::Callback<PWMLed*, void (PWMLed::*)(), 0>(PWMLed*, void (PWMLed::*)())::{lambda()#1}&)
 .text._ZSt7forwardIRKM6ButtonFvvEEOT_RNSt16remove_referenceIS5_E4typeE
                0x000000000000150c        0xc ./main-leds.o
                0x000000000000150c                void (Button::* const&std::forward<void (Button::* const&)()>(std::remove_reference<void (Button::* const&)()>::type&))()
 .text._ZSt7forwardIRKP6ButtonEOT_RNSt16remove_referenceIS4_E4typeE
                0x0000000000001518        0xc ./main-leds.o
                0x0000000000001518                Button* const& std::forward<Button* const&>(std::remove_reference<Button* const&>::type&)
 .text._ZN4mstd6invokeIRKM6ButtonFvvEJRKPS1_EEENS_13invoke_resultIT_JDpT0_EE4typeEOSA_DpOSB_
                0x0000000000001524       0x28 ./main-leds.o
                0x0000000000001524                mstd::invoke_result<void (Button::* const&)(), Button* const&>::type mstd::invoke<void (Button::* const&)(), Button* const&>(void (Button::* const&)(), Button* const&)
 .text._ZN4mbed8CallbackIFvvEE11target_callIZNS2_C4IP6ButtonMS5_FvvELi0EEET_T0_EUlvE_EEvPKNS_6detail12CallbackBaseE
                0x000000000000154c       0x18 ./main-leds.o
                0x000000000000154c                void mbed::Callback<void ()>::target_call<mbed::Callback<void ()>::target_call<Button*, void (Button::*)(), 0>(Button*, void (Button::*)())::{lambda()#1}>(mbed::detail::CallbackBase const*)
 .text._ZSt4moveIRZN4mbed8CallbackIFvvEEC4IP6ButtonMS5_FvvELi0EEET_T0_EUlvE_EONSt16remove_referenceIS9_E4typeEOS9_
                0x0000000000001564        0xc ./main-leds.o
                0x0000000000001564                std::remove_reference<mbed::Callback<void ()>::Callback<Button*, void (Button::*)(), 0>(Button*, void (Button::*)())::{lambda()#1}&>::type&& std::move<mbed::Callback<void ()>::Callback<Button*, void (Button::*)(), 0>(Button*, void (Button::*)())::{lambda()#1}&>(mbed::Callback<void ()>::Callback<Button*, void (Button::*)(), 0>(Button*, void (Button::*)())::{lambda()#1}&)
 .text._ZN4mbed6detail8invoke_rIvRPFvvEJELi0EEET_OT0_DpOT1_
                0x0000000000001570       0x1c ./main-leds.o
                0x0000000000001570                void mbed::detail::invoke_r<void, void (*&)(), , 0>(void (*&)())
 .text._ZN4mstd4impl6INVOKEI6PWMLedFvvERKPS2_JEEENSt9enable_ifIXaaaasrSt11is_functionIT0_E5valuentsrSt10is_base_ofIT_NSt5decayIT1_E4typeEE5valuentsrNS0_20is_reference_wrapperISG_EE5valueEDTcldsdecl7forwardISE_Efp0_Efp_spcl7forwardIT2_Efp1_EEEE4typeEMSC_S9_OSE_DpOSK_
                0x000000000000158c       0x44 ./main-leds.o
                0x000000000000158c                std::enable_if<(std::is_function<void ()>::value&&(!std::is_base_of<PWMLed, std::decay<PWMLed* const&>::type>::value))&&(!mstd::impl::is_reference_wrapper<std::decay<PWMLed* const&>::type>::value), decltype (((*((forward<PWMLed* const&>)({parm#2}))).*{parm#1})())>::type mstd::impl::INVOKE<PWMLed, void (), PWMLed* const&>(void (PWMLed::*)(), PWMLed* const&)
 .text._ZN4mbed6detail8invoke_rIvRZNS_8CallbackIFvvEEC4IP6PWMLedMS6_FvvELi0EEET_T0_EUlvE_JELi0EEESA_OSB_DpOT1_
                0x00000000000015d0       0x1c ./main-leds.o
                0x00000000000015d0                void mbed::detail::invoke_r<void, mbed::Callback<void ()>::Callback<PWMLed*, void (PWMLed::*)(), 0>(PWMLed*, void (PWMLed::*)())::{lambda()#1}&, , 0>(mbed::Callback<void ()>::Callback<PWMLed*, void (PWMLed::*)(), 0>(PWMLed*, void (PWMLed::*)())::{lambda()#1}&)
 .text._ZN4mstd4impl6INVOKEI6ButtonFvvERKPS2_JEEENSt9enable_ifIXaaaasrSt11is_functionIT0_E5valuentsrSt10is_base_ofIT_NSt5decayIT1_E4typeEE5valuentsrNS0_20is_reference_wrapperISG_EE5valueEDTcldsdecl7forwardISE_Efp0_Efp_spcl7forwardIT2_Efp1_EEEE4typeEMSC_S9_OSE_DpOSK_
                0x00000000000015ec       0x44 ./main-leds.o
                0x00000000000015ec                std::enable_if<(std::is_function<void ()>::value&&(!std::is_base_of<Button, std::decay<Button* const&>::type>::value))&&(!mstd::impl::is_reference_wrapper<std::decay<Button* const&>::type>::value), decltype (((*((forward<Button* const&>)({parm#2}))).*{parm#1})())>::type mstd::impl::INVOKE<Button, void (), Button* const&>(void (Button::*)(), Button* const&)
 .text._ZN4mbed6detail8invoke_rIvRZNS_8CallbackIFvvEEC4IP6ButtonMS6_FvvELi0EEET_T0_EUlvE_JELi0EEESA_OSB_DpOT1_
                0x0000000000001630       0x1c ./main-leds.o
                0x0000000000001630                void mbed::detail::invoke_r<void, mbed::Callback<void ()>::Callback<Button*, void (Button::*)(), 0>(Button*, void (Button::*)())::{lambda()#1}&, , 0>(mbed::Callback<void ()>::Callback<Button*, void (Button::*)(), 0>(Button*, void (Button::*)())::{lambda()#1}&)
 .text._ZSt7forwardIRPFvvEEOT_RNSt16remove_referenceIS3_E4typeE
                0x000000000000164c        0xc ./main-leds.o
                0x000000000000164c                void (*&std::forward<void (*&)()>(std::remove_reference<void (*&)()>::type&))()
 .text._ZN4mstd6invokeIRPFvvEJEEENS_13invoke_resultIT_JDpT0_EE4typeEOS5_DpOS6_
                0x0000000000001658       0x1c ./main-leds.o
                0x0000000000001658                mstd::invoke_result<void (*&)()>::type mstd::invoke<void (*&)()>(void (*&)())
 .text._ZSt7forwardIRZN4mbed8CallbackIFvvEEC4IP6PWMLedMS5_FvvELi0EEET_T0_EUlvE_EOS9_RNSt16remove_referenceIS9_E4typeE
                0x0000000000001674        0xc ./main-leds.o
                0x0000000000001674                mbed::Callback<void ()>::Callback<PWMLed*, void (PWMLed::*)(), 0>(PWMLed*, void (PWMLed::*)())::{lambda()#1}& std::forward<mbed::Callback<void ()>::Callback<PWMLed*, void (PWMLed::*)(), 0>(PWMLed*, void (PWMLed::*)())::{lambda()#1}&>(std::remove_reference<mbed::Callback<void ()>::Callback<PWMLed*, void (PWMLed::*)(), 0>(PWMLed*, void (PWMLed::*)())::{lambda()#1}&>::type&)
 .text._ZN4mstd6invokeIRZN4mbed8CallbackIFvvEEC4IP6PWMLedMS6_FvvELi0EEET_T0_EUlvE_JEEENS_13invoke_resultISA_JDpT0_EE4typeEOSA_DpOSF_
                0x0000000000001680       0x1c ./main-leds.o
                0x0000000000001680                mstd::invoke_result<mbed::Callback<void ()>::Callback<PWMLed*, void (PWMLed::*)(), 0>(PWMLed*, void (PWMLed::*)())::{lambda()#1}&>::type mstd::invoke<mbed::Callback<void ()>::Callback<PWMLed*, void (PWMLed::*)(), 0>(PWMLed*, void (PWMLed::*)())::{lambda()#1}&>(mbed::Callback<void ()>::Callback<PWMLed*, void (PWMLed::*)(), 0>(PWMLed*, void (PWMLed::*)())::{lambda()#1}&)
 .text._ZSt7forwardIRZN4mbed8CallbackIFvvEEC4IP6ButtonMS5_FvvELi0EEET_T0_EUlvE_EOS9_RNSt16remove_referenceIS9_E4typeE
                0x000000000000169c        0xc ./main-leds.o
                0x000000000000169c                mbed::Callback<void ()>::Callback<Button*, void (Button::*)(), 0>(Button*, void (Button::*)())::{lambda()#1}& std::forward<mbed::Callback<void ()>::Callback<Button*, void (Button::*)(), 0>(Button*, void (Button::*)())::{lambda()#1}&>(std::remove_reference<mbed::Callback<void ()>::Callback<Button*, void (Button::*)(), 0>(Button*, void (Button::*)())::{lambda()#1}&>::type&)
 .text._ZN4mstd6invokeIRZN4mbed8CallbackIFvvEEC4IP6ButtonMS6_FvvELi0EEET_T0_EUlvE_JEEENS_13invoke_resultISA_JDpT0_EE4typeEOSA_DpOSF_
                0x00000000000016a8       0x1c ./main-leds.o
                0x00000000000016a8                mstd::invoke_result<mbed::Callback<void ()>::Callback<Button*, void (Button::*)(), 0>(Button*, void (Button::*)())::{lambda()#1}&>::type mstd::invoke<mbed::Callback<void ()>::Callback<Button*, void (Button::*)(), 0>(Button*, void (Button::*)())::{lambda()#1}&>(mbed::Callback<void ()>::Callback<Button*, void (Button::*)(), 0>(Button*, void (Button::*)())::{lambda()#1}&)
 .text._ZN4mstd4impl6INVOKEIRPFvvEJEEENSt9enable_ifIXoontsrSt17is_member_pointerINSt5decayIT_E4typeEE5valueaasrSt24is_member_object_pointerISA_E5valuenesZfp0_Li1EEDTclcl7forwardIS8_Efp_Espcl7forwardIT0_Efp0_EEEE4typeEOS8_DpOSE_
                0x00000000000016c4       0x1a ./main-leds.o
                0x00000000000016c4                std::enable_if<(!std::is_member_pointer<std::decay<void (*&)()>::type>::value)||(std::is_member_object_pointer<std::decay<void (*&)()>::type>::value&&((0)!=(1))), decltype (((forward<void (*&)()>)({parm#1}))())>::type mstd::impl::INVOKE<void (*&)()>(void (*&)())
 .text._ZN4mstd4impl6INVOKEIRZN4mbed8CallbackIFvvEEC4IP6PWMLedMS7_FvvELi0EEET_T0_EUlvE_JEEENSt9enable_ifIXoontsrSt17is_member_pointerINSt5decayISB_E4typeEE5valueaasrSt24is_member_object_pointerISJ_E5valuenesZfp0_Li1EEDTclcl7forwardISB_Efp_Espcl7forwardIT0_Efp0_EEEE4typeEOSB_DpOSN_
                0x00000000000016de       0x1c ./main-leds.o
                0x00000000000016de                std::enable_if<(!std::is_member_pointer<std::decay<mbed::Callback<void ()>::Callback<PWMLed*, void (PWMLed::*)(), 0>(PWMLed*, void (PWMLed::*)())::{lambda()#1}&>::type>::value)||(std::is_member_object_pointer<std::decay<mbed::Callback<void ()>::Callback<PWMLed*, void (PWMLed::*)(), 0>(PWMLed*, void (PWMLed::*)())::{lambda()#1}&>::type>::value&&((0)!=(1))), decltype (((forward<mbed::Callback<void ()>::Callback<PWMLed*, void (PWMLed::*)(), 0>(PWMLed*, void (PWMLed::*)())::{lambda()#1}&>)({parm#1}))())>::type mstd::impl::INVOKE<mbed::Callback<void ()>::Callback<PWMLed*, void (PWMLed::*)(), 0>(PWMLed*, void (PWMLed::*)())::{lambda()#1}&>(mbed::Callback<void ()>::Callback<PWMLed*, void (PWMLed::*)(), 0>(PWMLed*, void (PWMLed::*)())::{lambda()#1}&)
 .text._ZN4mstd4impl6INVOKEIRZN4mbed8CallbackIFvvEEC4IP6ButtonMS7_FvvELi0EEET_T0_EUlvE_JEEENSt9enable_ifIXoontsrSt17is_member_pointerINSt5decayISB_E4typeEE5valueaasrSt24is_member_object_pointerISJ_E5valuenesZfp0_Li1EEDTclcl7forwardISB_Efp_Espcl7forwardIT0_Efp0_EEEE4typeEOSB_DpOSN_
                0x00000000000016fa       0x1c ./main-leds.o
                0x00000000000016fa                std::enable_if<(!std::is_member_pointer<std::decay<mbed::Callback<void ()>::Callback<Button*, void (Button::*)(), 0>(Button*, void (Button::*)())::{lambda()#1}&>::type>::value)||(std::is_member_object_pointer<std::decay<mbed::Callback<void ()>::Callback<Button*, void (Button::*)(), 0>(Button*, void (Button::*)())::{lambda()#1}&>::type>::value&&((0)!=(1))), decltype (((forward<mbed::Callback<void ()>::Callback<Button*, void (Button::*)(), 0>(Button*, void (Button::*)())::{lambda()#1}&>)({parm#1}))())>::type mstd::impl::INVOKE<mbed::Callback<void ()>::Callback<Button*, void (Button::*)(), 0>(Button*, void (Button::*)())::{lambda()#1}&>(mbed::Callback<void ()>::Callback<Button*, void (Button::*)(), 0>(Button*, void (Button::*)())::{lambda()#1}&)
 *fill*         0x0000000000001716        0x2 
 .text.__tcf_0  0x0000000000001718       0x24 ./main-leds.o
 .text.__tcf_1  0x000000000000173c       0x24 ./main-leds.o
 .text._Z41__static_initialization_and_destruction_0ii
                0x0000000000001760       0xf0 ./main-leds.o
 .text._GLOBAL__sub_I_leds
                0x0000000000001850        0xe ./main-leds.o
 .text._ZN4mbed10TickerBase7handlerEv
                0x000000000000185e       0x26 /home/fei/min0150/Projects/VSB/APPS/apps-workspace.mcu/leds/mbed-os/lib/libmbed-os.a(Ticker.o)
                0x000000000000185e                mbed::TickerBase::handler()
 .text._ZN4mbed10TickerBaseC2EPK13ticker_data_tb
                0x0000000000001884       0x28 /home/fei/min0150/Projects/VSB/APPS/apps-workspace.mcu/leds/mbed-os/lib/libmbed-os.a(Ticker.o)
                0x0000000000001884                mbed::TickerBase::TickerBase(ticker_data_t const*, bool)
                0x0000000000001884                mbed::TickerBase::TickerBase(ticker_data_t const*, bool)
 .text._ZN4mbed10TickerBase6detachEv
                0x00000000000018ac       0x2c /home/fei/min0150/Projects/VSB/APPS/apps-workspace.mcu/leds/mbed-os/lib/libmbed-os.a(Ticker.o)
                0x00000000000018ac                mbed::TickerBase::detach()
 .text._ZN4mbed10TickerBase5setupENSt6chrono8durationIxSt5ratioILx1ELx1000000EEEE
                0x00000000000018d8       0x26 /home/fei/min0150/Projects/VSB/APPS/apps-workspace.mcu/leds/mbed-os/lib/libmbed-os.a(Ticker.o)
                0x00000000000018d8                mbed::TickerBase::setup(std::chrono::duration<long long, std::ratio<1ll, 1000000ll> >)
 .text._ZN4mbed10TickerBase6attachENS_8CallbackIFvvEEENSt6chrono8durationIxSt5ratioILx1ELx1000000EEEE
                0x00000000000018fe       0x46 /home/fei/min0150/Projects/VSB/APPS/apps-workspace.mcu/leds/mbed-os/lib/libmbed-os.a(Ticker.o)
                0x00000000000018fe                mbed::TickerBase::attach(mbed::Callback<void ()>, std::chrono::duration<long long, std::ratio<1ll, 1000000ll> >)
 .text._ZN4mbed6TickerC2Ev
                0x0000000000001944       0x20 /home/fei/min0150/Projects/VSB/APPS/apps-workspace.mcu/leds/mbed-os/lib/libmbed-os.a(Ticker.o)
                0x0000000000001944                mbed::Ticker::Ticker()
                0x0000000000001944                mbed::Ticker::Ticker()
 .text._ZN4mbed10TimerEvent3irqEm
                0x0000000000001964        0x6 /home/fei/min0150/Projects/VSB/APPS/apps-workspace.mcu/leds/mbed-os/lib/libmbed-os.a(TimerEvent.o)
                0x0000000000001964                mbed::TimerEvent::irq(unsigned long)
 *fill*         0x000000000000196a        0x2 
 .text._ZN4mbed10TimerEventC2EPK13ticker_data_t
                0x000000000000196c       0x2c /home/fei/min0150/Projects/VSB/APPS/apps-workspace.mcu/leds/mbed-os/lib/libmbed-os.a(TimerEvent.o)
                0x000000000000196c                mbed::TimerEvent::TimerEvent(ticker_data_t const*)
                0x000000000000196c                mbed::TimerEvent::TimerEvent(ticker_data_t const*)
 .text._ZN4mbed10TimerEvent15insert_absoluteENSt6chrono10time_pointINS_15TickerDataClockENS1_8durationIxSt5ratioILx1ELx1000000EEEEEE
                0x0000000000001998       0x14 /home/fei/min0150/Projects/VSB/APPS/apps-workspace.mcu/leds/mbed-os/lib/libmbed-os.a(TimerEvent.o)
                0x0000000000001998                mbed::TimerEvent::insert_absolute(std::chrono::time_point<mbed::TickerDataClock, std::chrono::duration<long long, std::ratio<1ll, 1000000ll> > >)
 .text._ZN4mbed10TimerEvent6removeEv
                0x00000000000019ac        0xa /home/fei/min0150/Projects/VSB/APPS/apps-workspace.mcu/leds/mbed-os/lib/libmbed-os.a(TimerEvent.o)
                0x00000000000019ac                mbed::TimerEvent::remove()
 *fill*         0x00000000000019b6        0x2 
 .text._ZN4mbed10TimerEventD2Ev
                0x00000000000019b8       0x14 /home/fei/min0150/Projects/VSB/APPS/apps-workspace.mcu/leds/mbed-os/lib/libmbed-os.a(TimerEvent.o)
                0x00000000000019b8                mbed::TimerEvent::~TimerEvent()
                0x00000000000019b8                mbed::TimerEvent::~TimerEvent()
 .text.gpio_free
                0x00000000000019cc        0x2 /home/fei/min0150/Projects/VSB/APPS/apps-workspace.mcu/leds/mbed-os/lib/libmbed-os.a(mbed_compat.o)
                0x00000000000019cc                gpio_free
 .text._gpio_init_in
                0x00000000000019ce       0x26 /home/fei/min0150/Projects/VSB/APPS/apps-workspace.mcu/leds/mbed-os/lib/libmbed-os.a(mbed_gpio.o)
 .text.gpio_init_in
                0x00000000000019f4        0x6 /home/fei/min0150/Projects/VSB/APPS/apps-workspace.mcu/leds/mbed-os/lib/libmbed-os.a(mbed_gpio.o)
                0x00000000000019f4                gpio_init_in
 .text.gpio_init_out_ex
                0x00000000000019fa       0x2e /home/fei/min0150/Projects/VSB/APPS/apps-workspace.mcu/leds/mbed-os/lib/libmbed-os.a(mbed_gpio.o)
                0x00000000000019fa                gpio_init_out_ex
 .text.gpio_init_out
                0x0000000000001a28        0x6 /home/fei/min0150/Projects/VSB/APPS/apps-workspace.mcu/leds/mbed-os/lib/libmbed-os.a(mbed_gpio.o)
                0x0000000000001a28                gpio_init_out
 .text.update_present_time
                0x0000000000001a2e       0x8c /home/fei/min0150/Projects/VSB/APPS/apps-workspace.mcu/leds/mbed-os/lib/libmbed-os.a(mbed_ticker_api.o)
 .text._ticker_match_interval_passed
                0x0000000000001aba       0x28 /home/fei/min0150/Projects/VSB/APPS/apps-workspace.mcu/leds/mbed-os/lib/libmbed-os.a(mbed_ticker_api.o)
                0x0000000000001aba                _ticker_match_interval_passed
 *fill*         0x0000000000001ae2        0x2 
 .text.schedule_interrupt
                0x0000000000001ae4      0x104 /home/fei/min0150/Projects/VSB/APPS/apps-workspace.mcu/leds/mbed-os/lib/libmbed-os.a(mbed_ticker_api.o)
 .text.initialize
                0x0000000000001be8      0x128 /home/fei/min0150/Projects/VSB/APPS/apps-workspace.mcu/leds/mbed-os/lib/libmbed-os.a(mbed_ticker_api.o)
 .text.insert_event
                0x0000000000001d10       0x4c /home/fei/min0150/Projects/VSB/APPS/apps-workspace.mcu/leds/mbed-os/lib/libmbed-os.a(mbed_ticker_api.o)
 .text.ticker_set_handler
                0x0000000000001d5c       0x1a /home/fei/min0150/Projects/VSB/APPS/apps-workspace.mcu/leds/mbed-os/lib/libmbed-os.a(mbed_ticker_api.o)
                0x0000000000001d5c                ticker_set_handler
 .text.ticker_irq_handler
                0x0000000000001d76       0x62 /home/fei/min0150/Projects/VSB/APPS/apps-workspace.mcu/leds/mbed-os/lib/libmbed-os.a(mbed_ticker_api.o)
                0x0000000000001d76                ticker_irq_handler
 .text.ticker_insert_event_us
                0x0000000000001dd8       0x30 /home/fei/min0150/Projects/VSB/APPS/apps-workspace.mcu/leds/mbed-os/lib/libmbed-os.a(mbed_ticker_api.o)
                0x0000000000001dd8                ticker_insert_event_us
 .text.ticker_remove_event
                0x0000000000001e08       0x36 /home/fei/min0150/Projects/VSB/APPS/apps-workspace.mcu/leds/mbed-os/lib/libmbed-os.a(mbed_ticker_api.o)
                0x0000000000001e08                ticker_remove_event
 .text.ticker_read_us
                0x0000000000001e3e       0x22 /home/fei/min0150/Projects/VSB/APPS/apps-workspace.mcu/leds/mbed-os/lib/libmbed-os.a(mbed_ticker_api.o)
                0x0000000000001e3e                ticker_read_us
 .text.ticker_read
                0x0000000000001e60        0x8 /home/fei/min0150/Projects/VSB/APPS/apps-workspace.mcu/leds/mbed-os/lib/libmbed-os.a(mbed_ticker_api.o)
                0x0000000000001e60                ticker_read
 .text.note_us_ticker_free
                0x0000000000001e68       0x10 /home/fei/min0150/Projects/VSB/APPS/apps-workspace.mcu/leds/mbed-os/lib/libmbed-os.a(mbed_us_ticker_api.o)
 .text.note_us_ticker_init
                0x0000000000001e78       0x14 /home/fei/min0150/Projects/VSB/APPS/apps-workspace.mcu/leds/mbed-os/lib/libmbed-os.a(mbed_us_ticker_api.o)
 .text.get_us_ticker_data
                0x0000000000001e8c        0x8 /home/fei/min0150/Projects/VSB/APPS/apps-workspace.mcu/leds/mbed-os/lib/libmbed-os.a(mbed_us_ticker_api.o)
                0x0000000000001e8c                get_us_ticker_data
 .text.us_ticker_irq_handler
                0x0000000000001e94       0x14 /home/fei/min0150/Projects/VSB/APPS/apps-workspace.mcu/leds/mbed-os/lib/libmbed-os.a(mbed_us_ticker_api.o)
                0x0000000000001e94                us_ticker_irq_handler
 .text._ZN4mbed19CriticalSectionLockC2Ev
                0x0000000000001ea8       0x10 /home/fei/min0150/Projects/VSB/APPS/apps-workspace.mcu/leds/mbed-os/lib/libmbed-os.a(CriticalSectionLock.o)
                0x0000000000001ea8                mbed::CriticalSectionLock::CriticalSectionLock()
                0x0000000000001ea8                mbed::CriticalSectionLock::CriticalSectionLock()
 .text._ZN4mbed19CriticalSectionLockD2Ev
                0x0000000000001eb8       0x10 /home/fei/min0150/Projects/VSB/APPS/apps-workspace.mcu/leds/mbed-os/lib/libmbed-os.a(CriticalSectionLock.o)
                0x0000000000001eb8                mbed::CriticalSectionLock::~CriticalSectionLock()
                0x0000000000001eb8                mbed::CriticalSectionLock::~CriticalSectionLock()
 .text.mbed_assert_internal
                0x0000000000001ec8       0x14 /home/fei/min0150/Projects/VSB/APPS/apps-workspace.mcu/leds/mbed-os/lib/libmbed-os.a(mbed_assert.o)
                0x0000000000001ec8                mbed_assert_internal
 .text.core_util_are_interrupts_enabled
                0x0000000000001edc        0xc /home/fei/min0150/Projects/VSB/APPS/apps-workspace.mcu/leds/mbed-os/lib/libmbed-os.a(mbed_critical.o)
                0x0000000000001edc                core_util_are_interrupts_enabled
 .text.core_util_is_isr_active
                0x0000000000001ee8        0xc /home/fei/min0150/Projects/VSB/APPS/apps-workspace.mcu/leds/mbed-os/lib/libmbed-os.a(mbed_critical.o)
                0x0000000000001ee8                core_util_is_isr_active
 .text.core_util_critical_section_enter
                0x0000000000001ef4       0x2c /home/fei/min0150/Projects/VSB/APPS/apps-workspace.mcu/leds/mbed-os/lib/libmbed-os.a(mbed_critical.o)
                0x0000000000001ef4                core_util_critical_section_enter
 .text.core_util_critical_section_exit
                0x0000000000001f20       0x18 /home/fei/min0150/Projects/VSB/APPS/apps-workspace.mcu/leds/mbed-os/lib/libmbed-os.a(mbed_critical.o)
                0x0000000000001f20                core_util_critical_section_exit
 .text.mbed_halt_system
                0x0000000000001f38       0x34 /home/fei/min0150/Projects/VSB/APPS/apps-workspace.mcu/leds/mbed-os/lib/libmbed-os.a(mbed_error.o)
 .text.print_error_report.constprop.0
                0x0000000000001f6c      0x104 /home/fei/min0150/Projects/VSB/APPS/apps-workspace.mcu/leds/mbed-os/lib/libmbed-os.a(mbed_error.o)
 .text.mbed_error_hook
                0x0000000000002070        0x2 /home/fei/min0150/Projects/VSB/APPS/apps-workspace.mcu/leds/mbed-os/lib/libmbed-os.a(mbed_error.o)
                0x0000000000002070                mbed_error_hook
 *fill*         0x0000000000002072        0x2 
 .text.handle_error.isra.0
                0x0000000000002074       0xbc /home/fei/min0150/Projects/VSB/APPS/apps-workspace.mcu/leds/mbed-os/lib/libmbed-os.a(mbed_error.o)
 .text.mbed_error_reboot_callback
                0x0000000000002130        0x2 /home/fei/min0150/Projects/VSB/APPS/apps-workspace.mcu/leds/mbed-os/lib/libmbed-os.a(mbed_error.o)
                0x0000000000002130                mbed_error_reboot_callback
 *fill*         0x0000000000002132        0x2 
 .text.mbed_error_initialize
                0x0000000000002134       0x64 /home/fei/min0150/Projects/VSB/APPS/apps-workspace.mcu/leds/mbed-os/lib/libmbed-os.a(mbed_error.o)
                0x0000000000002134                mbed_error_initialize
 .text.mbed_error
                0x0000000000002198       0xc4 /home/fei/min0150/Projects/VSB/APPS/apps-workspace.mcu/leds/mbed-os/lib/libmbed-os.a(mbed_error.o)
                0x0000000000002198                mbed_error
 .text.sleep_manager_lock_deep_sleep_internal
                0x000000000000225c       0x2c /home/fei/min0150/Projects/VSB/APPS/apps-workspace.mcu/leds/mbed-os/lib/libmbed-os.a(mbed_power_mgmt.o)
                0x000000000000225c                sleep_manager_lock_deep_sleep_internal
 .text.sleep_manager_unlock_deep_sleep_internal
                0x0000000000002288       0x34 /home/fei/min0150/Projects/VSB/APPS/apps-workspace.mcu/leds/mbed-os/lib/libmbed-os.a(mbed_power_mgmt.o)
                0x0000000000002288                sleep_manager_unlock_deep_sleep_internal
 .text.mbed_main
                0x00000000000022bc        0x2 /home/fei/min0150/Projects/VSB/APPS/apps-workspace.mcu/leds/mbed-os/lib/libmbed-os.a(mbed_sdk_boot.o)
                0x00000000000022bc                mbed_main
 .text.mbed_sdk_init
                0x00000000000022be        0x2 /home/fei/min0150/Projects/VSB/APPS/apps-workspace.mcu/leds/mbed-os/lib/libmbed-os.a(mbed_sdk_boot.o)
                0x00000000000022be                mbed_sdk_init
 .text.software_init_hook_rtos
                0x00000000000022c0        0x2 /home/fei/min0150/Projects/VSB/APPS/apps-workspace.mcu/leds/mbed-os/lib/libmbed-os.a(mbed_sdk_boot.o)
                0x00000000000022c0                software_init_hook_rtos
 *fill*         0x00000000000022c2        0x2 
 .text.mbed_copy_nvic
                0x00000000000022c4       0x28 /home/fei/min0150/Projects/VSB/APPS/apps-workspace.mcu/leds/mbed-os/lib/libmbed-os.a(mbed_sdk_boot.o)
                0x00000000000022c4                mbed_copy_nvic
 .text.mbed_init
                0x00000000000022ec        0xc /home/fei/min0150/Projects/VSB/APPS/apps-workspace.mcu/leds/mbed-os/lib/libmbed-os.a(mbed_sdk_boot.o)
                0x00000000000022ec                mbed_init
 .text.software_init_hook
                0x00000000000022f8       0x48 /home/fei/min0150/Projects/VSB/APPS/apps-workspace.mcu/leds/mbed-os/lib/libmbed-os.a(mbed_sdk_boot.o)
                0x00000000000022f8                software_init_hook
 .text.__wrap_main
                0x0000000000002340       0x12 /home/fei/min0150/Projects/VSB/APPS/apps-workspace.mcu/leds/mbed-os/lib/libmbed-os.a(mbed_sdk_boot.o)
                0x0000000000002340                __wrap_main
 *fill*         0x0000000000002352        0x2 
 .text._wait_us_ticks
                0x0000000000002354       0x1c /home/fei/min0150/Projects/VSB/APPS/apps-workspace.mcu/leds/mbed-os/lib/libmbed-os.a(mbed_wait_api_no_rtos.o)
                0x0000000000002354                _wait_us_ticks
 .text._wait_us_generic
                0x0000000000002370       0x1e /home/fei/min0150/Projects/VSB/APPS/apps-workspace.mcu/leds/mbed-os/lib/libmbed-os.a(mbed_wait_api_no_rtos.o)
                0x0000000000002370                _wait_us_generic
 *fill*         0x000000000000238e        0x2 
 .text._wait_us_inline
                0x0000000000002390       0x14 /home/fei/min0150/Projects/VSB/APPS/apps-workspace.mcu/leds/mbed-os/lib/libmbed-os.a(mbed_wait_api_no_rtos.o)
                0x0000000000002390                _wait_us_inline
 .text._ZN4mbed10FileHandle4syncEv
                0x00000000000023a4        0x4 /home/fei/min0150/Projects/VSB/APPS/apps-workspace.mcu/leds/mbed-os/lib/libmbed-os.a(mbed_retarget.o)
                0x00000000000023a4                mbed::FileHandle::sync()
 .text._ZN4mbed10FileHandle4tellEv
                0x00000000000023a8        0xa /home/fei/min0150/Projects/VSB/APPS/apps-workspace.mcu/leds/mbed-os/lib/libmbed-os.a(mbed_retarget.o)
                0x00000000000023a8                mbed::FileHandle::tell()
 .text._ZN4mbed10FileHandle6rewindEv
                0x00000000000023b2        0xa /home/fei/min0150/Projects/VSB/APPS/apps-workspace.mcu/leds/mbed-os/lib/libmbed-os.a(mbed_retarget.o)
                0x00000000000023b2                mbed::FileHandle::rewind()
 .text._ZN4mbed10FileHandle8truncateEl
                0x00000000000023bc        0x6 /home/fei/min0150/Projects/VSB/APPS/apps-workspace.mcu/leds/mbed-os/lib/libmbed-os.a(mbed_retarget.o)
                0x00000000000023bc                mbed::FileHandle::truncate(long)
 .text._ZN4mbed10FileHandle12set_blockingEb
                0x00000000000023c2        0xc /home/fei/min0150/Projects/VSB/APPS/apps-workspace.mcu/leds/mbed-os/lib/libmbed-os.a(mbed_retarget.o)
                0x00000000000023c2                mbed::FileHandle::set_blocking(bool)
 .text._ZNK4mbed10FileHandle11is_blockingEv
                0x00000000000023ce        0x4 /home/fei/min0150/Projects/VSB/APPS/apps-workspace.mcu/leds/mbed-os/lib/libmbed-os.a(mbed_retarget.o)
                0x00000000000023ce                mbed::FileHandle::is_blocking() const
 .text._ZN4mbed10FileHandle12enable_inputEb
                0x00000000000023d2        0x6 /home/fei/min0150/Projects/VSB/APPS/apps-workspace.mcu/leds/mbed-os/lib/libmbed-os.a(mbed_retarget.o)
                0x00000000000023d2                mbed::FileHandle::enable_input(bool)
 .text._ZN4mbed10FileHandle13enable_outputEb
                0x00000000000023d8        0x6 /home/fei/min0150/Projects/VSB/APPS/apps-workspace.mcu/leds/mbed-os/lib/libmbed-os.a(mbed_retarget.o)
                0x00000000000023d8                mbed::FileHandle::enable_output(bool)
 .text._ZN4mbed10FileHandle5sigioENS_8CallbackIFvvEEE
                0x00000000000023de        0xc /home/fei/min0150/Projects/VSB/APPS/apps-workspace.mcu/leds/mbed-os/lib/libmbed-os.a(mbed_retarget.o)
                0x00000000000023de                mbed::FileHandle::sigio(mbed::Callback<void ()>)
 .text._ZN12DirectSerial4seekEli
                0x00000000000023ea        0x6 /home/fei/min0150/Projects/VSB/APPS/apps-workspace.mcu/leds/mbed-os/lib/libmbed-os.a(mbed_retarget.o)
                0x00000000000023ea                DirectSerial::seek(long, int)
 .text._ZN12DirectSerial4sizeEv
                0x00000000000023f0        0x6 /home/fei/min0150/Projects/VSB/APPS/apps-workspace.mcu/leds/mbed-os/lib/libmbed-os.a(mbed_retarget.o)
                0x00000000000023f0                DirectSerial::size()
 .text._ZN12DirectSerial6isattyEv
                0x00000000000023f6        0x4 /home/fei/min0150/Projects/VSB/APPS/apps-workspace.mcu/leds/mbed-os/lib/libmbed-os.a(mbed_retarget.o)
                0x00000000000023f6                DirectSerial::isatty()
 .text._ZN12DirectSerial5closeEv
                0x00000000000023fa        0x4 /home/fei/min0150/Projects/VSB/APPS/apps-workspace.mcu/leds/mbed-os/lib/libmbed-os.a(mbed_retarget.o)
                0x00000000000023fa                DirectSerial::close()
 .text._ZN12DirectSerialD2Ev
                0x00000000000023fe        0x2 /home/fei/min0150/Projects/VSB/APPS/apps-workspace.mcu/leds/mbed-os/lib/libmbed-os.a(mbed_retarget.o)
                0x00000000000023fe                DirectSerial::~DirectSerial()
                0x00000000000023fe                DirectSerial::~DirectSerial()
 .text._ZN12DirectSerial5writeEPKvj
                0x0000000000002400       0x24 /home/fei/min0150/Projects/VSB/APPS/apps-workspace.mcu/leds/mbed-os/lib/libmbed-os.a(mbed_retarget.o)
                0x0000000000002400                DirectSerial::write(void const*, unsigned int)
 .text._ZNK12DirectSerial4pollEs
                0x0000000000002424       0x30 /home/fei/min0150/Projects/VSB/APPS/apps-workspace.mcu/leds/mbed-os/lib/libmbed-os.a(mbed_retarget.o)
                0x0000000000002424                DirectSerial::poll(short) const
 .text._ZN12DirectSerialD0Ev
                0x0000000000002454        0xc /home/fei/min0150/Projects/VSB/APPS/apps-workspace.mcu/leds/mbed-os/lib/libmbed-os.a(mbed_retarget.o)
                0x0000000000002454                DirectSerial::~DirectSerial()
 .text._ZN12DirectSerial4readEPvj
                0x0000000000002460       0x1c /home/fei/min0150/Projects/VSB/APPS/apps-workspace.mcu/leds/mbed-os/lib/libmbed-os.a(mbed_retarget.o)
                0x0000000000002460                DirectSerial::read(void*, unsigned int)
 .text._ZN12DirectSerialC2ERK15serial_pinmap_ti
                0x000000000000247c       0x30 /home/fei/min0150/Projects/VSB/APPS/apps-workspace.mcu/leds/mbed-os/lib/libmbed-os.a(mbed_retarget.o)
                0x000000000000247c                DirectSerial::DirectSerial(serial_pinmap_t const&, int)
                0x000000000000247c                DirectSerial::DirectSerial(serial_pinmap_t const&, int)
 .text._ZN4mbed28mbed_target_override_consoleEi
                0x00000000000024ac        0x4 /home/fei/min0150/Projects/VSB/APPS/apps-workspace.mcu/leds/mbed-os/lib/libmbed-os.a(mbed_retarget.o)
                0x00000000000024ac                mbed::mbed_target_override_console(int)
 .text._ZN4mbed21mbed_override_consoleEi
                0x00000000000024b0        0x4 /home/fei/min0150/Projects/VSB/APPS/apps-workspace.mcu/leds/mbed-os/lib/libmbed-os.a(mbed_retarget.o)
                0x00000000000024b0                mbed::mbed_override_console(int)
 .text.__cxa_pure_virtual
                0x00000000000024b4        0x8 /home/fei/min0150/Projects/VSB/APPS/apps-workspace.mcu/leds/mbed-os/lib/libmbed-os.a(mbed_retarget.o)
                0x00000000000024b4                __cxa_pure_virtual
 .text._sbrk    0x00000000000024bc       0x44 /home/fei/min0150/Projects/VSB/APPS/apps-workspace.mcu/leds/mbed-os/lib/libmbed-os.a(mbed_retarget.o)
                0x00000000000024bc                _sbrk
 .text.__aeabi_atexit
                0x0000000000002500        0x4 /home/fei/min0150/Projects/VSB/APPS/apps-workspace.mcu/leds/mbed-os/lib/libmbed-os.a(mbed_retarget.o)
                0x0000000000002500                __aeabi_atexit
 .text.__wrap_atexit
                0x0000000000002504        0x4 /home/fei/min0150/Projects/VSB/APPS/apps-workspace.mcu/leds/mbed-os/lib/libmbed-os.a(mbed_retarget.o)
                0x0000000000002504                __wrap_atexit
 .text.__rtos_malloc_lock
                0x0000000000002508        0x2 /home/fei/min0150/Projects/VSB/APPS/apps-workspace.mcu/leds/mbed-os/lib/libmbed-os.a(mbed_retarget.o)
                0x0000000000002508                __rtos_malloc_lock
 .text.__rtos_malloc_unlock
                0x000000000000250a        0x2 /home/fei/min0150/Projects/VSB/APPS/apps-workspace.mcu/leds/mbed-os/lib/libmbed-os.a(mbed_retarget.o)
                0x000000000000250a                __rtos_malloc_unlock
 .text.__malloc_lock
                0x000000000000250c        0x8 /home/fei/min0150/Projects/VSB/APPS/apps-workspace.mcu/leds/mbed-os/lib/libmbed-os.a(mbed_retarget.o)
                0x000000000000250c                __malloc_lock
 .text.__malloc_unlock
                0x0000000000002514        0x8 /home/fei/min0150/Projects/VSB/APPS/apps-workspace.mcu/leds/mbed-os/lib/libmbed-os.a(mbed_retarget.o)
                0x0000000000002514                __malloc_unlock
 .text.__cxa_guard_acquire
                0x000000000000251c       0x3c /home/fei/min0150/Projects/VSB/APPS/apps-workspace.mcu/leds/mbed-os/lib/libmbed-os.a(mbed_retarget.o)
                0x000000000000251c                __cxa_guard_acquire
 .text.__cxa_guard_release
                0x0000000000002558       0x2c /home/fei/min0150/Projects/VSB/APPS/apps-workspace.mcu/leds/mbed-os/lib/libmbed-os.a(mbed_retarget.o)
                0x0000000000002558                __cxa_guard_release
 .text._ZN4mbed16mbed_file_handleEi
                0x0000000000002584       0x84 /home/fei/min0150/Projects/VSB/APPS/apps-workspace.mcu/leds/mbed-os/lib/libmbed-os.a(mbed_retarget.o)
                0x0000000000002584                mbed::mbed_file_handle(int)
 .text.close    0x0000000000002608       0x3c /home/fei/min0150/Projects/VSB/APPS/apps-workspace.mcu/leds/mbed-os/lib/libmbed-os.a(mbed_retarget.o)
                0x0000000000002608                close
 .text._close   0x0000000000002644        0x4 /home/fei/min0150/Projects/VSB/APPS/apps-workspace.mcu/leds/mbed-os/lib/libmbed-os.a(mbed_retarget.o)
                0x0000000000002644                _close
 .text.write    0x0000000000002648       0x36 /home/fei/min0150/Projects/VSB/APPS/apps-workspace.mcu/leds/mbed-os/lib/libmbed-os.a(mbed_retarget.o)
                0x0000000000002648                write
 .text.read     0x000000000000267e       0x36 /home/fei/min0150/Projects/VSB/APPS/apps-workspace.mcu/leds/mbed-os/lib/libmbed-os.a(mbed_retarget.o)
                0x000000000000267e                read
 .text.isatty   0x00000000000026b4       0x2c /home/fei/min0150/Projects/VSB/APPS/apps-workspace.mcu/leds/mbed-os/lib/libmbed-os.a(mbed_retarget.o)
                0x00000000000026b4                isatty
 .text._write   0x00000000000026e0       0xb0 /home/fei/min0150/Projects/VSB/APPS/apps-workspace.mcu/leds/mbed-os/lib/libmbed-os.a(mbed_retarget.o)
                0x00000000000026e0                _write
 .text._isatty  0x0000000000002790        0x4 /home/fei/min0150/Projects/VSB/APPS/apps-workspace.mcu/leds/mbed-os/lib/libmbed-os.a(mbed_retarget.o)
                0x0000000000002790                _isatty
 .text._read    0x0000000000002794       0x6c /home/fei/min0150/Projects/VSB/APPS/apps-workspace.mcu/leds/mbed-os/lib/libmbed-os.a(mbed_retarget.o)
                0x0000000000002794                _read
 .text.lseek    0x0000000000002800       0x36 /home/fei/min0150/Projects/VSB/APPS/apps-workspace.mcu/leds/mbed-os/lib/libmbed-os.a(mbed_retarget.o)
                0x0000000000002800                lseek
 .text._lseek   0x0000000000002836        0x4 /home/fei/min0150/Projects/VSB/APPS/apps-workspace.mcu/leds/mbed-os/lib/libmbed-os.a(mbed_retarget.o)
                0x0000000000002836                _lseek
 .text.fsync    0x000000000000283a       0x2e /home/fei/min0150/Projects/VSB/APPS/apps-workspace.mcu/leds/mbed-os/lib/libmbed-os.a(mbed_retarget.o)
                0x000000000000283a                fsync
 .text._exit    0x0000000000002868       0x30 /home/fei/min0150/Projects/VSB/APPS/apps-workspace.mcu/leds/mbed-os/lib/libmbed-os.a(mbed_retarget.o)
                0x0000000000002868                _exit
 .text.__wrap_exit
                0x0000000000002898        0x6 /home/fei/min0150/Projects/VSB/APPS/apps-workspace.mcu/leds/mbed-os/lib/libmbed-os.a(mbed_retarget.o)
                0x0000000000002898                __wrap_exit
 .text.fstat    0x000000000000289e       0x3c /home/fei/min0150/Projects/VSB/APPS/apps-workspace.mcu/leds/mbed-os/lib/libmbed-os.a(mbed_retarget.o)
                0x000000000000289e                fstat
 .text._fstat   0x00000000000028da        0x4 /home/fei/min0150/Projects/VSB/APPS/apps-workspace.mcu/leds/mbed-os/lib/libmbed-os.a(mbed_retarget.o)
                0x00000000000028da                _fstat
 *fill*         0x00000000000028de        0x2 
 .text.SystemInit
                0x00000000000028e0       0x2c /home/fei/min0150/Projects/VSB/APPS/apps-workspace.mcu/leds/mbed-os/lib/libmbed-os.a(system_MK64F12.o)
                0x00000000000028e0                SystemInit
 .text.pit_isr  0x000000000000290c       0x2c /home/fei/min0150/Projects/VSB/APPS/apps-workspace.mcu/leds/mbed-os/lib/libmbed-os.a(us_ticker.o)
 .text.us_ticker_get_info
                0x0000000000002938        0x8 /home/fei/min0150/Projects/VSB/APPS/apps-workspace.mcu/leds/mbed-os/lib/libmbed-os.a(us_ticker.o)
                0x0000000000002938                us_ticker_get_info
 .text.us_ticker_init
                0x0000000000002940       0xcc /home/fei/min0150/Projects/VSB/APPS/apps-workspace.mcu/leds/mbed-os/lib/libmbed-os.a(us_ticker.o)
                0x0000000000002940                us_ticker_init
 .text.us_ticker_read
                0x0000000000002a0c       0x10 /home/fei/min0150/Projects/VSB/APPS/apps-workspace.mcu/leds/mbed-os/lib/libmbed-os.a(us_ticker.o)
                0x0000000000002a0c                us_ticker_read
 .text.us_ticker_disable_interrupt
                0x0000000000002a1c       0x14 /home/fei/min0150/Projects/VSB/APPS/apps-workspace.mcu/leds/mbed-os/lib/libmbed-os.a(us_ticker.o)
                0x0000000000002a1c                us_ticker_disable_interrupt
 .text.us_ticker_clear_interrupt
                0x0000000000002a30       0x10 /home/fei/min0150/Projects/VSB/APPS/apps-workspace.mcu/leds/mbed-os/lib/libmbed-os.a(us_ticker.o)
                0x0000000000002a30                us_ticker_clear_interrupt
 .text.us_ticker_set_interrupt
                0x0000000000002a40       0x60 /home/fei/min0150/Projects/VSB/APPS/apps-workspace.mcu/leds/mbed-os/lib/libmbed-os.a(us_ticker.o)
                0x0000000000002a40                us_ticker_set_interrupt
 .text.us_ticker_fire_interrupt
                0x0000000000002aa0       0x10 /home/fei/min0150/Projects/VSB/APPS/apps-workspace.mcu/leds/mbed-os/lib/libmbed-os.a(us_ticker.o)
                0x0000000000002aa0                us_ticker_fire_interrupt
 .text.us_ticker_free
                0x0000000000002ab0       0x64 /home/fei/min0150/Projects/VSB/APPS/apps-workspace.mcu/leds/mbed-os/lib/libmbed-os.a(us_ticker.o)
                0x0000000000002ab0                us_ticker_free
 .text.serial_init_direct
                0x0000000000002b14       0xd4 /home/fei/min0150/Projects/VSB/APPS/apps-workspace.mcu/leds/mbed-os/lib/libmbed-os.a(serial_api.o)
                0x0000000000002b14                serial_init_direct
 .text.serial_baud
                0x0000000000002be8       0x2c /home/fei/min0150/Projects/VSB/APPS/apps-workspace.mcu/leds/mbed-os/lib/libmbed-os.a(serial_api.o)
                0x0000000000002be8                serial_baud
 .text.serial_readable
                0x0000000000002c14       0x2c /home/fei/min0150/Projects/VSB/APPS/apps-workspace.mcu/leds/mbed-os/lib/libmbed-os.a(serial_api.o)
                0x0000000000002c14                serial_readable
 .text.serial_getc
                0x0000000000002c40       0x20 /home/fei/min0150/Projects/VSB/APPS/apps-workspace.mcu/leds/mbed-os/lib/libmbed-os.a(serial_api.o)
                0x0000000000002c40                serial_getc
 .text.serial_writable
                0x0000000000002c60       0x2c /home/fei/min0150/Projects/VSB/APPS/apps-workspace.mcu/leds/mbed-os/lib/libmbed-os.a(serial_api.o)
                0x0000000000002c60                serial_writable
 .text.serial_putc
                0x0000000000002c8c       0x24 /home/fei/min0150/Projects/VSB/APPS/apps-workspace.mcu/leds/mbed-os/lib/libmbed-os.a(serial_api.o)
                0x0000000000002c8c                serial_putc
 .text.gpio_init
                0x0000000000002cb0       0x12 /home/fei/min0150/Projects/VSB/APPS/apps-workspace.mcu/leds/mbed-os/lib/libmbed-os.a(gpio_api.o)
                0x0000000000002cb0                gpio_init
 .text.gpio_mode
                0x0000000000002cc2        0x6 /home/fei/min0150/Projects/VSB/APPS/apps-workspace.mcu/leds/mbed-os/lib/libmbed-os.a(gpio_api.o)
                0x0000000000002cc2                gpio_mode
 .text.gpio_dir
                0x0000000000002cc8       0x48 /home/fei/min0150/Projects/VSB/APPS/apps-workspace.mcu/leds/mbed-os/lib/libmbed-os.a(gpio_api.o)
                0x0000000000002cc8                gpio_dir
 .text.gpio_write
                0x0000000000002d10       0x3c /home/fei/min0150/Projects/VSB/APPS/apps-workspace.mcu/leds/mbed-os/lib/libmbed-os.a(gpio_api.o)
                0x0000000000002d10                gpio_write
 .text.gpio_read
                0x0000000000002d4c       0x34 /home/fei/min0150/Projects/VSB/APPS/apps-workspace.mcu/leds/mbed-os/lib/libmbed-os.a(gpio_api.o)
                0x0000000000002d4c                gpio_read
 .text.pin_function
                0x0000000000002d80       0x74 /home/fei/min0150/Projects/VSB/APPS/apps-workspace.mcu/leds/mbed-os/lib/libmbed-os.a(pinmap.o)
                0x0000000000002d80                pin_function
 .text.pin_mode
                0x0000000000002df4       0x5c /home/fei/min0150/Projects/VSB/APPS/apps-workspace.mcu/leds/mbed-os/lib/libmbed-os.a(pinmap.o)
                0x0000000000002df4                pin_mode
 .text.mbed_tiny_compute_crc32
                0x0000000000002e50       0x2c /home/fei/min0150/Projects/VSB/APPS/apps-workspace.mcu/leds/mbed-os/lib/libmbed-os.a(MbedCRC.o)
                0x0000000000002e50                mbed_tiny_compute_crc32
 .text.hal_critical_section_enter
                0x0000000000002e7c       0x24 /home/fei/min0150/Projects/VSB/APPS/apps-workspace.mcu/leds/mbed-os/lib/libmbed-os.a(mbed_critical_section_api.o)
                0x0000000000002e7c                hal_critical_section_enter
 .text.hal_critical_section_exit
                0x0000000000002ea0       0x38 /home/fei/min0150/Projects/VSB/APPS/apps-workspace.mcu/leds/mbed-os/lib/libmbed-os.a(mbed_critical_section_api.o)
                0x0000000000002ea0                hal_critical_section_exit
 .text.core_util_atomic_flag_test_and_set
                0x0000000000002ed8       0x14 /home/fei/min0150/Projects/VSB/APPS/apps-workspace.mcu/leds/mbed-os/lib/libmbed-os.a(mbed_atomic_impl.o)
                0x0000000000002ed8                core_util_atomic_flag_test_and_set
 .text.core_util_atomic_incr_u16
                0x0000000000002eec       0x12 /home/fei/min0150/Projects/VSB/APPS/apps-workspace.mcu/leds/mbed-os/lib/libmbed-os.a(mbed_atomic_impl.o)
                0x0000000000002eec                core_util_atomic_incr_u16
 .text.core_util_atomic_decr_u16
                0x0000000000002efe       0x12 /home/fei/min0150/Projects/VSB/APPS/apps-workspace.mcu/leds/mbed-os/lib/libmbed-os.a(mbed_atomic_impl.o)
                0x0000000000002efe                core_util_atomic_decr_u16
 .text.core_util_atomic_exchange_u8
                0x0000000000002f10       0x12 /home/fei/min0150/Projects/VSB/APPS/apps-workspace.mcu/leds/mbed-os/lib/libmbed-os.a(mbed_atomic_impl.o)
                0x0000000000002f10                core_util_atomic_exchange_u8
 *fill*         0x0000000000002f22        0x2 
 .text.mbed_die
                0x0000000000002f24       0x64 /home/fei/min0150/Projects/VSB/APPS/apps-workspace.mcu/leds/mbed-os/lib/libmbed-os.a(mbed_board.o)
                0x0000000000002f24                mbed_die
 .text.mbed_error_puts
                0x0000000000002f88       0x4e /home/fei/min0150/Projects/VSB/APPS/apps-workspace.mcu/leds/mbed-os/lib/libmbed-os.a(mbed_board.o)
                0x0000000000002f88                mbed_error_puts
 *fill*         0x0000000000002fd6        0x2 
 .text.mbed_error_vprintf
                0x0000000000002fd8       0x38 /home/fei/min0150/Projects/VSB/APPS/apps-workspace.mcu/leds/mbed-os/lib/libmbed-os.a(mbed_board.o)
                0x0000000000002fd8                mbed_error_vprintf
 .text.mbed_error_printf
                0x0000000000003010       0x1a /home/fei/min0150/Projects/VSB/APPS/apps-workspace.mcu/leds/mbed-os/lib/libmbed-os.a(mbed_board.o)
                0x0000000000003010                mbed_error_printf
 .text.__wrap_vsnprintf
                0x000000000000302a        0xe /home/fei/min0150/Projects/VSB/APPS/apps-workspace.mcu/leds/mbed-os/lib/libmbed-os.a(mbed_printf_wrapper.o)
                0x000000000000302a                __wrap_vsnprintf
 .text.mbed_minimal_putchar
                0x0000000000003038       0x34 /home/fei/min0150/Projects/VSB/APPS/apps-workspace.mcu/leds/mbed-os/lib/libmbed-os.a(mbed_printf_implementation.o)
 .text.mbed_minimal_formatted_string_integer
                0x000000000000306c      0x168 /home/fei/min0150/Projects/VSB/APPS/apps-workspace.mcu/leds/mbed-os/lib/libmbed-os.a(mbed_printf_implementation.o)
 .text.mbed_minimal_formatted_string
                0x00000000000031d4      0x2bc /home/fei/min0150/Projects/VSB/APPS/apps-workspace.mcu/leds/mbed-os/lib/libmbed-os.a(mbed_printf_implementation.o)
                0x00000000000031d4                mbed_minimal_formatted_string
 .text.CLOCK_GetInternalRefClkSelectFreq
                0x0000000000003490       0x28 /home/fei/min0150/Projects/VSB/APPS/apps-workspace.mcu/leds/mbed-os/lib/libmbed-os.a(fsl_clock.o)
 .text.CLOCK_GetMcgExtClkFreq
                0x00000000000034b8       0x60 /home/fei/min0150/Projects/VSB/APPS/apps-workspace.mcu/leds/mbed-os/lib/libmbed-os.a(fsl_clock.o)
 .text.CLOCK_GetFllExtRefClkFreq
                0x0000000000003518       0x44 /home/fei/min0150/Projects/VSB/APPS/apps-workspace.mcu/leds/mbed-os/lib/libmbed-os.a(fsl_clock.o)
 .text.CLOCK_GetOsc0ErClkFreq
                0x000000000000355c       0x3c /home/fei/min0150/Projects/VSB/APPS/apps-workspace.mcu/leds/mbed-os/lib/libmbed-os.a(fsl_clock.o)
                0x000000000000355c                CLOCK_GetOsc0ErClkFreq
 .text.CLOCK_GetEr32kClkFreq
                0x0000000000003598       0x58 /home/fei/min0150/Projects/VSB/APPS/apps-workspace.mcu/leds/mbed-os/lib/libmbed-os.a(fsl_clock.o)
                0x0000000000003598                CLOCK_GetEr32kClkFreq
 .text.CLOCK_GetFllFreq
                0x00000000000035f0       0x50 /home/fei/min0150/Projects/VSB/APPS/apps-workspace.mcu/leds/mbed-os/lib/libmbed-os.a(fsl_clock.o)
                0x00000000000035f0                CLOCK_GetFllFreq
 .text.CLOCK_GetInternalRefClkFreq
                0x0000000000003640       0x14 /home/fei/min0150/Projects/VSB/APPS/apps-workspace.mcu/leds/mbed-os/lib/libmbed-os.a(fsl_clock.o)
                0x0000000000003640                CLOCK_GetInternalRefClkFreq
 .text.CLOCK_GetPll0Freq
                0x0000000000003654       0x48 /home/fei/min0150/Projects/VSB/APPS/apps-workspace.mcu/leds/mbed-os/lib/libmbed-os.a(fsl_clock.o)
                0x0000000000003654                CLOCK_GetPll0Freq
 .text.CLOCK_GetPllFllSelClkFreq
                0x000000000000369c       0x30 /home/fei/min0150/Projects/VSB/APPS/apps-workspace.mcu/leds/mbed-os/lib/libmbed-os.a(fsl_clock.o)
                0x000000000000369c                CLOCK_GetPllFllSelClkFreq
 .text.CLOCK_GetOutClkFreq
                0x00000000000036cc       0x28 /home/fei/min0150/Projects/VSB/APPS/apps-workspace.mcu/leds/mbed-os/lib/libmbed-os.a(fsl_clock.o)
                0x00000000000036cc                CLOCK_GetOutClkFreq
 .text.CLOCK_GetFixedFreqClkFreq
                0x00000000000036f4       0x34 /home/fei/min0150/Projects/VSB/APPS/apps-workspace.mcu/leds/mbed-os/lib/libmbed-os.a(fsl_clock.o)
                0x00000000000036f4                CLOCK_GetFixedFreqClkFreq
 .text.CLOCK_GetFreq
                0x0000000000003728       0xb8 /home/fei/min0150/Projects/VSB/APPS/apps-workspace.mcu/leds/mbed-os/lib/libmbed-os.a(fsl_clock.o)
                0x0000000000003728                CLOCK_GetFreq
 .text.EDMA_HandleIRQ
                0x00000000000037e0       0xb0 /home/fei/min0150/Projects/VSB/APPS/apps-workspace.mcu/leds/mbed-os/lib/libmbed-os.a(fsl_edma.o)
                0x00000000000037e0                EDMA_HandleIRQ
 .text.DMA0_DriverIRQHandler
                0x0000000000003890        0xc /home/fei/min0150/Projects/VSB/APPS/apps-workspace.mcu/leds/mbed-os/lib/libmbed-os.a(fsl_edma.o)
                0x0000000000003890                DMA0_DriverIRQHandler
 .text.DMA1_DriverIRQHandler
                0x000000000000389c        0xc /home/fei/min0150/Projects/VSB/APPS/apps-workspace.mcu/leds/mbed-os/lib/libmbed-os.a(fsl_edma.o)
                0x000000000000389c                DMA1_DriverIRQHandler
 .text.DMA2_DriverIRQHandler
                0x00000000000038a8        0xc /home/fei/min0150/Projects/VSB/APPS/apps-workspace.mcu/leds/mbed-os/lib/libmbed-os.a(fsl_edma.o)
                0x00000000000038a8                DMA2_DriverIRQHandler
 .text.DMA3_DriverIRQHandler
                0x00000000000038b4        0xc /home/fei/min0150/Projects/VSB/APPS/apps-workspace.mcu/leds/mbed-os/lib/libmbed-os.a(fsl_edma.o)
                0x00000000000038b4                DMA3_DriverIRQHandler
 .text.DMA4_DriverIRQHandler
                0x00000000000038c0        0xc /home/fei/min0150/Projects/VSB/APPS/apps-workspace.mcu/leds/mbed-os/lib/libmbed-os.a(fsl_edma.o)
                0x00000000000038c0                DMA4_DriverIRQHandler
 .text.DMA5_DriverIRQHandler
                0x00000000000038cc        0xc /home/fei/min0150/Projects/VSB/APPS/apps-workspace.mcu/leds/mbed-os/lib/libmbed-os.a(fsl_edma.o)
                0x00000000000038cc                DMA5_DriverIRQHandler
 .text.DMA6_DriverIRQHandler
                0x00000000000038d8        0xc /home/fei/min0150/Projects/VSB/APPS/apps-workspace.mcu/leds/mbed-os/lib/libmbed-os.a(fsl_edma.o)
                0x00000000000038d8                DMA6_DriverIRQHandler
 .text.DMA7_DriverIRQHandler
                0x00000000000038e4        0xc /home/fei/min0150/Projects/VSB/APPS/apps-workspace.mcu/leds/mbed-os/lib/libmbed-os.a(fsl_edma.o)
                0x00000000000038e4                DMA7_DriverIRQHandler
 .text.DMA8_DriverIRQHandler
                0x00000000000038f0        0xc /home/fei/min0150/Projects/VSB/APPS/apps-workspace.mcu/leds/mbed-os/lib/libmbed-os.a(fsl_edma.o)
                0x00000000000038f0                DMA8_DriverIRQHandler
 .text.DMA9_DriverIRQHandler
                0x00000000000038fc        0xc /home/fei/min0150/Projects/VSB/APPS/apps-workspace.mcu/leds/mbed-os/lib/libmbed-os.a(fsl_edma.o)
                0x00000000000038fc                DMA9_DriverIRQHandler
 .text.DMA10_DriverIRQHandler
                0x0000000000003908        0xc /home/fei/min0150/Projects/VSB/APPS/apps-workspace.mcu/leds/mbed-os/lib/libmbed-os.a(fsl_edma.o)
                0x0000000000003908                DMA10_DriverIRQHandler
 .text.DMA11_DriverIRQHandler
                0x0000000000003914        0xc /home/fei/min0150/Projects/VSB/APPS/apps-workspace.mcu/leds/mbed-os/lib/libmbed-os.a(fsl_edma.o)
                0x0000000000003914                DMA11_DriverIRQHandler
 .text.DMA12_DriverIRQHandler
                0x0000000000003920        0xc /home/fei/min0150/Projects/VSB/APPS/apps-workspace.mcu/leds/mbed-os/lib/libmbed-os.a(fsl_edma.o)
                0x0000000000003920                DMA12_DriverIRQHandler
 .text.DMA13_DriverIRQHandler
                0x000000000000392c        0xc /home/fei/min0150/Projects/VSB/APPS/apps-workspace.mcu/leds/mbed-os/lib/libmbed-os.a(fsl_edma.o)
                0x000000000000392c                DMA13_DriverIRQHandler
 .text.DMA14_DriverIRQHandler
                0x0000000000003938        0xc /home/fei/min0150/Projects/VSB/APPS/apps-workspace.mcu/leds/mbed-os/lib/libmbed-os.a(fsl_edma.o)
                0x0000000000003938                DMA14_DriverIRQHandler
 .text.DMA15_DriverIRQHandler
                0x0000000000003944        0xc /home/fei/min0150/Projects/VSB/APPS/apps-workspace.mcu/leds/mbed-os/lib/libmbed-os.a(fsl_edma.o)
                0x0000000000003944                DMA15_DriverIRQHandler
 .text.DSPI_CommonIRQHandler
                0x0000000000003950       0x20 /home/fei/min0150/Projects/VSB/APPS/apps-workspace.mcu/leds/mbed-os/lib/libmbed-os.a(fsl_dspi.o)
 .text.SPI0_DriverIRQHandler
                0x0000000000003970       0x34 /home/fei/min0150/Projects/VSB/APPS/apps-workspace.mcu/leds/mbed-os/lib/libmbed-os.a(fsl_dspi.o)
                0x0000000000003970                SPI0_DriverIRQHandler
 .text.SPI1_DriverIRQHandler
                0x00000000000039a4       0x34 /home/fei/min0150/Projects/VSB/APPS/apps-workspace.mcu/leds/mbed-os/lib/libmbed-os.a(fsl_dspi.o)
                0x00000000000039a4                SPI1_DriverIRQHandler
 .text.SPI2_DriverIRQHandler
                0x00000000000039d8       0x34 /home/fei/min0150/Projects/VSB/APPS/apps-workspace.mcu/leds/mbed-os/lib/libmbed-os.a(fsl_dspi.o)
                0x00000000000039d8                SPI2_DriverIRQHandler
 .text.PIT_GetInstance.part.0
                0x0000000000003a0c       0x1c /home/fei/min0150/Projects/VSB/APPS/apps-workspace.mcu/leds/mbed-os/lib/libmbed-os.a(fsl_pit.o)
 .text.PIT_Init
                0x0000000000003a28       0x58 /home/fei/min0150/Projects/VSB/APPS/apps-workspace.mcu/leds/mbed-os/lib/libmbed-os.a(fsl_pit.o)
                0x0000000000003a28                PIT_Init
 .text.UART_GetInstance
                0x0000000000003a80       0x64 /home/fei/min0150/Projects/VSB/APPS/apps-workspace.mcu/leds/mbed-os/lib/libmbed-os.a(fsl_uart.o)
                0x0000000000003a80                UART_GetInstance
 .text.UART_Init
                0x0000000000003ae4      0x174 /home/fei/min0150/Projects/VSB/APPS/apps-workspace.mcu/leds/mbed-os/lib/libmbed-os.a(fsl_uart.o)
                0x0000000000003ae4                UART_Init
 .text.UART_GetDefaultConfig
                0x0000000000003c58       0x30 /home/fei/min0150/Projects/VSB/APPS/apps-workspace.mcu/leds/mbed-os/lib/libmbed-os.a(fsl_uart.o)
                0x0000000000003c58                UART_GetDefaultConfig
 .text.UART_SetBaudRate
                0x0000000000003c88       0x8c /home/fei/min0150/Projects/VSB/APPS/apps-workspace.mcu/leds/mbed-os/lib/libmbed-os.a(fsl_uart.o)
                0x0000000000003c88                UART_SetBaudRate
 .text.UART_GetStatusFlags
                0x0000000000003d14       0x16 /home/fei/min0150/Projects/VSB/APPS/apps-workspace.mcu/leds/mbed-os/lib/libmbed-os.a(fsl_uart.o)
                0x0000000000003d14                UART_GetStatusFlags
 .text.UART_ClearStatusFlags
                0x0000000000003d2a       0x40 /home/fei/min0150/Projects/VSB/APPS/apps-workspace.mcu/leds/mbed-os/lib/libmbed-os.a(fsl_uart.o)
                0x0000000000003d2a                UART_ClearStatusFlags
 *fill*         0x0000000000003d6a        0x2 
 .text.UART0_DriverIRQHandler
                0x0000000000003d6c       0x18 /home/fei/min0150/Projects/VSB/APPS/apps-workspace.mcu/leds/mbed-os/lib/libmbed-os.a(fsl_uart.o)
                0x0000000000003d6c                UART0_DriverIRQHandler
 .text.UART0_RX_TX_DriverIRQHandler
                0x0000000000003d84        0x4 /home/fei/min0150/Projects/VSB/APPS/apps-workspace.mcu/leds/mbed-os/lib/libmbed-os.a(fsl_uart.o)
                0x0000000000003d84                UART0_RX_TX_DriverIRQHandler
 .text.UART1_DriverIRQHandler
                0x0000000000003d88       0x18 /home/fei/min0150/Projects/VSB/APPS/apps-workspace.mcu/leds/mbed-os/lib/libmbed-os.a(fsl_uart.o)
                0x0000000000003d88                UART1_DriverIRQHandler
 .text.UART1_RX_TX_DriverIRQHandler
                0x0000000000003da0        0x4 /home/fei/min0150/Projects/VSB/APPS/apps-workspace.mcu/leds/mbed-os/lib/libmbed-os.a(fsl_uart.o)
                0x0000000000003da0                UART1_RX_TX_DriverIRQHandler
 .text.UART2_DriverIRQHandler
                0x0000000000003da4       0x18 /home/fei/min0150/Projects/VSB/APPS/apps-workspace.mcu/leds/mbed-os/lib/libmbed-os.a(fsl_uart.o)
                0x0000000000003da4                UART2_DriverIRQHandler
 .text.UART2_RX_TX_DriverIRQHandler
                0x0000000000003dbc        0x4 /home/fei/min0150/Projects/VSB/APPS/apps-workspace.mcu/leds/mbed-os/lib/libmbed-os.a(fsl_uart.o)
                0x0000000000003dbc                UART2_RX_TX_DriverIRQHandler
 .text.UART3_DriverIRQHandler
                0x0000000000003dc0       0x18 /home/fei/min0150/Projects/VSB/APPS/apps-workspace.mcu/leds/mbed-os/lib/libmbed-os.a(fsl_uart.o)
                0x0000000000003dc0                UART3_DriverIRQHandler
 .text.UART3_RX_TX_DriverIRQHandler
                0x0000000000003dd8        0x4 /home/fei/min0150/Projects/VSB/APPS/apps-workspace.mcu/leds/mbed-os/lib/libmbed-os.a(fsl_uart.o)
                0x0000000000003dd8                UART3_RX_TX_DriverIRQHandler
 .text.UART4_DriverIRQHandler
                0x0000000000003ddc       0x18 /home/fei/min0150/Projects/VSB/APPS/apps-workspace.mcu/leds/mbed-os/lib/libmbed-os.a(fsl_uart.o)
                0x0000000000003ddc                UART4_DriverIRQHandler
 .text.UART4_RX_TX_DriverIRQHandler
                0x0000000000003df4        0x4 /home/fei/min0150/Projects/VSB/APPS/apps-workspace.mcu/leds/mbed-os/lib/libmbed-os.a(fsl_uart.o)
                0x0000000000003df4                UART4_RX_TX_DriverIRQHandler
 .text.UART5_DriverIRQHandler
                0x0000000000003df8       0x18 /home/fei/min0150/Projects/VSB/APPS/apps-workspace.mcu/leds/mbed-os/lib/libmbed-os.a(fsl_uart.o)
                0x0000000000003df8                UART5_DriverIRQHandler
 .text.UART5_RX_TX_DriverIRQHandler
                0x0000000000003e10        0x4 /home/fei/min0150/Projects/VSB/APPS/apps-workspace.mcu/leds/mbed-os/lib/libmbed-os.a(fsl_uart.o)
                0x0000000000003e10                UART5_RX_TX_DriverIRQHandler
 .text.__assert_func
                0x0000000000003e14       0x40 /usr/local/mcuxpressoide-11.6.1_8255/ide/plugins/com.nxp.mcuxpresso.tools.linux_11.6.1.202207200623/tools/bin/../lib/gcc/arm-none-eabi/10.3.1/../../../../arm-none-eabi/lib/thumb/v7e-m+fp/softfp/libc.a(lib_a-assert.o)
                0x0000000000003e14                __assert_func
 .text.__errno  0x0000000000003e54        0xc /usr/local/mcuxpressoide-11.6.1_8255/ide/plugins/com.nxp.mcuxpresso.tools.linux_11.6.1.202207200623/tools/bin/../lib/gcc/arm-none-eabi/10.3.1/../../../../arm-none-eabi/lib/thumb/v7e-m+fp/softfp/libc.a(lib_a-errno.o)
                0x0000000000003e54                __errno
 .text.__sflush_r
                0x0000000000003e60      0x130 /usr/local/mcuxpressoide-11.6.1_8255/ide/plugins/com.nxp.mcuxpresso.tools.linux_11.6.1.202207200623/tools/bin/../lib/gcc/arm-none-eabi/10.3.1/../../../../arm-none-eabi/lib/thumb/v7e-m+fp/softfp/libc.a(lib_a-fflush.o)
                0x0000000000003e60                __sflush_r
 .text._fflush_r
                0x0000000000003f90       0x5c /usr/local/mcuxpressoide-11.6.1_8255/ide/plugins/com.nxp.mcuxpresso.tools.linux_11.6.1.202207200623/tools/bin/../lib/gcc/arm-none-eabi/10.3.1/../../../../arm-none-eabi/lib/thumb/v7e-m+fp/softfp/libc.a(lib_a-fflush.o)
                0x0000000000003f90                _fflush_r
 .text.fflush   0x0000000000003fec       0x74 /usr/local/mcuxpressoide-11.6.1_8255/ide/plugins/com.nxp.mcuxpresso.tools.linux_11.6.1.202207200623/tools/bin/../lib/gcc/arm-none-eabi/10.3.1/../../../../arm-none-eabi/lib/thumb/v7e-m+fp/softfp/libc.a(lib_a-fflush.o)
                0x0000000000003fec                fflush
 .text._cleanup_r
                0x0000000000004060        0xc /usr/local/mcuxpressoide-11.6.1_8255/ide/plugins/com.nxp.mcuxpresso.tools.linux_11.6.1.202207200623/tools/bin/../lib/gcc/arm-none-eabi/10.3.1/../../../../arm-none-eabi/lib/thumb/v7e-m+fp/softfp/libc.a(lib_a-findfp.o)
                0x0000000000004060                _cleanup_r
 .text.__sinit  0x000000000000406c      0x10c /usr/local/mcuxpressoide-11.6.1_8255/ide/plugins/com.nxp.mcuxpresso.tools.linux_11.6.1.202207200623/tools/bin/../lib/gcc/arm-none-eabi/10.3.1/../../../../arm-none-eabi/lib/thumb/v7e-m+fp/softfp/libc.a(lib_a-findfp.o)
                0x000000000000406c                __sinit
 .text.__sfp_lock_acquire
                0x0000000000004178        0xc /usr/local/mcuxpressoide-11.6.1_8255/ide/plugins/com.nxp.mcuxpresso.tools.linux_11.6.1.202207200623/tools/bin/../lib/gcc/arm-none-eabi/10.3.1/../../../../arm-none-eabi/lib/thumb/v7e-m+fp/softfp/libc.a(lib_a-findfp.o)
                0x0000000000004178                __sfp_lock_acquire
 .text.__sfp_lock_release
                0x0000000000004184        0xc /usr/local/mcuxpressoide-11.6.1_8255/ide/plugins/com.nxp.mcuxpresso.tools.linux_11.6.1.202207200623/tools/bin/../lib/gcc/arm-none-eabi/10.3.1/../../../../arm-none-eabi/lib/thumb/v7e-m+fp/softfp/libc.a(lib_a-findfp.o)
                0x0000000000004184                __sfp_lock_release
 .text.fiprintf
                0x0000000000004190       0x28 /usr/local/mcuxpressoide-11.6.1_8255/ide/plugins/com.nxp.mcuxpresso.tools.linux_11.6.1.202207200623/tools/bin/../lib/gcc/arm-none-eabi/10.3.1/../../../../arm-none-eabi/lib/thumb/v7e-m+fp/softfp/libc.a(lib_a-fiprintf.o)
                0x0000000000004190                fiprintf
 .text.fputc    0x00000000000041b8       0x64 /usr/local/mcuxpressoide-11.6.1_8255/ide/plugins/com.nxp.mcuxpresso.tools.linux_11.6.1.202207200623/tools/bin/../lib/gcc/arm-none-eabi/10.3.1/../../../../arm-none-eabi/lib/thumb/v7e-m+fp/softfp/libc.a(lib_a-fputc.o)
                0x00000000000041b8                fputc
 .text._fstat_r
                0x000000000000421c       0x2c /usr/local/mcuxpressoide-11.6.1_8255/ide/plugins/com.nxp.mcuxpresso.tools.linux_11.6.1.202207200623/tools/bin/../lib/gcc/arm-none-eabi/10.3.1/../../../../arm-none-eabi/lib/thumb/v7e-m+fp/softfp/libc.a(lib_a-fstatr.o)
                0x000000000000421c                _fstat_r
 .text._fwalk_reent
                0x0000000000004248       0x48 /usr/local/mcuxpressoide-11.6.1_8255/ide/plugins/com.nxp.mcuxpresso.tools.linux_11.6.1.202207200623/tools/bin/../lib/gcc/arm-none-eabi/10.3.1/../../../../arm-none-eabi/lib/thumb/v7e-m+fp/softfp/libc.a(lib_a-fwalk.o)
                0x0000000000004248                _fwalk_reent
 .text.__libc_init_array
                0x0000000000004290       0x48 /usr/local/mcuxpressoide-11.6.1_8255/ide/plugins/com.nxp.mcuxpresso.tools.linux_11.6.1.202207200623/tools/bin/../lib/gcc/arm-none-eabi/10.3.1/../../../../arm-none-eabi/lib/thumb/v7e-m+fp/softfp/libc.a(lib_a-init.o)
                0x0000000000004290                __libc_init_array
 .text.__retarget_lock_init_recursive