Archive member included to satisfy reference by file (symbol)

/home/fei/min0150/Projects/VSB/APPS/apps-workspace.mcu/i2c/mbed-os/lib/libmbed-os.a(DigitalInOut.o)
                              ./i2c-lib.o (mbed::DigitalInOut::output())
/home/fei/min0150/Projects/VSB/APPS/apps-workspace.mcu/i2c/mbed-os/lib/libmbed-os.a(Ticker.o)
                              ./main-i2c.o (mbed::TickerBase::handler())
/home/fei/min0150/Projects/VSB/APPS/apps-workspace.mcu/i2c/mbed-os/lib/libmbed-os.a(TimerEvent.o)
                              /home/fei/min0150/Projects/VSB/APPS/apps-workspace.mcu/i2c/mbed-os/lib/libmbed-os.a(Ticker.o) (mbed::TimerEvent::TimerEvent(ticker_data_t const*))
/home/fei/min0150/Projects/VSB/APPS/apps-workspace.mcu/i2c/mbed-os/lib/libmbed-os.a(mbed_compat.o)
                              ./main-i2c.o (gpio_free)
/home/fei/min0150/Projects/VSB/APPS/apps-workspace.mcu/i2c/mbed-os/lib/libmbed-os.a(mbed_gpio.o)
                              ./main-i2c.o (gpio_init_in)
/home/fei/min0150/Projects/VSB/APPS/apps-workspace.mcu/i2c/mbed-os/lib/libmbed-os.a(mbed_lp_ticker_api.o)
                              /home/fei/min0150/Projects/VSB/APPS/apps-workspace.mcu/i2c/mbed-os/lib/libmbed-os.a(Ticker.o) (get_lp_ticker_data)
/home/fei/min0150/Projects/VSB/APPS/apps-workspace.mcu/i2c/mbed-os/lib/libmbed-os.a(mbed_ticker_api.o)
                              /home/fei/min0150/Projects/VSB/APPS/apps-workspace.mcu/i2c/mbed-os/lib/libmbed-os.a(TimerEvent.o) (ticker_set_handler)
/home/fei/min0150/Projects/VSB/APPS/apps-workspace.mcu/i2c/mbed-os/lib/libmbed-os.a(mbed_us_ticker_api.o)
                              ./i2c-lib.o (_us_ticker_initialized)
/home/fei/min0150/Projects/VSB/APPS/apps-workspace.mcu/i2c/mbed-os/lib/libmbed-os.a(CriticalSectionLock.o)
                              /home/fei/min0150/Projects/VSB/APPS/apps-workspace.mcu/i2c/mbed-os/lib/libmbed-os.a(Ticker.o) (mbed::CriticalSectionLock::CriticalSectionLock())
/home/fei/min0150/Projects/VSB/APPS/apps-workspace.mcu/i2c/mbed-os/lib/libmbed-os.a(mbed_assert.o)
                              /home/fei/min0150/Projects/VSB/APPS/apps-workspace.mcu/i2c/mbed-os/lib/libmbed-os.a(mbed_ticker_api.o) (mbed_assert_internal)
/home/fei/min0150/Projects/VSB/APPS/apps-workspace.mcu/i2c/mbed-os/lib/libmbed-os.a(mbed_critical.o)
                              /home/fei/min0150/Projects/VSB/APPS/apps-workspace.mcu/i2c/mbed-os/lib/libmbed-os.a(DigitalInOut.o) (core_util_critical_section_enter)
/home/fei/min0150/Projects/VSB/APPS/apps-workspace.mcu/i2c/mbed-os/lib/libmbed-os.a(mbed_error.o)
                              /home/fei/min0150/Projects/VSB/APPS/apps-workspace.mcu/i2c/mbed-os/lib/libmbed-os.a(mbed_ticker_api.o) (mbed_error)
/home/fei/min0150/Projects/VSB/APPS/apps-workspace.mcu/i2c/mbed-os/lib/libmbed-os.a(mbed_power_mgmt.o)
                              /home/fei/min0150/Projects/VSB/APPS/apps-workspace.mcu/i2c/mbed-os/lib/libmbed-os.a(Ticker.o) (sleep_manager_lock_deep_sleep_internal)
/home/fei/min0150/Projects/VSB/APPS/apps-workspace.mcu/i2c/mbed-os/lib/libmbed-os.a(mbed_sdk_boot.o)
                              /usr/local/mcuxpressoide-11.6.1_8255/ide/plugins/com.nxp.mcuxpresso.tools.linux_11.6.1.202207200623/tools/bin/../lib/gcc/arm-none-eabi/10.3.1/../../../../arm-none-eabi/lib/thumb/v7e-m+fp/softfp/crt0.o (__wrap_main)
/home/fei/min0150/Projects/VSB/APPS/apps-workspace.mcu/i2c/mbed-os/lib/libmbed-os.a(mbed_wait_api_no_rtos.o)
                              ./i2c-lib.o (_wait_us_ticks)
/home/fei/min0150/Projects/VSB/APPS/apps-workspace.mcu/i2c/mbed-os/lib/libmbed-os.a(mbed_printf_wrapper.o)
                              ./main-i2c.o (__wrap_printf)
/home/fei/min0150/Projects/VSB/APPS/apps-workspace.mcu/i2c/mbed-os/lib/libmbed-os.a(mbed_printf_implementation.o)
                              /home/fei/min0150/Projects/VSB/APPS/apps-workspace.mcu/i2c/mbed-os/lib/libmbed-os.a(mbed_printf_wrapper.o) (mbed_minimal_formatted_string)
/home/fei/min0150/Projects/VSB/APPS/apps-workspace.mcu/i2c/mbed-os/lib/libmbed-os.a(mbed_retarget.o)
                              /home/fei/min0150/Projects/VSB/APPS/apps-workspace.mcu/i2c/mbed-os/lib/libmbed-os.a(TimerEvent.o) (__cxa_pure_virtual)
/home/fei/min0150/Projects/VSB/APPS/apps-workspace.mcu/i2c/mbed-os/lib/libmbed-os.a(startup_MK64F12.o)
                              (Reset_Handler)
/home/fei/min0150/Projects/VSB/APPS/apps-workspace.mcu/i2c/mbed-os/lib/libmbed-os.a(system_MK64F12.o)
                              /home/fei/min0150/Projects/VSB/APPS/apps-workspace.mcu/i2c/mbed-os/lib/libmbed-os.a(startup_MK64F12.o) (SystemInit)
/home/fei/min0150/Projects/VSB/APPS/apps-workspace.mcu/i2c/mbed-os/lib/libmbed-os.a(us_ticker.o)
                              /home/fei/min0150/Projects/VSB/APPS/apps-workspace.mcu/i2c/mbed-os/lib/libmbed-os.a(mbed_us_ticker_api.o) (us_ticker_init)
/home/fei/min0150/Projects/VSB/APPS/apps-workspace.mcu/i2c/mbed-os/lib/libmbed-os.a(spi_api.o)
[...]
Memory Configuration

Name             Origin             Length             Attributes
m_interrupts     0x0000000000000000 0x0000000000000400 xr
m_flash_config   0x0000000000000400 0x0000000000000010 xr
m_text           0x0000000000000410 0x00000000000ffbf0 xr
m_data           0x000000001fff0000 0x0000000000010000 rw
m_data_2         0x0000000020000000 0x0000000000030000 rw
*default*        0x0000000000000000 0xffffffffffffffff

Linker script and memory map

LOAD /usr/local/mcuxpressoide-11.6.1_8255/ide/plugins/com.nxp.mcuxpresso.tools.linux_11.6.1.202207200623/tools/bin/../lib/gcc/arm-none-eabi/10.3.1/thumb/v7e-m+fp/softfp/crti.o
LOAD /usr/local/mcuxpressoide-11.6.1_8255/ide/plugins/com.nxp.mcuxpresso.tools.linux_11.6.1.202207200623/tools/bin/../lib/gcc/arm-none-eabi/10.3.1/thumb/v7e-m+fp/softfp/crtbegin.o
LOAD /usr/local/mcuxpressoide-11.6.1_8255/ide/plugins/com.nxp.mcuxpresso.tools.linux_11.6.1.202207200623/tools/bin/../lib/gcc/arm-none-eabi/10.3.1/../../../../arm-none-eabi/lib/thumb/v7e-m+fp/softfp/crt0.o
LOAD ./i2c-lib.o
LOAD ./main-i2c.o
LOAD ./si4735-lib.o
LOAD /home/fei/min0150/Projects/VSB/APPS/apps-workspace.mcu/i2c/mbed-os/lib/libmbed-os.a
LOAD /usr/local/mcuxpressoide-11.6.1_8255/ide/plugins/com.nxp.mcuxpresso.tools.linux_11.6.1.202207200623/tools/bin/../lib/gcc/arm-none-eabi/10.3.1/../../../../arm-none-eabi/lib/thumb/v7e-m+fp/softfp/libstdc++.a
LOAD /usr/local/mcuxpressoide-11.6.1_8255/ide/plugins/com.nxp.mcuxpresso.tools.linux_11.6.1.202207200623/tools/bin/../lib/gcc/arm-none-eabi/10.3.1/../../../../arm-none-eabi/lib/thumb/v7e-m+fp/softfp/libsupc++.a
LOAD /usr/local/mcuxpressoide-11.6.1_8255/ide/plugins/com.nxp.mcuxpresso.tools.linux_11.6.1.202207200623/tools/bin/../lib/gcc/arm-none-eabi/10.3.1/thumb/v7e-m+fp/softfp/libgcc.a
LOAD /usr/local/mcuxpressoide-11.6.1_8255/ide/plugins/com.nxp.mcuxpresso.tools.linux_11.6.1.202207200623/tools/bin/../lib/gcc/arm-none-eabi/10.3.1/../../../../arm-none-eabi/lib/thumb/v7e-m+fp/softfp/libnosys.a
START GROUP
LOAD /usr/local/mcuxpressoide-11.6.1_8255/ide/plugins/com.nxp.mcuxpresso.tools.linux_11.6.1.202207200623/tools/bin/../lib/gcc/arm-none-eabi/10.3.1/../../../../arm-none-eabi/lib/thumb/v7e-m+fp/softfp/libstdc++.a
LOAD /usr/local/mcuxpressoide-11.6.1_8255/ide/plugins/com.nxp.mcuxpresso.tools.linux_11.6.1.202207200623/tools/bin/../lib/gcc/arm-none-eabi/10.3.1/../../../../arm-none-eabi/lib/thumb/v7e-m+fp/softfp/libsupc++.a
LOAD /usr/local/mcuxpressoide-11.6.1_8255/ide/plugins/com.nxp.mcuxpresso.tools.linux_11.6.1.202207200623/tools/bin/../lib/gcc/arm-none-eabi/10.3.1/../../../../arm-none-eabi/lib/thumb/v7e-m+fp/softfp/libm.a
LOAD /usr/local/mcuxpressoide-11.6.1_8255/ide/plugins/com.nxp.mcuxpresso.tools.linux_11.6.1.202207200623/tools/bin/../lib/gcc/arm-none-eabi/10.3.1/../../../../arm-none-eabi/lib/thumb/v7e-m+fp/softfp/libc.a
LOAD /usr/local/mcuxpressoide-11.6.1_8255/ide/plugins/com.nxp.mcuxpresso.tools.linux_11.6.1.202207200623/tools/bin/../lib/gcc/arm-none-eabi/10.3.1/thumb/v7e-m+fp/softfp/libgcc.a
LOAD /usr/local/mcuxpressoide-11.6.1_8255/ide/plugins/com.nxp.mcuxpresso.tools.linux_11.6.1.202207200623/tools/bin/../lib/gcc/arm-none-eabi/10.3.1/../../../../arm-none-eabi/lib/thumb/v7e-m+fp/softfp/libnosys.a
LOAD /home/fei/min0150/Projects/VSB/APPS/apps-workspace.mcu/i2c/mbed-os/lib/libmbed-os.a
END GROUP
LOAD /usr/local/mcuxpressoide-11.6.1_8255/ide/plugins/com.nxp.mcuxpresso.tools.linux_11.6.1.202207200623/tools/bin/../lib/gcc/arm-none-eabi/10.3.1/../../../../arm-none-eabi/lib/thumb/v7e-m+fp/softfp/libstdc++.a
LOAD /usr/local/mcuxpressoide-11.6.1_8255/ide/plugins/com.nxp.mcuxpresso.tools.linux_11.6.1.202207200623/tools/bin/../lib/gcc/arm-none-eabi/10.3.1/../../../../arm-none-eabi/lib/thumb/v7e-m+fp/softfp/libm.a
LOAD /usr/local/mcuxpressoide-11.6.1_8255/ide/plugins/com.nxp.mcuxpresso.tools.linux_11.6.1.202207200623/tools/bin/../lib/gcc/arm-none-eabi/10.3.1/../../../../arm-none-eabi/lib/thumb/v7e-m+fp/softfp/libc.a
START GROUP
LOAD /usr/local/mcuxpressoide-11.6.1_8255/ide/plugins/com.nxp.mcuxpresso.tools.linux_11.6.1.202207200623/tools/bin/../lib/gcc/arm-none-eabi/10.3.1/thumb/v7e-m+fp/softfp/libgcc.a
LOAD /usr/local/mcuxpressoide-11.6.1_8255/ide/plugins/com.nxp.mcuxpresso.tools.linux_11.6.1.202207200623/tools/bin/../lib/gcc/arm-none-eabi/10.3.1/../../../../arm-none-eabi/lib/thumb/v7e-m+fp/softfp/libc.a
END GROUP
LOAD /usr/local/mcuxpressoide-11.6.1_8255/ide/plugins/com.nxp.mcuxpresso.tools.linux_11.6.1.202207200623/tools/bin/../lib/gcc/arm-none-eabi/10.3.1/thumb/v7e-m+fp/softfp/crtend.o
LOAD /usr/local/mcuxpressoide-11.6.1_8255/ide/plugins/com.nxp.mcuxpresso.tools.linux_11.6.1.202207200623/tools/bin/../lib/gcc/arm-none-eabi/10.3.1/thumb/v7e-m+fp/softfp/crtn.o
                0x0000000000000001                __ram_vector_table__ = 0x1
                0x0000000000000400                __stack_size__ = 0x400
                0x0000000000000400                STACK_SIZE = DEFINED (__stack_size__)?__stack_size__:0x400
                0x0000000000000400                M_VECTOR_RAM_SIZE = DEFINED (__ram_vector_table__)?0x400:0x0
                0x0000000000000100                M_CRASH_DATA_RAM_SIZE = 0x100

.interrupts     0x0000000000000000      0x400
                0x0000000000000000                __VECTOR_TABLE = .
                0x0000000000000000                . = ALIGN (0x8)
 *(.isr_vector)
 .isr_vector    0x0000000000000000      0x400 /home/fei/min0150/Projects/VSB/APPS/apps-workspace.mcu/i2c/mbed-os/lib/libmbed-os.a(startup_MK64F12.o)
                0x0000000000000000                __isr_vector
                0x0000000000000400                . = ALIGN (0x8)

.flash_config   0x0000000000000400       0x10
                0x0000000000000400                . = ALIGN (0x8)
 *(.FlashConfig)
 .FlashConfig   0x0000000000000400       0x10 /home/fei/min0150/Projects/VSB/APPS/apps-workspace.mcu/i2c/mbed-os/lib/libmbed-os.a(startup_MK64F12.o)
                0x0000000000000410                . = ALIGN (0x8)

.text           0x0000000000000440     0x8e38
                0x0000000000000440                . = ALIGN (0x8)
 *(.text)
 .text          0x0000000000000440       0x40 /usr/local/mcuxpressoide-11.6.1_8255/ide/plugins/com.nxp.mcuxpresso.tools.linux_11.6.1.202207200623/tools/bin/../lib/gcc/arm-none-eabi/10.3.1/thumb/v7e-m+fp/softfp/crtbegin.o
 .text          0x0000000000000480       0x7c /usr/local/mcuxpressoide-11.6.1_8255/ide/plugins/com.nxp.mcuxpresso.tools.linux_11.6.1.202207200623/tools/bin/../lib/gcc/arm-none-eabi/10.3.1/../../../../arm-none-eabi/lib/thumb/v7e-m+fp/softfp/crt0.o
                0x0000000000000480                _stack_init
                0x0000000000000488                _mainCRTStartup
                0x0000000000000488                _start
 .text          0x00000000000004fc      0x1e4 /home/fei/min0150/Projects/VSB/APPS/apps-workspace.mcu/i2c/mbed-os/lib/libmbed-os.a(startup_MK64F12.o)
                0x00000000000004fc                Reset_Handler
                0x0000000000000540                DebugMon_Handler
                0x0000000000000540                DMA_Error_DriverIRQHandler
                0x0000000000000540                SDHC_DriverIRQHandler
                0x0000000000000540                PIT0_IRQHandler
                0x0000000000000540                CMP2_IRQHandler
                0x0000000000000540                LLWU_IRQHandler
                0x0000000000000540                I2S0_Tx_DriverIRQHandler
                0x0000000000000540                ENET_1588_Timer_DriverIRQHandler
                0x0000000000000540                I2C2_DriverIRQHandler
                0x0000000000000540                SWI_IRQHandler
                0x0000000000000540                ADC0_IRQHandler
                0x0000000000000540                UsageFault_Handler
                0x0000000000000540                CMT_IRQHandler
                0x0000000000000540                DefaultISR
                0x0000000000000540                UART5_ERR_DriverIRQHandler
                0x0000000000000540                CMP1_IRQHandler
                0x0000000000000540                Reserved71_IRQHandler
                0x0000000000000540                PORTD_IRQHandler
                0x0000000000000540                PORTB_IRQHandler
                0x0000000000000540                UART2_ERR_DriverIRQHandler
                0x0000000000000540                ADC1_IRQHandler
                0x0000000000000540                PIT2_IRQHandler
                0x0000000000000540                RTC_IRQHandler
                0x0000000000000540                UART3_ERR_DriverIRQHandler
                0x0000000000000540                PDB0_IRQHandler
                0x0000000000000540                FTM1_IRQHandler
                0x0000000000000540                PIT3_IRQHandler
                0x0000000000000540                RTC_Seconds_IRQHandler
                0x0000000000000540                MCG_IRQHandler
                0x0000000000000540                FTFE_IRQHandler
                0x0000000000000540                UART0_ERR_DriverIRQHandler
                0x0000000000000540                Read_Collision_IRQHandler
                0x0000000000000540                USBDCD_IRQHandler
                0x0000000000000540                I2S0_Rx_DriverIRQHandler
                0x0000000000000540                USB0_IRQHandler
                0x0000000000000540                UART4_ERR_DriverIRQHandler
                0x0000000000000540                WDOG_EWM_IRQHandler
                0x0000000000000540                MemManage_Handler
                0x0000000000000540                UART0_LON_DriverIRQHandler
                0x0000000000000540                RNG_IRQHandler
                0x0000000000000540                I2C1_DriverIRQHandler
                0x0000000000000540                ENET_Receive_DriverIRQHandler
                0x0000000000000540                DAC0_IRQHandler
                0x0000000000000540                ENET_Error_DriverIRQHandler
                0x0000000000000540                PIT1_IRQHandler
                0x0000000000000540                LVD_LVW_IRQHandler
                0x0000000000000540                FTM0_IRQHandler
                0x0000000000000540                PORTA_IRQHandler
                0x0000000000000540                DAC1_IRQHandler
                0x0000000000000540                MCM_IRQHandler
                0x0000000000000540                CAN0_DriverIRQHandler
                0x0000000000000540                FTM3_IRQHandler
                0x0000000000000540                PORTE_IRQHandler
                0x0000000000000540                FTM2_IRQHandler
                0x0000000000000540                LPTMR0_IRQHandler
                0x0000000000000540                BusFault_Handler
                0x0000000000000540                UART1_ERR_DriverIRQHandler
                0x0000000000000540                ENET_Transmit_DriverIRQHandler
                0x0000000000000540                I2C0_DriverIRQHandler
                0x0000000000000540                CMP0_IRQHandler
                0x0000000000000540                PORTC_IRQHandler
                0x0000000000000544                NMI_Handler
                0x0000000000000548                HardFault_Handler
                0x000000000000054c                SVC_Handler
                0x0000000000000550                PendSV_Handler
                0x0000000000000554                SysTick_Handler
                0x0000000000000558                DMA0_IRQHandler
                0x000000000000055c                DMA1_IRQHandler
                0x0000000000000560                DMA2_IRQHandler
                0x0000000000000564                DMA3_IRQHandler
                0x0000000000000568                DMA4_IRQHandler
                0x000000000000056c                DMA5_IRQHandler
                0x0000000000000570                DMA6_IRQHandler
                0x0000000000000574                DMA7_IRQHandler
                0x0000000000000578                DMA8_IRQHandler
                0x000000000000057c                DMA9_IRQHandler
                0x0000000000000580                DMA10_IRQHandler
                0x0000000000000584                DMA11_IRQHandler
                0x0000000000000588                DMA12_IRQHandler
                0x000000000000058c                DMA13_IRQHandler
                0x0000000000000590                DMA14_IRQHandler
                0x0000000000000594                DMA15_IRQHandler
                0x0000000000000598                DMA_Error_IRQHandler
                0x000000000000059c                I2C0_IRQHandler
                0x00000000000005a0                I2C1_IRQHandler
                0x00000000000005a4                SPI0_IRQHandler
                0x00000000000005a8                SPI1_IRQHandler
                0x00000000000005ac                I2S0_Tx_IRQHandler
                0x00000000000005b0                I2S0_Rx_IRQHandler
                0x00000000000005b4                UART0_LON_IRQHandler
                0x00000000000005b8                UART0_RX_TX_IRQHandler
                0x00000000000005bc                UART0_ERR_IRQHandler
                0x00000000000005c0                UART1_RX_TX_IRQHandler
                0x00000000000005c4                UART1_ERR_IRQHandler
                0x00000000000005c8                UART2_RX_TX_IRQHandler
                0x00000000000005cc                UART2_ERR_IRQHandler
                0x00000000000005d0                UART3_RX_TX_IRQHandler
                0x00000000000005d4                UART3_ERR_IRQHandler
                0x00000000000005d8                SPI2_IRQHandler
                0x00000000000005dc                UART4_RX_TX_IRQHandler
                0x00000000000005e0                UART4_ERR_IRQHandler
                0x00000000000005e4                UART5_RX_TX_IRQHandler
                0x00000000000005e8                UART5_ERR_IRQHandler
                0x00000000000005ec                I2C2_IRQHandler
                0x00000000000005f0                CAN0_ORed_Message_buffer_IRQHandler
                0x00000000000005f4                CAN0_Bus_Off_IRQHandler
                0x00000000000005f8                CAN0_Error_IRQHandler
                0x00000000000005fc                CAN0_Tx_Warning_IRQHandler
                0x0000000000000600                CAN0_Rx_Warning_IRQHandler
                0x0000000000000604                CAN0_Wake_Up_IRQHandler
                0x0000000000000608                SDHC_IRQHandler
                0x000000000000060c                ENET_1588_Timer_IRQHandler
                0x0000000000000610                ENET_Transmit_IRQHandler
                0x0000000000000614                ENET_Receive_IRQHandler
                0x0000000000000618                ENET_Error_IRQHandler
 .text          0x00000000000006e0      0x378 /usr/local/mcuxpressoide-11.6.1_8255/ide/plugins/com.nxp.mcuxpresso.tools.linux_11.6.1.202207200623/tools/bin/../lib/gcc/arm-none-eabi/10.3.1/thumb/v7e-m+fp/softfp/libgcc.a(_arm_addsubdf3.o)
                0x00000000000006e0                __aeabi_drsub
                0x00000000000006e8                __aeabi_dsub
                0x00000000000006e8                __subdf3
                0x00000000000006ec                __adddf3
                0x00000000000006ec                __aeabi_dadd
                0x0000000000000964                __aeabi_ui2d
                0x0000000000000964                __floatunsidf
                0x0000000000000984                __floatsidf
                0x0000000000000984                __aeabi_i2d
                0x00000000000009a8                __extendsfdf2
                0x00000000000009a8                __aeabi_f2d
                0x00000000000009ec                __aeabi_ul2d
                0x00000000000009ec                __floatundidf
                0x00000000000009fc                __floatdidf
                0x00000000000009fc                __aeabi_l2d
 .text          0x0000000000000a58      0x424 /usr/local/mcuxpressoide-11.6.1_8255/ide/plugins/com.nxp.mcuxpresso.tools.linux_11.6.1.202207200623/tools/bin/../lib/gcc/arm-none-eabi/10.3.1/thumb/v7e-m+fp/softfp/libgcc.a(_arm_muldivdf3.o)
                0x0000000000000a58                __aeabi_dmul
                0x0000000000000a58                __muldf3
                0x0000000000000cac                __aeabi_ddiv
                0x0000000000000cac                __divdf3
 .text          0x0000000000000e7c       0x50 /usr/local/mcuxpressoide-11.6.1_8255/ide/plugins/com.nxp.mcuxpresso.tools.linux_11.6.1.202207200623/tools/bin/../lib/gcc/arm-none-eabi/10.3.1/thumb/v7e-m+fp/softfp/libgcc.a(_arm_fixdfsi.o)
                0x0000000000000e7c                __fixdfsi
                0x0000000000000e7c                __aeabi_d2iz
 .text          0x0000000000000ecc       0x30 /usr/local/mcuxpressoide-11.6.1_8255/ide/plugins/com.nxp.mcuxpresso.tools.linux_11.6.1.202207200623/tools/bin/../lib/gcc/arm-none-eabi/10.3.1/thumb/v7e-m+fp/softfp/libgcc.a(_aeabi_uldivmod.o)
                0x0000000000000ecc                __aeabi_uldivmod
 .text          0x0000000000000efc      0x2d0 /usr/local/mcuxpressoide-11.6.1_8255/ide/plugins/com.nxp.mcuxpresso.tools.linux_11.6.1.202207200623/tools/bin/../lib/gcc/arm-none-eabi/10.3.1/thumb/v7e-m+fp/softfp/libgcc.a(_udivmoddi4.o)
                0x0000000000000efc                __udivmoddi4
 .text          0x00000000000011cc        0x4 /usr/local/mcuxpressoide-11.6.1_8255/ide/plugins/com.nxp.mcuxpresso.tools.linux_11.6.1.202207200623/tools/bin/../lib/gcc/arm-none-eabi/10.3.1/thumb/v7e-m+fp/softfp/libgcc.a(_dvmd_tls.o)
                0x00000000000011cc                __aeabi_ldiv0
                0x00000000000011cc                __aeabi_idiv0
 .text          0x00000000000011d0      0x134 /usr/local/mcuxpressoide-11.6.1_8255/ide/plugins/com.nxp.mcuxpresso.tools.linux_11.6.1.202207200623/tools/bin/../lib/gcc/arm-none-eabi/10.3.1/../../../../arm-none-eabi/lib/thumb/v7e-m+fp/softfp/libc.a(lib_a-memcpy.o)
                0x00000000000011d0                memcpy
 *fill*         0x0000000000001304       0x3c 
 .text          0x0000000000001340       0xdc /usr/local/mcuxpressoide-11.6.1_8255/ide/plugins/com.nxp.mcuxpresso.tools.linux_11.6.1.202207200623/tools/bin/../lib/gcc/arm-none-eabi/10.3.1/../../../../arm-none-eabi/lib/thumb/v7e-m+fp/softfp/libc.a(lib_a-strlen.o)
                0x0000000000001340                strlen
 *fill*         0x000000000000141c        0x4 
 .text          0x0000000000001420       0xa0 /usr/local/mcuxpressoide-11.6.1_8255/ide/plugins/com.nxp.mcuxpresso.tools.linux_11.6.1.202207200623/tools/bin/../lib/gcc/arm-none-eabi/10.3.1/../../../../arm-none-eabi/lib/thumb/v7e-m+fp/softfp/libc.a(lib_a-memchr.o)
                0x0000000000001420                memchr
 *(.text*)
 .text._ZN4mbed12DigitalInOutC2E7PinName12PinDirection7PinModei
                0x00000000000014c0       0x3e ./i2c-lib.o
                0x00000000000014c0                mbed::DigitalInOut::DigitalInOut(PinName, PinDirection, PinMode, int)
                0x00000000000014c0                mbed::DigitalInOut::DigitalInOut(PinName, PinDirection, PinMode, int)
 .text._ZN4mbed12DigitalInOut5writeEi
                0x00000000000014fe       0x1a ./i2c-lib.o
                0x00000000000014fe                mbed::DigitalInOut::write(int)
 .text._ZN4mbed12DigitalInOut4readEv
                0x0000000000001518       0x18 ./i2c-lib.o
                0x0000000000001518                mbed::DigitalInOut::read()
 .text._ZN4mbed12DigitalInOutaSEi
                0x0000000000001530       0x1a ./i2c-lib.o
                0x0000000000001530                mbed::DigitalInOut::operator=(int)
 .text._ZN4mbed12DigitalInOutcviEv
                0x000000000000154a       0x16 ./i2c-lib.o
                0x000000000000154a                mbed::DigitalInOut::operator int()
 .text._Z10_i2c_delayv
                0x0000000000001560        0xc ./i2c-lib.o
                0x0000000000001560                _i2c_delay()
 .text._ZL8_i2c_sdah
                0x000000000000156c       0x30 ./i2c-lib.o
 .text._Z8_i2c_sclh
                0x000000000000159c       0x30 ./i2c-lib.o
                0x000000000000159c                _i2c_scl(unsigned char)
 .text._Z8i2c_initv
                0x00000000000015cc       0x44 ./i2c-lib.o
                0x00000000000015cc                i2c_init()
 .text._Z9i2c_startv
                0x0000000000001610       0x1e ./i2c-lib.o
                0x0000000000001610                i2c_start()
 .text._Z8i2c_stopv
                0x000000000000162e       0x1e ./i2c-lib.o
                0x000000000000162e                i2c_stop()
 .text._Z7i2c_ackv
                0x000000000000164c       0x1e ./i2c-lib.o
                0x000000000000164c                i2c_ack()
 .text._Z8i2c_nackv
                0x000000000000166a       0x1e ./i2c-lib.o
                0x000000000000166a                i2c_nack()
 .text._Z11i2c_get_ackv
                0x0000000000001688       0x40 ./i2c-lib.o
                0x0000000000001688                i2c_get_ack()
 .text._Z10i2c_outputh
                0x00000000000016c8       0x58 ./i2c-lib.o
                0x00000000000016c8                i2c_output(unsigned char)
 .text._Z9i2c_inputv
                0x0000000000001720       0x78 ./i2c-lib.o
                0x0000000000001720                i2c_input()
 .text._Z41__static_initialization_and_destruction_0ii
                0x0000000000001798       0x4c ./i2c-lib.o
 .text._GLOBAL__sub_I_g_sda
                0x00000000000017e4        0xe ./i2c-lib.o
 .text._ZnwjPv  0x00000000000017f2        0xe ./main-i2c.o
                0x00000000000017f2                operator new(unsigned int, void*)
 .text._ZNKSt6chrono8durationIxSt5ratioILx1ELx1000000EEE5countEv
                0x0000000000001800       0x12 ./main-i2c.o
                0x0000000000001800                std::chrono::duration<long long, std::ratio<1ll, 1000000ll> >::count() const
 .text._ZN4mbed6detail12CallbackBase7controlEv
                0x0000000000001812        0xe ./main-i2c.o
                0x0000000000001812                mbed::detail::CallbackBase::control()
 .text._ZN4mbed6detail12CallbackBase5clearEv
                0x0000000000001820       0x1a ./main-i2c.o
                0x0000000000001820                mbed::detail::CallbackBase::clear()
 .text._ZN4mbed9DigitalInC2E7PinName
                0x000000000000183a       0x22 ./main-i2c.o
                0x000000000000183a                mbed::DigitalIn::DigitalIn(PinName)
                0x000000000000183a                mbed::DigitalIn::DigitalIn(PinName)
 .text._ZN4mbed9DigitalInD2Ev
                0x000000000000185c       0x18 ./main-i2c.o
                0x000000000000185c                mbed::DigitalIn::~DigitalIn()
                0x000000000000185c                mbed::DigitalIn::~DigitalIn()
 .text._ZN4mbed9DigitalIn4readEv
                0x0000000000001874       0x18 ./main-i2c.o
                0x0000000000001874                mbed::DigitalIn::read()
 .text._ZN4mbed9DigitalIncviEv
                0x000000000000188c       0x16 ./main-i2c.o
                0x000000000000188c                mbed::DigitalIn::operator int()
 *fill*         0x00000000000018a2        0x2 
 .text._ZN4mbed10TickerBaseD2Ev
                0x00000000000018a4       0x28 ./main-i2c.o
                0x00000000000018a4                mbed::TickerBase::~TickerBase()
                0x00000000000018a4                mbed::TickerBase::~TickerBase()
 .text._ZN4mbed6TickerD2Ev
                0x00000000000018cc       0x24 ./main-i2c.o
                0x00000000000018cc                mbed::Ticker::~Ticker()
                0x00000000000018cc                mbed::Ticker::~Ticker()
 .text._ZN6ButtonC2E7PinName
                0x00000000000018f0       0x80 ./main-i2c.o
                0x00000000000018f0                Button::Button(PinName)
                0x00000000000018f0                Button::Button(PinName)
 .text._ZN6Button7run_pwmEv
                0x0000000000001970       0x50 ./main-i2c.o
                0x0000000000001970                Button::run_pwm()
 .text._ZN6Button10get_changeEv
                0x00000000000019c0       0x30 ./main-i2c.o
                0x00000000000019c0                Button::get_change()
 .text._ZN6ButtonD2Ev
                0x00000000000019f0       0x22 ./main-i2c.o
                0x00000000000019f0                Button::~Button()
                0x00000000000019f0                Button::~Button()
 .text._ZN8ExpanderC2Eh
                0x0000000000001a12       0x34 ./main-i2c.o
                0x0000000000001a12                Expander::Expander(unsigned char)
                0x0000000000001a12                Expander::Expander(unsigned char)
 .text._ZN8Expander13turn_on_countEh
                0x0000000000001a46       0x8e ./main-i2c.o
                0x0000000000001a46                Expander::turn_on_count(unsigned char)
 .text._ZN5RadioC2Ev
                0x0000000000001ad4       0x4c ./main-i2c.o
                0x0000000000001ad4                Radio::Radio()
                0x0000000000001ad4                Radio::Radio()
 .text._ZN5Radio11sendCommandEhh
                0x0000000000001b20       0x66 ./main-i2c.o
                0x0000000000001b20                Radio::sendCommand(unsigned char, unsigned char)
 .text._ZN5Radio11sendCommandEhhhh
                0x0000000000001b86       0xa2 ./main-i2c.o
                0x0000000000001b86                Radio::sendCommand(unsigned char, unsigned char, unsigned char, unsigned char)
 .text._ZN5Radio11sendCommandEhhhhhh
                0x0000000000001c28       0xd2 ./main-i2c.o
                0x0000000000001c28                Radio::sendCommand(unsigned char, unsigned char, unsigned char, unsigned char, unsigned char, unsigned char)
 *fill*         0x0000000000001cfa        0x2 
 .text._ZN5Radio4tuneEi
                0x0000000000001cfc       0x40 ./main-i2c.o
                0x0000000000001cfc                Radio::tune(int)
 .text._ZN5Radio10set_volumeEh
                0x0000000000001d3c       0x5c ./main-i2c.o
                0x0000000000001d3c                Radio::set_volume(unsigned char)
 .text._ZN5Radio9volume_upEv
                0x0000000000001d98       0x30 ./main-i2c.o
                0x0000000000001d98                Radio::volume_up()
 .text._ZN5Radio11volume_downEv
                0x0000000000001dc8       0x30 ./main-i2c.o
                0x0000000000001dc8                Radio::volume_down()
 .text._ZN5Radio10get_volumeEv
                0x0000000000001df8        0xe ./main-i2c.o
                0x0000000000001df8                Radio::get_volume()
 *fill*         0x0000000000001e06        0x2 
 .text._ZN5Radio10get_signalEv
                0x0000000000001e08      0x134 ./main-i2c.o
                0x0000000000001e08                Radio::get_signal()
 .text._ZN5Radio14get_tuned_dataEv
                0x0000000000001f3c      0x120 ./main-i2c.o
                0x0000000000001f3c                Radio::get_tuned_data()
 .text._ZN5Radio19get_signal_strengthEv
                0x000000000000205c        0xe ./main-i2c.o
                0x000000000000205c                Radio::get_signal_strength()
 .text._ZN5Radio12get_freqencyEv
                0x000000000000206a        0xe ./main-i2c.o
                0x000000000000206a                Radio::get_freqency()
 .text._ZN5Radio12seek_stationEv
                0x0000000000002078       0x40 ./main-i2c.o
                0x0000000000002078                Radio::seek_station()
 .text._Z4loopv
                0x00000000000020b8      0x274 ./main-i2c.o
                0x00000000000020b8                loop()
 .text.main     0x000000000000232c       0x78 ./main-i2c.o
                0x000000000000232c                main
 .text._ZSt4moveIRPFvvEEONSt16remove_referenceIT_E4typeEOS4_
                0x00000000000023a4        0xc ./main-i2c.o
                0x00000000000023a4                std::remove_reference<void (*&)()>::type&& std::move<void (*&)()>(void (*&)())
 .text._ZN4mbed8callbackI6ButtonS1_vJEEENS_8CallbackIFT1_DpT2_EEEPT0_MT_FS3_S5_E
                0x00000000000023b0       0x22 ./main-i2c.o
                0x00000000000023b0                mbed::Callback<void ()> mbed::callback<Button, Button, void>(Button*, void (Button::*)())
 .text._ZNSt6chrono8durationIxSt5ratioILx1ELx1000000EEEC2IxS1_ILx1ELx1000EEvEERKNS0_IT_T0_EE
                0x00000000000023d2       0x2e ./main-i2c.o
                0x00000000000023d2                std::chrono::duration<long long, std::ratio<1ll, 1000000ll> >::duration<long long, std::ratio<1ll, 1000ll>, void>(std::chrono::duration<long long, std::ratio<1ll, 1000ll> > const&)
                0x00000000000023d2                std::chrono::duration<long long, std::ratio<1ll, 1000000ll> >::duration<long long, std::ratio<1ll, 1000ll>, void>(std::chrono::duration<long long, std::ratio<1ll, 1000ll> > const&)
 .text._ZN4mbed8CallbackIFvvEEC2IPS1_Li0EEET_
                0x0000000000002400       0x34 ./main-i2c.o
                0x0000000000002400                mbed::Callback<void ()>::Callback<void (*)(), 0>(void (*)())
                0x0000000000002400                mbed::Callback<void ()>::Callback<void (*)(), 0>(void (*)())
 .text._ZNKSt6chrono8durationIxSt5ratioILx1ELx1000EEE5countEv
                0x0000000000002434       0x12 ./main-i2c.o
                0x0000000000002434                std::chrono::duration<long long, std::ratio<1ll, 1000ll> >::count() const
 .text._ZZN4mbed8CallbackIFvvEEC4IP6ButtonMS4_FvvELi0EEET_T0_ENKUlvE_clEv
                0x0000000000002446       0x1c ./main-i2c.o
                0x0000000000002446                mbed::Callback<void ()>::Callback<Button*, void (Button::*)(), 0>(Button*, void (Button::*)())::{lambda()#1}::operator()() const
 .text._ZN4mbed8CallbackIFvvEEC2IP6ButtonMS4_FvvELi0EEET_T0_
                0x0000000000002462       0x32 ./main-i2c.o
                0x0000000000002462                mbed::Callback<void ()>::Callback<Button*, void (Button::*)(), 0>(Button*, void (Button::*)())
                0x0000000000002462                mbed::Callback<void ()>::Callback<Button*, void (Button::*)(), 0>(Button*, void (Button::*)())
 .text._ZNSt6chrono13duration_castINS_8durationIxSt5ratioILx1ELx1000000EEEExS2_ILx1ELx1000EEEENSt9enable_ifIXsrNS_13__is_durationIT_EE5valueES8_E4typeERKNS1_IT0_T1_EE
                0x0000000000002494       0x1c ./main-i2c.o
                0x0000000000002494                std::enable_if<std::chrono::__is_duration<std::chrono::duration<long long, std::ratio<1ll, 1000000ll> > >::value, std::chrono::duration<long long, std::ratio<1ll, 1000000ll> > >::type std::chrono::duration_cast<std::chrono::duration<long long, std::ratio<1ll, 1000000ll> >, long long, std::ratio<1ll, 1000ll> >(std::chrono::duration<long long, std::ratio<1ll, 1000ll> > const&)
 .text._ZN4mbed8CallbackIFvvEE8generateIPS1_vEEvOT_
                0x00000000000024b0       0x40 ./main-i2c.o
                0x00000000000024b0                void mbed::Callback<void ()>::generate<void (*)(), void>(void (*&&)())
 .text._ZNSt6chrono8durationIxSt5ratioILx1ELx1000000EEEC2IxvEERKT_
                0x00000000000024f0       0x1a ./main-i2c.o
                0x00000000000024f0                std::chrono::duration<long long, std::ratio<1ll, 1000000ll> >::duration<long long, void>(long long const&)
                0x00000000000024f0                std::chrono::duration<long long, std::ratio<1ll, 1000000ll> >::duration<long long, void>(long long const&)
 .text._ZN4mbed6detail8invoke_rIvRKM6ButtonFvvEJRKPS2_ELi0EEET_OT0_DpOT1_
                0x000000000000250a       0x26 ./main-i2c.o
                0x000000000000250a                void mbed::detail::invoke_r<void, void (Button::* const&)(), Button* const&, 0>(void (Button::* const&)(), Button* const&)
 .text._ZN4mbed8CallbackIFvvEE8generateIZNS2_C4IP6ButtonMS5_FvvELi0EEET_T0_EUlvE_vEEvOS9_
                0x0000000000002530       0x34 ./main-i2c.o
                0x0000000000002530                void mbed::Callback<void ()>::generate<mbed::Callback<void ()>::generate<Button*, void (Button::*)(), 0>(Button*, void (Button::*)())::{lambda()#1}, void>(mbed::Callback<void ()>::generate<Button*, void (Button::*)(), 0>(Button*, void (Button::*)())::{lambda()#1}&&)
 .text._ZNSt6chrono20__duration_cast_implINS_8durationIxSt5ratioILx1ELx1000000EEEES2_ILx1000ELx1EExLb0ELb1EE6__castIxS2_ILx1ELx1000EEEES4_RKNS1_IT_T0_EE
                0x0000000000002564       0x7a ./main-i2c.o
                0x0000000000002564                std::chrono::duration<long long, std::ratio<1ll, 1000000ll> > std::chrono::__duration_cast_impl<std::chrono::duration<long long, std::ratio<1ll, 1000000ll> >, std::ratio<1000ll, 1ll>, long long, false, true>::__cast<long long, std::ratio<1ll, 1000ll> >(std::chrono::duration<long long, std::ratio<1ll, 1000ll> > const&)
 .text._ZN4mbed8CallbackIFvvEE11target_callIPS1_EEvPKNS_6detail12CallbackBaseE
                0x00000000000025de       0x18 ./main-i2c.o
                0x00000000000025de                void mbed::Callback<void ()>::target_call<void (*)()>(mbed::detail::CallbackBase const*)
 .text._ZSt7forwardIRKM6ButtonFvvEEOT_RNSt16remove_referenceIS5_E4typeE
                0x00000000000025f6        0xc ./main-i2c.o
                0x00000000000025f6                void (Button::* const&std::forward<void (Button::* const&)()>(std::remove_reference<void (Button::* const&)()>::type&))()
 .text._ZSt7forwardIRKP6ButtonEOT_RNSt16remove_referenceIS4_E4typeE
                0x0000000000002602        0xc ./main-i2c.o
                0x0000000000002602                Button* const& std::forward<Button* const&>(std::remove_reference<Button* const&>::type&)
 .text._ZN4mstd6invokeIRKM6ButtonFvvEJRKPS1_EEENS_13invoke_resultIT_JDpT0_EE4typeEOSA_DpOSB_
                0x000000000000260e       0x28 ./main-i2c.o
                0x000000000000260e                mstd::invoke_result<void (Button::* const&)(), Button* const&>::type mstd::invoke<void (Button::* const&)(), Button* const&>(void (Button::* const&)(), Button* const&)
 .text._ZN4mbed8CallbackIFvvEE11target_callIZNS2_C4IP6ButtonMS5_FvvELi0EEET_T0_EUlvE_EEvPKNS_6detail12CallbackBaseE
                0x0000000000002636       0x18 ./main-i2c.o
                0x0000000000002636                void mbed::Callback<void ()>::target_call<mbed::Callback<void ()>::target_call<Button*, void (Button::*)(), 0>(Button*, void (Button::*)())::{lambda()#1}>(mbed::detail::CallbackBase const*)
 .text._ZSt4moveIRZN4mbed8CallbackIFvvEEC4IP6ButtonMS5_FvvELi0EEET_T0_EUlvE_EONSt16remove_referenceIS9_E4typeEOS9_
                0x000000000000264e        0xc ./main-i2c.o
                0x000000000000264e                std::remove_reference<mbed::Callback<void ()>::Callback<Button*, void (Button::*)(), 0>(Button*, void (Button::*)())::{lambda()#1}&>::type&& std::move<mbed::Callback<void ()>::Callback<Button*, void (Button::*)(), 0>(Button*, void (Button::*)())::{lambda()#1}&>(mbed::Callback<void ()>::Callback<Button*, void (Button::*)(), 0>(Button*, void (Button::*)())::{lambda()#1}&)
 .text._ZN4mbed6detail8invoke_rIvRPFvvEJELi0EEET_OT0_DpOT1_
                0x000000000000265a       0x1c ./main-i2c.o
                0x000000000000265a                void mbed::detail::invoke_r<void, void (*&)(), , 0>(void (*&)())
 .text._ZN4mstd4impl6INVOKEI6ButtonFvvERKPS2_JEEENSt9enable_ifIXaaaasrSt11is_functionIT0_E5valuentsrSt10is_base_ofIT_NSt5decayIT1_E4typeEE5valuentsrNS0_20is_reference_wrapperISG_EE5valueEDTcldsdecl7forwardISE_Efp0_Efp_spcl7forwardIT2_Efp1_EEEE4typeEMSC_S9_OSE_DpOSK_
                0x0000000000002676       0x44 ./main-i2c.o
                0x0000000000002676                std::enable_if<(std::is_function<void ()>::value&&(!std::is_base_of<Button, std::decay<Button* const&>::type>::value))&&(!mstd::impl::is_reference_wrapper<std::decay<Button* const&>::type>::value), decltype (((*((forward<Button* const&>)({parm#2}))).*{parm#1})())>::type mstd::impl::INVOKE<Button, void (), Button* const&>(void (Button::*)(), Button* const&)
 .text._ZN4mbed6detail8invoke_rIvRZNS_8CallbackIFvvEEC4IP6ButtonMS6_FvvELi0EEET_T0_EUlvE_JELi0EEESA_OSB_DpOT1_
                0x00000000000026ba       0x1c ./main-i2c.o
                0x00000000000026ba                void mbed::detail::invoke_r<void, mbed::Callback<void ()>::Callback<Button*, void (Button::*)(), 0>(Button*, void (Button::*)())::{lambda()#1}&, , 0>(mbed::Callback<void ()>::Callback<Button*, void (Button::*)(), 0>(Button*, void (Button::*)())::{lambda()#1}&)
 .text._ZSt7forwardIRPFvvEEOT_RNSt16remove_referenceIS3_E4typeE
                0x00000000000026d6        0xc ./main-i2c.o
                0x00000000000026d6                void (*&std::forward<void (*&)()>(std::remove_reference<void (*&)()>::type&))()
 .text._ZN4mstd6invokeIRPFvvEJEEENS_13invoke_resultIT_JDpT0_EE4typeEOS5_DpOS6_
                0x00000000000026e2       0x1c ./main-i2c.o
                0x00000000000026e2                mstd::invoke_result<void (*&)()>::type mstd::invoke<void (*&)()>(void (*&)())
 .text._ZSt7forwardIRZN4mbed8CallbackIFvvEEC4IP6ButtonMS5_FvvELi0EEET_T0_EUlvE_EOS9_RNSt16remove_referenceIS9_E4typeE
                0x00000000000026fe        0xc ./main-i2c.o
                0x00000000000026fe                mbed::Callback<void ()>::Callback<Button*, void (Button::*)(), 0>(Button*, void (Button::*)())::{lambda()#1}& std::forward<mbed::Callback<void ()>::Callback<Button*, void (Button::*)(), 0>(Button*, void (Button::*)())::{lambda()#1}&>(std::remove_reference<mbed::Callback<void ()>::Callback<Button*, void (Button::*)(), 0>(Button*, void (Button::*)())::{lambda()#1}&>::type&)
 .text._ZN4mstd6invokeIRZN4mbed8CallbackIFvvEEC4IP6ButtonMS6_FvvELi0EEET_T0_EUlvE_JEEENS_13invoke_resultISA_JDpT0_EE4typeEOSA_DpOSF_
                0x000000000000270a       0x1c ./main-i2c.o
                0x000000000000270a                mstd::invoke_result<mbed::Callback<void ()>::Callback<Button*, void (Button::*)(), 0>(Button*, void (Button::*)())::{lambda()#1}&>::type mstd::invoke<mbed::Callback<void ()>::Callback<Button*, void (Button::*)(), 0>(Button*, void (Button::*)())::{lambda()#1}&>(mbed::Callback<void ()>::Callback<Button*, void (Button::*)(), 0>(Button*, void (Button::*)())::{lambda()#1}&)
 .text._ZN4mstd4impl6INVOKEIRPFvvEJEEENSt9enable_ifIXoontsrSt17is_member_pointerINSt5decayIT_E4typeEE5valueaasrSt24is_member_object_pointerISA_E5valuenesZfp0_Li1EEDTclcl7forwardIS8_Efp_Espcl7forwardIT0_Efp0_EEEE4typeEOS8_DpOSE_
                0x0000000000002726       0x1a ./main-i2c.o
                0x0000000000002726                std::enable_if<(!std::is_member_pointer<std::decay<void (*&)()>::type>::value)||(std::is_member_object_pointer<std::decay<void (*&)()>::type>::value&&((0)!=(1))), decltype (((forward<void (*&)()>)({parm#1}))())>::type mstd::impl::INVOKE<void (*&)()>(void (*&)())
 .text._ZN4mstd4impl6INVOKEIRZN4mbed8CallbackIFvvEEC4IP6ButtonMS7_FvvELi0EEET_T0_EUlvE_JEEENSt9enable_ifIXoontsrSt17is_member_pointerINSt5decayISB_E4typeEE5valueaasrSt24is_member_object_pointerISJ_E5valuenesZfp0_Li1EEDTclcl7forwardISB_Efp_Espcl7forwardIT0_Efp0_EEEE4typeEOSB_DpOSN_
                0x0000000000002740       0x1c ./main-i2c.o
                0x0000000000002740                std::enable_if<(!std::is_member_pointer<std::decay<mbed::Callback<void ()>::Callback<Button*, void (Button::*)(), 0>(Button*, void (Button::*)())::{lambda()#1}&>::type>::value)||(std::is_member_object_pointer<std::decay<mbed::Callback<void ()>::Callback<Button*, void (Button::*)(), 0>(Button*, void (Button::*)())::{lambda()#1}&>::type>::value&&((0)!=(1))), decltype (((forward<mbed::Callback<void ()>::Callback<Button*, void (Button::*)(), 0>(Button*, void (Button::*)())::{lambda()#1}&>)({parm#1}))())>::type mstd::impl::INVOKE<mbed::Callback<void ()>::Callback<Button*, void (Button::*)(), 0>(Button*, void (Button::*)())::{lambda()#1}&>(mbed::Callback<void ()>::Callback<Button*, void (Button::*)(), 0>(Button*, void (Button::*)())::{lambda()#1}&)
 .text.__tcf_0  0x000000000000275c       0x24 ./main-i2c.o
 .text._Z41__static_initialization_and_destruction_0ii
                0x0000000000002780       0x7c ./main-i2c.o
 .text._GLOBAL__sub_I_buttons
                0x00000000000027fc        0xe ./main-i2c.o
 .text._ZL8fm_printPKc
                0x000000000000280a        0xa ./si4735-lib.o
 .text._ZL8fm_checkc
                0x0000000000002814       0x34 ./si4735-lib.o
 .text._Z11si4735_initv
                0x0000000000002848      0x698 ./si4735-lib.o
                0x0000000000002848                si4735_init()
 .text._ZN4mbed12DigitalInOut6outputEv
                0x0000000000002ee0       0x1a /home/fei/min0150/Projects/VSB/APPS/apps-workspace.mcu/i2c/mbed-os/lib/libmbed-os.a(DigitalInOut.o)
                0x0000000000002ee0                mbed::DigitalInOut::output()
 .text._ZN4mbed12DigitalInOut5inputEv
                0x0000000000002efa       0x1a /home/fei/min0150/Projects/VSB/APPS/apps-workspace.mcu/i2c/mbed-os/lib/libmbed-os.a(DigitalInOut.o)
                0x0000000000002efa                mbed::DigitalInOut::input()
 .text._ZN4mbed12DigitalInOut4modeE7PinMode
                0x0000000000002f14       0x1c /home/fei/min0150/Projects/VSB/APPS/apps-workspace.mcu/i2c/mbed-os/lib/libmbed-os.a(DigitalInOut.o)
                0x0000000000002f14                mbed::DigitalInOut::mode(PinMode)
 .text._ZN4mbed10TickerBase7handlerEv
                0x0000000000002f30       0x26 /home/fei/min0150/Projects/VSB/APPS/apps-workspace.mcu/i2c/mbed-os/lib/libmbed-os.a(Ticker.o)
                0x0000000000002f30                mbed::TickerBase::handler()
 *fill*         0x0000000000002f56        0x2 
 .text._ZN4mbed10TickerBaseC2EPK13ticker_data_tb
                0x0000000000002f58       0x28 /home/fei/min0150/Projects/VSB/APPS/apps-workspace.mcu/i2c/mbed-os/lib/libmbed-os.a(Ticker.o)
                0x0000000000002f58                mbed::TickerBase::TickerBase(ticker_data_t const*, bool)
                0x0000000000002f58                mbed::TickerBase::TickerBase(ticker_data_t const*, bool)
 .text._ZN4mbed10TickerBase6detachEv
                0x0000000000002f80       0x2c /home/fei/min0150/Projects/VSB/APPS/apps-workspace.mcu/i2c/mbed-os/lib/libmbed-os.a(Ticker.o)
                0x0000000000002f80                mbed::TickerBase::detach()
 .text._ZN4mbed10TickerBase5setupENSt6chrono8durationIxSt5ratioILx1ELx1000000EEEE
                0x0000000000002fac       0x26 /home/fei/min0150/Projects/VSB/APPS/apps-workspace.mcu/i2c/mbed-os/lib/libmbed-os.a(Ticker.o)
                0x0000000000002fac                mbed::TickerBase::setup(std::chrono::duration<long long, std::ratio<1ll, 1000000ll> >)
 .text._ZN4mbed10TickerBase6attachENS_8CallbackIFvvEEENSt6chrono8durationIxSt5ratioILx1ELx1000000EEEE
                0x0000000000002fd2       0x46 /home/fei/min0150/Projects/VSB/APPS/apps-workspace.mcu/i2c/mbed-os/lib/libmbed-os.a(Ticker.o)
                0x0000000000002fd2                mbed::TickerBase::attach(mbed::Callback<void ()>, std::chrono::duration<long long, std::ratio<1ll, 1000000ll> >)
 .text._ZN4mbed6TickerC2Ev
                0x0000000000003018       0x20 /home/fei/min0150/Projects/VSB/APPS/apps-workspace.mcu/i2c/mbed-os/lib/libmbed-os.a(Ticker.o)
                0x0000000000003018                mbed::Ticker::Ticker()
                0x0000000000003018                mbed::Ticker::Ticker()
 .text._ZN4mbed10TimerEvent3irqEm
                0x0000000000003038        0x6 /home/fei/min0150/Projects/VSB/APPS/apps-workspace.mcu/i2c/mbed-os/lib/libmbed-os.a(TimerEvent.o)
                0x0000000000003038                mbed::TimerEvent::irq(unsigned long)
 *fill*         0x000000000000303e        0x2 
 .text._ZN4mbed10TimerEventC2EPK13ticker_data_t
                0x0000000000003040       0x2c /home/fei/min0150/Projects/VSB/APPS/apps-workspace.mcu/i2c/mbed-os/lib/libmbed-os.a(TimerEvent.o)
                0x0000000000003040                mbed::TimerEvent::TimerEvent(ticker_data_t const*)
                0x0000000000003040                mbed::TimerEvent::TimerEvent(ticker_data_t const*)
 .text._ZN4mbed10TimerEvent15insert_absoluteENSt6chrono10time_pointINS_15TickerDataClockENS1_8durationIxSt5ratioILx1ELx1000000EEEEEE
                0x000000000000306c       0x14 /home/fei/min0150/Projects/VSB/APPS/apps-workspace.mcu/i2c/mbed-os/lib/libmbed-os.a(TimerEvent.o)
                0x000000000000306c                mbed::TimerEvent::insert_absolute(std::chrono::time_point<mbed::TickerDataClock, std::chrono::duration<long long, std::ratio<1ll, 1000000ll> > >)
 .text._ZN4mbed10TimerEvent6removeEv
                0x0000000000003080        0xa /home/fei/min0150/Projects/VSB/APPS/apps-workspace.mcu/i2c/mbed-os/lib/libmbed-os.a(TimerEvent.o)
                0x0000000000003080                mbed::TimerEvent::remove()
 *fill*         0x000000000000308a        0x2 
 .text._ZN4mbed10TimerEventD2Ev
                0x000000000000308c       0x14 /home/fei/min0150/Projects/VSB/APPS/apps-workspace.mcu/i2c/mbed-os/lib/libmbed-os.a(TimerEvent.o)
                0x000000000000308c                mbed::TimerEvent::~TimerEvent()
                0x000000000000308c                mbed::TimerEvent::~TimerEvent()
 .text.gpio_free
                0x00000000000030a0        0x2 /home/fei/min0150/Projects/VSB/APPS/apps-workspace.mcu/i2c/mbed-os/lib/libmbed-os.a(mbed_compat.o)
                0x00000000000030a0                gpio_free
 .text._gpio_init_in
                0x00000000000030a2       0x26 /home/fei/min0150/Projects/VSB/APPS/apps-workspace.mcu/i2c/mbed-os/lib/libmbed-os.a(mbed_gpio.o)
 .text.gpio_init_in
                0x00000000000030c8        0x6 /home/fei/min0150/Projects/VSB/APPS/apps-workspace.mcu/i2c/mbed-os/lib/libmbed-os.a(mbed_gpio.o)
                0x00000000000030c8                gpio_init_in
 .text.gpio_init_out_ex
                0x00000000000030ce       0x2e /home/fei/min0150/Projects/VSB/APPS/apps-workspace.mcu/i2c/mbed-os/lib/libmbed-os.a(mbed_gpio.o)
                0x00000000000030ce                gpio_init_out_ex
 .text.gpio_init_out
                0x00000000000030fc        0x6 /home/fei/min0150/Projects/VSB/APPS/apps-workspace.mcu/i2c/mbed-os/lib/libmbed-os.a(mbed_gpio.o)
                0x00000000000030fc                gpio_init_out
 .text.gpio_init_inout
                0x0000000000003102       0x48 /home/fei/min0150/Projects/VSB/APPS/apps-workspace.mcu/i2c/mbed-os/lib/libmbed-os.a(mbed_gpio.o)
                0x0000000000003102                gpio_init_inout
 .text.update_present_time
                0x000000000000314a       0x8c /home/fei/min0150/Projects/VSB/APPS/apps-workspace.mcu/i2c/mbed-os/lib/libmbed-os.a(mbed_ticker_api.o)
 .text._ticker_match_interval_passed
                0x00000000000031d6       0x28 /home/fei/min0150/Projects/VSB/APPS/apps-workspace.mcu/i2c/mbed-os/lib/libmbed-os.a(mbed_ticker_api.o)
                0x00000000000031d6                _ticker_match_interval_passed
 *fill*         0x00000000000031fe        0x2 
 .text.schedule_interrupt
                0x0000000000003200      0x104 /home/fei/min0150/Projects/VSB/APPS/apps-workspace.mcu/i2c/mbed-os/lib/libmbed-os.a(mbed_ticker_api.o)
 .text.initialize
                0x0000000000003304      0x128 /home/fei/min0150/Projects/VSB/APPS/apps-workspace.mcu/i2c/mbed-os/lib/libmbed-os.a(mbed_ticker_api.o)
 .text.insert_event
                0x000000000000342c       0x4c /home/fei/min0150/Projects/VSB/APPS/apps-workspace.mcu/i2c/mbed-os/lib/libmbed-os.a(mbed_ticker_api.o)
 .text.ticker_set_handler
                0x0000000000003478       0x1a /home/fei/min0150/Projects/VSB/APPS/apps-workspace.mcu/i2c/mbed-os/lib/libmbed-os.a(mbed_ticker_api.o)
                0x0000000000003478                ticker_set_handler
 .text.ticker_irq_handler
                0x0000000000003492       0x62 /home/fei/min0150/Projects/VSB/APPS/apps-workspace.mcu/i2c/mbed-os/lib/libmbed-os.a(mbed_ticker_api.o)
                0x0000000000003492                ticker_irq_handler
 .text.ticker_insert_event_us
                0x00000000000034f4       0x30 /home/fei/min0150/Projects/VSB/APPS/apps-workspace.mcu/i2c/mbed-os/lib/libmbed-os.a(mbed_ticker_api.o)
                0x00000000000034f4                ticker_insert_event_us
 .text.ticker_remove_event
                0x0000000000003524       0x36 /home/fei/min0150/Projects/VSB/APPS/apps-workspace.mcu/i2c/mbed-os/lib/libmbed-os.a(mbed_ticker_api.o)
                0x0000000000003524                ticker_remove_event
 .text.ticker_read_us
                0x000000000000355a       0x22 /home/fei/min0150/Projects/VSB/APPS/apps-workspace.mcu/i2c/mbed-os/lib/libmbed-os.a(mbed_ticker_api.o)
                0x000000000000355a                ticker_read_us
 .text.ticker_read
                0x000000000000357c        0x8 /home/fei/min0150/Projects/VSB/APPS/apps-workspace.mcu/i2c/mbed-os/lib/libmbed-os.a(mbed_ticker_api.o)
                0x000000000000357c                ticker_read
 .text.note_us_ticker_free
                0x0000000000003584       0x10 /home/fei/min0150/Projects/VSB/APPS/apps-workspace.mcu/i2c/mbed-os/lib/libmbed-os.a(mbed_us_ticker_api.o)
 .text.note_us_ticker_init
                0x0000000000003594       0x14 /home/fei/min0150/Projects/VSB/APPS/apps-workspace.mcu/i2c/mbed-os/lib/libmbed-os.a(mbed_us_ticker_api.o)
 .text.get_us_ticker_data
                0x00000000000035a8        0x8 /home/fei/min0150/Projects/VSB/APPS/apps-workspace.mcu/i2c/mbed-os/lib/libmbed-os.a(mbed_us_ticker_api.o)
                0x00000000000035a8                get_us_ticker_data
 .text.us_ticker_irq_handler
                0x00000000000035b0       0x14 /home/fei/min0150/Projects/VSB/APPS/apps-workspace.mcu/i2c/mbed-os/lib/libmbed-os.a(mbed_us_ticker_api.o)
                0x00000000000035b0                us_ticker_irq_handler
 .text._ZN4mbed19CriticalSectionLockC2Ev
                0x00000000000035c4       0x10 /home/fei/min0150/Projects/VSB/APPS/apps-workspace.mcu/i2c/mbed-os/lib/libmbed-os.a(CriticalSectionLock.o)
                0x00000000000035c4                mbed::CriticalSectionLock::CriticalSectionLock()
                0x00000000000035c4                mbed::CriticalSectionLock::CriticalSectionLock()
 .text._ZN4mbed19CriticalSectionLockD2Ev
                0x00000000000035d4       0x10 /home/fei/min0150/Projects/VSB/APPS/apps-workspace.mcu/i2c/mbed-os/lib/libmbed-os.a(CriticalSectionLock.o)
                0x00000000000035d4                mbed::CriticalSectionLock::~CriticalSectionLock()
                0x00000000000035d4                mbed::CriticalSectionLock::~CriticalSectionLock()
 .text.mbed_assert_internal
                0x00000000000035e4       0x14 /home/fei/min0150/Projects/VSB/APPS/apps-workspace.mcu/i2c/mbed-os/lib/libmbed-os.a(mbed_assert.o)
                0x00000000000035e4                mbed_assert_internal
 .text.core_util_are_interrupts_enabled
                0x00000000000035f8        0xc /home/fei/min0150/Projects/VSB/APPS/apps-workspace.mcu/i2c/mbed-os/lib/libmbed-os.a(mbed_critical.o)
                0x00000000000035f8                core_util_are_interrupts_enabled
 .text.core_util_is_isr_active
                0x0000000000003604        0xc /home/fei/min0150/Projects/VSB/APPS/apps-workspace.mcu/i2c/mbed-os/lib/libmbed-os.a(mbed_critical.o)
                0x0000000000003604                core_util_is_isr_active
 .text.core_util_critical_section_enter
                0x0000000000003610       0x2c /home/fei/min0150/Projects/VSB/APPS/apps-workspace.mcu/i2c/mbed-os/lib/libmbed-os.a(mbed_critical.o)
                0x0000000000003610                core_util_critical_section_enter
 .text.core_util_critical_section_exit
                0x000000000000363c       0x18 /home/fei/min0150/Projects/VSB/APPS/apps-workspace.mcu/i2c/mbed-os/lib/libmbed-os.a(mbed_critical.o)
                0x000000000000363c                core_util_critical_section_exit
 .text.mbed_halt_system
                0x0000000000003654       0x34 /home/fei/min0150/Projects/VSB/APPS/apps-workspace.mcu/i2c/mbed-os/lib/libmbed-os.a(mbed_error.o)
 .text.print_error_report.constprop.0
                0x0000000000003688      0x104 /home/fei/min0150/Projects/VSB/APPS/apps-workspace.mcu/i2c/mbed-os/lib/libmbed-os.a(mbed_error.o)
 .text.mbed_error_hook
                0x000000000000378c        0x2 /home/fei/min0150/Projects/VSB/APPS/apps-workspace.mcu/i2c/mbed-os/lib/libmbed-os.a(mbed_error.o)
                0x000000000000378c                mbed_error_hook
 *fill*         0x000000000000378e        0x2 
 .text.handle_error.isra.0
                0x0000000000003790       0xbc /home/fei/min0150/Projects/VSB/APPS/apps-workspace.mcu/i2c/mbed-os/lib/libmbed-os.a(mbed_error.o)
 .text.mbed_error_reboot_callback
                0x000000000000384c        0x2 /home/fei/min0150/Projects/VSB/APPS/apps-workspace.mcu/i2c/mbed-os/lib/libmbed-os.a(mbed_error.o)
                0x000000000000384c                mbed_error_reboot_callback
 *fill*         0x000000000000384e        0x2 
 .text.mbed_error_initialize
                0x0000000000003850       0x64 /home/fei/min0150/Projects/VSB/APPS/apps-workspace.mcu/i2c/mbed-os/lib/libmbed-os.a(mbed_error.o)
                0x0000000000003850                mbed_error_initialize
 .text.mbed_error
                0x00000000000038b4       0xc4 /home/fei/min0150/Projects/VSB/APPS/apps-workspace.mcu/i2c/mbed-os/lib/libmbed-os.a(mbed_error.o)
                0x00000000000038b4                mbed_error
 .text.sleep_manager_lock_deep_sleep_internal
                0x0000000000003978       0x2c /home/fei/min0150/Projects/VSB/APPS/apps-workspace.mcu/i2c/mbed-os/lib/libmbed-os.a(mbed_power_mgmt.o)
                0x0000000000003978                sleep_manager_lock_deep_sleep_internal
 .text.sleep_manager_unlock_deep_sleep_internal
                0x00000000000039a4       0x34 /home/fei/min0150/Projects/VSB/APPS/apps-workspace.mcu/i2c/mbed-os/lib/libmbed-os.a(mbed_power_mgmt.o)
                0x00000000000039a4                sleep_manager_unlock_deep_sleep_internal
 .text.mbed_main
                0x00000000000039d8        0x2 /home/fei/min0150/Projects/VSB/APPS/apps-workspace.mcu/i2c/mbed-os/lib/libmbed-os.a(mbed_sdk_boot.o)
                0x00000000000039d8                mbed_main
 .text.mbed_sdk_init
                0x00000000000039da        0x2 /home/fei/min0150/Projects/VSB/APPS/apps-workspace.mcu/i2c/mbed-os/lib/libmbed-os.a(mbed_sdk_boot.o)
                0x00000000000039da                mbed_sdk_init
 .text.software_init_hook_rtos
                0x00000000000039dc        0x2 /home/fei/min0150/Projects/VSB/APPS/apps-workspace.mcu/i2c/mbed-os/lib/libmbed-os.a(mbed_sdk_boot.o)
                0x00000000000039dc                software_init_hook_rtos
 *fill*         0x00000000000039de        0x2 
 .text.mbed_copy_nvic
                0x00000000000039e0       0x28 /home/fei/min0150/Projects/VSB/APPS/apps-workspace.mcu/i2c/mbed-os/lib/libmbed-os.a(mbed_sdk_boot.o)
                0x00000000000039e0                mbed_copy_nvic
 .text.mbed_init
                0x0000000000003a08        0xc /home/fei/min0150/Projects/VSB/APPS/apps-workspace.mcu/i2c/mbed-os/lib/libmbed-os.a(mbed_sdk_boot.o)
                0x0000000000003a08                mbed_init
 .text.software_init_hook
                0x0000000000003a14       0x48 /home/fei/min0150/Projects/VSB/APPS/apps-workspace.mcu/i2c/mbed-os/lib/libmbed-os.a(mbed_sdk_boot.o)
                0x0000000000003a14                software_init_hook
 .text.__wrap_main
                0x0000000000003a5c       0x12 /home/fei/min0150/Projects/VSB/APPS/apps-workspace.mcu/i2c/mbed-os/lib/libmbed-os.a(mbed_sdk_boot.o)
                0x0000000000003a5c                __wrap_main
 *fill*         0x0000000000003a6e        0x2 
 .text._wait_us_ticks
                0x0000000000003a70       0x1c /home/fei/min0150/Projects/VSB/APPS/apps-workspace.mcu/i2c/mbed-os/lib/libmbed-os.a(mbed_wait_api_no_rtos.o)
                0x0000000000003a70                _wait_us_ticks
 .text._wait_us_generic
                0x0000000000003a8c       0x1e /home/fei/min0150/Projects/VSB/APPS/apps-workspace.mcu/i2c/mbed-os/lib/libmbed-os.a(mbed_wait_api_no_rtos.o)
                0x0000000000003a8c                _wait_us_generic
 *fill*         0x0000000000003aaa        0x2 
 .text._wait_us_inline
                0x0000000000003aac       0x14 /home/fei/min0150/Projects/VSB/APPS/apps-workspace.mcu/i2c/mbed-os/lib/libmbed-os.a(mbed_wait_api_no_rtos.o)
                0x0000000000003aac                _wait_us_inline
 .text.__wrap_printf
                0x0000000000003ac0       0x2c /home/fei/min0150/Projects/VSB/APPS/apps-workspace.mcu/i2c/mbed-os/lib/libmbed-os.a(mbed_printf_wrapper.o)
                0x0000000000003ac0                __wrap_printf
 .text.__wrap_vsnprintf
                0x0000000000003aec        0xe /home/fei/min0150/Projects/VSB/APPS/apps-workspace.mcu/i2c/mbed-os/lib/libmbed-os.a(mbed_printf_wrapper.o)
                0x0000000000003aec                __wrap_vsnprintf
 .text.mbed_minimal_putchar
                0x0000000000003afa       0x34 /home/fei/min0150/Projects/VSB/APPS/apps-workspace.mcu/i2c/mbed-os/lib/libmbed-os.a(mbed_printf_implementation.o)
 *fill*         0x0000000000003b2e        0x2 
 .text.mbed_minimal_formatted_string_integer
                0x0000000000003b30      0x168 /home/fei/min0150/Projects/VSB/APPS/apps-workspace.mcu/i2c/mbed-os/lib/libmbed-os.a(mbed_printf_implementation.o)
 .text.mbed_minimal_formatted_string
                0x0000000000003c98      0x2bc /home/fei/min0150/Projects/VSB/APPS/apps-workspace.mcu/i2c/mbed-os/lib/libmbed-os.a(mbed_printf_implementation.o)
                0x0000000000003c98                mbed_minimal_formatted_string
 .text._ZN4mbed10FileHandle4syncEv
                0x0000000000003f54        0x4 /home/fei/min0150/Projects/VSB/APPS/apps-workspace.mcu/i2c/mbed-os/lib/libmbed-os.a(mbed_retarget.o)
                0x0000000000003f54                mbed::FileHandle::sync()
 .text._ZN4mbed10FileHandle4tellEv
                0x0000000000003f58        0xa /home/fei/min0150/Projects/VSB/APPS/apps-workspace.mcu/i2c/mbed-os/lib/libmbed-os.a(mbed_retarget.o)
                0x0000000000003f58                mbed::FileHandle::tell()
 .text._ZN4mbed10FileHandle6rewindEv
                0x0000000000003f62        0xa /home/fei/min0150/Projects/VSB/APPS/apps-workspace.mcu/i2c/mbed-os/lib/libmbed-os.a(mbed_retarget.o)
                0x0000000000003f62                mbed::FileHandle::rewind()
 .text._ZN4mbed10FileHandle8truncateEl
                0x0000000000003f6c        0x6 /home/fei/min0150/Projects/VSB/APPS/apps-workspace.mcu/i2c/mbed-os/lib/libmbed-os.a(mbed_retarget.o)
                0x0000000000003f6c                mbed::FileHandle::truncate(long)
 .text._ZN4mbed10FileHandle12set_blockingEb
                0x0000000000003f72        0xc /home/fei/min0150/Projects/VSB/APPS/apps-workspace.mcu/i2c/mbed-os/lib/libmbed-os.a(mbed_retarget.o)
                0x0000000000003f72                mbed::FileHandle::set_blocking(bool)
 .text._ZNK4mbed10FileHandle11is_blockingEv
                0x0000000000003f7e        0x4 /home/fei/min0150/Projects/VSB/APPS/apps-workspace.mcu/i2c/mbed-os/lib/libmbed-os.a(mbed_retarget.o)
                0x0000000000003f7e                mbed::FileHandle::is_blocking() const
 .text._ZN4mbed10FileHandle12enable_inputEb
                0x0000000000003f82        0x6 /home/fei/min0150/Projects/VSB/APPS/apps-workspace.mcu/i2c/mbed-os/lib/libmbed-os.a(mbed_retarget.o)
                0x0000000000003f82                mbed::FileHandle::enable_input(bool)
 .text._ZN4mbed10FileHandle13enable_outputEb
                0x0000000000003f88        0x6 /home/fei/min0150/Projects/VSB/APPS/apps-workspace.mcu/i2c/mbed-os/lib/libmbed-os.a(mbed_retarget.o)
                0x0000000000003f88                mbed::FileHandle::enable_output(bool)
 .text._ZN4mbed10FileHandle5sigioENS_8CallbackIFvvEEE
                0x0000000000003f8e        0xc /home/fei/min0150/Projects/VSB/APPS/apps-workspace.mcu/i2c/mbed-os/lib/libmbed-os.a(mbed_retarget.o)
                0x0000000000003f8e                mbed::FileHandle::sigio(mbed::Callback<void ()>)
 .text._ZN12DirectSerial4seekEli
                0x0000000000003f9a        0x6 /home/fei/min0150/Projects/VSB/APPS/apps-workspace.mcu/i2c/mbed-os/lib/libmbed-os.a(mbed_retarget.o)
                0x0000000000003f9a                DirectSerial::seek(long, int)
 .text._ZN12DirectSerial4sizeEv
                0x0000000000003fa0        0x6 /home/fei/min0150/Projects/VSB/APPS/apps-workspace.mcu/i2c/mbed-os/lib/libmbed-os.a(mbed_retarget.o)
                0x0000000000003fa0                DirectSerial::size()
 .text._ZN12DirectSerial6isattyEv
                0x0000000000003fa6        0x4 /home/fei/min0150/Projects/VSB/APPS/apps-workspace.mcu/i2c/mbed-os/lib/libmbed-os.a(mbed_retarget.o)
                0x0000000000003fa6                DirectSerial::isatty()
 .text._ZN12DirectSerial5closeEv
                0x0000000000003faa        0x4 /home/fei/min0150/Projects/VSB/APPS/apps-workspace.mcu/i2c/mbed-os/lib/libmbed-os.a(mbed_retarget.o)
                0x0000000000003faa                DirectSerial::close()
 .text._ZN12DirectSerialD2Ev
                0x0000000000003fae        0x2 /home/fei/min0150/Projects/VSB/APPS/apps-workspace.mcu/i2c/mbed-os/lib/libmbed-os.a(mbed_retarget.o)
                0x0000000000003fae                DirectSerial::~DirectSerial()
                0x0000000000003fae                DirectSerial::~DirectSerial()
 .text._ZN12DirectSerial5writeEPKvj
                0x0000000000003fb0       0x24 /home/fei/min0150/Projects/VSB/APPS/apps-workspace.mcu/i2c/mbed-os/lib/libmbed-os.a(mbed_retarget.o)
                0x0000000000003fb0                DirectSerial::write(void const*, unsigned int)
 .text._ZNK12DirectSerial4pollEs
                0x0000000000003fd4       0x30 /home/fei/min0150/Projects/VSB/APPS/apps-workspace.mcu/i2c/mbed-os/lib/libmbed-os.a(mbed_retarget.o)
                0x0000000000003fd4                DirectSerial::poll(short) const
 .text._ZN12DirectSerialD0Ev
                0x0000000000004004        0xc /home/fei/min0150/Projects/VSB/APPS/apps-workspace.mcu/i2c/mbed-os/lib/libmbed-os.a(mbed_retarget.o)
                0x0000000000004004                DirectSerial::~DirectSerial()
 .text._ZN12DirectSerial4readEPvj
                0x0000000000004010       0x1c /home/fei/min0150/Projects/VSB/APPS/apps-workspace.mcu/i2c/mbed-os/lib/libmbed-os.a(mbed_retarget.o)
                0x0000000000004010                DirectSerial::read(void*, unsigned int)
 .text._ZN12DirectSerialC2ERK15serial_pinmap_ti
                0x000000000000402c       0x30 /home/fei/min0150/Projects/VSB/APPS/apps-workspace.mcu/i2c/mbed-os/lib/libmbed-os.a(mbed_retarget.o)
                0x000000000000402c                DirectSerial::DirectSerial(serial_pinmap_t const&, int)
                0x000000000000402c                DirectSerial::DirectSerial(serial_pinmap_t const&, int)
 .text._ZN4mbed28mbed_target_override_consoleEi
                0x000000000000405c        0x4 /home/fei/min0150/Projects/VSB/APPS/apps-workspace.mcu/i2c/mbed-os/lib/libmbed-os.a(mbed_retarget.o)
                0x000000000000405c                mbed::mbed_target_override_console(int)
 .text._ZN4mbed21mbed_override_consoleEi
                0x0000000000004060        0x4 /home/fei/min0150/Projects/VSB/APPS/apps-workspace.mcu/i2c/mbed-os/lib/libmbed-os.a(mbed_retarget.o)
                0x0000000000004060                mbed::mbed_override_console(int)
 .text.__cxa_pure_virtual
                0x0000000000004064        0x8 /home/fei/min0150/Projects/VSB/APPS/apps-workspace.mcu/i2c/mbed-os/lib/libmbed-os.a(mbed_retarget.o)
                0x0000000000004064                __cxa_pure_virtual
 .text._sbrk    0x000000000000406c       0x44 /home/fei/min0150/Projects/VSB/APPS/apps-workspace.mcu/i2c/mbed-os/lib/libmbed-os.a(mbed_retarget.o)
                0x000000000000406c                _sbrk
 .text.__aeabi_atexit
                0x00000000000040b0        0x4 /home/fei/min0150/Projects/VSB/APPS/apps-workspace.mcu/i2c/mbed-os/lib/libmbed-os.a(mbed_retarget.o)
                0x00000000000040b0                __aeabi_atexit
 .text.__wrap_atexit
                0x00000000000040b4        0x4 /home/fei/min0150/Projects/VSB/APPS/apps-workspace.mcu/i2c/mbed-os/lib/libmbed-os.a(mbed_retarget.o)
                0x00000000000040b4                __wrap_atexit
 .text.__rtos_malloc_lock
                0x00000000000040b8        0x2 /home/fei/min0150/Projects/VSB/APPS/apps-workspace.mcu/i2c/mbed-os/lib/libmbed-os.a(mbed_retarget.o)
                0x00000000000040b8                __rtos_malloc_lock
 .text.__rtos_malloc_unlock
                0x00000000000040ba        0x2 /home/fei/min0150/Projects/VSB/APPS/apps-workspace.mcu/i2c/mbed-os/lib/libmbed-os.a(mbed_retarget.o)
                0x00000000000040ba                __rtos_malloc_unlock
 .text.__malloc_lock
                0x00000000000040bc        0x8 /home/fei/min0150/Projects/VSB/APPS/apps-workspace.mcu/i2c/mbed-os/lib/libmbed-os.a(mbed_retarget.o)
                0x00000000000040bc                __malloc_lock
 .text.__malloc_unlock
                0x00000000000040c4        0x8 /home/fei/min0150/Projects/VSB/APPS/apps-workspace.mcu/i2c/mbed-os/lib/libmbed-os.a(mbed_retarget.o)
                0x00000000000040c4                __malloc_unlock
 .text.__cxa_guard_acquire
                0x00000000000040cc       0x3c /home/fei/min0150/Projects/VSB/APPS/apps-workspace.mcu/i2c/mbed-os/lib/libmbed-os.a(mbed_retarget.o)
                0x00000000000040cc                __cxa_guard_acquire
 .text.__cxa_guard_release
                0x0000000000004108       0x2c /home/fei/min0150/Projects/VSB/APPS/apps-workspace.mcu/i2c/mbed-os/lib/libmbed-os.a(mbed_retarget.o)
                0x0000000000004108                __cxa_guard_release
 .text._ZN4mbed16mbed_file_handleEi
                0x0000000000004134       0x84 /home/fei/min0150/Projects/VSB/APPS/apps-workspace.mcu/i2c/mbed-os/lib/libmbed-os.a(mbed_retarget.o)
                0x0000000000004134                mbed::mbed_file_handle(int)
 .text.close    0x00000000000041b8       0x3c /home/fei/min0150/Projects/VSB/APPS/apps-workspace.mcu/i2c/mbed-os/lib/libmbed-os.a(mbed_retarget.o)
                0x00000000000041b8                close
 .text._close   0x00000000000041f4        0x4 /home/fei/min0150/Projects/VSB/APPS/apps-workspace.mcu/i2c/mbed-os/lib/libmbed-os.a(mbed_retarget.o)
                0x00000000000041f4                _close
 .text.write    0x00000000000041f8       0x36 /home/fei/min0150/Projects/VSB/APPS/apps-workspace.mcu/i2c/mbed-os/lib/libmbed-os.a(mbed_retarget.o)
                0x00000000000041f8                write
 .text.read     0x000000000000422e       0x36 /home/fei/min0150/Projects/VSB/APPS/apps-workspace.mcu/i2c/mbed-os/lib/libmbed-os.a(mbed_retarget.o)
                0x000000000000422e                read
 .text.isatty   0x0000000000004264       0x2c /home/fei/min0150/Projects/VSB/APPS/apps-workspace.mcu/i2c/mbed-os/lib/libmbed-os.a(mbed_retarget.o)
                0x0000000000004264                isatty
 .text._write   0x0000000000004290       0xb0 /home/fei/min0150/Projects/VSB/APPS/apps-workspace.mcu/i2c/mbed-os/lib/libmbed-os.a(mbed_retarget.o)
                0x0000000000004290                _write
 .text._isatty  0x0000000000004340        0x4 /home/fei/min0150/Projects/VSB/APPS/apps-workspace.mcu/i2c/mbed-os/lib/libmbed-os.a(mbed_retarget.o)
                0x0000000000004340                _isatty
 .text._read    0x0000000000004344       0x6c /home/fei/min0150/Projects/VSB/APPS/apps-workspace.mcu/i2c/mbed-os/lib/libmbed-os.a(mbed_retarget.o)
                0x0000000000004344                _read
 .text.lseek    0x00000000000043b0       0x36 /home/fei/min0150/Projects/VSB/APPS/apps-workspace.mcu/i2c/mbed-os/lib/libmbed-os.a(mbed_retarget.o)
                0x00000000000043b0                lseek
 .text._lseek   0x00000000000043e6        0x4 /home/fei/min0150/Projects/VSB/APPS/apps-workspace.mcu/i2c/mbed-os/lib/libmbed-os.a(mbed_retarget.o)
                0x00000000000043e6                _lseek
 .text.fsync    0x00000000000043ea       0x2e /home/fei/min0150/Projects/VSB/APPS/apps-workspace.mcu/i2c/mbed-os/lib/libmbed-os.a(mbed_retarget.o)
                0x00000000000043ea                fsync
 .text._exit    0x0000000000004418       0x30 /home/fei/min0150/Projects/VSB/APPS/apps-workspace.mcu/i2c/mbed-os/lib/libmbed-os.a(mbed_retarget.o)
                0x0000000000004418                _exit
 .text.__wrap_exit
                0x0000000000004448        0x6 /home/fei/min0150/Projects/VSB/APPS/apps-workspace.mcu/i2c/mbed-os/lib/libmbed-os.a(mbed_retarget.o)
                0x0000000000004448                __wrap_exit
 .text.fstat    0x000000000000444e       0x3c /home/fei/min0150/Projects/VSB/APPS/apps-workspace.mcu/i2c/mbed-os/lib/libmbed-os.a(mbed_retarget.o)
                0x000000000000444e                fstat
 .text._fstat   0x000000000000448a        0x4 /home/fei/min0150/Projects/VSB/APPS/apps-workspace.mcu/i2c/mbed-os/lib/libmbed-os.a(mbed_retarget.o)
                0x000000000000448a                _fstat
 *fill*         0x000000000000448e        0x2 
 .text.SystemInit
                0x0000000000004490       0x2c /home/fei/min0150/Projects/VSB/APPS/apps-workspace.mcu/i2c/mbed-os/lib/libmbed-os.a(system_MK64F12.o)
                0x0000000000004490                SystemInit
 .text.pit_isr  0x00000000000044bc       0x2c /home/fei/min0150/Projects/VSB/APPS/apps-workspace.mcu/i2c/mbed-os/lib/libmbed-os.a(us_ticker.o)
 .text.us_ticker_get_info
                0x00000000000044e8        0x8 /home/fei/min0150/Projects/VSB/APPS/apps-workspace.mcu/i2c/mbed-os/lib/libmbed-os.a(us_ticker.o)
                0x00000000000044e8                us_ticker_get_info
 .text.us_ticker_init
                0x00000000000044f0       0xcc /home/fei/min0150/Projects/VSB/APPS/apps-workspace.mcu/i2c/mbed-os/lib/libmbed-os.a(us_ticker.o)
                0x00000000000044f0                us_ticker_init
 .text.us_ticker_read
                0x00000000000045bc       0x10 /home/fei/min0150/Projects/VSB/APPS/apps-workspace.mcu/i2c/mbed-os/lib/libmbed-os.a(us_ticker.o)
                0x00000000000045bc                us_ticker_read
 .text.us_ticker_disable_interrupt
                0x00000000000045cc       0x14 /home/fei/min0150/Projects/VSB/APPS/apps-workspace.mcu/i2c/mbed-os/lib/libmbed-os.a(us_ticker.o)
                0x00000000000045cc                us_ticker_disable_interrupt
 .text.us_ticker_clear_interrupt
                0x00000000000045e0       0x10 /home/fei/min0150/Projects/VSB/APPS/apps-workspace.mcu/i2c/mbed-os/lib/libmbed-os.a(us_ticker.o)
                0x00000000000045e0                us_ticker_clear_interrupt
 .text.us_ticker_set_interrupt
                0x00000000000045f0       0x60 /home/fei/min0150/Projects/VSB/APPS/apps-workspace.mcu/i2c/mbed-os/lib/libmbed-os.a(us_ticker.o)
                0x00000000000045f0                us_ticker_set_interrupt
 .text.us_ticker_fire_interrupt
                0x0000000000004650       0x10 /home/fei/min0150/Projects/VSB/APPS/apps-workspace.mcu/i2c/mbed-os/lib/libmbed-os.a(us_ticker.o)
                0x0000000000004650                us_ticker_fire_interrupt
 .text.us_ticker_free
                0x0000000000004660       0x64 /home/fei/min0150/Projects/VSB/APPS/apps-workspace.mcu/i2c/mbed-os/lib/libmbed-os.a(us_ticker.o)
                0x0000000000004660                us_ticker_free
 .text.serial_init_direct
                0x00000000000046c4       0xd4 /home/fei/min0150/Projects/VSB/APPS/apps-workspace.mcu/i2c/mbed-os/lib/libmbed-os.a(serial_api.o)
                0x00000000000046c4                serial_init_direct
 .text.serial_baud
                0x0000000000004798       0x2c /home/fei/min0150/Projects/VSB/APPS/apps-workspace.mcu/i2c/mbed-os/lib/libmbed-os.a(serial_api.o)
                0x0000000000004798                serial_baud
 .text.serial_readable
                0x00000000000047c4       0x2c /home/fei/min0150/Projects/VSB/APPS/apps-workspace.mcu/i2c/mbed-os/lib/libmbed-os.a(serial_api.o)
                0x00000000000047c4                serial_readable
 .text.serial_getc
                0x00000000000047f0       0x20 /home/fei/min0150/Projects/VSB/APPS/apps-workspace.mcu/i2c/mbed-os/lib/libmbed-os.a(serial_api.o)
                0x00000000000047f0                serial_getc
 .text.serial_writable
                0x0000000000004810       0x2c /home/fei/min0150/Projects/VSB/APPS/apps-workspace.mcu/i2c/mbed-os/lib/libmbed-os.a(serial_api.o)
                0x0000000000004810                serial_writable
 .text.serial_putc
                0x000000000000483c       0x24 /home/fei/min0150/Projects/VSB/APPS/apps-workspace.mcu/i2c/mbed-os/lib/libmbed-os.a(serial_api.o)
                0x000000000000483c                serial_putc
 .text.gpio_init
                0x0000000000004860       0x12 /home/fei/min0150/Projects/VSB/APPS/apps-workspace.mcu/i2c/mbed-os/lib/libmbed-os.a(gpio_api.o)
                0x0000000000004860                gpio_init
 .text.gpio_mode
                0x0000000000004872        0x6 /home/fei/min0150/Projects/VSB/APPS/apps-workspace.mcu/i2c/mbed-os/lib/libmbed-os.a(gpio_api.o)
                0x0000000000004872                gpio_mode
 .text.gpio_dir
                0x0000000000004878       0x48 /home/fei/min0150/Projects/VSB/APPS/apps-workspace.mcu/i2c/mbed-os/lib/libmbed-os.a(gpio_api.o)
                0x0000000000004878                gpio_dir
 .text.gpio_write
                0x00000000000048c0       0x3c /home/fei/min0150/Projects/VSB/APPS/apps-workspace.mcu/i2c/mbed-os/lib/libmbed-os.a(gpio_api.o)
                0x00000000000048c0                gpio_write
 .text.gpio_read
                0x00000000000048fc       0x34 /home/fei/min0150/Projects/VSB/APPS/apps-workspace.mcu/i2c/mbed-os/lib/libmbed-os.a(gpio_api.o)
                0x00000000000048fc                gpio_read
 .text.pin_function
                0x0000000000004930       0x74 /home/fei/min0150/Projects/VSB/APPS/apps-workspace.mcu/i2c/mbed-os/lib/libmbed-os.a(pinmap.o)
                0x0000000000004930                pin_function
 .text.pin_mode
                0x00000000000049a4       0x5c /home/fei/min0150/Projects/VSB/APPS/apps-workspace.mcu/i2c/mbed-os/lib/libmbed-os.a(pinmap.o)
                0x00000000000049a4                pin_mode
 .text.mbed_tiny_compute_crc32
                0x0000000000004a00       0x2c /home/fei/min0150/Projects/VSB/APPS/apps-workspace.mcu/i2c/mbed-os/lib/libmbed-os.a(MbedCRC.o)
                0x0000000000004a00                mbed_tiny_compute_crc32
 .text.hal_critical_section_enter
                0x0000000000004a2c       0x24 /home/fei/min0150/Projects/VSB/APPS/apps-workspace.mcu/i2c/mbed-os/lib/libmbed-os.a(mbed_critical_section_api.o)
                0x0000000000004a2c                hal_critical_section_enter
 .text.hal_critical_section_exit
                0x0000000000004a50       0x38 /home/fei/min0150/Projects/VSB/APPS/apps-workspace.mcu/i2c/mbed-os/lib/libmbed-os.a(mbed_critical_section_api.o)
                0x0000000000004a50                hal_critical_section_exit
 .text.core_util_atomic_flag_test_and_set
                0x0000000000004a88       0x14 /home/fei/min0150/Projects/VSB/APPS/apps-workspace.mcu/i2c/mbed-os/lib/libmbed-os.a(mbed_atomic_impl.o)
                0x0000000000004a88                core_util_atomic_flag_test_and_set
 .text.core_util_atomic_incr_u16
                0x0000000000004a9c       0x12 /home/fei/min0150/Projects/VSB/APPS/apps-workspace.mcu/i2c/mbed-os/lib/libmbed-os.a(mbed_atomic_impl.o)
                0x0000000000004a9c                core_util_atomic_incr_u16
 .text.core_util_atomic_decr_u16
                0x0000000000004aae       0x12 /home/fei/min0150/Projects/VSB/APPS/apps-workspace.mcu/i2c/mbed-os/lib/libmbed-os.a(mbed_atomic_impl.o)
                0x0000000000004aae                core_util_atomic_decr_u16
 .text.core_util_atomic_exchange_u8
                0x0000000000004ac0       0x12 /home/fei/min0150/Projects/VSB/APPS/apps-workspace.mcu/i2c/mbed-os/lib/libmbed-os.a(mbed_atomic_impl.o)
                0x0000000000004ac0                core_util_atomic_exchange_u8
 *fill*         0x0000000000004ad2        0x2 
 .text.mbed_die
                0x0000000000004ad4       0x64 /home/fei/min0150/Projects/VSB/APPS/apps-workspace.mcu/i2c/mbed-os/lib/libmbed-os.a(mbed_board.o)
                0x0000000000004ad4                mbed_die
 .text.mbed_error_puts
                0x0000000000004b38       0x4e /home/fei/min0150/Projects/VSB/APPS/apps-workspace.mcu/i2c/mbed-os/lib/libmbed-os.a(mbed_board.o)
                0x0000000000004b38                mbed_error_puts
 *fill*         0x0000000000004b86        0x2 
 .text.mbed_error_vprintf
                0x0000000000004b88       0x38 /home/fei/min0150/Projects/VSB/APPS/apps-workspace.mcu/i2c/mbed-os/lib/libmbed-os.a(mbed_board.o)
                0x0000000000004b88                mbed_error_vprintf
 .text.mbed_error_printf
                0x0000000000004bc0       0x1a /home/fei/min0150/Projects/VSB/APPS/apps-workspace.mcu/i2c/mbed-os/lib/libmbed-os.a(mbed_board.o)
                0x0000000000004bc0                mbed_error_printf
 *fill*         0x0000000000004bda        0x2 
 .text.CLOCK_GetInternalRefClkSelectFreq
                0x0000000000004bdc       0x28 /home/fei/min0150/Projects/VSB/APPS/apps-workspace.mcu/i2c/mbed-os/lib/libmbed-os.a(fsl_clock.o)
 .text.CLOCK_GetMcgExtClkFreq
                0x0000000000004c04       0x60 /home/fei/min0150/Projects/VSB/APPS/apps-workspace.mcu/i2c/mbed-os/lib/libmbed-os.a(fsl_clock.o)
 .text.CLOCK_GetFllExtRefClkFreq
                0x0000000000004c64       0x44 /home/fei/min0150/Projects/VSB/APPS/apps-workspace.mcu/i2c/mbed-os/lib/libmbed-os.a(fsl_clock.o)
 .text.CLOCK_GetOsc0ErClkFreq
                0x0000000000004ca8       0x3c /home/fei/min0150/Projects/VSB/APPS/apps-workspace.mcu/i2c/mbed-os/lib/libmbed-os.a(fsl_clock.o)
                0x0000000000004ca8                CLOCK_GetOsc0ErClkFreq
 .text.CLOCK_GetEr32kClkFreq
                0x0000000000004ce4       0x58 /home/fei/min0150/Projects/VSB/APPS/apps-workspace.mcu/i2c/mbed-os/lib/libmbed-os.a(fsl_clock.o)
                0x0000000000004ce4                CLOCK_GetEr32kClkFreq
 .text.CLOCK_GetFllFreq
                0x0000000000004d3c       0x50 /home/fei/min0150/Projects/VSB/APPS/apps-workspace.mcu/i2c/mbed-os/lib/libmbed-os.a(fsl_clock.o)
                0x0000000000004d3c                CLOCK_GetFllFreq
 .text.CLOCK_GetInternalRefClkFreq
                0x0000000000004d8c       0x14 /home/fei/min0150/Projects/VSB/APPS/apps-workspace.mcu/i2c/mbed-os/lib/libmbed-os.a(fsl_clock.o)
                0x0000000000004d8c                CLOCK_GetInternalRefClkFreq
 .text.CLOCK_GetPll0Freq
                0x0000000000004da0       0x48 /home/fei/min0150/Projects/VSB/APPS/apps-workspace.mcu/i2c/mbed-os/lib/libmbed-os.a(fsl_clock.o)
                0x0000000000004da0                CLOCK_GetPll0Freq
 .text.CLOCK_GetPllFllSelClkFreq
                0x0000000000004de8       0x30 /home/fei/min0150/Projects/VSB/APPS/apps-workspace.mcu/i2c/mbed-os/lib/libmbed-os.a(fsl_clock.o)
                0x0000000000004de8                CLOCK_GetPllFllSelClkFreq
 .text.CLOCK_GetOutClkFreq
                0x0000000000004e18       0x28 /home/fei/min0150/Projects/VSB/APPS/apps-workspace.mcu/i2c/mbed-os/lib/libmbed-os.a(fsl_clock.o)
                0x0000000000004e18                CLOCK_GetOutClkFreq
 .text.CLOCK_GetFixedFreqClkFreq
                0x0000000000004e40       0x34 /home/fei/min0150/Projects/VSB/APPS/apps-workspace.mcu/i2c/mbed-os/lib/libmbed-os.a(fsl_clock.o)
                0x0000000000004e40                CLOCK_GetFixedFreqClkFreq
 .text.CLOCK_GetFreq
                0x0000000000004e74       0xb8 /home/fei/min0150/Projects/VSB/APPS/apps-workspace.mcu/i2c/mbed-os/lib/libmbed-os.a(fsl_clock.o)
                0x0000000000004e74                CLOCK_GetFreq
 .text.EDMA_HandleIRQ
                0x0000000000004f2c       0xb0 /home/fei/min0150/Projects/VSB/APPS/apps-workspace.mcu/i2c/mbed-os/lib/libmbed-os.a(fsl_edma.o)
                0x0000000000004f2c                EDMA_HandleIRQ
 .text.DMA0_DriverIRQHandler
                0x0000000000004fdc        0xc /home/fei/min0150/Projects/VSB/APPS/apps-workspace.mcu/i2c/mbed-os/lib/libmbed-os.a(fsl_edma.o)
                0x0000000000004fdc                DMA0_DriverIRQHandler
 .text.DMA1_DriverIRQHandler
                0x0000000000004fe8        0xc /home/fei/min0150/Projects/VSB/APPS/apps-workspace.mcu/i2c/mbed-os/lib/libmbed-os.a(fsl_edma.o)
                0x0000000000004fe8                DMA1_DriverIRQHandler
 .text.DMA2_DriverIRQHandler
                0x0000000000004ff4        0xc /home/fei/min0150/Projects/VSB/APPS/apps-workspace.mcu/i2c/mbed-os/lib/libmbed-os.a(fsl_edma.o)
                0x0000000000004ff4                DMA2_DriverIRQHandler
 .text.DMA3_DriverIRQHandler
                0x0000000000005000        0xc /home/fei/min0150/Projects/VSB/APPS/apps-workspace.mcu/i2c/mbed-os/lib/libmbed-os.a(fsl_edma.o)
                0x0000000000005000                DMA3_DriverIRQHandler
 .text.DMA4_DriverIRQHandler
                0x000000000000500c        0xc /home/fei/min0150/Projects/VSB/APPS/apps-workspace.mcu/i2c/mbed-os/lib/libmbed-os.a(fsl_edma.o)
                0x000000000000500c                DMA4_DriverIRQHandler
 .text.DMA5_DriverIRQHandler
                0x0000000000005018        0xc /home/fei/min0150/Projects/VSB/APPS/apps-workspace.mcu/i2c/mbed-os/lib/libmbed-os.a(fsl_edma.o)
                0x0000000000005018                DMA5_DriverIRQHandler
 .text.DMA6_DriverIRQHandler
                0x0000000000005024        0xc /home/fei/min0150/Projects/VSB/APPS/apps-workspace.mcu/i2c/mbed-os/lib/libmbed-os.a(fsl_edma.o)
                0x0000000000005024                DMA6_DriverIRQHandler
 .text.DMA7_DriverIRQHandler
                0x0000000000005030        0xc /home/fei/min0150/Projects/VSB/APPS/apps-workspace.mcu/i2c/mbed-os/lib/libmbed-os.a(fsl_edma.o)
                0x0000000000005030                DMA7_DriverIRQHandler
 .text.DMA8_DriverIRQHandler
                0x000000000000503c        0xc /home/fei/min0150/Projects/VSB/APPS/apps-workspace.mcu/i2c/mbed-os/lib/libmbed-os.a(fsl_edma.o)
                0x000000000000503c                DMA8_DriverIRQHandler
 .text.DMA9_DriverIRQHandler
                0x0000000000005048        0xc /home/fei/min0150/Projects/VSB/APPS/apps-workspace.mcu/i2c/mbed-os/lib/libmbed-os.a(fsl_edma.o)
                0x0000000000005048                DMA9_DriverIRQHandler
 .text.DMA10_DriverIRQHandler
                0x0000000000005054        0xc /home/fei/min0150/Projects/VSB/APPS/apps-workspace.mcu/i2c/mbed-os/lib/libmbed-os.a(fsl_edma.o)
                0x0000000000005054                DMA10_DriverIRQHandler
 .text.DMA11_DriverIRQHandler
                0x0000000000005060        0xc /home/fei/min0150/Projects/VSB/APPS/apps-workspace.mcu/i2c/mbed-os/lib/libmbed-os.a(fsl_edma.o)
                0x0000000000005060                DMA11_DriverIRQHandler
 .text.DMA12_DriverIRQHandler
                0x000000000000506c        0xc /home/fei/min0150/Projects/VSB/APPS/apps-workspace.mcu/i2c/mbed-os/lib/libmbed-os.a(fsl_edma.o)
                0x000000000000506c                DMA12_DriverIRQHandler
 .text.DMA13_DriverIRQHandler
                0x0000000000005078        0xc /home/fei/min0150/Projects/VSB/APPS/apps-workspace.mcu/i2c/mbed-os/lib/libmbed-os.a(fsl_edma.o)
                0x0000000000005078                DMA13_DriverIRQHandler
 .text.DMA14_DriverIRQHandler
                0x0000000000005084        0xc /home/fei/min0150/Projects/VSB/APPS/apps-workspace.mcu/i2c/mbed-os/lib/libmbed-os.a(fsl_edma.o)
                0x0000000000005084                DMA14_DriverIRQHandler
 .text.DMA15_DriverIRQHandler
                0x0000000000005090        0xc /home/fei/min0150/Projects/VSB/APPS/apps-workspace.mcu/i2c/mbed-os/lib/libmbed-os.a(fsl_edma.o)
                0x0000000000005090                DMA15_DriverIRQHandler
 .text.DSPI_CommonIRQHandler
                0x000000000000509c       0x20 /home/fei/min0150/Projects/VSB/APPS/apps-workspace.mcu/i2c/mbed-os/lib/libmbed-os.a(fsl_dspi.o)
 .text.SPI0_DriverIRQHandler
                0x00000000000050bc       0x34 /home/fei/min0150/Projects/VSB/APPS/apps-workspace.mcu/i2c/mbed-os/lib/libmbed-os.a(fsl_dspi.o)
                0x00000000000050bc                SPI0_DriverIRQHandler
 .text.SPI1_DriverIRQHandler
                0x00000000000050f0       0x34 /home/fei/min0150/Projects/VSB/APPS/apps-workspace.mcu/i2c/mbed-os/lib/libmbed-os.a(fsl_dspi.o)
                0x00000000000050f0                SPI1_DriverIRQHandler
 .text.SPI2_DriverIRQHandler
                0x0000000000005124       0x34 /home/fei/min0150/Projects/VSB/APPS/apps-workspace.mcu/i2c/mbed-os/lib/libmbed-os.a(fsl_dspi.o)
                0x0000000000005124                SPI2_DriverIRQHandler
 .text.PIT_GetInstance.part.0
                0x0000000000005158       0x1c /home/fei/min0150/Projects/VSB/APPS/apps-workspace.mcu/i2c/mbed-os/lib/libmbed-os.a(fsl_pit.o)
 .text.PIT_Init
                0x0000000000005174       0x58 /home/fei/min0150/Projects/VSB/APPS/apps-workspace.mcu/i2c/mbed-os/lib/libmbed-os.a(fsl_pit.o)
                0x0000000000005174                PIT_Init
 .text.UART_GetInstance
                0x00000000000051cc       0x64 /home/fei/min0150/Projects/VSB/APPS/apps-workspace.mcu/i2c/mbed-os/lib/libmbed-os.a(fsl_uart.o)
                0x00000000000051cc                UART_GetInstance
 .text.UART_Init
                0x0000000000005230      0x174 /home/fei/min0150/Projects/VSB/APPS/apps-workspace.mcu/i2c/mbed-os/lib/libmbed-os.a(fsl_uart.o)
                0x0000000000005230                UART_Init
 .text.UART_GetDefaultConfig
                0x00000000000053a4       0x30 /home/fei/min0150/Projects/VSB/APPS/apps-workspace.mcu/i2c/mbed-os/lib/libmbed-os.a(fsl_uart.o)
                0x00000000000053a4                UART_GetDefaultConfig
 .text.UART_SetBaudRate
                0x00000000000053d4       0x8c /home/fei/min0150/Projects/VSB/APPS/apps-workspace.mcu/i2c/mbed-os/lib/libmbed-os.a(fsl_uart.o)
                0x00000000000053d4                UART_SetBaudRate
 .text.UART_GetStatusFlags
                0x0000000000005460       0x16 /home/fei/min0150/Projects/VSB/APPS/apps-workspace.mcu/i2c/mbed-os/lib/libmbed-os.a(fsl_uart.o)
                0x0000000000005460                UART_GetStatusFlags
 .text.UART_ClearStatusFlags
                0x0000000000005476       0x40 /home/fei/min0150/Projects/VSB/APPS/apps-workspace.mcu/i2c/mbed-os/lib/libmbed-os.a(fsl_uart.o)
                0x0000000000005476                UART_ClearStatusFlags
 *fill*         0x00000000000054b6        0x2 
 .text.UART0_DriverIRQHandler
                0x00000000000054b8       0x18 /home/fei/min0150/Projects/VSB/APPS/apps-workspace.mcu/i2c/mbed-os/lib/libmbed-os.a(fsl_uart.o)
                0x00000000000054b8                UART0_DriverIRQHandler
 .text.UART0_RX_TX_DriverIRQHandler
                0x00000000000054d0        0x4 /home/fei/min0150/Projects/VSB/APPS/apps-workspace.mcu/i2c/mbed-os/lib/libmbed-os.a(fsl_uart.o)
                0x00000000000054d0                UART0_RX_TX_DriverIRQHandler
 .text.UART1_DriverIRQHandler
                0x00000000000054d4       0x18 /home/fei/min0150/Projects/VSB/APPS/apps-workspace.mcu/i2c/mbed-os/lib/libmbed-os.a(fsl_uart.o)
                0x00000000000054d4                UART1_DriverIRQHandler
 .text.UART1_RX_TX_DriverIRQHandler
                0x00000000000054ec        0x4 /home/fei/min0150/Projects/VSB/APPS/apps-workspace.mcu/i2c/mbed-os/lib/libmbed-os.a(fsl_uart.o)
                0x00000000000054ec                UART1_RX_TX_DriverIRQHandler
 .text.UART2_DriverIRQHandler
                0x00000000000054f0       0x18 /home/fei/min0150/Projects/VSB/APPS/apps-workspace.mcu/i2c/mbed-os/lib/libmbed-os.a(fsl_uart.o)
                0x00000000000054f0                UART2_DriverIRQHandler
 .text.UART2_RX_TX_DriverIRQHandler
                0x0000000000005508        0x4 /home/fei/min0150/Projects/VSB/APPS/apps-workspace.mcu/i2c/mbed-os/lib/libmbed-os.a(fsl_uart.o)
                0x0000000000005508                UART2_RX_TX_DriverIRQHandler
 .text.UART3_DriverIRQHandler
                0x000000000000550c       0x18 /home/fei/min0150/Projects/VSB/APPS/apps-workspace.mcu/i2c/mbed-os/lib/libmbed-os.a(fsl_uart.o)
                0x000000000000550c                UART3_DriverIRQHandler
 .text.UART3_RX_TX_DriverIRQHandler
                0x0000000000005524        0x4 /home/fei/min0150/Projects/VSB/APPS/apps-workspace.mcu/i2c/mbed-os/lib/libmbed-os.a(fsl_uart.o)
                0x0000000000005524                UART3_RX_TX_DriverIRQHandler
 .text.UART4_DriverIRQHandler
                0x0000000000005528       0x18 /home/fei/min0150/Projects/VSB/APPS/apps-workspace.mcu/i2c/mbed-os/lib/libmbed-os.a(fsl_uart.o)
                0x0000000000005528                UART4_DriverIRQHandler
 .text.UART4_RX_TX_DriverIRQHandler
                0x0000000000005540        0x4 /home/fei/min0150/Projects/VSB/APPS/apps-workspace.mcu/i2c/mbed-os/lib/libmbed-os.a(fsl_uart.o)
                0x0000000000005540                UART4_RX_TX_DriverIRQHandler
 .text.UART5_DriverIRQHandler
                0x0000000000005544       0x18 /home/fei/min0150/Projects/VSB/APPS/apps-workspace.mcu/i2c/mbed-os/lib/libmbed-os.a(fsl_uart.o)
                0x0000000000005544                UART5_DriverIRQHandler
 .text.UART5_RX_TX_DriverIRQHandler
                0x000000000000555c        0x4 /home/fei/min0150/Projects/VSB/APPS/apps-workspace.mcu/i2c/mbed-os/lib/libmbed-os.a(fsl_uart.o)
                0x000000000000555c                UART5_RX_TX_DriverIRQHandler
 .text.__assert_func
                0x0000000000005560       0x40 /usr/local/mcuxpressoide-11.6.1_8255/ide/plugins/com.nxp.mcuxpresso.tools.linux_11.6.1.202207200623/tools/bin/../lib/gcc/arm-none-eabi/10.3.1/../../../../arm-none-eabi/lib/thumb/v7e-m+fp/softfp/libc.a(lib_a-assert.o)
                0x0000000000005560                __assert_func
 .text.__errno  0x00000000000055a0        0xc /usr/local/mcuxpressoide-11.6.1_8255/ide/plugins/com.nxp.mcuxpresso.tools.linux_11.6.1.202207200623/tools/bin/../lib/gcc/arm-none-eabi/10.3.1/../../../../arm-none-eabi/lib/thumb/v7e-m+fp/softfp/libc.a(lib_a-errno.o)
                0x00000000000055a0                __errno
 .text.__sflush_r
                0x00000000000055ac      0x130 /usr/local/mcuxpressoide-11.6.1_8255/ide/plugins/com.nxp.mcuxpresso.tools.linux_11.6.1.202207200623/tools/bin/../lib/gcc/arm-none-eabi/10.3.1/../../../../arm-none-eabi/lib/thumb/v7e-m+fp/softfp/libc.a(lib_a-fflush.o)
                0x00000000000055ac                __sflush_r
 .text._fflush_r
                0x00000000000056dc       0x5c /usr/local/mcuxpressoide-11.6.1_8255/ide/plugins/com.nxp.mcuxpresso.tools.linux_11.6.1.202207200623/tools/bin/../lib/gcc/arm-none-eabi/10.3.1/../../../../arm-none-eabi/lib/thumb/v7e-m+fp/softfp/libc.a(lib_a-fflush.o)
                0x00000000000056dc                _fflush_r
 .text.fflush   0x0000000000005738       0x74 /usr/local/mcuxpressoide-11.6.1_8255/ide/plugins/com.nxp.mcuxpresso.tools.linux_11.6.1.202207200623/tools/bin/../lib/gcc/arm-none-eabi/10.3.1/../../../../arm-none-eabi/lib/thumb/v7e-m+fp/softfp/libc.a(lib_a-fflush.o)
                0x0000000000005738                fflush
 .text._cleanup_r
                0x00000000000057ac        0xc /usr/local/mcuxpressoide-11.6.1_8255/ide/plugins/com.nxp.mcuxpresso.tools.linux_11.6.1.202207200623/tools/bin/../lib/gcc/arm-none-eabi/10.3.1/../../../../arm-none-eabi/lib/thumb/v7e-m+fp/softfp/libc.a(lib_a-findfp.o)
                0x00000000000057ac                _cleanup_r
 .text.__sinit  0x00000000000057b8      0x10c /usr/local/mcuxpressoide-11.6.1_8255/ide/plugins/com.nxp.mcuxpresso.tools.linux_11.6.1.202207200623/tools/bin/../lib/gcc/arm-none-eabi/10.3.1/../../../../arm-none-eabi/lib/thumb/v7e-m+fp/softfp/libc.a(lib_a-findfp.o)
                0x00000000000057b8                __sinit
 .text.__sfp_lock_acquire
                0x00000000000058c4        0xc /usr/local/mcuxpressoide-11.6.1_8255/ide/plugins/com.nxp.mcuxpresso.tools.linux_11.6.1.202207200623/tools/bin/../lib/gcc/arm-none-eabi/10.3.1/../../../../arm-none-eabi/lib/thumb/v7e-m+fp/softfp/libc.a(lib_a-findfp.o)
                0x00000000000058c4                __sfp_lock_acquire
 .text.__sfp_lock_release
                0x00000000000058d0        0xc /usr/local/mcuxpressoide-11.6.1_8255/ide/plugins/com.nxp.mcuxpresso.tools.linux_11.6.1.202207200623/tools/bin/../lib/gcc/arm-none-eabi/10.3.1/../../../../arm-none-eabi/lib/thumb/v7e-m+fp/softfp/libc.a(lib_a-findfp.o)
                0x00000000000058d0                __sfp_lock_release
 .text.fiprintf
                0x00000000000058dc       0x28 /usr/local/mcuxpressoide-11.6.1_8255/ide/plugins/com.nxp.mcuxpresso.tools.linux_11.6.1.202207200623/tools/bin/../lib/gcc/arm-none-eabi/10.3.1/../../../../arm-none-eabi/lib/thumb/v7e-m+fp/softfp/libc.a(lib_a-fiprintf.o)
                0x00000000000058dc                fiprintf
 .text.fputc    0x0000000000005904       0x64 /usr/local/mcuxpressoide-11.6.1_8255/ide/plugins/com.nxp.mcuxpresso.tools.linux_11.6.1.202207200623/tools/bin/../lib/gcc/arm-none-eabi/10.3.1/../../../../arm-none-eabi/lib/thumb/v7e-m+fp/softfp/libc.a(lib_a-fputc.o)
                0x0000000000005904                fputc
 .text._fstat_r
                0x0000000000005968       0x2c /usr/local/mcuxpressoide-11.6.1_8255/ide/plugins/com.nxp.mcuxpresso.tools.linux_11.6.1.202207200623/tools/bin/../lib/gcc/arm-none-eabi/10.3.1/../../../../arm-none-eabi/lib/thumb/v7e-m+fp/softfp/libc.a(lib_a-fstatr.o)
                0x0000000000005968                _fstat_r
 .text._fwalk_reent
                0x0000000000005994       0x48 /usr/local/mcuxpressoide-11.6.1_8255/ide/plugins/com.nxp.mcuxpresso.tools.linux_11.6.1.202207200623/tools/bin/../lib/gcc/arm-none-eabi/10.3.1/../../../../arm-none-eabi/lib/thumb/v7e-m+fp/softfp/libc.a(lib_a-fwalk.o)
                0x0000000000005994                _fwalk_reent
 .text._fwrite_r