/usr/local/mcuxpressoide-11.6.1_8255/ide/plugins/com.nxp.mcuxpresso.tools.linux_11.6.1.202207200623/tools/arm-none-eabi/include/c++/10.3.1/new:174:33:void* operator new(std::size_t, void*)	8	static
/usr/local/mcuxpressoide-11.6.1_8255/ide/plugins/com.nxp.mcuxpresso.tools.linux_11.6.1.202207200623/tools/arm-none-eabi/include/c++/10.3.1/chrono:486:2:constexpr std::chrono::duration<_Rep, _Period>::rep std::chrono::duration<_Rep, _Period>::count() const [with _Rep = long long int; _Period = std::ratio<1, 1000000>]	8	static
/usr/local/mcuxpressoide-11.6.1_8255/ide/plugins/com.nxp.mcuxpresso.tools.linux_11.6.1.202207200623/tools/arm-none-eabi/include/c++/10.3.1/arm-none-eabi/thumb/v7e-m+fp/softfp/bits/gthr-default.h:229:1:int __gthread_key_delete(__gthread_key_t)	8	static
/home/fei/min0150/Projects/VSB/APPS/apps-workspace.mcu/i2c/mbed-os/platform/include/platform/Callback.h:209:14:void (*& mbed::detail::CallbackBase::control())()	8	static
/home/fei/min0150/Projects/VSB/APPS/apps-workspace.mcu/i2c/mbed-os/platform/include/platform/Callback.h:237:10:void mbed::detail::CallbackBase::clear()	16	static
/home/fei/min0150/Projects/VSB/APPS/apps-workspace.mcu/i2c/mbed-os/drivers/include/drivers/DigitalIn.h:67:5:mbed::DigitalIn::DigitalIn(PinName)	16	static
/home/fei/min0150/Projects/VSB/APPS/apps-workspace.mcu/i2c/mbed-os/drivers/include/drivers/DigitalIn.h:86:5:mbed::DigitalIn::~DigitalIn()	16	static
/home/fei/min0150/Projects/VSB/APPS/apps-workspace.mcu/i2c/mbed-os/drivers/include/drivers/DigitalIn.h:97:9:int mbed::DigitalIn::read()	16	static
/home/fei/min0150/Projects/VSB/APPS/apps-workspace.mcu/i2c/mbed-os/drivers/include/drivers/DigitalIn.h:128:5:mbed::DigitalIn::operator int()	16	static
/home/fei/min0150/Projects/VSB/APPS/apps-workspace.mcu/i2c/mbed-os/drivers/include/drivers/Ticker.h:133:5:mbed::TickerBase::~TickerBase()	16	static
/home/fei/min0150/Projects/VSB/APPS/apps-workspace.mcu/i2c/mbed-os/platform/include/platform/mbed_wait_api.h:132:13:void _wait_us_inline(unsigned int)	32	static
/home/fei/min0150/Projects/VSB/APPS/apps-workspace.mcu/i2c/mbed-os/drivers/include/drivers/Ticker.h:161:7:mbed::Ticker::~Ticker()	16	static
../main-i2c.cpp:41:2:Button::Button(PinName)	72	static
../main-i2c.cpp:50:7:void Button::run_pwm()	16	static
../main-i2c.cpp:66:7:bool Button::get_change()	8	static
../main-i2c.cpp:32:7:Button::~Button()	16	static
../main-i2c.cpp:88:5:Expander::Expander(uint8_t)	16	static
../main-i2c.cpp:109:10:void Expander::turn_on_count(uint8_t)	32	static
../main-i2c.cpp:146:5:Radio::Radio()	16	static
../main-i2c.cpp:157:13:uint8_t Radio::sendCommand(uint8_t, uint8_t)	24	static
../main-i2c.cpp:174:13:uint8_t Radio::sendCommand(uint8_t, uint8_t, uint8_t, uint8_t)	24	static
../main-i2c.cpp:195:13:uint8_t Radio::sendCommand(uint8_t, uint8_t, uint8_t, uint8_t, uint8_t, uint8_t)	24	static
../main-i2c.cpp:208:10:void Radio::tune(int)	32	static
../main-i2c.cpp:214:10:void Radio::set_volume(uint8_t)	40	static
../main-i2c.cpp:225:10:void Radio::volume_up()	16	static
../main-i2c.cpp:231:10:void Radio::volume_down()	16	static
../main-i2c.cpp:237:13:uint8_t Radio::get_volume()	8	static
../main-i2c.cpp:241:13:uint8_t Radio::get_signal()	24	static
../main-i2c.cpp:288:13:uint8_t Radio::get_tuned_data()	24	static
../main-i2c.cpp:337:13:uint8_t Radio::get_signal_strength()	8	static
../main-i2c.cpp:341:9:int Radio::get_freqency()	8	static
../main-i2c.cpp:351:10:void Radio::seek_station()	24	static
../main-i2c.cpp:363:6:void loop()	16	static
../main-i2c.cpp:414:6:int main()	120	static
/usr/local/mcuxpressoide-11.6.1_8255/ide/plugins/com.nxp.mcuxpresso.tools.linux_11.6.1.202207200623/tools/arm-none-eabi/include/c++/10.3.1/bits/move.h:101:5:constexpr typename std::remove_reference<_Tp>::type&& std::move(_Tp&&) [with _Tp = void (*&)()]	8	static
/home/fei/min0150/Projects/VSB/APPS/apps-workspace.mcu/i2c/mbed-os/platform/include/platform/Callback.h:712:23:)) [with T = Button; U = Button; R = void; ArgTs = {}]	24	static
/usr/local/mcuxpressoide-11.6.1_8255/ide/plugins/com.nxp.mcuxpresso.tools.linux_11.6.1.202207200623/tools/arm-none-eabi/include/c++/10.3.1/chrono:478:14:constexpr std::chrono::duration<_Rep, _Period>::duration(const std::chrono::duration<_Rep, _Period>&) [with _Rep2 = long long int; _Period2 = std::ratio<1, 1000>; <template-parameter-2-3> = void; _Rep = long long int; _Period = std::ratio<1, 1000000>]	24	static
/home/fei/min0150/Projects/VSB/APPS/apps-workspace.mcu/i2c/mbed-os/platform/include/platform/Callback.h:392:5:>::value), int>::type <anonymous> = 0; R = void; ArgTs = {}]	16	static
/usr/local/mcuxpressoide-11.6.1_8255/ide/plugins/com.nxp.mcuxpresso.tools.linux_11.6.1.202207200623/tools/arm-none-eabi/include/c++/10.3.1/chrono:486:2:constexpr std::chrono::duration<_Rep, _Period>::rep std::chrono::duration<_Rep, _Period>::count() const [with _Rep = long long int; _Period = std::ratio<1, 1000>]	8	static
/home/fei/min0150/Projects/VSB/APPS/apps-workspace.mcu/i2c/mbed-os/platform/include/platform/Callback.h:353:18:)>::Callback<Button*, void (Button::*)(), 0>::<lambda()>	16	static
/home/fei/min0150/Projects/VSB/APPS/apps-workspace.mcu/i2c/mbed-os/platform/include/platform/Callback.h:351:5:>::value, int>::type <anonymous> = 0; R = void; ArgTs = {}]	40	static
/usr/local/mcuxpressoide-11.6.1_8255/ide/plugins/com.nxp.mcuxpresso.tools.linux_11.6.1.202207200623/tools/arm-none-eabi/include/c++/10.3.1/chrono:254:7:constexpr std::chrono::__enable_if_is_duration<_ToDur> std::chrono::duration_cast(const std::chrono::duration<_Rep, _Period>&) [with _ToDur = std::chrono::duration<long long int, std::ratio<1, 1000000> >; _Rep = long long int; _Period = std::ratio<1, 1000>]	16	static
/home/fei/min0150/Projects/VSB/APPS/apps-workspace.mcu/i2c/mbed-os/platform/include/platform/Callback.h:612:10:)>::generate(F&&) [with F = void (*)(); <template-parameter-2-2> = void; R = void; ArgTs = {}]	16	static
/usr/local/mcuxpressoide-11.6.1_8255/ide/plugins/com.nxp.mcuxpresso.tools.linux_11.6.1.202207200623/tools/arm-none-eabi/include/c++/10.3.1/chrono:470:23:constexpr std::chrono::duration<_Rep, _Period>::duration(const _Rep2&) [with _Rep2 = long long int; <template-parameter-2-2> = void; _Rep = long long int; _Period = std::ratio<1, 1000000>]	8	static
/home/fei/min0150/Projects/VSB/APPS/apps-workspace.mcu/i2c/mbed-os/platform/include/platform/Callback.h:120:3:) [with R = void; F = void (Button::* const&)(); Args = {Button* const&}; typename std::enable_if<std::is_void< <template-parameter-1-1> >::value, int>::type <anonymous> = 0]	16	static
/home/fei/min0150/Projects/VSB/APPS/apps-workspace.mcu/i2c/mbed-os/platform/include/platform/Callback.h:612:10:)>::Callback<Button*, void (Button::*)(), 0>::<lambda()>; <template-parameter-2-2> = void; R = void; ArgTs = {}]	16	static
/usr/local/mcuxpressoide-11.6.1_8255/ide/plugins/com.nxp.mcuxpresso.tools.linux_11.6.1.202207200623/tools/arm-none-eabi/include/c++/10.3.1/chrono:223:4:static constexpr _ToDur std::chrono::__duration_cast_impl<_ToDur, _CF, _CR, false, true>::__cast(const std::chrono::duration<_Rep, _Period>&) [with _Rep = long long int; _Period = std::ratio<1, 1000>; _ToDur = std::chrono::duration<long long int, std::ratio<1, 1000000> >; _CF = std::ratio<1000, 1>; _CR = long long int]	48	static
/home/fei/min0150/Projects/VSB/APPS/apps-workspace.mcu/i2c/mbed-os/platform/include/platform/Callback.h:655:14:) [with F = void (*)(); R = void; ArgTs = {}]	24	static
/usr/local/mcuxpressoide-11.6.1_8255/ide/plugins/com.nxp.mcuxpresso.tools.linux_11.6.1.202207200623/tools/arm-none-eabi/include/c++/10.3.1/bits/move.h:76:5:constexpr _Tp&& std::forward(typename std::remove_reference<_Tp>::type&) [with _Tp = void (Button::* const&)()]	8	static
/usr/local/mcuxpressoide-11.6.1_8255/ide/plugins/com.nxp.mcuxpresso.tools.linux_11.6.1.202207200623/tools/arm-none-eabi/include/c++/10.3.1/bits/move.h:76:5:constexpr _Tp&& std::forward(typename std::remove_reference<_Tp>::type&) [with _Tp = Button* const&]	8	static
/home/fei/min0150/Projects/VSB/APPS/apps-workspace.mcu/i2c/mbed-os/platform/cxxsupport/mstd_functional:42:29:) [with F = void (Button::* const&)(); Args = {Button* const&}]	16	static
/home/fei/min0150/Projects/VSB/APPS/apps-workspace.mcu/i2c/mbed-os/platform/include/platform/Callback.h:655:14:)>::Callback<Button*, void (Button::*)(), 0>::<lambda()>; R = void; ArgTs = {}]	24	static
/usr/local/mcuxpressoide-11.6.1_8255/ide/plugins/com.nxp.mcuxpresso.tools.linux_11.6.1.202207200623/tools/arm-none-eabi/include/c++/10.3.1/bits/move.h:101:5:)>::Callback<Button*, void (Button::*)(), 0>::<lambda()>&]	8	static
/home/fei/min0150/Projects/VSB/APPS/apps-workspace.mcu/i2c/mbed-os/platform/include/platform/Callback.h:120:3:) [with R = void; F = void (*&)(); Args = {}; typename std::enable_if<std::is_void< <template-parameter-1-1> >::value, int>::type <anonymous> = 0]	16	static
/home/fei/min0150/Projects/VSB/APPS/apps-workspace.mcu/i2c/mbed-os/platform/cxxsupport/mstd_type_traits:343:6:) [with Base = Button; F = void(); T1 = Button* const&; Args = {}]	24	static
/home/fei/min0150/Projects/VSB/APPS/apps-workspace.mcu/i2c/mbed-os/platform/include/platform/Callback.h:120:3:)>::Callback<Button*, void (Button::*)(), 0>::<lambda()>&; Args = {}; typename std::enable_if<std::is_void< <template-parameter-1-1> >::value, int>::type <anonymous> = 0]	16	static
/usr/local/mcuxpressoide-11.6.1_8255/ide/plugins/com.nxp.mcuxpresso.tools.linux_11.6.1.202207200623/tools/arm-none-eabi/include/c++/10.3.1/bits/move.h:76:5:constexpr _Tp&& std::forward(typename std::remove_reference<_Tp>::type&) [with _Tp = void (*&)()]	8	static
/home/fei/min0150/Projects/VSB/APPS/apps-workspace.mcu/i2c/mbed-os/platform/cxxsupport/mstd_functional:42:29:) [with F = void (*&)(); Args = {}]	16	static
/usr/local/mcuxpressoide-11.6.1_8255/ide/plugins/com.nxp.mcuxpresso.tools.linux_11.6.1.202207200623/tools/arm-none-eabi/include/c++/10.3.1/bits/move.h:76:5:)>::Callback<Button*, void (Button::*)(), 0>::<lambda()>&]	8	static
/home/fei/min0150/Projects/VSB/APPS/apps-workspace.mcu/i2c/mbed-os/platform/cxxsupport/mstd_functional:42:29:)>::Callback<Button*, void (Button::*)(), 0>::<lambda()>&; Args = {}]	16	static
/home/fei/min0150/Projects/VSB/APPS/apps-workspace.mcu/i2c/mbed-os/platform/cxxsupport/mstd_type_traits:385:6:) [with F = void (*&)(); Args = {}]	16	static
/home/fei/min0150/Projects/VSB/APPS/apps-workspace.mcu/i2c/mbed-os/platform/cxxsupport/mstd_type_traits:385:6:)>::Callback<Button*, void (Button::*)(), 0>::<lambda()>&; Args = {}]	16	static
../main-i2c.cpp:75:8:void __tcf_0(void*)	16	static
../main-i2c.cpp:521:1:void __static_initialization_and_destruction_0(int, int)	16	static
../main-i2c.cpp:521:1:cpp)	8	static
