Archive member included to satisfy reference by file (symbol)

/home/fei/min0150/Projects/VSB/APPS/apps-workspace.mcu/leds/mbed-os/lib/libmbed-os.a(Ticker.o)
                              ./main-leds.o (mbed::TickerBase::handler())
/home/fei/min0150/Projects/VSB/APPS/apps-workspace.mcu/leds/mbed-os/lib/libmbed-os.a(TimerEvent.o)
                              /home/fei/min0150/Projects/VSB/APPS/apps-workspace.mcu/leds/mbed-os/lib/libmbed-os.a(Ticker.o) (mbed::TimerEvent::TimerEvent(ticker_data_t const*))
/home/fei/min0150/Projects/VSB/APPS/apps-workspace.mcu/leds/mbed-os/lib/libmbed-os.a(mbed_compat.o)
                              ./main-leds.o (gpio_free)
/home/fei/min0150/Projects/VSB/APPS/apps-workspace.mcu/leds/mbed-os/lib/libmbed-os.a(mbed_gpio.o)
                              ./main-leds.o (gpio_init_in)
/home/fei/min0150/Projects/VSB/APPS/apps-workspace.mcu/leds/mbed-os/lib/libmbed-os.a(mbed_lp_ticker_api.o)
                              /home/fei/min0150/Projects/VSB/APPS/apps-workspace.mcu/leds/mbed-os/lib/libmbed-os.a(Ticker.o) (get_lp_ticker_data)
/home/fei/min0150/Projects/VSB/APPS/apps-workspace.mcu/leds/mbed-os/lib/libmbed-os.a(mbed_ticker_api.o)
                              /home/fei/min0150/Projects/VSB/APPS/apps-workspace.mcu/leds/mbed-os/lib/libmbed-os.a(TimerEvent.o) (ticker_set_handler)
/home/fei/min0150/Projects/VSB/APPS/apps-workspace.mcu/leds/mbed-os/lib/libmbed-os.a(mbed_us_ticker_api.o)
                              /home/fei/min0150/Projects/VSB/APPS/apps-workspace.mcu/leds/mbed-os/lib/libmbed-os.a(Ticker.o) (get_us_ticker_data)
/home/fei/min0150/Projects/VSB/APPS/apps-workspace.mcu/leds/mbed-os/lib/libmbed-os.a(CriticalSectionLock.o)
                              /home/fei/min0150/Projects/VSB/APPS/apps-workspace.mcu/leds/mbed-os/lib/libmbed-os.a(Ticker.o) (mbed::CriticalSectionLock::CriticalSectionLock())
/home/fei/min0150/Projects/VSB/APPS/apps-workspace.mcu/leds/mbed-os/lib/libmbed-os.a(mbed_assert.o)
                              /home/fei/min0150/Projects/VSB/APPS/apps-workspace.mcu/leds/mbed-os/lib/libmbed-os.a(mbed_ticker_api.o) (mbed_assert_internal)
/home/fei/min0150/Projects/VSB/APPS/apps-workspace.mcu/leds/mbed-os/lib/libmbed-os.a(mbed_critical.o)
                              /home/fei/min0150/Projects/VSB/APPS/apps-workspace.mcu/leds/mbed-os/lib/libmbed-os.a(mbed_ticker_api.o) (core_util_critical_section_enter)
/home/fei/min0150/Projects/VSB/APPS/apps-workspace.mcu/leds/mbed-os/lib/libmbed-os.a(mbed_error.o)
                              /home/fei/min0150/Projects/VSB/APPS/apps-workspace.mcu/leds/mbed-os/lib/libmbed-os.a(mbed_ticker_api.o) (mbed_error)
/home/fei/min0150/Projects/VSB/APPS/apps-workspace.mcu/leds/mbed-os/lib/libmbed-os.a(mbed_power_mgmt.o)
                              /home/fei/min0150/Projects/VSB/APPS/apps-workspace.mcu/leds/mbed-os/lib/libmbed-os.a(Ticker.o) (sleep_manager_lock_deep_sleep_internal)
/home/fei/min0150/Projects/VSB/APPS/apps-workspace.mcu/leds/mbed-os/lib/libmbed-os.a(mbed_sdk_boot.o)
                              /usr/local/mcuxpressoide-11.6.1_8255/ide/plugins/com.nxp.mcuxpresso.tools.linux_11.6.1.202207200623/tools/bin/../lib/gcc/arm-none-eabi/10.3.1/../../../../arm-none-eabi/lib/thumb/v7e-m+fp/softfp/crt0.o (__wrap_main)
/home/fei/min0150/Projects/VSB/APPS/apps-workspace.mcu/leds/mbed-os/lib/libmbed-os.a(mbed_wait_api_no_rtos.o)
                              /home/fei/min0150/Projects/VSB/APPS/apps-workspace.mcu/leds/mbed-os/lib/libmbed-os.a(mbed_power_mgmt.o) (wait_ns)
/home/fei/min0150/Projects/VSB/APPS/apps-workspace.mcu/leds/mbed-os/lib/libmbed-os.a(mbed_retarget.o)
                              /home/fei/min0150/Projects/VSB/APPS/apps-workspace.mcu/leds/mbed-os/lib/libmbed-os.a(TimerEvent.o) (__cxa_pure_virtual)
/home/fei/min0150/Projects/VSB/APPS/apps-workspace.mcu/leds/mbed-os/lib/libmbed-os.a(startup_MK64F12.o)
                              (Reset_Handler)
/home/fei/min0150/Projects/VSB/APPS/apps-workspace.mcu/leds/mbed-os/lib/libmbed-os.a(system_MK64F12.o)
                              /home/fei/min0150/Projects/VSB/APPS/apps-workspace.mcu/leds/mbed-os/lib/libmbed-os.a(startup_MK64F12.o) (SystemInit)
/home/fei/min0150/Projects/VSB/APPS/apps-workspace.mcu/leds/mbed-os/lib/libmbed-os.a(us_ticker.o)
                              /home/fei/min0150/Projects/VSB/APPS/apps-workspace.mcu/leds/mbed-os/lib/libmbed-os.a(mbed_us_ticker_api.o) (us_ticker_init)
/home/fei/min0150/Projects/VSB/APPS/apps-workspace.mcu/leds/mbed-os/lib/libmbed-os.a(spi_api.o)
                              /home/fei/min0150/Projects/VSB/APPS/apps-workspace.mcu/leds/mbed-os/lib/libmbed-os.a(mbed_compat.o) (spi_master_cs_pinmap)
/home/fei/min0150/Projects/VSB/APPS/apps-workspace.mcu/leds/mbed-os/lib/libmbed-os.a(serial_api.o)
                              /home/fei/min0150/Projects/VSB/APPS/apps-workspace.mcu/leds/mbed-os/lib/libmbed-os.a(mbed_retarget.o) (serial_init_direct)
[...]
Memory Configuration

Name             Origin             Length             Attributes
m_interrupts     0x0000000000000000 0x0000000000000400 xr
m_flash_config   0x0000000000000400 0x0000000000000010 xr
m_text           0x0000000000000410 0x00000000000ffbf0 xr
m_data           0x000000001fff0000 0x0000000000010000 rw
m_data_2         0x0000000020000000 0x0000000000030000 rw
*default*        0x0000000000000000 0xffffffffffffffff

Linker script and memory map

LOAD /usr/local/mcuxpressoide-11.6.1_8255/ide/plugins/com.nxp.mcuxpresso.tools.linux_11.6.1.202207200623/tools/bin/../lib/gcc/arm-none-eabi/10.3.1/thumb/v7e-m+fp/softfp/crti.o
LOAD /usr/local/mcuxpressoide-11.6.1_8255/ide/plugins/com.nxp.mcuxpresso.tools.linux_11.6.1.202207200623/tools/bin/../lib/gcc/arm-none-eabi/10.3.1/thumb/v7e-m+fp/softfp/crtbegin.o
LOAD /usr/local/mcuxpressoide-11.6.1_8255/ide/plugins/com.nxp.mcuxpresso.tools.linux_11.6.1.202207200623/tools/bin/../lib/gcc/arm-none-eabi/10.3.1/../../../../arm-none-eabi/lib/thumb/v7e-m+fp/softfp/crt0.o
LOAD ./main-leds.o
LOAD /home/fei/min0150/Projects/VSB/APPS/apps-workspace.mcu/leds/mbed-os/lib/libmbed-os.a
LOAD /usr/local/mcuxpressoide-11.6.1_8255/ide/plugins/com.nxp.mcuxpresso.tools.linux_11.6.1.202207200623/tools/bin/../lib/gcc/arm-none-eabi/10.3.1/../../../../arm-none-eabi/lib/thumb/v7e-m+fp/softfp/libstdc++.a
LOAD /usr/local/mcuxpressoide-11.6.1_8255/ide/plugins/com.nxp.mcuxpresso.tools.linux_11.6.1.202207200623/tools/bin/../lib/gcc/arm-none-eabi/10.3.1/../../../../arm-none-eabi/lib/thumb/v7e-m+fp/softfp/libsupc++.a
LOAD /usr/local/mcuxpressoide-11.6.1_8255/ide/plugins/com.nxp.mcuxpresso.tools.linux_11.6.1.202207200623/tools/bin/../lib/gcc/arm-none-eabi/10.3.1/thumb/v7e-m+fp/softfp/libgcc.a
LOAD /usr/local/mcuxpressoide-11.6.1_8255/ide/plugins/com.nxp.mcuxpresso.tools.linux_11.6.1.202207200623/tools/bin/../lib/gcc/arm-none-eabi/10.3.1/../../../../arm-none-eabi/lib/thumb/v7e-m+fp/softfp/libnosys.a
START GROUP
LOAD /usr/local/mcuxpressoide-11.6.1_8255/ide/plugins/com.nxp.mcuxpresso.tools.linux_11.6.1.202207200623/tools/bin/../lib/gcc/arm-none-eabi/10.3.1/../../../../arm-none-eabi/lib/thumb/v7e-m+fp/softfp/libstdc++.a
LOAD /usr/local/mcuxpressoide-11.6.1_8255/ide/plugins/com.nxp.mcuxpresso.tools.linux_11.6.1.202207200623/tools/bin/../lib/gcc/arm-none-eabi/10.3.1/../../../../arm-none-eabi/lib/thumb/v7e-m+fp/softfp/libsupc++.a
LOAD /usr/local/mcuxpressoide-11.6.1_8255/ide/plugins/com.nxp.mcuxpresso.tools.linux_11.6.1.202207200623/tools/bin/../lib/gcc/arm-none-eabi/10.3.1/../../../../arm-none-eabi/lib/thumb/v7e-m+fp/softfp/libm.a
LOAD /usr/local/mcuxpressoide-11.6.1_8255/ide/plugins/com.nxp.mcuxpresso.tools.linux_11.6.1.202207200623/tools/bin/../lib/gcc/arm-none-eabi/10.3.1/../../../../arm-none-eabi/lib/thumb/v7e-m+fp/softfp/libc.a
LOAD /usr/local/mcuxpressoide-11.6.1_8255/ide/plugins/com.nxp.mcuxpresso.tools.linux_11.6.1.202207200623/tools/bin/../lib/gcc/arm-none-eabi/10.3.1/thumb/v7e-m+fp/softfp/libgcc.a
LOAD /usr/local/mcuxpressoide-11.6.1_8255/ide/plugins/com.nxp.mcuxpresso.tools.linux_11.6.1.202207200623/tools/bin/../lib/gcc/arm-none-eabi/10.3.1/../../../../arm-none-eabi/lib/thumb/v7e-m+fp/softfp/libnosys.a
LOAD /home/fei/min0150/Projects/VSB/APPS/apps-workspace.mcu/leds/mbed-os/lib/libmbed-os.a
END GROUP
LOAD /usr/local/mcuxpressoide-11.6.1_8255/ide/plugins/com.nxp.mcuxpresso.tools.linux_11.6.1.202207200623/tools/bin/../lib/gcc/arm-none-eabi/10.3.1/../../../../arm-none-eabi/lib/thumb/v7e-m+fp/softfp/libstdc++.a
LOAD /usr/local/mcuxpressoide-11.6.1_8255/ide/plugins/com.nxp.mcuxpresso.tools.linux_11.6.1.202207200623/tools/bin/../lib/gcc/arm-none-eabi/10.3.1/../../../../arm-none-eabi/lib/thumb/v7e-m+fp/softfp/libm.a
LOAD /usr/local/mcuxpressoide-11.6.1_8255/ide/plugins/com.nxp.mcuxpresso.tools.linux_11.6.1.202207200623/tools/bin/../lib/gcc/arm-none-eabi/10.3.1/../../../../arm-none-eabi/lib/thumb/v7e-m+fp/softfp/libc.a
START GROUP
LOAD /usr/local/mcuxpressoide-11.6.1_8255/ide/plugins/com.nxp.mcuxpresso.tools.linux_11.6.1.202207200623/tools/bin/../lib/gcc/arm-none-eabi/10.3.1/thumb/v7e-m+fp/softfp/libgcc.a
LOAD /usr/local/mcuxpressoide-11.6.1_8255/ide/plugins/com.nxp.mcuxpresso.tools.linux_11.6.1.202207200623/tools/bin/../lib/gcc/arm-none-eabi/10.3.1/../../../../arm-none-eabi/lib/thumb/v7e-m+fp/softfp/libc.a
END GROUP
LOAD /usr/local/mcuxpressoide-11.6.1_8255/ide/plugins/com.nxp.mcuxpresso.tools.linux_11.6.1.202207200623/tools/bin/../lib/gcc/arm-none-eabi/10.3.1/thumb/v7e-m+fp/softfp/crtend.o
LOAD /usr/local/mcuxpressoide-11.6.1_8255/ide/plugins/com.nxp.mcuxpresso.tools.linux_11.6.1.202207200623/tools/bin/../lib/gcc/arm-none-eabi/10.3.1/thumb/v7e-m+fp/softfp/crtn.o
                0x0000000000000001                __ram_vector_table__ = 0x1
                0x0000000000000400                __stack_size__ = 0x400
                0x0000000000000400                STACK_SIZE = DEFINED (__stack_size__)?__stack_size__:0x400
                0x0000000000000400                M_VECTOR_RAM_SIZE = DEFINED (__ram_vector_table__)?0x400:0x0
                0x0000000000000100                M_CRASH_DATA_RAM_SIZE = 0x100

.interrupts     0x0000000000000000      0x400
                0x0000000000000000                __VECTOR_TABLE = .
                0x0000000000000000                . = ALIGN (0x8)
 *(.isr_vector)
 .isr_vector    0x0000000000000000      0x400 /home/fei/min0150/Projects/VSB/APPS/apps-workspace.mcu/leds/mbed-os/lib/libmbed-os.a(startup_MK64F12.o)
                0x0000000000000000                __isr_vector
                0x0000000000000400                . = ALIGN (0x8)

.flash_config   0x0000000000000400       0x10
                0x0000000000000400                . = ALIGN (0x8)
 *(.FlashConfig)
 .FlashConfig   0x0000000000000400       0x10 /home/fei/min0150/Projects/VSB/APPS/apps-workspace.mcu/leds/mbed-os/lib/libmbed-os.a(startup_MK64F12.o)
                0x0000000000000410                . = ALIGN (0x8)

.text           0x0000000000000440     0x7840
                0x0000000000000440                . = ALIGN (0x8)
 *(.text)
 .text          0x0000000000000440       0x40 /usr/local/mcuxpressoide-11.6.1_8255/ide/plugins/com.nxp.mcuxpresso.tools.linux_11.6.1.202207200623/tools/bin/../lib/gcc/arm-none-eabi/10.3.1/thumb/v7e-m+fp/softfp/crtbegin.o
 .text          0x0000000000000480       0x7c /usr/local/mcuxpressoide-11.6.1_8255/ide/plugins/com.nxp.mcuxpresso.tools.linux_11.6.1.202207200623/tools/bin/../lib/gcc/arm-none-eabi/10.3.1/../../../../arm-none-eabi/lib/thumb/v7e-m+fp/softfp/crt0.o
                0x0000000000000480                _stack_init
                0x0000000000000488                _mainCRTStartup
                0x0000000000000488                _start
 .text          0x00000000000004fc      0x1e4 /home/fei/min0150/Projects/VSB/APPS/apps-workspace.mcu/leds/mbed-os/lib/libmbed-os.a(startup_MK64F12.o)
                0x00000000000004fc                Reset_Handler
                0x0000000000000540                DebugMon_Handler
                0x0000000000000540                DMA_Error_DriverIRQHandler
                0x0000000000000540                SDHC_DriverIRQHandler
                0x0000000000000540                PIT0_IRQHandler
                0x0000000000000540                CMP2_IRQHandler
                0x0000000000000540                LLWU_IRQHandler
                0x0000000000000540                I2S0_Tx_DriverIRQHandler
                0x0000000000000540                ENET_1588_Timer_DriverIRQHandler
                0x0000000000000540                I2C2_DriverIRQHandler
                0x0000000000000540                SWI_IRQHandler
                0x0000000000000540                ADC0_IRQHandler
                0x0000000000000540                UsageFault_Handler
                0x0000000000000540                CMT_IRQHandler
                0x0000000000000540                DefaultISR
                0x0000000000000540                UART5_ERR_DriverIRQHandler
                0x0000000000000540                CMP1_IRQHandler
                0x0000000000000540                Reserved71_IRQHandler
                0x0000000000000540                PORTD_IRQHandler
                0x0000000000000540                PORTB_IRQHandler
                0x0000000000000540                UART2_ERR_DriverIRQHandler
                0x0000000000000540                ADC1_IRQHandler
                0x0000000000000540                PIT2_IRQHandler
                0x0000000000000540                RTC_IRQHandler
                0x0000000000000540                UART3_ERR_DriverIRQHandler
                0x0000000000000540                PDB0_IRQHandler
                0x0000000000000540                FTM1_IRQHandler
                0x0000000000000540                PIT3_IRQHandler
                0x0000000000000540                RTC_Seconds_IRQHandler
                0x0000000000000540                MCG_IRQHandler
                0x0000000000000540                FTFE_IRQHandler
                0x0000000000000540                UART0_ERR_DriverIRQHandler
                0x0000000000000540                Read_Collision_IRQHandler
                0x0000000000000540                USBDCD_IRQHandler
                0x0000000000000540                I2S0_Rx_DriverIRQHandler
                0x0000000000000540                USB0_IRQHandler
                0x0000000000000540                UART4_ERR_DriverIRQHandler
                0x0000000000000540                WDOG_EWM_IRQHandler
                0x0000000000000540                MemManage_Handler
                0x0000000000000540                UART0_LON_DriverIRQHandler
                0x0000000000000540                RNG_IRQHandler
                0x0000000000000540                I2C1_DriverIRQHandler
                0x0000000000000540                ENET_Receive_DriverIRQHandler
                0x0000000000000540                DAC0_IRQHandler
                0x0000000000000540                ENET_Error_DriverIRQHandler
                0x0000000000000540                PIT1_IRQHandler
                0x0000000000000540                LVD_LVW_IRQHandler
                0x0000000000000540                FTM0_IRQHandler
                0x0000000000000540                PORTA_IRQHandler
                0x0000000000000540                DAC1_IRQHandler
                0x0000000000000540                MCM_IRQHandler
                0x0000000000000540                CAN0_DriverIRQHandler
                0x0000000000000540                FTM3_IRQHandler
                0x0000000000000540                PORTE_IRQHandler
                0x0000000000000540                FTM2_IRQHandler
                0x0000000000000540                LPTMR0_IRQHandler
                0x0000000000000540                BusFault_Handler
                0x0000000000000540                UART1_ERR_DriverIRQHandler
                0x0000000000000540                ENET_Transmit_DriverIRQHandler
                0x0000000000000540                I2C0_DriverIRQHandler
                0x0000000000000540                CMP0_IRQHandler
                0x0000000000000540                PORTC_IRQHandler
                0x0000000000000544                NMI_Handler
                0x0000000000000548                HardFault_Handler
                0x000000000000054c                SVC_Handler
                0x0000000000000550                PendSV_Handler
                0x0000000000000554                SysTick_Handler
                0x0000000000000558                DMA0_IRQHandler
                0x000000000000055c                DMA1_IRQHandler
                0x0000000000000560                DMA2_IRQHandler
                0x0000000000000564                DMA3_IRQHandler
                0x0000000000000568                DMA4_IRQHandler
                0x000000000000056c                DMA5_IRQHandler
                0x0000000000000570                DMA6_IRQHandler
                0x0000000000000574                DMA7_IRQHandler
                0x0000000000000578                DMA8_IRQHandler
                0x000000000000057c                DMA9_IRQHandler
                0x0000000000000580                DMA10_IRQHandler
                0x0000000000000584                DMA11_IRQHandler
                0x0000000000000588                DMA12_IRQHandler
                0x000000000000058c                DMA13_IRQHandler
                0x0000000000000590                DMA14_IRQHandler
                0x0000000000000594                DMA15_IRQHandler
                0x0000000000000598                DMA_Error_IRQHandler
                0x000000000000059c                I2C0_IRQHandler
                0x00000000000005a0                I2C1_IRQHandler
                0x00000000000005a4                SPI0_IRQHandler
                0x00000000000005a8                SPI1_IRQHandler
                0x00000000000005ac                I2S0_Tx_IRQHandler
                0x00000000000005b0                I2S0_Rx_IRQHandler
                0x00000000000005b4                UART0_LON_IRQHandler
                0x00000000000005b8                UART0_RX_TX_IRQHandler
                0x00000000000005bc                UART0_ERR_IRQHandler
                0x00000000000005c0                UART1_RX_TX_IRQHandler
                0x00000000000005c4                UART1_ERR_IRQHandler
                0x00000000000005c8                UART2_RX_TX_IRQHandler
                0x00000000000005cc                UART2_ERR_IRQHandler
                0x00000000000005d0                UART3_RX_TX_IRQHandler
                0x00000000000005d4                UART3_ERR_IRQHandler
                0x00000000000005d8                SPI2_IRQHandler
                0x00000000000005dc                UART4_RX_TX_IRQHandler
                0x00000000000005e0                UART4_ERR_IRQHandler
                0x00000000000005e4                UART5_RX_TX_IRQHandler
                0x00000000000005e8                UART5_ERR_IRQHandler
                0x00000000000005ec                I2C2_IRQHandler
                0x00000000000005f0                CAN0_ORed_Message_buffer_IRQHandler
                0x00000000000005f4                CAN0_Bus_Off_IRQHandler
                0x00000000000005f8                CAN0_Error_IRQHandler
                0x00000000000005fc                CAN0_Tx_Warning_IRQHandler
                0x0000000000000600                CAN0_Rx_Warning_IRQHandler
                0x0000000000000604                CAN0_Wake_Up_IRQHandler
                0x0000000000000608                SDHC_IRQHandler
                0x000000000000060c                ENET_1588_Timer_IRQHandler
                0x0000000000000610                ENET_Transmit_IRQHandler
                0x0000000000000614                ENET_Receive_IRQHandler
                0x0000000000000618                ENET_Error_IRQHandler
 .text          0x00000000000006e0       0x30 /usr/local/mcuxpressoide-11.6.1_8255/ide/plugins/com.nxp.mcuxpresso.tools.linux_11.6.1.202207200623/tools/bin/../lib/gcc/arm-none-eabi/10.3.1/thumb/v7e-m+fp/softfp/libgcc.a(_aeabi_uldivmod.o)
                0x00000000000006e0                __aeabi_uldivmod
 .text          0x0000000000000710      0x2d0 /usr/local/mcuxpressoide-11.6.1_8255/ide/plugins/com.nxp.mcuxpresso.tools.linux_11.6.1.202207200623/tools/bin/../lib/gcc/arm-none-eabi/10.3.1/thumb/v7e-m+fp/softfp/libgcc.a(_udivmoddi4.o)
                0x0000000000000710                __udivmoddi4
 .text          0x00000000000009e0        0x4 /usr/local/mcuxpressoide-11.6.1_8255/ide/plugins/com.nxp.mcuxpresso.tools.linux_11.6.1.202207200623/tools/bin/../lib/gcc/arm-none-eabi/10.3.1/thumb/v7e-m+fp/softfp/libgcc.a(_dvmd_tls.o)
                0x00000000000009e0                __aeabi_ldiv0
                0x00000000000009e0                __aeabi_idiv0
 .text          0x00000000000009e4      0x134 /usr/local/mcuxpressoide-11.6.1_8255/ide/plugins/com.nxp.mcuxpresso.tools.linux_11.6.1.202207200623/tools/bin/../lib/gcc/arm-none-eabi/10.3.1/../../../../arm-none-eabi/lib/thumb/v7e-m+fp/softfp/libc.a(lib_a-memcpy.o)
                0x00000000000009e4                memcpy
 *fill*         0x0000000000000b18       0x28 
 .text          0x0000000000000b40       0xdc /usr/local/mcuxpressoide-11.6.1_8255/ide/plugins/com.nxp.mcuxpresso.tools.linux_11.6.1.202207200623/tools/bin/../lib/gcc/arm-none-eabi/10.3.1/../../../../arm-none-eabi/lib/thumb/v7e-m+fp/softfp/libc.a(lib_a-strlen.o)
                0x0000000000000b40                strlen
 *fill*         0x0000000000000c1c        0x4 
 .text          0x0000000000000c20       0xa0 /usr/local/mcuxpressoide-11.6.1_8255/ide/plugins/com.nxp.mcuxpresso.tools.linux_11.6.1.202207200623/tools/bin/../lib/gcc/arm-none-eabi/10.3.1/../../../../arm-none-eabi/lib/thumb/v7e-m+fp/softfp/libc.a(lib_a-memchr.o)
                0x0000000000000c20                memchr
 *(.text*)
 .text._ZnwjPv  0x0000000000000cc0        0xe ./main-leds.o
                0x0000000000000cc0                operator new(unsigned int, void*)
 .text._ZNKSt6chrono8durationIxSt5ratioILx1ELx1000000EEE5countEv
                0x0000000000000cce       0x12 ./main-leds.o
                0x0000000000000cce                std::chrono::duration<long long, std::ratio<1ll, 1000000ll> >::count() const
 .text._ZN4mbed6detail12CallbackBase7controlEv
                0x0000000000000ce0        0xe ./main-leds.o
                0x0000000000000ce0                mbed::detail::CallbackBase::control()
 .text._ZN4mbed6detail12CallbackBase5clearEv
                0x0000000000000cee       0x1a ./main-leds.o
                0x0000000000000cee                mbed::detail::CallbackBase::clear()
 .text._ZN4mbed9DigitalInC2E7PinName
                0x0000000000000d08       0x22 ./main-leds.o
                0x0000000000000d08                mbed::DigitalIn::DigitalIn(PinName)
                0x0000000000000d08                mbed::DigitalIn::DigitalIn(PinName)
 .text._ZN4mbed9DigitalInD2Ev
                0x0000000000000d2a       0x18 ./main-leds.o
                0x0000000000000d2a                mbed::DigitalIn::~DigitalIn()
                0x0000000000000d2a                mbed::DigitalIn::~DigitalIn()
 .text._ZN4mbed9DigitalIn4readEv
                0x0000000000000d42       0x18 ./main-leds.o
                0x0000000000000d42                mbed::DigitalIn::read()
 .text._ZN4mbed9DigitalIncviEv
                0x0000000000000d5a       0x16 ./main-leds.o
                0x0000000000000d5a                mbed::DigitalIn::operator int()
 .text._ZN4mbed10DigitalOutC2E7PinName
                0x0000000000000d70       0x22 ./main-leds.o
                0x0000000000000d70                mbed::DigitalOut::DigitalOut(PinName)
                0x0000000000000d70                mbed::DigitalOut::DigitalOut(PinName)
 .text._ZN4mbed10DigitalOut5writeEi
                0x0000000000000d92       0x1a ./main-leds.o
                0x0000000000000d92                mbed::DigitalOut::write(int)
 .text._ZN4mbed10DigitalOutaSEi
                0x0000000000000dac       0x1a ./main-leds.o
                0x0000000000000dac                mbed::DigitalOut::operator=(int)
 *fill*         0x0000000000000dc6        0x2 
 .text._ZN4mbed10TickerBaseD2Ev
                0x0000000000000dc8       0x28 ./main-leds.o
                0x0000000000000dc8                mbed::TickerBase::~TickerBase()
                0x0000000000000dc8                mbed::TickerBase::~TickerBase()
 .text._ZN4mbed6TickerD2Ev
                0x0000000000000df0       0x24 ./main-leds.o
                0x0000000000000df0                mbed::Ticker::~Ticker()
                0x0000000000000df0                mbed::Ticker::~Ticker()
 .text._ZN6PWMLedC2E7PinName
                0x0000000000000e14       0x6c ./main-leds.o
                0x0000000000000e14                PWMLed::PWMLed(PinName)
                0x0000000000000e14                PWMLed::PWMLed(PinName)
 .text._ZN6PWMLed14set_brightnessEh
                0x0000000000000e80       0x40 ./main-leds.o
                0x0000000000000e80                PWMLed::set_brightness(unsigned char)
 .text._ZN6PWMLed7run_pwmEv
                0x0000000000000ec0       0x4c ./main-leds.o
                0x0000000000000ec0                PWMLed::run_pwm()
 .text._ZN6RGBLedC2E7PinNameS0_S0_
                0x0000000000000f0c       0x88 ./main-leds.o
                0x0000000000000f0c                RGBLed::RGBLed(PinName, PinName, PinName)
                0x0000000000000f0c                RGBLed::RGBLed(PinName, PinName, PinName)
 .text._ZN6RGBLed7set_rgbEhhh
                0x0000000000000f94       0x40 ./main-leds.o
                0x0000000000000f94                RGBLed::set_rgb(unsigned char, unsigned char, unsigned char)
 .text._ZN6RGBLed7run_pwmEv
                0x0000000000000fd4      0x130 ./main-leds.o
                0x0000000000000fd4                RGBLed::run_pwm()
 .text._ZN6ButtonC2E7PinName
                0x0000000000001104       0x80 ./main-leds.o
                0x0000000000001104                Button::Button(PinName)
                0x0000000000001104                Button::Button(PinName)
 .text._ZN6Button7run_pwmEv
                0x0000000000001184       0x50 ./main-leds.o
                0x0000000000001184                Button::run_pwm()
 .text._ZN6Button10get_changeEv
                0x00000000000011d4       0x30 ./main-leds.o
                0x00000000000011d4                Button::get_change()
 .text._ZN6PWMLedD2Ev
                0x0000000000001204       0x18 ./main-leds.o
                0x0000000000001204                PWMLed::~PWMLed()
                0x0000000000001204                PWMLed::~PWMLed()
 .text._ZN6ButtonD2Ev
                0x000000000000121c       0x22 ./main-leds.o
                0x000000000000121c                Button::~Button()
                0x000000000000121c                Button::~Button()
 .text._ZN6RGBLedD2Ev
                0x000000000000123e       0x18 ./main-leds.o
                0x000000000000123e                RGBLed::~RGBLed()
                0x000000000000123e                RGBLed::~RGBLed()
 *fill*         0x0000000000001256        0x2 
 .text._Z11knightRiderv
                0x0000000000001258      0x10c ./main-leds.o
                0x0000000000001258                knightRider()
 .text.main     0x0000000000001364       0x74 ./main-leds.o
                0x0000000000001364                main
 .text._ZSt4moveIRPFvvEEONSt16remove_referenceIT_E4typeEOS4_
                0x00000000000013d8        0xc ./main-leds.o
                0x00000000000013d8                std::remove_reference<void (*&)()>::type&& std::move<void (*&)()>(void (*&)())
 .text._ZN4mbed8callbackI6PWMLedS1_vJEEENS_8CallbackIFT1_DpT2_EEEPT0_MT_FS3_S5_E
                0x00000000000013e4       0x22 ./main-leds.o
                0x00000000000013e4                mbed::Callback<void ()> mbed::callback<PWMLed, PWMLed, void>(PWMLed*, void (PWMLed::*)())
 .text._ZNSt6chrono8durationIxSt5ratioILx1ELx1000000EEEC2IxS1_ILx1ELx1000EEvEERKNS0_IT_T0_EE
                0x0000000000001406       0x2e ./main-leds.o
                0x0000000000001406                std::chrono::duration<long long, std::ratio<1ll, 1000000ll> >::duration<long long, std::ratio<1ll, 1000ll>, void>(std::chrono::duration<long long, std::ratio<1ll, 1000ll> > const&)
                0x0000000000001406                std::chrono::duration<long long, std::ratio<1ll, 1000000ll> >::duration<long long, std::ratio<1ll, 1000ll>, void>(std::chrono::duration<long long, std::ratio<1ll, 1000ll> > const&)
 .text._ZN4mbed8callbackI6RGBLedS1_vJEEENS_8CallbackIFT1_DpT2_EEEPT0_MT_FS3_S5_E
                0x0000000000001434       0x22 ./main-leds.o
                0x0000000000001434                mbed::Callback<void ()> mbed::callback<RGBLed, RGBLed, void>(RGBLed*, void (RGBLed::*)())
 .text._ZN4mbed8callbackI6ButtonS1_vJEEENS_8CallbackIFT1_DpT2_EEEPT0_MT_FS3_S5_E
                0x0000000000001456       0x22 ./main-leds.o
                0x0000000000001456                mbed::Callback<void ()> mbed::callback<Button, Button, void>(Button*, void (Button::*)())
 .text._ZN4mbed8CallbackIFvvEEC2IPS1_Li0EEET_
                0x0000000000001478       0x34 ./main-leds.o
                0x0000000000001478                mbed::Callback<void ()>::Callback<void (*)(), 0>(void (*)())
                0x0000000000001478                mbed::Callback<void ()>::Callback<void (*)(), 0>(void (*)())
 .text._ZNKSt6chrono8durationIxSt5ratioILx1ELx1000EEE5countEv
                0x00000000000014ac       0x12 ./main-leds.o
                0x00000000000014ac                std::chrono::duration<long long, std::ratio<1ll, 1000ll> >::count() const
 .text._ZZN4mbed8CallbackIFvvEEC4IP6PWMLedMS4_FvvELi0EEET_T0_ENKUlvE_clEv
                0x00000000000014be       0x1c ./main-leds.o
                0x00000000000014be                mbed::Callback<void ()>::Callback<PWMLed*, void (PWMLed::*)(), 0>(PWMLed*, void (PWMLed::*)())::{lambda()#1}::operator()() const
 .text._ZN4mbed8CallbackIFvvEEC2IP6PWMLedMS4_FvvELi0EEET_T0_
                0x00000000000014da       0x32 ./main-leds.o
                0x00000000000014da                mbed::Callback<void ()>::Callback<PWMLed*, void (PWMLed::*)(), 0>(PWMLed*, void (PWMLed::*)())
                0x00000000000014da                mbed::Callback<void ()>::Callback<PWMLed*, void (PWMLed::*)(), 0>(PWMLed*, void (PWMLed::*)())
 .text._ZNSt6chrono13duration_castINS_8durationIxSt5ratioILx1ELx1000000EEEExS2_ILx1ELx1000EEEENSt9enable_ifIXsrNS_13__is_durationIT_EE5valueES8_E4typeERKNS1_IT0_T1_EE
                0x000000000000150c       0x1c ./main-leds.o
                0x000000000000150c                std::enable_if<std::chrono::__is_duration<std::chrono::duration<long long, std::ratio<1ll, 1000000ll> > >::value, std::chrono::duration<long long, std::ratio<1ll, 1000000ll> > >::type std::chrono::duration_cast<std::chrono::duration<long long, std::ratio<1ll, 1000000ll> >, long long, std::ratio<1ll, 1000ll> >(std::chrono::duration<long long, std::ratio<1ll, 1000ll> > const&)
 .text._ZZN4mbed8CallbackIFvvEEC4IP6RGBLedMS4_FvvELi0EEET_T0_ENKUlvE_clEv
                0x0000000000001528       0x1c ./main-leds.o
                0x0000000000001528                mbed::Callback<void ()>::Callback<RGBLed*, void (RGBLed::*)(), 0>(RGBLed*, void (RGBLed::*)())::{lambda()#1}::operator()() const
 .text._ZN4mbed8CallbackIFvvEEC2IP6RGBLedMS4_FvvELi0EEET_T0_
                0x0000000000001544       0x32 ./main-leds.o
                0x0000000000001544                mbed::Callback<void ()>::Callback<RGBLed*, void (RGBLed::*)(), 0>(RGBLed*, void (RGBLed::*)())
                0x0000000000001544                mbed::Callback<void ()>::Callback<RGBLed*, void (RGBLed::*)(), 0>(RGBLed*, void (RGBLed::*)())
 .text._ZZN4mbed8CallbackIFvvEEC4IP6ButtonMS4_FvvELi0EEET_T0_ENKUlvE_clEv
                0x0000000000001576       0x1c ./main-leds.o
                0x0000000000001576                mbed::Callback<void ()>::Callback<Button*, void (Button::*)(), 0>(Button*, void (Button::*)())::{lambda()#1}::operator()() const
 .text._ZN4mbed8CallbackIFvvEEC2IP6ButtonMS4_FvvELi0EEET_T0_
                0x0000000000001592       0x32 ./main-leds.o
                0x0000000000001592                mbed::Callback<void ()>::Callback<Button*, void (Button::*)(), 0>(Button*, void (Button::*)())
                0x0000000000001592                mbed::Callback<void ()>::Callback<Button*, void (Button::*)(), 0>(Button*, void (Button::*)())
 .text._ZN4mbed8CallbackIFvvEE8generateIPS1_vEEvOT_
                0x00000000000015c4       0x40 ./main-leds.o
                0x00000000000015c4                void mbed::Callback<void ()>::generate<void (*)(), void>(void (*&&)())
 .text._ZNSt6chrono8durationIxSt5ratioILx1ELx1000000EEEC2IxvEERKT_
                0x0000000000001604       0x1a ./main-leds.o
                0x0000000000001604                std::chrono::duration<long long, std::ratio<1ll, 1000000ll> >::duration<long long, void>(long long const&)
                0x0000000000001604                std::chrono::duration<long long, std::ratio<1ll, 1000000ll> >::duration<long long, void>(long long const&)
 .text._ZN4mbed6detail8invoke_rIvRKM6PWMLedFvvEJRKPS2_ELi0EEET_OT0_DpOT1_
                0x000000000000161e       0x26 ./main-leds.o
                0x000000000000161e                void mbed::detail::invoke_r<void, void (PWMLed::* const&)(), PWMLed* const&, 0>(void (PWMLed::* const&)(), PWMLed* const&)
 .text._ZN4mbed8CallbackIFvvEE8generateIZNS2_C4IP6PWMLedMS5_FvvELi0EEET_T0_EUlvE_vEEvOS9_
                0x0000000000001644       0x34 ./main-leds.o
                0x0000000000001644                void mbed::Callback<void ()>::generate<mbed::Callback<void ()>::generate<PWMLed*, void (PWMLed::*)(), 0>(PWMLed*, void (PWMLed::*)())::{lambda()#1}, void>(mbed::Callback<void ()>::generate<PWMLed*, void (PWMLed::*)(), 0>(PWMLed*, void (PWMLed::*)())::{lambda()#1}&&)
 .text._ZNSt6chrono20__duration_cast_implINS_8durationIxSt5ratioILx1ELx1000000EEEES2_ILx1000ELx1EExLb0ELb1EE6__castIxS2_ILx1ELx1000EEEES4_RKNS1_IT_T0_EE
                0x0000000000001678       0x7a ./main-leds.o
                0x0000000000001678                std::chrono::duration<long long, std::ratio<1ll, 1000000ll> > std::chrono::__duration_cast_impl<std::chrono::duration<long long, std::ratio<1ll, 1000000ll> >, std::ratio<1000ll, 1ll>, long long, false, true>::__cast<long long, std::ratio<1ll, 1000ll> >(std::chrono::duration<long long, std::ratio<1ll, 1000ll> > const&)
 .text._ZN4mbed6detail8invoke_rIvRKM6RGBLedFvvEJRKPS2_ELi0EEET_OT0_DpOT1_
                0x00000000000016f2       0x26 ./main-leds.o
                0x00000000000016f2                void mbed::detail::invoke_r<void, void (RGBLed::* const&)(), RGBLed* const&, 0>(void (RGBLed::* const&)(), RGBLed* const&)
 .text._ZN4mbed8CallbackIFvvEE8generateIZNS2_C4IP6RGBLedMS5_FvvELi0EEET_T0_EUlvE_vEEvOS9_
                0x0000000000001718       0x34 ./main-leds.o
                0x0000000000001718                void mbed::Callback<void ()>::generate<mbed::Callback<void ()>::generate<RGBLed*, void (RGBLed::*)(), 0>(RGBLed*, void (RGBLed::*)())::{lambda()#1}, void>(mbed::Callback<void ()>::generate<RGBLed*, void (RGBLed::*)(), 0>(RGBLed*, void (RGBLed::*)())::{lambda()#1}&&)
 .text._ZN4mbed6detail8invoke_rIvRKM6ButtonFvvEJRKPS2_ELi0EEET_OT0_DpOT1_
                0x000000000000174c       0x26 ./main-leds.o
                0x000000000000174c                void mbed::detail::invoke_r<void, void (Button::* const&)(), Button* const&, 0>(void (Button::* const&)(), Button* const&)
 *fill*         0x0000000000001772        0x2 
 .text._ZN4mbed8CallbackIFvvEE8generateIZNS2_C4IP6ButtonMS5_FvvELi0EEET_T0_EUlvE_vEEvOS9_
                0x0000000000001774       0x34 ./main-leds.o
                0x0000000000001774                void mbed::Callback<void ()>::generate<mbed::Callback<void ()>::generate<Button*, void (Button::*)(), 0>(Button*, void (Button::*)())::{lambda()#1}, void>(mbed::Callback<void ()>::generate<Button*, void (Button::*)(), 0>(Button*, void (Button::*)())::{lambda()#1}&&)
 .text._ZN4mbed8CallbackIFvvEE11target_callIPS1_EEvPKNS_6detail12CallbackBaseE
                0x00000000000017a8       0x18 ./main-leds.o
                0x00000000000017a8                void mbed::Callback<void ()>::target_call<void (*)()>(mbed::detail::CallbackBase const*)
 .text._ZSt7forwardIRKM6PWMLedFvvEEOT_RNSt16remove_referenceIS5_E4typeE
                0x00000000000017c0        0xc ./main-leds.o
                0x00000000000017c0                void (PWMLed::* const&std::forward<void (PWMLed::* const&)()>(std::remove_reference<void (PWMLed::* const&)()>::type&))()
 .text._ZSt7forwardIRKP6PWMLedEOT_RNSt16remove_referenceIS4_E4typeE
                0x00000000000017cc        0xc ./main-leds.o
                0x00000000000017cc                PWMLed* const& std::forward<PWMLed* const&>(std::remove_reference<PWMLed* const&>::type&)
 .text._ZN4mstd6invokeIRKM6PWMLedFvvEJRKPS1_EEENS_13invoke_resultIT_JDpT0_EE4typeEOSA_DpOSB_
                0x00000000000017d8       0x28 ./main-leds.o
                0x00000000000017d8                mstd::invoke_result<void (PWMLed::* const&)(), PWMLed* const&>::type mstd::invoke<void (PWMLed::* const&)(), PWMLed* const&>(void (PWMLed::* const&)(), PWMLed* const&)
 .text._ZN4mbed8CallbackIFvvEE11target_callIZNS2_C4IP6PWMLedMS5_FvvELi0EEET_T0_EUlvE_EEvPKNS_6detail12CallbackBaseE
                0x0000000000001800       0x18 ./main-leds.o
                0x0000000000001800                void mbed::Callback<void ()>::target_call<mbed::Callback<void ()>::target_call<PWMLed*, void (PWMLed::*)(), 0>(PWMLed*, void (PWMLed::*)())::{lambda()#1}>(mbed::detail::CallbackBase const*)
 .text._ZSt4moveIRZN4mbed8CallbackIFvvEEC4IP6PWMLedMS5_FvvELi0EEET_T0_EUlvE_EONSt16remove_referenceIS9_E4typeEOS9_
                0x0000000000001818        0xc ./main-leds.o
                0x0000000000001818                std::remove_reference<mbed::Callback<void ()>::Callback<PWMLed*, void (PWMLed::*)(), 0>(PWMLed*, void (PWMLed::*)())::{lambda()#1}&>::type&& std::move<mbed::Callback<void ()>::Callback<PWMLed*, void (PWMLed::*)(), 0>(PWMLed*, void (PWMLed::*)())::{lambda()#1}&>(mbed::Callback<void ()>::Callback<PWMLed*, void (PWMLed::*)(), 0>(PWMLed*, void (PWMLed::*)())::{lambda()#1}&)
 .text._ZSt7forwardIRKM6RGBLedFvvEEOT_RNSt16remove_referenceIS5_E4typeE
                0x0000000000001824        0xc ./main-leds.o
                0x0000000000001824                void (RGBLed::* const&std::forward<void (RGBLed::* const&)()>(std::remove_reference<void (RGBLed::* const&)()>::type&))()
 .text._ZSt7forwardIRKP6RGBLedEOT_RNSt16remove_referenceIS4_E4typeE
                0x0000000000001830        0xc ./main-leds.o
                0x0000000000001830                RGBLed* const& std::forward<RGBLed* const&>(std::remove_reference<RGBLed* const&>::type&)
 .text._ZN4mstd6invokeIRKM6RGBLedFvvEJRKPS1_EEENS_13invoke_resultIT_JDpT0_EE4typeEOSA_DpOSB_
                0x000000000000183c       0x28 ./main-leds.o
                0x000000000000183c                mstd::invoke_result<void (RGBLed::* const&)(), RGBLed* const&>::type mstd::invoke<void (RGBLed::* const&)(), RGBLed* const&>(void (RGBLed::* const&)(), RGBLed* const&)
 .text._ZN4mbed8CallbackIFvvEE11target_callIZNS2_C4IP6RGBLedMS5_FvvELi0EEET_T0_EUlvE_EEvPKNS_6detail12CallbackBaseE
                0x0000000000001864       0x18 ./main-leds.o
                0x0000000000001864                void mbed::Callback<void ()>::target_call<mbed::Callback<void ()>::target_call<RGBLed*, void (RGBLed::*)(), 0>(RGBLed*, void (RGBLed::*)())::{lambda()#1}>(mbed::detail::CallbackBase const*)
 .text._ZSt4moveIRZN4mbed8CallbackIFvvEEC4IP6RGBLedMS5_FvvELi0EEET_T0_EUlvE_EONSt16remove_referenceIS9_E4typeEOS9_
                0x000000000000187c        0xc ./main-leds.o
                0x000000000000187c                std::remove_reference<mbed::Callback<void ()>::Callback<RGBLed*, void (RGBLed::*)(), 0>(RGBLed*, void (RGBLed::*)())::{lambda()#1}&>::type&& std::move<mbed::Callback<void ()>::Callback<RGBLed*, void (RGBLed::*)(), 0>(RGBLed*, void (RGBLed::*)())::{lambda()#1}&>(mbed::Callback<void ()>::Callback<RGBLed*, void (RGBLed::*)(), 0>(RGBLed*, void (RGBLed::*)())::{lambda()#1}&)
 .text._ZSt7forwardIRKM6ButtonFvvEEOT_RNSt16remove_referenceIS5_E4typeE
                0x0000000000001888        0xc ./main-leds.o
                0x0000000000001888                void (Button::* const&std::forward<void (Button::* const&)()>(std::remove_reference<void (Button::* const&)()>::type&))()
 .text._ZSt7forwardIRKP6ButtonEOT_RNSt16remove_referenceIS4_E4typeE
                0x0000000000001894        0xc ./main-leds.o
                0x0000000000001894                Button* const& std::forward<Button* const&>(std::remove_reference<Button* const&>::type&)
 .text._ZN4mstd6invokeIRKM6ButtonFvvEJRKPS1_EEENS_13invoke_resultIT_JDpT0_EE4typeEOSA_DpOSB_
                0x00000000000018a0       0x28 ./main-leds.o
                0x00000000000018a0                mstd::invoke_result<void (Button::* const&)(), Button* const&>::type mstd::invoke<void (Button::* const&)(), Button* const&>(void (Button::* const&)(), Button* const&)
 .text._ZN4mbed8CallbackIFvvEE11target_callIZNS2_C4IP6ButtonMS5_FvvELi0EEET_T0_EUlvE_EEvPKNS_6detail12CallbackBaseE
                0x00000000000018c8       0x18 ./main-leds.o
                0x00000000000018c8                void mbed::Callback<void ()>::target_call<mbed::Callback<void ()>::target_call<Button*, void (Button::*)(), 0>(Button*, void (Button::*)())::{lambda()#1}>(mbed::detail::CallbackBase const*)
 .text._ZSt4moveIRZN4mbed8CallbackIFvvEEC4IP6ButtonMS5_FvvELi0EEET_T0_EUlvE_EONSt16remove_referenceIS9_E4typeEOS9_
                0x00000000000018e0        0xc ./main-leds.o
                0x00000000000018e0                std::remove_reference<mbed::Callback<void ()>::Callback<Button*, void (Button::*)(), 0>(Button*, void (Button::*)())::{lambda()#1}&>::type&& std::move<mbed::Callback<void ()>::Callback<Button*, void (Button::*)(), 0>(Button*, void (Button::*)())::{lambda()#1}&>(mbed::Callback<void ()>::Callback<Button*, void (Button::*)(), 0>(Button*, void (Button::*)())::{lambda()#1}&)
 .text._ZN4mbed6detail8invoke_rIvRPFvvEJELi0EEET_OT0_DpOT1_
                0x00000000000018ec       0x1c ./main-leds.o
                0x00000000000018ec                void mbed::detail::invoke_r<void, void (*&)(), , 0>(void (*&)())
 .text._ZN4mstd4impl6INVOKEI6PWMLedFvvERKPS2_JEEENSt9enable_ifIXaaaasrSt11is_functionIT0_E5valuentsrSt10is_base_ofIT_NSt5decayIT1_E4typeEE5valuentsrNS0_20is_reference_wrapperISG_EE5valueEDTcldsdecl7forwardISE_Efp0_Efp_spcl7forwardIT2_Efp1_EEEE4typeEMSC_S9_OSE_DpOSK_
                0x0000000000001908       0x44 ./main-leds.o
                0x0000000000001908                std::enable_if<(std::is_function<void ()>::value&&(!std::is_base_of<PWMLed, std::decay<PWMLed* const&>::type>::value))&&(!mstd::impl::is_reference_wrapper<std::decay<PWMLed* const&>::type>::value), decltype (((*((forward<PWMLed* const&>)({parm#2}))).*{parm#1})())>::type mstd::impl::INVOKE<PWMLed, void (), PWMLed* const&>(void (PWMLed::*)(), PWMLed* const&)
 .text._ZN4mbed6detail8invoke_rIvRZNS_8CallbackIFvvEEC4IP6PWMLedMS6_FvvELi0EEET_T0_EUlvE_JELi0EEESA_OSB_DpOT1_
                0x000000000000194c       0x1c ./main-leds.o
                0x000000000000194c                void mbed::detail::invoke_r<void, mbed::Callback<void ()>::Callback<PWMLed*, void (PWMLed::*)(), 0>(PWMLed*, void (PWMLed::*)())::{lambda()#1}&, , 0>(mbed::Callback<void ()>::Callback<PWMLed*, void (PWMLed::*)(), 0>(PWMLed*, void (PWMLed::*)())::{lambda()#1}&)
 .text._ZN4mstd4impl6INVOKEI6RGBLedFvvERKPS2_JEEENSt9enable_ifIXaaaasrSt11is_functionIT0_E5valuentsrSt10is_base_ofIT_NSt5decayIT1_E4typeEE5valuentsrNS0_20is_reference_wrapperISG_EE5valueEDTcldsdecl7forwardISE_Efp0_Efp_spcl7forwardIT2_Efp1_EEEE4typeEMSC_S9_OSE_DpOSK_
                0x0000000000001968       0x44 ./main-leds.o
                0x0000000000001968                std::enable_if<(std::is_function<void ()>::value&&(!std::is_base_of<RGBLed, std::decay<RGBLed* const&>::type>::value))&&(!mstd::impl::is_reference_wrapper<std::decay<RGBLed* const&>::type>::value), decltype (((*((forward<RGBLed* const&>)({parm#2}))).*{parm#1})())>::type mstd::impl::INVOKE<RGBLed, void (), RGBLed* const&>(void (RGBLed::*)(), RGBLed* const&)
 .text._ZN4mbed6detail8invoke_rIvRZNS_8CallbackIFvvEEC4IP6RGBLedMS6_FvvELi0EEET_T0_EUlvE_JELi0EEESA_OSB_DpOT1_
                0x00000000000019ac       0x1c ./main-leds.o
                0x00000000000019ac                void mbed::detail::invoke_r<void, mbed::Callback<void ()>::Callback<RGBLed*, void (RGBLed::*)(), 0>(RGBLed*, void (RGBLed::*)())::{lambda()#1}&, , 0>(mbed::Callback<void ()>::Callback<RGBLed*, void (RGBLed::*)(), 0>(RGBLed*, void (RGBLed::*)())::{lambda()#1}&)
 .text._ZN4mstd4impl6INVOKEI6ButtonFvvERKPS2_JEEENSt9enable_ifIXaaaasrSt11is_functionIT0_E5valuentsrSt10is_base_ofIT_NSt5decayIT1_E4typeEE5valuentsrNS0_20is_reference_wrapperISG_EE5valueEDTcldsdecl7forwardISE_Efp0_Efp_spcl7forwardIT2_Efp1_EEEE4typeEMSC_S9_OSE_DpOSK_
                0x00000000000019c8       0x44 ./main-leds.o
                0x00000000000019c8                std::enable_if<(std::is_function<void ()>::value&&(!std::is_base_of<Button, std::decay<Button* const&>::type>::value))&&(!mstd::impl::is_reference_wrapper<std::decay<Button* const&>::type>::value), decltype (((*((forward<Button* const&>)({parm#2}))).*{parm#1})())>::type mstd::impl::INVOKE<Button, void (), Button* const&>(void (Button::*)(), Button* const&)
 .text._ZN4mbed6detail8invoke_rIvRZNS_8CallbackIFvvEEC4IP6ButtonMS6_FvvELi0EEET_T0_EUlvE_JELi0EEESA_OSB_DpOT1_
                0x0000000000001a0c       0x1c ./main-leds.o
                0x0000000000001a0c                void mbed::detail::invoke_r<void, mbed::Callback<void ()>::Callback<Button*, void (Button::*)(), 0>(Button*, void (Button::*)())::{lambda()#1}&, , 0>(mbed::Callback<void ()>::Callback<Button*, void (Button::*)(), 0>(Button*, void (Button::*)())::{lambda()#1}&)
 .text._ZSt7forwardIRPFvvEEOT_RNSt16remove_referenceIS3_E4typeE
                0x0000000000001a28        0xc ./main-leds.o
                0x0000000000001a28                void (*&std::forward<void (*&)()>(std::remove_reference<void (*&)()>::type&))()
 .text._ZN4mstd6invokeIRPFvvEJEEENS_13invoke_resultIT_JDpT0_EE4typeEOS5_DpOS6_
                0x0000000000001a34       0x1c ./main-leds.o
                0x0000000000001a34                mstd::invoke_result<void (*&)()>::type mstd::invoke<void (*&)()>(void (*&)())
 .text._ZSt7forwardIRZN4mbed8CallbackIFvvEEC4IP6PWMLedMS5_FvvELi0EEET_T0_EUlvE_EOS9_RNSt16remove_referenceIS9_E4typeE
                0x0000000000001a50        0xc ./main-leds.o
                0x0000000000001a50                mbed::Callback<void ()>::Callback<PWMLed*, void (PWMLed::*)(), 0>(PWMLed*, void (PWMLed::*)())::{lambda()#1}& std::forward<mbed::Callback<void ()>::Callback<PWMLed*, void (PWMLed::*)(), 0>(PWMLed*, void (PWMLed::*)())::{lambda()#1}&>(std::remove_reference<mbed::Callback<void ()>::Callback<PWMLed*, void (PWMLed::*)(), 0>(PWMLed*, void (PWMLed::*)())::{lambda()#1}&>::type&)
 .text._ZN4mstd6invokeIRZN4mbed8CallbackIFvvEEC4IP6PWMLedMS6_FvvELi0EEET_T0_EUlvE_JEEENS_13invoke_resultISA_JDpT0_EE4typeEOSA_DpOSF_
                0x0000000000001a5c       0x1c ./main-leds.o
                0x0000000000001a5c                mstd::invoke_result<mbed::Callback<void ()>::Callback<PWMLed*, void (PWMLed::*)(), 0>(PWMLed*, void (PWMLed::*)())::{lambda()#1}&>::type mstd::invoke<mbed::Callback<void ()>::Callback<PWMLed*, void (PWMLed::*)(), 0>(PWMLed*, void (PWMLed::*)())::{lambda()#1}&>(mbed::Callback<void ()>::Callback<PWMLed*, void (PWMLed::*)(), 0>(PWMLed*, void (PWMLed::*)())::{lambda()#1}&)
 .text._ZSt7forwardIRZN4mbed8CallbackIFvvEEC4IP6RGBLedMS5_FvvELi0EEET_T0_EUlvE_EOS9_RNSt16remove_referenceIS9_E4typeE
                0x0000000000001a78        0xc ./main-leds.o
                0x0000000000001a78                mbed::Callback<void ()>::Callback<RGBLed*, void (RGBLed::*)(), 0>(RGBLed*, void (RGBLed::*)())::{lambda()#1}& std::forward<mbed::Callback<void ()>::Callback<RGBLed*, void (RGBLed::*)(), 0>(RGBLed*, void (RGBLed::*)())::{lambda()#1}&>(std::remove_reference<mbed::Callback<void ()>::Callback<RGBLed*, void (RGBLed::*)(), 0>(RGBLed*, void (RGBLed::*)())::{lambda()#1}&>::type&)
 .text._ZN4mstd6invokeIRZN4mbed8CallbackIFvvEEC4IP6RGBLedMS6_FvvELi0EEET_T0_EUlvE_JEEENS_13invoke_resultISA_JDpT0_EE4typeEOSA_DpOSF_
                0x0000000000001a84       0x1c ./main-leds.o
                0x0000000000001a84                mstd::invoke_result<mbed::Callback<void ()>::Callback<RGBLed*, void (RGBLed::*)(), 0>(RGBLed*, void (RGBLed::*)())::{lambda()#1}&>::type mstd::invoke<mbed::Callback<void ()>::Callback<RGBLed*, void (RGBLed::*)(), 0>(RGBLed*, void (RGBLed::*)())::{lambda()#1}&>(mbed::Callback<void ()>::Callback<RGBLed*, void (RGBLed::*)(), 0>(RGBLed*, void (RGBLed::*)())::{lambda()#1}&)
 .text._ZSt7forwardIRZN4mbed8CallbackIFvvEEC4IP6ButtonMS5_FvvELi0EEET_T0_EUlvE_EOS9_RNSt16remove_referenceIS9_E4typeE
                0x0000000000001aa0        0xc ./main-leds.o
                0x0000000000001aa0                mbed::Callback<void ()>::Callback<Button*, void (Button::*)(), 0>(Button*, void (Button::*)())::{lambda()#1}& std::forward<mbed::Callback<void ()>::Callback<Button*, void (Button::*)(), 0>(Button*, void (Button::*)())::{lambda()#1}&>(std::remove_reference<mbed::Callback<void ()>::Callback<Button*, void (Button::*)(), 0>(Button*, void (Button::*)())::{lambda()#1}&>::type&)
 .text._ZN4mstd6invokeIRZN4mbed8CallbackIFvvEEC4IP6ButtonMS6_FvvELi0EEET_T0_EUlvE_JEEENS_13invoke_resultISA_JDpT0_EE4typeEOSA_DpOSF_
                0x0000000000001aac       0x1c ./main-leds.o
                0x0000000000001aac                mstd::invoke_result<mbed::Callback<void ()>::Callback<Button*, void (Button::*)(), 0>(Button*, void (Button::*)())::{lambda()#1}&>::type mstd::invoke<mbed::Callback<void ()>::Callback<Button*, void (Button::*)(), 0>(Button*, void (Button::*)())::{lambda()#1}&>(mbed::Callback<void ()>::Callback<Button*, void (Button::*)(), 0>(Button*, void (Button::*)())::{lambda()#1}&)
 .text._ZN4mstd4impl6INVOKEIRPFvvEJEEENSt9enable_ifIXoontsrSt17is_member_pointerINSt5decayIT_E4typeEE5valueaasrSt24is_member_object_pointerISA_E5valuenesZfp0_Li1EEDTclcl7forwardIS8_Efp_Espcl7forwardIT0_Efp0_EEEE4typeEOS8_DpOSE_
                0x0000000000001ac8       0x1a ./main-leds.o
                0x0000000000001ac8                std::enable_if<(!std::is_member_pointer<std::decay<void (*&)()>::type>::value)||(std::is_member_object_pointer<std::decay<void (*&)()>::type>::value&&((0)!=(1))), decltype (((forward<void (*&)()>)({parm#1}))())>::type mstd::impl::INVOKE<void (*&)()>(void (*&)())
 .text._ZN4mstd4impl6INVOKEIRZN4mbed8CallbackIFvvEEC4IP6PWMLedMS7_FvvELi0EEET_T0_EUlvE_JEEENSt9enable_ifIXoontsrSt17is_member_pointerINSt5decayISB_E4typeEE5valueaasrSt24is_member_object_pointerISJ_E5valuenesZfp0_Li1EEDTclcl7forwardISB_Efp_Espcl7forwardIT0_Efp0_EEEE4typeEOSB_DpOSN_
                0x0000000000001ae2       0x1c ./main-leds.o
                0x0000000000001ae2                std::enable_if<(!std::is_member_pointer<std::decay<mbed::Callback<void ()>::Callback<PWMLed*, void (PWMLed::*)(), 0>(PWMLed*, void (PWMLed::*)())::{lambda()#1}&>::type>::value)||(std::is_member_object_pointer<std::decay<mbed::Callback<void ()>::Callback<PWMLed*, void (PWMLed::*)(), 0>(PWMLed*, void (PWMLed::*)())::{lambda()#1}&>::type>::value&&((0)!=(1))), decltype (((forward<mbed::Callback<void ()>::Callback<PWMLed*, void (PWMLed::*)(), 0>(PWMLed*, void (PWMLed::*)())::{lambda()#1}&>)({parm#1}))())>::type mstd::impl::INVOKE<mbed::Callback<void ()>::Callback<PWMLed*, void (PWMLed::*)(), 0>(PWMLed*, void (PWMLed::*)())::{lambda()#1}&>(mbed::Callback<void ()>::Callback<PWMLed*, void (PWMLed::*)(), 0>(PWMLed*, void (PWMLed::*)())::{lambda()#1}&)
 .text._ZN4mstd4impl6INVOKEIRZN4mbed8CallbackIFvvEEC4IP6RGBLedMS7_FvvELi0EEET_T0_EUlvE_JEEENSt9enable_ifIXoontsrSt17is_member_pointerINSt5decayISB_E4typeEE5valueaasrSt24is_member_object_pointerISJ_E5valuenesZfp0_Li1EEDTclcl7forwardISB_Efp_Espcl7forwardIT0_Efp0_EEEE4typeEOSB_DpOSN_
                0x0000000000001afe       0x1c ./main-leds.o
                0x0000000000001afe                std::enable_if<(!std::is_member_pointer<std::decay<mbed::Callback<void ()>::Callback<RGBLed*, void (RGBLed::*)(), 0>(RGBLed*, void (RGBLed::*)())::{lambda()#1}&>::type>::value)||(std::is_member_object_pointer<std::decay<mbed::Callback<void ()>::Callback<RGBLed*, void (RGBLed::*)(), 0>(RGBLed*, void (RGBLed::*)())::{lambda()#1}&>::type>::value&&((0)!=(1))), decltype (((forward<mbed::Callback<void ()>::Callback<RGBLed*, void (RGBLed::*)(), 0>(RGBLed*, void (RGBLed::*)())::{lambda()#1}&>)({parm#1}))())>::type mstd::impl::INVOKE<mbed::Callback<void ()>::Callback<RGBLed*, void (RGBLed::*)(), 0>(RGBLed*, void (RGBLed::*)())::{lambda()#1}&>(mbed::Callback<void ()>::Callback<RGBLed*, void (RGBLed::*)(), 0>(RGBLed*, void (RGBLed::*)())::{lambda()#1}&)
 .text._ZN4mstd4impl6INVOKEIRZN4mbed8CallbackIFvvEEC4IP6ButtonMS7_FvvELi0EEET_T0_EUlvE_JEEENSt9enable_ifIXoontsrSt17is_member_pointerINSt5decayISB_E4typeEE5valueaasrSt24is_member_object_pointerISJ_E5valuenesZfp0_Li1EEDTclcl7forwardISB_Efp_Espcl7forwardIT0_Efp0_EEEE4typeEOSB_DpOSN_
                0x0000000000001b1a       0x1c ./main-leds.o
                0x0000000000001b1a                std::enable_if<(!std::is_member_pointer<std::decay<mbed::Callback<void ()>::Callback<Button*, void (Button::*)(), 0>(Button*, void (Button::*)())::{lambda()#1}&>::type>::value)||(std::is_member_object_pointer<std::decay<mbed::Callback<void ()>::Callback<Button*, void (Button::*)(), 0>(Button*, void (Button::*)())::{lambda()#1}&>::type>::value&&((0)!=(1))), decltype (((forward<mbed::Callback<void ()>::Callback<Button*, void (Button::*)(), 0>(Button*, void (Button::*)())::{lambda()#1}&>)({parm#1}))())>::type mstd::impl::INVOKE<mbed::Callback<void ()>::Callback<Button*, void (Button::*)(), 0>(Button*, void (Button::*)())::{lambda()#1}&>(mbed::Callback<void ()>::Callback<Button*, void (Button::*)(), 0>(Button*, void (Button::*)())::{lambda()#1}&)
 *fill*         0x0000000000001b36        0x2 
 .text.__tcf_0  0x0000000000001b38       0x24 ./main-leds.o
 .text.__tcf_1  0x0000000000001b5c       0x24 ./main-leds.o
 .text.__tcf_2  0x0000000000001b80       0x24 ./main-leds.o
 .text._Z41__static_initialization_and_destruction_0ii
                0x0000000000001ba4      0x140 ./main-leds.o
 .text._GLOBAL__sub_I_leds
                0x0000000000001ce4        0xe ./main-leds.o
 .text._ZN4mbed10TickerBase7handlerEv
                0x0000000000001cf2       0x26 /home/fei/min0150/Projects/VSB/APPS/apps-workspace.mcu/leds/mbed-os/lib/libmbed-os.a(Ticker.o)
                0x0000000000001cf2                mbed::TickerBase::handler()
 .text._ZN4mbed10TickerBaseC2EPK13ticker_data_tb
                0x0000000000001d18       0x28 /home/fei/min0150/Projects/VSB/APPS/apps-workspace.mcu/leds/mbed-os/lib/libmbed-os.a(Ticker.o)
                0x0000000000001d18                mbed::TickerBase::TickerBase(ticker_data_t const*, bool)
                0x0000000000001d18                mbed::TickerBase::TickerBase(ticker_data_t const*, bool)
 .text._ZN4mbed10TickerBase6detachEv
                0x0000000000001d40       0x2c /home/fei/min0150/Projects/VSB/APPS/apps-workspace.mcu/leds/mbed-os/lib/libmbed-os.a(Ticker.o)
                0x0000000000001d40                mbed::TickerBase::detach()
 .text._ZN4mbed10TickerBase5setupENSt6chrono8durationIxSt5ratioILx1ELx1000000EEEE
                0x0000000000001d6c       0x26 /home/fei/min0150/Projects/VSB/APPS/apps-workspace.mcu/leds/mbed-os/lib/libmbed-os.a(Ticker.o)
                0x0000000000001d6c                mbed::TickerBase::setup(std::chrono::duration<long long, std::ratio<1ll, 1000000ll> >)
 .text._ZN4mbed10TickerBase6attachENS_8CallbackIFvvEEENSt6chrono8durationIxSt5ratioILx1ELx1000000EEEE
                0x0000000000001d92       0x46 /home/fei/min0150/Projects/VSB/APPS/apps-workspace.mcu/leds/mbed-os/lib/libmbed-os.a(Ticker.o)
                0x0000000000001d92                mbed::TickerBase::attach(mbed::Callback<void ()>, std::chrono::duration<long long, std::ratio<1ll, 1000000ll> >)
 .text._ZN4mbed6TickerC2Ev
                0x0000000000001dd8       0x20 /home/fei/min0150/Projects/VSB/APPS/apps-workspace.mcu/leds/mbed-os/lib/libmbed-os.a(Ticker.o)
                0x0000000000001dd8                mbed::Ticker::Ticker()
                0x0000000000001dd8                mbed::Ticker::Ticker()
 .text._ZN4mbed10TimerEvent3irqEm
                0x0000000000001df8        0x6 /home/fei/min0150/Projects/VSB/APPS/apps-workspace.mcu/leds/mbed-os/lib/libmbed-os.a(TimerEvent.o)
                0x0000000000001df8                mbed::TimerEvent::irq(unsigned long)
 *fill*         0x0000000000001dfe        0x2 
 .text._ZN4mbed10TimerEventC2EPK13ticker_data_t
                0x0000000000001e00       0x2c /home/fei/min0150/Projects/VSB/APPS/apps-workspace.mcu/leds/mbed-os/lib/libmbed-os.a(TimerEvent.o)
                0x0000000000001e00                mbed::TimerEvent::TimerEvent(ticker_data_t const*)
                0x0000000000001e00                mbed::TimerEvent::TimerEvent(ticker_data_t const*)
 .text._ZN4mbed10TimerEvent15insert_absoluteENSt6chrono10time_pointINS_15TickerDataClockENS1_8durationIxSt5ratioILx1ELx1000000EEEEEE
                0x0000000000001e2c       0x14 /home/fei/min0150/Projects/VSB/APPS/apps-workspace.mcu/leds/mbed-os/lib/libmbed-os.a(TimerEvent.o)
                0x0000000000001e2c                mbed::TimerEvent::insert_absolute(std::chrono::time_point<mbed::TickerDataClock, std::chrono::duration<long long, std::ratio<1ll, 1000000ll> > >)
 .text._ZN4mbed10TimerEvent6removeEv
                0x0000000000001e40        0xa /home/fei/min0150/Projects/VSB/APPS/apps-workspace.mcu/leds/mbed-os/lib/libmbed-os.a(TimerEvent.o)
                0x0000000000001e40                mbed::TimerEvent::remove()
 *fill*         0x0000000000001e4a        0x2 
 .text._ZN4mbed10TimerEventD2Ev
                0x0000000000001e4c       0x14 /home/fei/min0150/Projects/VSB/APPS/apps-workspace.mcu/leds/mbed-os/lib/libmbed-os.a(TimerEvent.o)
                0x0000000000001e4c                mbed::TimerEvent::~TimerEvent()
                0x0000000000001e4c                mbed::TimerEvent::~TimerEvent()
 .text.gpio_free
                0x0000000000001e60        0x2 /home/fei/min0150/Projects/VSB/APPS/apps-workspace.mcu/leds/mbed-os/lib/libmbed-os.a(mbed_compat.o)
                0x0000000000001e60                gpio_free
 .text._gpio_init_in
                0x0000000000001e62       0x26 /home/fei/min0150/Projects/VSB/APPS/apps-workspace.mcu/leds/mbed-os/lib/libmbed-os.a(mbed_gpio.o)
 .text.gpio_init_in
                0x0000000000001e88        0x6 /home/fei/min0150/Projects/VSB/APPS/apps-workspace.mcu/leds/mbed-os/lib/libmbed-os.a(mbed_gpio.o)
                0x0000000000001e88                gpio_init_in
 .text.gpio_init_out_ex
                0x0000000000001e8e       0x2e /home/fei/min0150/Projects/VSB/APPS/apps-workspace.mcu/leds/mbed-os/lib/libmbed-os.a(mbed_gpio.o)
                0x0000000000001e8e                gpio_init_out_ex
 .text.gpio_init_out
                0x0000000000001ebc        0x6 /home/fei/min0150/Projects/VSB/APPS/apps-workspace.mcu/leds/mbed-os/lib/libmbed-os.a(mbed_gpio.o)
                0x0000000000001ebc                gpio_init_out
 .text.update_present_time
                0x0000000000001ec2       0x8c /home/fei/min0150/Projects/VSB/APPS/apps-workspace.mcu/leds/mbed-os/lib/libmbed-os.a(mbed_ticker_api.o)
 .text._ticker_match_interval_passed
                0x0000000000001f4e       0x28 /home/fei/min0150/Projects/VSB/APPS/apps-workspace.mcu/leds/mbed-os/lib/libmbed-os.a(mbed_ticker_api.o)
                0x0000000000001f4e                _ticker_match_interval_passed
 *fill*         0x0000000000001f76        0x2 
 .text.schedule_interrupt
                0x0000000000001f78      0x104 /home/fei/min0150/Projects/VSB/APPS/apps-workspace.mcu/leds/mbed-os/lib/libmbed-os.a(mbed_ticker_api.o)
 .text.initialize
                0x000000000000207c      0x128 /home/fei/min0150/Projects/VSB/APPS/apps-workspace.mcu/leds/mbed-os/lib/libmbed-os.a(mbed_ticker_api.o)
 .text.insert_event
                0x00000000000021a4       0x4c /home/fei/min0150/Projects/VSB/APPS/apps-workspace.mcu/leds/mbed-os/lib/libmbed-os.a(mbed_ticker_api.o)
 .text.ticker_set_handler
                0x00000000000021f0       0x1a /home/fei/min0150/Projects/VSB/APPS/apps-workspace.mcu/leds/mbed-os/lib/libmbed-os.a(mbed_ticker_api.o)
                0x00000000000021f0                ticker_set_handler
 .text.ticker_irq_handler
                0x000000000000220a       0x62 /home/fei/min0150/Projects/VSB/APPS/apps-workspace.mcu/leds/mbed-os/lib/libmbed-os.a(mbed_ticker_api.o)
                0x000000000000220a                ticker_irq_handler
 .text.ticker_insert_event_us
                0x000000000000226c       0x30 /home/fei/min0150/Projects/VSB/APPS/apps-workspace.mcu/leds/mbed-os/lib/libmbed-os.a(mbed_ticker_api.o)
                0x000000000000226c                ticker_insert_event_us
 .text.ticker_remove_event
                0x000000000000229c       0x36 /home/fei/min0150/Projects/VSB/APPS/apps-workspace.mcu/leds/mbed-os/lib/libmbed-os.a(mbed_ticker_api.o)
                0x000000000000229c                ticker_remove_event
 .text.ticker_read_us
                0x00000000000022d2       0x22 /home/fei/min0150/Projects/VSB/APPS/apps-workspace.mcu/leds/mbed-os/lib/libmbed-os.a(mbed_ticker_api.o)
                0x00000000000022d2                ticker_read_us
 .text.ticker_read
                0x00000000000022f4        0x8 /home/fei/min0150/Projects/VSB/APPS/apps-workspace.mcu/leds/mbed-os/lib/libmbed-os.a(mbed_ticker_api.o)
                0x00000000000022f4                ticker_read
 .text.note_us_ticker_free
                0x00000000000022fc       0x10 /home/fei/min0150/Projects/VSB/APPS/apps-workspace.mcu/leds/mbed-os/lib/libmbed-os.a(mbed_us_ticker_api.o)
 .text.note_us_ticker_init
                0x000000000000230c       0x14 /home/fei/min0150/Projects/VSB/APPS/apps-workspace.mcu/leds/mbed-os/lib/libmbed-os.a(mbed_us_ticker_api.o)
 .text.get_us_ticker_data
                0x0000000000002320        0x8 /home/fei/min0150/Projects/VSB/APPS/apps-workspace.mcu/leds/mbed-os/lib/libmbed-os.a(mbed_us_ticker_api.o)
                0x0000000000002320                get_us_ticker_data
 .text.us_ticker_irq_handler
                0x0000000000002328       0x14 /home/fei/min0150/Projects/VSB/APPS/apps-workspace.mcu/leds/mbed-os/lib/libmbed-os.a(mbed_us_ticker_api.o)
                0x0000000000002328                us_ticker_irq_handler
 .text._ZN4mbed19CriticalSectionLockC2Ev
                0x000000000000233c       0x10 /home/fei/min0150/Projects/VSB/APPS/apps-workspace.mcu/leds/mbed-os/lib/libmbed-os.a(CriticalSectionLock.o)
                0x000000000000233c                mbed::CriticalSectionLock::CriticalSectionLock()
                0x000000000000233c                mbed::CriticalSectionLock::CriticalSectionLock()
 .text._ZN4mbed19CriticalSectionLockD2Ev
                0x000000000000234c       0x10 /home/fei/min0150/Projects/VSB/APPS/apps-workspace.mcu/leds/mbed-os/lib/libmbed-os.a(CriticalSectionLock.o)
                0x000000000000234c                mbed::CriticalSectionLock::~CriticalSectionLock()
                0x000000000000234c                mbed::CriticalSectionLock::~CriticalSectionLock()
 .text.mbed_assert_internal
                0x000000000000235c       0x14 /home/fei/min0150/Projects/VSB/APPS/apps-workspace.mcu/leds/mbed-os/lib/libmbed-os.a(mbed_assert.o)
                0x000000000000235c                mbed_assert_internal
 .text.core_util_are_interrupts_enabled
                0x0000000000002370        0xc /home/fei/min0150/Projects/VSB/APPS/apps-workspace.mcu/leds/mbed-os/lib/libmbed-os.a(mbed_critical.o)
                0x0000000000002370                core_util_are_interrupts_enabled
 .text.core_util_is_isr_active
                0x000000000000237c        0xc /home/fei/min0150/Projects/VSB/APPS/apps-workspace.mcu/leds/mbed-os/lib/libmbed-os.a(mbed_critical.o)
                0x000000000000237c                core_util_is_isr_active
 .text.core_util_critical_section_enter
                0x0000000000002388       0x2c /home/fei/min0150/Projects/VSB/APPS/apps-workspace.mcu/leds/mbed-os/lib/libmbed-os.a(mbed_critical.o)
                0x0000000000002388                core_util_critical_section_enter
 .text.core_util_critical_section_exit
                0x00000000000023b4       0x18 /home/fei/min0150/Projects/VSB/APPS/apps-workspace.mcu/leds/mbed-os/lib/libmbed-os.a(mbed_critical.o)
                0x00000000000023b4                core_util_critical_section_exit
 .text.mbed_halt_system
                0x00000000000023cc       0x34 /home/fei/min0150/Projects/VSB/APPS/apps-workspace.mcu/leds/mbed-os/lib/libmbed-os.a(mbed_error.o)
 .text.print_error_report.constprop.0
                0x0000000000002400      0x104 /home/fei/min0150/Projects/VSB/APPS/apps-workspace.mcu/leds/mbed-os/lib/libmbed-os.a(mbed_error.o)
 .text.mbed_error_hook
                0x0000000000002504        0x2 /home/fei/min0150/Projects/VSB/APPS/apps-workspace.mcu/leds/mbed-os/lib/libmbed-os.a(mbed_error.o)
                0x0000000000002504                mbed_error_hook
 *fill*         0x0000000000002506        0x2 
 .text.handle_error.isra.0
                0x0000000000002508       0xbc /home/fei/min0150/Projects/VSB/APPS/apps-workspace.mcu/leds/mbed-os/lib/libmbed-os.a(mbed_error.o)
 .text.mbed_error_reboot_callback
                0x00000000000025c4        0x2 /home/fei/min0150/Projects/VSB/APPS/apps-workspace.mcu/leds/mbed-os/lib/libmbed-os.a(mbed_error.o)
                0x00000000000025c4                mbed_error_reboot_callback
 *fill*         0x00000000000025c6        0x2 
 .text.mbed_error_initialize
                0x00000000000025c8       0x64 /home/fei/min0150/Projects/VSB/APPS/apps-workspace.mcu/leds/mbed-os/lib/libmbed-os.a(mbed_error.o)
                0x00000000000025c8                mbed_error_initialize
 .text.mbed_error
                0x000000000000262c       0xc4 /home/fei/min0150/Projects/VSB/APPS/apps-workspace.mcu/leds/mbed-os/lib/libmbed-os.a(mbed_error.o)
                0x000000000000262c                mbed_error
 .text.sleep_manager_lock_deep_sleep_internal
                0x00000000000026f0       0x2c /home/fei/min0150/Projects/VSB/APPS/apps-workspace.mcu/leds/mbed-os/lib/libmbed-os.a(mbed_power_mgmt.o)
                0x00000000000026f0                sleep_manager_lock_deep_sleep_internal
 .text.sleep_manager_unlock_deep_sleep_internal
                0x000000000000271c       0x34 /home/fei/min0150/Projects/VSB/APPS/apps-workspace.mcu/leds/mbed-os/lib/libmbed-os.a(mbed_power_mgmt.o)
                0x000000000000271c                sleep_manager_unlock_deep_sleep_internal
 .text.mbed_main
                0x0000000000002750        0x2 /home/fei/min0150/Projects/VSB/APPS/apps-workspace.mcu/leds/mbed-os/lib/libmbed-os.a(mbed_sdk_boot.o)
                0x0000000000002750                mbed_main
 .text.mbed_sdk_init
                0x0000000000002752        0x2 /home/fei/min0150/Projects/VSB/APPS/apps-workspace.mcu/leds/mbed-os/lib/libmbed-os.a(mbed_sdk_boot.o)
                0x0000000000002752                mbed_sdk_init
 .text.software_init_hook_rtos
                0x0000000000002754        0x2 /home/fei/min0150/Projects/VSB/APPS/apps-workspace.mcu/leds/mbed-os/lib/libmbed-os.a(mbed_sdk_boot.o)
                0x0000000000002754                software_init_hook_rtos
 *fill*         0x0000000000002756        0x2 
 .text.mbed_copy_nvic
                0x0000000000002758       0x28 /home/fei/min0150/Projects/VSB/APPS/apps-workspace.mcu/leds/mbed-os/lib/libmbed-os.a(mbed_sdk_boot.o)
                0x0000000000002758                mbed_copy_nvic
 .text.mbed_init
                0x0000000000002780        0xc /home/fei/min0150/Projects/VSB/APPS/apps-workspace.mcu/leds/mbed-os/lib/libmbed-os.a(mbed_sdk_boot.o)
                0x0000000000002780                mbed_init
 .text.software_init_hook
                0x000000000000278c       0x48 /home/fei/min0150/Projects/VSB/APPS/apps-workspace.mcu/leds/mbed-os/lib/libmbed-os.a(mbed_sdk_boot.o)
                0x000000000000278c                software_init_hook
 .text.__wrap_main
                0x00000000000027d4       0x12 /home/fei/min0150/Projects/VSB/APPS/apps-workspace.mcu/leds/mbed-os/lib/libmbed-os.a(mbed_sdk_boot.o)
                0x00000000000027d4                __wrap_main
 *fill*         0x00000000000027e6        0x2 
 .text._wait_us_ticks
                0x00000000000027e8       0x1c /home/fei/min0150/Projects/VSB/APPS/apps-workspace.mcu/leds/mbed-os/lib/libmbed-os.a(mbed_wait_api_no_rtos.o)
                0x00000000000027e8                _wait_us_ticks
 .text._wait_us_generic
                0x0000000000002804       0x1e /home/fei/min0150/Projects/VSB/APPS/apps-workspace.mcu/leds/mbed-os/lib/libmbed-os.a(mbed_wait_api_no_rtos.o)
                0x0000000000002804                _wait_us_generic
 *fill*         0x0000000000002822        0x2 
 .text._wait_us_inline
                0x0000000000002824       0x14 /home/fei/min0150/Projects/VSB/APPS/apps-workspace.mcu/leds/mbed-os/lib/libmbed-os.a(mbed_wait_api_no_rtos.o)
                0x0000000000002824                _wait_us_inline
 .text._ZN4mbed10FileHandle4syncEv
                0x0000000000002838        0x4 /home/fei/min0150/Projects/VSB/APPS/apps-workspace.mcu/leds/mbed-os/lib/libmbed-os.a(mbed_retarget.o)
                0x0000000000002838                mbed::FileHandle::sync()
 .text._ZN4mbed10FileHandle4tellEv
                0x000000000000283c        0xa /home/fei/min0150/Projects/VSB/APPS/apps-workspace.mcu/leds/mbed-os/lib/libmbed-os.a(mbed_retarget.o)
                0x000000000000283c                mbed::FileHandle::tell()
 .text._ZN4mbed10FileHandle6rewindEv
                0x0000000000002846        0xa /home/fei/min0150/Projects/VSB/APPS/apps-workspace.mcu/leds/mbed-os/lib/libmbed-os.a(mbed_retarget.o)
                0x0000000000002846                mbed::FileHandle::rewind()
 .text._ZN4mbed10FileHandle8truncateEl
                0x0000000000002850        0x6 /home/fei/min0150/Projects/VSB/APPS/apps-workspace.mcu/leds/mbed-os/lib/libmbed-os.a(mbed_retarget.o)
                0x0000000000002850                mbed::FileHandle::truncate(long)
 .text._ZN4mbed10FileHandle12set_blockingEb
                0x0000000000002856        0xc /home/fei/min0150/Projects/VSB/APPS/apps-workspace.mcu/leds/mbed-os/lib/libmbed-os.a(mbed_retarget.o)
                0x0000000000002856                mbed::FileHandle::set_blocking(bool)
 .text._ZNK4mbed10FileHandle11is_blockingEv
                0x0000000000002862        0x4 /home/fei/min0150/Projects/VSB/APPS/apps-workspace.mcu/leds/mbed-os/lib/libmbed-os.a(mbed_retarget.o)
                0x0000000000002862                mbed::FileHandle::is_blocking() const
 .text._ZN4mbed10FileHandle12enable_inputEb
                0x0000000000002866        0x6 /home/fei/min0150/Projects/VSB/APPS/apps-workspace.mcu/leds/mbed-os/lib/libmbed-os.a(mbed_retarget.o)
                0x0000000000002866                mbed::FileHandle::enable_input(bool)
 .text._ZN4mbed10FileHandle13enable_outputEb
                0x000000000000286c        0x6 /home/fei/min0150/Projects/VSB/APPS/apps-workspace.mcu/leds/mbed-os/lib/libmbed-os.a(mbed_retarget.o)
                0x000000000000286c                mbed::FileHandle::enable_output(bool)
 .text._ZN4mbed10FileHandle5sigioENS_8CallbackIFvvEEE
                0x0000000000002872        0xc /home/fei/min0150/Projects/VSB/APPS/apps-workspace.mcu/leds/mbed-os/lib/libmbed-os.a(mbed_retarget.o)
                0x0000000000002872                mbed::FileHandle::sigio(mbed::Callback<void ()>)
 .text._ZN12DirectSerial4seekEli
                0x000000000000287e        0x6 /home/fei/min0150/Projects/VSB/APPS/apps-workspace.mcu/leds/mbed-os/lib/libmbed-os.a(mbed_retarget.o)
                0x000000000000287e                DirectSerial::seek(long, int)
 .text._ZN12DirectSerial4sizeEv
                0x0000000000002884        0x6 /home/fei/min0150/Projects/VSB/APPS/apps-workspace.mcu/leds/mbed-os/lib/libmbed-os.a(mbed_retarget.o)
                0x0000000000002884                DirectSerial::size()
 .text._ZN12DirectSerial6isattyEv
                0x000000000000288a        0x4 /home/fei/min0150/Projects/VSB/APPS/apps-workspace.mcu/leds/mbed-os/lib/libmbed-os.a(mbed_retarget.o)
                0x000000000000288a                DirectSerial::isatty()
 .text._ZN12DirectSerial5closeEv
                0x000000000000288e        0x4 /home/fei/min0150/Projects/VSB/APPS/apps-workspace.mcu/leds/mbed-os/lib/libmbed-os.a(mbed_retarget.o)
                0x000000000000288e                DirectSerial::close()
 .text._ZN12DirectSerialD2Ev
                0x0000000000002892        0x2 /home/fei/min0150/Projects/VSB/APPS/apps-workspace.mcu/leds/mbed-os/lib/libmbed-os.a(mbed_retarget.o)
                0x0000000000002892                DirectSerial::~DirectSerial()
                0x0000000000002892                DirectSerial::~DirectSerial()
 .text._ZN12DirectSerial5writeEPKvj
                0x0000000000002894       0x24 /home/fei/min0150/Projects/VSB/APPS/apps-workspace.mcu/leds/mbed-os/lib/libmbed-os.a(mbed_retarget.o)
                0x0000000000002894                DirectSerial::write(void const*, unsigned int)
 .text._ZNK12DirectSerial4pollEs
                0x00000000000028b8       0x30 /home/fei/min0150/Projects/VSB/APPS/apps-workspace.mcu/leds/mbed-os/lib/libmbed-os.a(mbed_retarget.o)
                0x00000000000028b8                DirectSerial::poll(short) const
 .text._ZN12DirectSerialD0Ev
                0x00000000000028e8        0xc /home/fei/min0150/Projects/VSB/APPS/apps-workspace.mcu/leds/mbed-os/lib/libmbed-os.a(mbed_retarget.o)
                0x00000000000028e8                DirectSerial::~DirectSerial()
 .text._ZN12DirectSerial4readEPvj
                0x00000000000028f4       0x1c /home/fei/min0150/Projects/VSB/APPS/apps-workspace.mcu/leds/mbed-os/lib/libmbed-os.a(mbed_retarget.o)
                0x00000000000028f4                DirectSerial::read(void*, unsigned int)
 .text._ZN12DirectSerialC2ERK15serial_pinmap_ti
                0x0000000000002910       0x30 /home/fei/min0150/Projects/VSB/APPS/apps-workspace.mcu/leds/mbed-os/lib/libmbed-os.a(mbed_retarget.o)
                0x0000000000002910                DirectSerial::DirectSerial(serial_pinmap_t const&, int)
                0x0000000000002910                DirectSerial::DirectSerial(serial_pinmap_t const&, int)
 .text._ZN4mbed28mbed_target_override_consoleEi
                0x0000000000002940        0x4 /home/fei/min0150/Projects/VSB/APPS/apps-workspace.mcu/leds/mbed-os/lib/libmbed-os.a(mbed_retarget.o)
                0x0000000000002940                mbed::mbed_target_override_console(int)
 .text._ZN4mbed21mbed_override_consoleEi
                0x0000000000002944        0x4 /home/fei/min0150/Projects/VSB/APPS/apps-workspace.mcu/leds/mbed-os/lib/libmbed-os.a(mbed_retarget.o)
                0x0000000000002944                mbed::mbed_override_console(int)
 .text.__cxa_pure_virtual
                0x0000000000002948        0x8 /home/fei/min0150/Projects/VSB/APPS/apps-workspace.mcu/leds/mbed-os/lib/libmbed-os.a(mbed_retarget.o)
                0x0000000000002948                __cxa_pure_virtual
 .text._sbrk    0x0000000000002950       0x44 /home/fei/min0150/Projects/VSB/APPS/apps-workspace.mcu/leds/mbed-os/lib/libmbed-os.a(mbed_retarget.o)
                0x0000000000002950                _sbrk
 .text.__aeabi_atexit
                0x0000000000002994        0x4 /home/fei/min0150/Projects/VSB/APPS/apps-workspace.mcu/leds/mbed-os/lib/libmbed-os.a(mbed_retarget.o)
                0x0000000000002994                __aeabi_atexit
 .text.__wrap_atexit
                0x0000000000002998        0x4 /home/fei/min0150/Projects/VSB/APPS/apps-workspace.mcu/leds/mbed-os/lib/libmbed-os.a(mbed_retarget.o)
                0x0000000000002998                __wrap_atexit
 .text.__rtos_malloc_lock
                0x000000000000299c        0x2 /home/fei/min0150/Projects/VSB/APPS/apps-workspace.mcu/leds/mbed-os/lib/libmbed-os.a(mbed_retarget.o)
                0x000000000000299c                __rtos_malloc_lock
 .text.__rtos_malloc_unlock
                0x000000000000299e        0x2 /home/fei/min0150/Projects/VSB/APPS/apps-workspace.mcu/leds/mbed-os/lib/libmbed-os.a(mbed_retarget.o)
                0x000000000000299e                __rtos_malloc_unlock
 .text.__malloc_lock
                0x00000000000029a0        0x8 /home/fei/min0150/Projects/VSB/APPS/apps-workspace.mcu/leds/mbed-os/lib/libmbed-os.a(mbed_retarget.o)
                0x00000000000029a0                __malloc_lock
 .text.__malloc_unlock
                0x00000000000029a8        0x8 /home/fei/min0150/Projects/VSB/APPS/apps-workspace.mcu/leds/mbed-os/lib/libmbed-os.a(mbed_retarget.o)
                0x00000000000029a8                __malloc_unlock
 .text.__cxa_guard_acquire
                0x00000000000029b0       0x3c /home/fei/min0150/Projects/VSB/APPS/apps-workspace.mcu/leds/mbed-os/lib/libmbed-os.a(mbed_retarget.o)
                0x00000000000029b0                __cxa_guard_acquire
 .text.__cxa_guard_release
                0x00000000000029ec       0x2c /home/fei/min0150/Projects/VSB/APPS/apps-workspace.mcu/leds/mbed-os/lib/libmbed-os.a(mbed_retarget.o)
                0x00000000000029ec                __cxa_guard_release
 .text._ZN4mbed16mbed_file_handleEi
                0x0000000000002a18       0x84 /home/fei/min0150/Projects/VSB/APPS/apps-workspace.mcu/leds/mbed-os/lib/libmbed-os.a(mbed_retarget.o)
                0x0000000000002a18                mbed::mbed_file_handle(int)
 .text.close    0x0000000000002a9c       0x3c /home/fei/min0150/Projects/VSB/APPS/apps-workspace.mcu/leds/mbed-os/lib/libmbed-os.a(mbed_retarget.o)
                0x0000000000002a9c                close
 .text._close   0x0000000000002ad8        0x4 /home/fei/min0150/Projects/VSB/APPS/apps-workspace.mcu/leds/mbed-os/lib/libmbed-os.a(mbed_retarget.o)
                0x0000000000002ad8                _close
 .text.write    0x0000000000002adc       0x36 /home/fei/min0150/Projects/VSB/APPS/apps-workspace.mcu/leds/mbed-os/lib/libmbed-os.a(mbed_retarget.o)
                0x0000000000002adc                write
 .text.read     0x0000000000002b12       0x36 /home/fei/min0150/Projects/VSB/APPS/apps-workspace.mcu/leds/mbed-os/lib/libmbed-os.a(mbed_retarget.o)
                0x0000000000002b12                read
 .text.isatty   0x0000000000002b48       0x2c /home/fei/min0150/Projects/VSB/APPS/apps-workspace.mcu/leds/mbed-os/lib/libmbed-os.a(mbed_retarget.o)
                0x0000000000002b48                isatty
 .text._write   0x0000000000002b74       0xb0 /home/fei/min0150/Projects/VSB/APPS/apps-workspace.mcu/leds/mbed-os/lib/libmbed-os.a(mbed_retarget.o)
                0x0000000000002b74                _write
 .text._isatty  0x0000000000002c24        0x4 /home/fei/min0150/Projects/VSB/APPS/apps-workspace.mcu/leds/mbed-os/lib/libmbed-os.a(mbed_retarget.o)
                0x0000000000002c24                _isatty
 .text._read    0x0000000000002c28       0x6c /home/fei/min0150/Projects/VSB/APPS/apps-workspace.mcu/leds/mbed-os/lib/libmbed-os.a(mbed_retarget.o)
                0x0000000000002c28                _read
 .text.lseek    0x0000000000002c94       0x36 /home/fei/min0150/Projects/VSB/APPS/apps-workspace.mcu/leds/mbed-os/lib/libmbed-os.a(mbed_retarget.o)
                0x0000000000002c94                lseek
 .text._lseek   0x0000000000002cca        0x4 /home/fei/min0150/Projects/VSB/APPS/apps-workspace.mcu/leds/mbed-os/lib/libmbed-os.a(mbed_retarget.o)
                0x0000000000002cca                _lseek
 .text.fsync    0x0000000000002cce       0x2e /home/fei/min0150/Projects/VSB/APPS/apps-workspace.mcu/leds/mbed-os/lib/libmbed-os.a(mbed_retarget.o)
                0x0000000000002cce                fsync
 .text._exit    0x0000000000002cfc       0x30 /home/fei/min0150/Projects/VSB/APPS/apps-workspace.mcu/leds/mbed-os/lib/libmbed-os.a(mbed_retarget.o)
                0x0000000000002cfc                _exit
 .text.__wrap_exit
                0x0000000000002d2c        0x6 /home/fei/min0150/Projects/VSB/APPS/apps-workspace.mcu/leds/mbed-os/lib/libmbed-os.a(mbed_retarget.o)
                0x0000000000002d2c                __wrap_exit
 .text.fstat    0x0000000000002d32       0x3c /home/fei/min0150/Projects/VSB/APPS/apps-workspace.mcu/leds/mbed-os/lib/libmbed-os.a(mbed_retarget.o)
                0x0000000000002d32                fstat
 .text._fstat   0x0000000000002d6e        0x4 /home/fei/min0150/Projects/VSB/APPS/apps-workspace.mcu/leds/mbed-os/lib/libmbed-os.a(mbed_retarget.o)
                0x0000000000002d6e                _fstat
 *fill*         0x0000000000002d72        0x2 
 .text.SystemInit
                0x0000000000002d74       0x2c /home/fei/min0150/Projects/VSB/APPS/apps-workspace.mcu/leds/mbed-os/lib/libmbed-os.a(system_MK64F12.o)
                0x0000000000002d74                SystemInit
 .text.pit_isr  0x0000000000002da0       0x2c /home/fei/min0150/Projects/VSB/APPS/apps-workspace.mcu/leds/mbed-os/lib/libmbed-os.a(us_ticker.o)
 .text.us_ticker_get_info
                0x0000000000002dcc        0x8 /home/fei/min0150/Projects/VSB/APPS/apps-workspace.mcu/leds/mbed-os/lib/libmbed-os.a(us_ticker.o)
                0x0000000000002dcc                us_ticker_get_info
 .text.us_ticker_init
                0x0000000000002dd4       0xcc /home/fei/min0150/Projects/VSB/APPS/apps-workspace.mcu/leds/mbed-os/lib/libmbed-os.a(us_ticker.o)
                0x0000000000002dd4                us_ticker_init
 .text.us_ticker_read
                0x0000000000002ea0       0x10 /home/fei/min0150/Projects/VSB/APPS/apps-workspace.mcu/leds/mbed-os/lib/libmbed-os.a(us_ticker.o)
                0x0000000000002ea0                us_ticker_read
 .text.us_ticker_disable_interrupt
                0x0000000000002eb0       0x14 /home/fei/min0150/Projects/VSB/APPS/apps-workspace.mcu/leds/mbed-os/lib/libmbed-os.a(us_ticker.o)
                0x0000000000002eb0                us_ticker_disable_interrupt
 .text.us_ticker_clear_interrupt
                0x0000000000002ec4       0x10 /home/fei/min0150/Projects/VSB/APPS/apps-workspace.mcu/leds/mbed-os/lib/libmbed-os.a(us_ticker.o)
                0x0000000000002ec4                us_ticker_clear_interrupt
 .text.us_ticker_set_interrupt
                0x0000000000002ed4       0x60 /home/fei/min0150/Projects/VSB/APPS/apps-workspace.mcu/leds/mbed-os/lib/libmbed-os.a(us_ticker.o)
                0x0000000000002ed4                us_ticker_set_interrupt
 .text.us_ticker_fire_interrupt
                0x0000000000002f34       0x10 /home/fei/min0150/Projects/VSB/APPS/apps-workspace.mcu/leds/mbed-os/lib/libmbed-os.a(us_ticker.o)
                0x0000000000002f34                us_ticker_fire_interrupt
 .text.us_ticker_free
                0x0000000000002f44       0x64 /home/fei/min0150/Projects/VSB/APPS/apps-workspace.mcu/leds/mbed-os/lib/libmbed-os.a(us_ticker.o)
                0x0000000000002f44                us_ticker_free
 .text.serial_init_direct
                0x0000000000002fa8       0xd4 /home/fei/min0150/Projects/VSB/APPS/apps-workspace.mcu/leds/mbed-os/lib/libmbed-os.a(serial_api.o)
                0x0000000000002fa8                serial_init_direct
 .text.serial_baud
                0x000000000000307c       0x2c /home/fei/min0150/Projects/VSB/APPS/apps-workspace.mcu/leds/mbed-os/lib/libmbed-os.a(serial_api.o)
                0x000000000000307c                serial_baud
 .text.serial_readable
                0x00000000000030a8       0x2c /home/fei/min0150/Projects/VSB/APPS/apps-workspace.mcu/leds/mbed-os/lib/libmbed-os.a(serial_api.o)
                0x00000000000030a8                serial_readable
 .text.serial_getc
                0x00000000000030d4       0x20 /home/fei/min0150/Projects/VSB/APPS/apps-workspace.mcu/leds/mbed-os/lib/libmbed-os.a(serial_api.o)
                0x00000000000030d4                serial_getc
 .text.serial_writable
                0x00000000000030f4       0x2c /home/fei/min0150/Projects/VSB/APPS/apps-workspace.mcu/leds/mbed-os/lib/libmbed-os.a(serial_api.o)
                0x00000000000030f4                serial_writable
 .text.serial_putc
                0x0000000000003120       0x24 /home/fei/min0150/Projects/VSB/APPS/apps-workspace.mcu/leds/mbed-os/lib/libmbed-os.a(serial_api.o)
                0x0000000000003120                serial_putc
 .text.gpio_init
                0x0000000000003144       0x12 /home/fei/min0150/Projects/VSB/APPS/apps-workspace.mcu/leds/mbed-os/lib/libmbed-os.a(gpio_api.o)
                0x0000000000003144                gpio_init
 .text.gpio_mode
                0x0000000000003156        0x6 /home/fei/min0150/Projects/VSB/APPS/apps-workspace.mcu/leds/mbed-os/lib/libmbed-os.a(gpio_api.o)
                0x0000000000003156                gpio_mode
 .text.gpio_dir
                0x000000000000315c       0x48 /home/fei/min0150/Projects/VSB/APPS/apps-workspace.mcu/leds/mbed-os/lib/libmbed-os.a(gpio_api.o)
                0x000000000000315c                gpio_dir
 .text.gpio_write
                0x00000000000031a4       0x3c /home/fei/min0150/Projects/VSB/APPS/apps-workspace.mcu/leds/mbed-os/lib/libmbed-os.a(gpio_api.o)
                0x00000000000031a4                gpio_write
 .text.gpio_read
                0x00000000000031e0       0x34 /home/fei/min0150/Projects/VSB/APPS/apps-workspace.mcu/leds/mbed-os/lib/libmbed-os.a(gpio_api.o)
                0x00000000000031e0                gpio_read
 .text.pin_function
                0x0000000000003214       0x74 /home/fei/min0150/Projects/VSB/APPS/apps-workspace.mcu/leds/mbed-os/lib/libmbed-os.a(pinmap.o)
                0x0000000000003214                pin_function
 .text.pin_mode
                0x0000000000003288       0x5c /home/fei/min0150/Projects/VSB/APPS/apps-workspace.mcu/leds/mbed-os/lib/libmbed-os.a(pinmap.o)
                0x0000000000003288                pin_mode
 .text.mbed_tiny_compute_crc32
                0x00000000000032e4       0x2c /home/fei/min0150/Projects/VSB/APPS/apps-workspace.mcu/leds/mbed-os/lib/libmbed-os.a(MbedCRC.o)
                0x00000000000032e4                mbed_tiny_compute_crc32
 .text.hal_critical_section_enter
                0x0000000000003310       0x24 /home/fei/min0150/Projects/VSB/APPS/apps-workspace.mcu/leds/mbed-os/lib/libmbed-os.a(mbed_critical_section_api.o)
                0x0000000000003310                hal_critical_section_enter
 .text.hal_critical_section_exit
                0x0000000000003334       0x38 /home/fei/min0150/Projects/VSB/APPS/apps-workspace.mcu/leds/mbed-os/lib/libmbed-os.a(mbed_critical_section_api.o)
                0x0000000000003334                hal_critical_section_exit
 .text.core_util_atomic_flag_test_and_set
                0x000000000000336c       0x14 /home/fei/min0150/Projects/VSB/APPS/apps-workspace.mcu/leds/mbed-os/lib/libmbed-os.a(mbed_atomic_impl.o)
                0x000000000000336c                core_util_atomic_flag_test_and_set
 .text.core_util_atomic_incr_u16
                0x0000000000003380       0x12 /home/fei/min0150/Projects/VSB/APPS/apps-workspace.mcu/leds/mbed-os/lib/libmbed-os.a(mbed_atomic_impl.o)
                0x0000000000003380                core_util_atomic_incr_u16
 .text.core_util_atomic_decr_u16
                0x0000000000003392       0x12 /home/fei/min0150/Projects/VSB/APPS/apps-workspace.mcu/leds/mbed-os/lib/libmbed-os.a(mbed_atomic_impl.o)
                0x0000000000003392                core_util_atomic_decr_u16
 .text.core_util_atomic_exchange_u8
                0x00000000000033a4       0x12 /home/fei/min0150/Projects/VSB/APPS/apps-workspace.mcu/leds/mbed-os/lib/libmbed-os.a(mbed_atomic_impl.o)
                0x00000000000033a4                core_util_atomic_exchange_u8
 *fill*         0x00000000000033b6        0x2 
 .text.mbed_die
                0x00000000000033b8       0x64 /home/fei/min0150/Projects/VSB/APPS/apps-workspace.mcu/leds/mbed-os/lib/libmbed-os.a(mbed_board.o)
                0x00000000000033b8                mbed_die
 .text.mbed_error_puts
                0x000000000000341c       0x4e /home/fei/min0150/Projects/VSB/APPS/apps-workspace.mcu/leds/mbed-os/lib/libmbed-os.a(mbed_board.o)
                0x000000000000341c                mbed_error_puts
 *fill*         0x000000000000346a        0x2 
 .text.mbed_error_vprintf
                0x000000000000346c       0x38 /home/fei/min0150/Projects/VSB/APPS/apps-workspace.mcu/leds/mbed-os/lib/libmbed-os.a(mbed_board.o)
                0x000000000000346c                mbed_error_vprintf
 .text.mbed_error_printf
                0x00000000000034a4       0x1a /home/fei/min0150/Projects/VSB/APPS/apps-workspace.mcu/leds/mbed-os/lib/libmbed-os.a(mbed_board.o)
                0x00000000000034a4                mbed_error_printf
 .text.__wrap_vsnprintf
                0x00000000000034be        0xe /home/fei/min0150/Projects/VSB/APPS/apps-workspace.mcu/leds/mbed-os/lib/libmbed-os.a(mbed_printf_wrapper.o)
                0x00000000000034be                __wrap_vsnprintf
 .text.mbed_minimal_putchar
                0x00000000000034cc       0x34 /home/fei/min0150/Projects/VSB/APPS/apps-workspace.mcu/leds/mbed-os/lib/libmbed-os.a(mbed_printf_implementation.o)
 .text.mbed_minimal_formatted_string_integer
                0x0000000000003500      0x168 /home/fei/min0150/Projects/VSB/APPS/apps-workspace.mcu/leds/mbed-os/lib/libmbed-os.a(mbed_printf_implementation.o)
 .text.mbed_minimal_formatted_string
                0x0000000000003668      0x2bc /home/fei/min0150/Projects/VSB/APPS/apps-workspace.mcu/leds/mbed-os/lib/libmbed-os.a(mbed_printf_implementation.o)
                0x0000000000003668                mbed_minimal_formatted_string
 .text.CLOCK_GetInternalRefClkSelectFreq
                0x0000000000003924       0x28 /home/fei/min0150/Projects/VSB/APPS/apps-workspace.mcu/leds/mbed-os/lib/libmbed-os.a(fsl_clock.o)
 .text.CLOCK_GetMcgExtClkFreq
                0x000000000000394c       0x60 /home/fei/min0150/Projects/VSB/APPS/apps-workspace.mcu/leds/mbed-os/lib/libmbed-os.a(fsl_clock.o)
 .text.CLOCK_GetFllExtRefClkFreq
                0x00000000000039ac       0x44 /home/fei/min0150/Projects/VSB/APPS/apps-workspace.mcu/leds/mbed-os/lib/libmbed-os.a(fsl_clock.o)
 .text.CLOCK_GetOsc0ErClkFreq
                0x00000000000039f0       0x3c /home/fei/min0150/Projects/VSB/APPS/apps-workspace.mcu/leds/mbed-os/lib/libmbed-os.a(fsl_clock.o)
                0x00000000000039f0                CLOCK_GetOsc0ErClkFreq
 .text.CLOCK_GetEr32kClkFreq
                0x0000000000003a2c       0x58 /home/fei/min0150/Projects/VSB/APPS/apps-workspace.mcu/leds/mbed-os/lib/libmbed-os.a(fsl_clock.o)
                0x0000000000003a2c                CLOCK_GetEr32kClkFreq
 .text.CLOCK_GetFllFreq
                0x0000000000003a84       0x50 /home/fei/min0150/Projects/VSB/APPS/apps-workspace.mcu/leds/mbed-os/lib/libmbed-os.a(fsl_clock.o)
                0x0000000000003a84                CLOCK_GetFllFreq
 .text.CLOCK_GetInternalRefClkFreq
                0x0000000000003ad4       0x14 /home/fei/min0150/Projects/VSB/APPS/apps-workspace.mcu/leds/mbed-os/lib/libmbed-os.a(fsl_clock.o)
                0x0000000000003ad4                CLOCK_GetInternalRefClkFreq
 .text.CLOCK_GetPll0Freq
                0x0000000000003ae8       0x48 /home/fei/min0150/Projects/VSB/APPS/apps-workspace.mcu/leds/mbed-os/lib/libmbed-os.a(fsl_clock.o)
                0x0000000000003ae8                CLOCK_GetPll0Freq
 .text.CLOCK_GetPllFllSelClkFreq
                0x0000000000003b30       0x30 /home/fei/min0150/Projects/VSB/APPS/apps-workspace.mcu/leds/mbed-os/lib/libmbed-os.a(fsl_clock.o)
                0x0000000000003b30                CLOCK_GetPllFllSelClkFreq
 .text.CLOCK_GetOutClkFreq
                0x0000000000003b60       0x28 /home/fei/min0150/Projects/VSB/APPS/apps-workspace.mcu/leds/mbed-os/lib/libmbed-os.a(fsl_clock.o)
                0x0000000000003b60                CLOCK_GetOutClkFreq
 .text.CLOCK_GetFixedFreqClkFreq
                0x0000000000003b88       0x34 /home/fei/min0150/Projects/VSB/APPS/apps-workspace.mcu/leds/mbed-os/lib/libmbed-os.a(fsl_clock.o)
                0x0000000000003b88                CLOCK_GetFixedFreqClkFreq
 .text.CLOCK_GetFreq
                0x0000000000003bbc       0xb8 /home/fei/min0150/Projects/VSB/APPS/apps-workspace.mcu/leds/mbed-os/lib/libmbed-os.a(fsl_clock.o)
                0x0000000000003bbc                CLOCK_GetFreq
 .text.EDMA_HandleIRQ
                0x0000000000003c74       0xb0 /home/fei/min0150/Projects/VSB/APPS/apps-workspace.mcu/leds/mbed-os/lib/libmbed-os.a(fsl_edma.o)
                0x0000000000003c74                EDMA_HandleIRQ
 .text.DMA0_DriverIRQHandler
                0x0000000000003d24        0xc /home/fei/min0150/Projects/VSB/APPS/apps-workspace.mcu/leds/mbed-os/lib/libmbed-os.a(fsl_edma.o)
                0x0000000000003d24                DMA0_DriverIRQHandler
 .text.DMA1_DriverIRQHandler
                0x0000000000003d30        0xc /home/fei/min0150/Projects/VSB/APPS/apps-workspace.mcu/leds/mbed-os/lib/libmbed-os.a(fsl_edma.o)
                0x0000000000003d30                DMA1_DriverIRQHandler
 .text.DMA2_DriverIRQHandler
                0x0000000000003d3c        0xc /home/fei/min0150/Projects/VSB/APPS/apps-workspace.mcu/leds/mbed-os/lib/libmbed-os.a(fsl_edma.o)
                0x0000000000003d3c                DMA2_DriverIRQHandler
 .text.DMA3_DriverIRQHandler
                0x0000000000003d48        0xc /home/fei/min0150/Projects/VSB/APPS/apps-workspace.mcu/leds/mbed-os/lib/libmbed-os.a(fsl_edma.o)
                0x0000000000003d48                DMA3_DriverIRQHandler
 .text.DMA4_DriverIRQHandler
                0x0000000000003d54        0xc /home/fei/min0150/Projects/VSB/APPS/apps-workspace.mcu/leds/mbed-os/lib/libmbed-os.a(fsl_edma.o)
                0x0000000000003d54                DMA4_DriverIRQHandler
 .text.DMA5_DriverIRQHandler
                0x0000000000003d60        0xc /home/fei/min0150/Projects/VSB/APPS/apps-workspace.mcu/leds/mbed-os/lib/libmbed-os.a(fsl_edma.o)
                0x0000000000003d60                DMA5_DriverIRQHandler
 .text.DMA6_DriverIRQHandler
                0x0000000000003d6c        0xc /home/fei/min0150/Projects/VSB/APPS/apps-workspace.mcu/leds/mbed-os/lib/libmbed-os.a(fsl_edma.o)
                0x0000000000003d6c                DMA6_DriverIRQHandler
 .text.DMA7_DriverIRQHandler
                0x0000000000003d78        0xc /home/fei/min0150/Projects/VSB/APPS/apps-workspace.mcu/leds/mbed-os/lib/libmbed-os.a(fsl_edma.o)
                0x0000000000003d78                DMA7_DriverIRQHandler
 .text.DMA8_DriverIRQHandler
                0x0000000000003d84        0xc /home/fei/min0150/Projects/VSB/APPS/apps-workspace.mcu/leds/mbed-os/lib/libmbed-os.a(fsl_edma.o)
                0x0000000000003d84                DMA8_DriverIRQHandler
 .text.DMA9_DriverIRQHandler
                0x0000000000003d90        0xc /home/fei/min0150/Projects/VSB/APPS/apps-workspace.mcu/leds/mbed-os/lib/libmbed-os.a(fsl_edma.o)
                0x0000000000003d90                DMA9_DriverIRQHandler
 .text.DMA10_DriverIRQHandler
                0x0000000000003d9c        0xc /home/fei/min0150/Projects/VSB/APPS/apps-workspace.mcu/leds/mbed-os/lib/libmbed-os.a(fsl_edma.o)
                0x0000000000003d9c                DMA10_DriverIRQHandler
 .text.DMA11_DriverIRQHandler
                0x0000000000003da8        0xc /home/fei/min0150/Projects/VSB/APPS/apps-workspace.mcu/leds/mbed-os/lib/libmbed-os.a(fsl_edma.o)
                0x0000000000003da8                DMA11_DriverIRQHandler
 .text.DMA12_DriverIRQHandler
                0x0000000000003db4        0xc /home/fei/min0150/Projects/VSB/APPS/apps-workspace.mcu/leds/mbed-os/lib/libmbed-os.a(fsl_edma.o)
                0x0000000000003db4                DMA12_DriverIRQHandler
 .text.DMA13_DriverIRQHandler
                0x0000000000003dc0        0xc /home/fei/min0150/Projects/VSB/APPS/apps-workspace.mcu/leds/mbed-os/lib/libmbed-os.a(fsl_edma.o)
                0x0000000000003dc0                DMA13_DriverIRQHandler
 .text.DMA14_DriverIRQHandler
                0x0000000000003dcc        0xc /home/fei/min0150/Projects/VSB/APPS/apps-workspace.mcu/leds/mbed-os/lib/libmbed-os.a(fsl_edma.o)
                0x0000000000003dcc                DMA14_DriverIRQHandler
 .text.DMA15_DriverIRQHandler
                0x0000000000003dd8        0xc /home/fei/min0150/Projects/VSB/APPS/apps-workspace.mcu/leds/mbed-os/lib/libmbed-os.a(fsl_edma.o)
                0x0000000000003dd8                DMA15_DriverIRQHandler
 .text.DSPI_CommonIRQHandler
                0x0000000000003de4       0x20 /home/fei/min0150/Projects/VSB/APPS/apps-workspace.mcu/leds/mbed-os/lib/libmbed-os.a(fsl_dspi.o)
 .text.SPI0_DriverIRQHandler
                0x0000000000003e04       0x34 /home/fei/min0150/Projects/VSB/APPS/apps-workspace.mcu/leds/mbed-os/lib/libmbed-os.a(fsl_dspi.o)
                0x0000000000003e04                SPI0_DriverIRQHandler
 .text.SPI1_DriverIRQHandler
                0x0000000000003e38       0x34 /home/fei/min0150/Projects/VSB/APPS/apps-workspace.mcu/leds/mbed-os/lib/libmbed-os.a(fsl_dspi.o)
                0x0000000000003e38                SPI1_DriverIRQHandler
 .text.SPI2_DriverIRQHandler
                0x0000000000003e6c       0x34 /home/fei/min0150/Projects/VSB/APPS/apps-workspace.mcu/leds/mbed-os/lib/libmbed-os.a(fsl_dspi.o)
                0x0000000000003e6c                SPI2_DriverIRQHandler
 .text.PIT_GetInstance.part.0
                0x0000000000003ea0       0x1c /home/fei/min0150/Projects/VSB/APPS/apps-workspace.mcu/leds/mbed-os/lib/libmbed-os.a(fsl_pit.o)
 .text.PIT_Init
                0x0000000000003ebc       0x58 /home/fei/min0150/Projects/VSB/APPS/apps-workspace.mcu/leds/mbed-os/lib/libmbed-os.a(fsl_pit.o)
                0x0000000000003ebc                PIT_Init
 .text.UART_GetInstance
                0x0000000000003f14       0x64 /home/fei/min0150/Projects/VSB/APPS/apps-workspace.mcu/leds/mbed-os/lib/libmbed-os.a(fsl_uart.o)
                0x0000000000003f14                UART_GetInstance
 .text.UART_Init
                0x0000000000003f78      0x174 /home/fei/min0150/Projects/VSB/APPS/apps-workspace.mcu/leds/mbed-os/lib/libmbed-os.a(fsl_uart.o)
                0x0000000000003f78                UART_Init
 .text.UART_GetDefaultConfig
                0x00000000000040ec       0x30 /home/fei/min0150/Projects/VSB/APPS/apps-workspace.mcu/leds/mbed-os/lib/libmbed-os.a(fsl_uart.o)
                0x00000000000040ec                UART_GetDefaultConfig
 .text.UART_SetBaudRate
                0x000000000000411c       0x8c /home/fei/min0150/Projects/VSB/APPS/apps-workspace.mcu/leds/mbed-os/lib/libmbed-os.a(fsl_uart.o)
                0x000000000000411c                UART_SetBaudRate
 .text.UART_GetStatusFlags
                0x00000000000041a8       0x16 /home/fei/min0150/Projects/VSB/APPS/apps-workspace.mcu/leds/mbed-os/lib/libmbed-os.a(fsl_uart.o)
                0x00000000000041a8                UART_GetStatusFlags
 .text.UART_ClearStatusFlags