13:16:28 **** Build of configuration Debug for project demo-pwm ****
make -r -j12 all 
Building file: ../utilities/fsl_debug_console.c
Building file: ../utilities/fsl_str.c
Invoking: MCU C Compiler
Invoking: MCU C Compiler
Building file: ../startup/startup_mk64f12.cpp
arm-none-eabi-gcc -D__NEWLIB__ -DCPU_MK64FN1M0VLL12 -DCPU_MK64FN1M0VLL12_cm4 -DSDK_OS_BAREMETAL -DSERIAL_PORT_TYPE_UART=1 -DSDK_DEBUGCONSOLE=1 -DSDK_OS_FREE_RTOS -D__MCUXPRESSO -D__USE_CMSIS -DDEBUG -I"/home/fei/min0150/Projects/VSB/OSY/osy-workspace.rtos/demo-pwm/board" -I"/home/fei/min0150/Projects/VSB/OSY/osy-workspace.rtos/demo-pwm/source" -I"/home/fei/min0150/Projects/VSB/OSY/osy-workspace.rtos/demo-pwm/freertos/freertos_kernel/include" -I"/home/fei/min0150/Projects/VSB/OSY/osy-workspace.rtos/demo-pwm/freertos/freertos_kernel/portable/GCC/ARM_CM4F" -I"/home/fei/min0150/Projects/VSB/OSY/osy-workspace.rtos/demo-pwm/drivers" -I"/home/fei/min0150/Projects/VSB/OSY/osy-workspace.rtos/demo-pwm/device" -I"/home/fei/min0150/Projects/VSB/OSY/osy-workspace.rtos/demo-pwm/CMSIS" -I"/home/fei/min0150/Projects/VSB/OSY/osy-workspace.rtos/demo-pwm/utilities" -I"/home/fei/min0150/Projects/VSB/OSY/osy-workspace.rtos/demo-pwm/component/serial_manager" -I"/home/fei/min0150/Projects/VSB/OSY/osy-workspace.rtos/demo-pwm/component/uart" -I"/home/fei/min0150/Projects/VSB/OSY/osy-workspace.rtos/demo-pwm/component/lists" -O0 -fno-common -g3 -gdwarf-4 -Wall -c -ffunction-sections -fdata-sections -ffreestanding -fno-builtin -fmerge-constants -fmacro-prefix-map="../utilities/"= -mcpu=cortex-m4 -mfpu=fpv4-sp-d16 -mfloat-abi=hard -mthumb -D__NEWLIB__ -fstack-usage -specs=nano.specs -MMD -MP -MF"utilities/fsl_debug_console.d" -MT"utilities/fsl_debug_console.o" -MT"utilities/fsl_debug_console.d" -o "utilities/fsl_debug_console.o" "../utilities/fsl_debug_console.c"
arm-none-eabi-gcc -D__NEWLIB__ -DCPU_MK64FN1M0VLL12 -DCPU_MK64FN1M0VLL12_cm4 -DSDK_OS_BAREMETAL -DSERIAL_PORT_TYPE_UART=1 -DSDK_DEBUGCONSOLE=1 -DSDK_OS_FREE_RTOS -D__MCUXPRESSO -D__USE_CMSIS -DDEBUG -I"/home/fei/min0150/Projects/VSB/OSY/osy-workspace.rtos/demo-pwm/board" -I"/home/fei/min0150/Projects/VSB/OSY/osy-workspace.rtos/demo-pwm/source" -I"/home/fei/min0150/Projects/VSB/OSY/osy-workspace.rtos/demo-pwm/freertos/freertos_kernel/include" -I"/home/fei/min0150/Projects/VSB/OSY/osy-workspace.rtos/demo-pwm/freertos/freertos_kernel/portable/GCC/ARM_CM4F" -I"/home/fei/min0150/Projects/VSB/OSY/osy-workspace.rtos/demo-pwm/drivers" -I"/home/fei/min0150/Projects/VSB/OSY/osy-workspace.rtos/demo-pwm/device" -I"/home/fei/min0150/Projects/VSB/OSY/osy-workspace.rtos/demo-pwm/CMSIS" -I"/home/fei/min0150/Projects/VSB/OSY/osy-workspace.rtos/demo-pwm/utilities" -I"/home/fei/min0150/Projects/VSB/OSY/osy-workspace.rtos/demo-pwm/component/serial_manager" -I"/home/fei/min0150/Projects/VSB/OSY/osy-workspace.rtos/demo-pwm/component/uart" -I"/home/fei/min0150/Projects/VSB/OSY/osy-workspace.rtos/demo-pwm/component/lists" -O0 -fno-common -g3 -gdwarf-4 -Wall -c -ffunction-sections -fdata-sections -ffreestanding -fno-builtin -fmerge-constants -fmacro-prefix-map="../utilities/"= -mcpu=cortex-m4 -mfpu=fpv4-sp-d16 -mfloat-abi=hard -mthumb -D__NEWLIB__ -fstack-usage -specs=nano.specs -MMD -MP -MF"utilities/fsl_str.d" -MT"utilities/fsl_str.o" -MT"utilities/fsl_str.d" -o "utilities/fsl_str.o" "../utilities/fsl_str.c"
Invoking: MCU C++ Compiler
Building file: ../source/main-demo-pwm.cpp
arm-none-eabi-c++ -DCPU_MK64FN1M0VLL12 -DCPU_MK64FN1M0VLL12_cm4 -DSDK_OS_BAREMETAL -DSERIAL_PORT_TYPE_UART=1 -DSDK_DEBUGCONSOLE=1 -DSDK_OS_FREE_RTOS -D__MCUXPRESSO -D__USE_CMSIS -DDEBUG -D__NEWLIB__ -I"/home/fei/min0150/Projects/VSB/OSY/osy-workspace.rtos/demo-pwm/board" -I"/home/fei/min0150/Projects/VSB/OSY/osy-workspace.rtos/demo-pwm/source" -I"/home/fei/min0150/Projects/VSB/OSY/osy-workspace.rtos/demo-pwm/freertos/freertos_kernel/include" -I"/home/fei/min0150/Projects/VSB/OSY/osy-workspace.rtos/demo-pwm/freertos/freertos_kernel/portable/GCC/ARM_CM4F" -I"/home/fei/min0150/Projects/VSB/OSY/osy-workspace.rtos/demo-pwm/drivers" -I"/home/fei/min0150/Projects/VSB/OSY/osy-workspace.rtos/demo-pwm/device" -I"/home/fei/min0150/Projects/VSB/OSY/osy-workspace.rtos/demo-pwm/CMSIS" -I"/home/fei/min0150/Projects/VSB/OSY/osy-workspace.rtos/demo-pwm/utilities" -I"/home/fei/min0150/Projects/VSB/OSY/osy-workspace.rtos/demo-pwm/component/serial_manager" -I"/home/fei/min0150/Projects/VSB/OSY/osy-workspace.rtos/demo-pwm/component/uart" -I"/home/fei/min0150/Projects/VSB/OSY/osy-workspace.rtos/demo-pwm/component/lists" -O0 -fno-common -g3 -gdwarf-4 -Wall -c -ffunction-sections -fdata-sections -ffreestanding -fno-builtin -fno-rtti -fno-exceptions -fmerge-constants -fmacro-prefix-map="../startup/"= -mcpu=cortex-m4 -mfpu=fpv4-sp-d16 -mfloat-abi=hard -mthumb -D__NEWLIB__ -fstack-usage -specs=nano.specs -MMD -MP -MF"startup/startup_mk64f12.d" -MT"startup/startup_mk64f12.o" -MT"startup/startup_mk64f12.d" -o "startup/startup_mk64f12.o" "../startup/startup_mk64f12.cpp"
Invoking: MCU C++ Compiler
Building file: ../source/semihost_hardfault.c
arm-none-eabi-c++ -DCPU_MK64FN1M0VLL12 -DCPU_MK64FN1M0VLL12_cm4 -DSDK_OS_BAREMETAL -DSERIAL_PORT_TYPE_UART=1 -DSDK_DEBUGCONSOLE=1 -DSDK_OS_FREE_RTOS -D__MCUXPRESSO -D__USE_CMSIS -DDEBUG -D__NEWLIB__ -I"/home/fei/min0150/Projects/VSB/OSY/osy-workspace.rtos/demo-pwm/board" -I"/home/fei/min0150/Projects/VSB/OSY/osy-workspace.rtos/demo-pwm/source" -I"/home/fei/min0150/Projects/VSB/OSY/osy-workspace.rtos/demo-pwm/freertos/freertos_kernel/include" -I"/home/fei/min0150/Projects/VSB/OSY/osy-workspace.rtos/demo-pwm/freertos/freertos_kernel/portable/GCC/ARM_CM4F" -I"/home/fei/min0150/Projects/VSB/OSY/osy-workspace.rtos/demo-pwm/drivers" -I"/home/fei/min0150/Projects/VSB/OSY/osy-workspace.rtos/demo-pwm/device" -I"/home/fei/min0150/Projects/VSB/OSY/osy-workspace.rtos/demo-pwm/CMSIS" -I"/home/fei/min0150/Projects/VSB/OSY/osy-workspace.rtos/demo-pwm/utilities" -I"/home/fei/min0150/Projects/VSB/OSY/osy-workspace.rtos/demo-pwm/component/serial_manager" -I"/home/fei/min0150/Projects/VSB/OSY/osy-workspace.rtos/demo-pwm/component/uart" -I"/home/fei/min0150/Projects/VSB/OSY/osy-workspace.rtos/demo-pwm/component/lists" -O0 -fno-common -g3 -gdwarf-4 -Wall -c -ffunction-sections -fdata-sections -ffreestanding -fno-builtin -fno-rtti -fno-exceptions -fmerge-constants -fmacro-prefix-map="../source/"= -mcpu=cortex-m4 -mfpu=fpv4-sp-d16 -mfloat-abi=hard -mthumb -D__NEWLIB__ -fstack-usage -specs=nano.specs -MMD -MP -MF"source/main-demo-pwm.d" -MT"source/main-demo-pwm.o" -MT"source/main-demo-pwm.d" -o "source/main-demo-pwm.o" "../source/main-demo-pwm.cpp"
Invoking: MCU C Compiler
Building file: ../freertos/freertos_kernel/portable/MemMang/heap_4.c
arm-none-eabi-gcc -D__NEWLIB__ -DCPU_MK64FN1M0VLL12 -DCPU_MK64FN1M0VLL12_cm4 -DSDK_OS_BAREMETAL -DSERIAL_PORT_TYPE_UART=1 -DSDK_DEBUGCONSOLE=1 -DSDK_OS_FREE_RTOS -D__MCUXPRESSO -D__USE_CMSIS -DDEBUG -I"/home/fei/min0150/Projects/VSB/OSY/osy-workspace.rtos/demo-pwm/board" -I"/home/fei/min0150/Projects/VSB/OSY/osy-workspace.rtos/demo-pwm/source" -I"/home/fei/min0150/Projects/VSB/OSY/osy-workspace.rtos/demo-pwm/freertos/freertos_kernel/include" -I"/home/fei/min0150/Projects/VSB/OSY/osy-workspace.rtos/demo-pwm/freertos/freertos_kernel/portable/GCC/ARM_CM4F" -I"/home/fei/min0150/Projects/VSB/OSY/osy-workspace.rtos/demo-pwm/drivers" -I"/home/fei/min0150/Projects/VSB/OSY/osy-workspace.rtos/demo-pwm/device" -I"/home/fei/min0150/Projects/VSB/OSY/osy-workspace.rtos/demo-pwm/CMSIS" -I"/home/fei/min0150/Projects/VSB/OSY/osy-workspace.rtos/demo-pwm/utilities" -I"/home/fei/min0150/Projects/VSB/OSY/osy-workspace.rtos/demo-pwm/component/serial_manager" -I"/home/fei/min0150/Projects/VSB/OSY/osy-workspace.rtos/demo-pwm/component/uart" -I"/home/fei/min0150/Projects/VSB/OSY/osy-workspace.rtos/demo-pwm/component/lists" -O0 -fno-common -g3 -gdwarf-4 -Wall -c -ffunction-sections -fdata-sections -ffreestanding -fno-builtin -fmerge-constants -fmacro-prefix-map="../source/"= -mcpu=cortex-m4 -mfpu=fpv4-sp-d16 -mfloat-abi=hard -mthumb -D__NEWLIB__ -fstack-usage -specs=nano.specs -MMD -MP -MF"source/semihost_hardfault.d" -MT"source/semihost_hardfault.o" -MT"source/semihost_hardfault.d" -o "source/semihost_hardfault.o" "../source/semihost_hardfault.c"
Invoking: MCU C Compiler
Building file: ../freertos/freertos_kernel/portable/GCC/ARM_CM4F/port.c
arm-none-eabi-gcc -D__NEWLIB__ -DCPU_MK64FN1M0VLL12 -DCPU_MK64FN1M0VLL12_cm4 -DSDK_OS_BAREMETAL -DSERIAL_PORT_TYPE_UART=1 -DSDK_DEBUGCONSOLE=1 -DSDK_OS_FREE_RTOS -D__MCUXPRESSO -D__USE_CMSIS -DDEBUG -I"/home/fei/min0150/Projects/VSB/OSY/osy-workspace.rtos/demo-pwm/board" -I"/home/fei/min0150/Projects/VSB/OSY/osy-workspace.rtos/demo-pwm/source" -I"/home/fei/min0150/Projects/VSB/OSY/osy-workspace.rtos/demo-pwm/freertos/freertos_kernel/include" -I"/home/fei/min0150/Projects/VSB/OSY/osy-workspace.rtos/demo-pwm/freertos/freertos_kernel/portable/GCC/ARM_CM4F" -I"/home/fei/min0150/Projects/VSB/OSY/osy-workspace.rtos/demo-pwm/drivers" -I"/home/fei/min0150/Projects/VSB/OSY/osy-workspace.rtos/demo-pwm/device" -I"/home/fei/min0150/Projects/VSB/OSY/osy-workspace.rtos/demo-pwm/CMSIS" -I"/home/fei/min0150/Projects/VSB/OSY/osy-workspace.rtos/demo-pwm/utilities" -I"/home/fei/min0150/Projects/VSB/OSY/osy-workspace.rtos/demo-pwm/component/serial_manager" -I"/home/fei/min0150/Projects/VSB/OSY/osy-workspace.rtos/demo-pwm/component/uart" -I"/home/fei/min0150/Projects/VSB/OSY/osy-workspace.rtos/demo-pwm/component/lists" -O0 -fno-common -g3 -gdwarf-4 -Wall -c -ffunction-sections -fdata-sections -ffreestanding -fno-builtin -fmerge-constants -fmacro-prefix-map="../freertos/freertos_kernel/portable/MemMang/"= -mcpu=cortex-m4 -mfpu=fpv4-sp-d16 -mfloat-abi=hard -mthumb -D__NEWLIB__ -fstack-usage -specs=nano.specs -MMD -MP -MF"freertos/freertos_kernel/portable/MemMang/heap_4.d" -MT"freertos/freertos_kernel/portable/MemMang/heap_4.o" -MT"freertos/freertos_kernel/portable/MemMang/heap_4.d" -o "freertos/freertos_kernel/portable/MemMang/heap_4.o" "../freertos/freertos_kernel/portable/MemMang/heap_4.c"
Invoking: MCU C Compiler
Building file: ../freertos/freertos_kernel/croutine.c
arm-none-eabi-gcc -D__NEWLIB__ -DCPU_MK64FN1M0VLL12 -DCPU_MK64FN1M0VLL12_cm4 -DSDK_OS_BAREMETAL -DSERIAL_PORT_TYPE_UART=1 -DSDK_DEBUGCONSOLE=1 -DSDK_OS_FREE_RTOS -D__MCUXPRESSO -D__USE_CMSIS -DDEBUG -I"/home/fei/min0150/Projects/VSB/OSY/osy-workspace.rtos/demo-pwm/board" -I"/home/fei/min0150/Projects/VSB/OSY/osy-workspace.rtos/demo-pwm/source" -I"/home/fei/min0150/Projects/VSB/OSY/osy-workspace.rtos/demo-pwm/freertos/freertos_kernel/include" -I"/home/fei/min0150/Projects/VSB/OSY/osy-workspace.rtos/demo-pwm/freertos/freertos_kernel/portable/GCC/ARM_CM4F" -I"/home/fei/min0150/Projects/VSB/OSY/osy-workspace.rtos/demo-pwm/drivers" -I"/home/fei/min0150/Projects/VSB/OSY/osy-workspace.rtos/demo-pwm/device" -I"/home/fei/min0150/Projects/VSB/OSY/osy-workspace.rtos/demo-pwm/CMSIS" -I"/home/fei/min0150/Projects/VSB/OSY/osy-workspace.rtos/demo-pwm/utilities" -I"/home/fei/min0150/Projects/VSB/OSY/osy-workspace.rtos/demo-pwm/component/serial_manager" -I"/home/fei/min0150/Projects/VSB/OSY/osy-workspace.rtos/demo-pwm/component/uart" -I"/home/fei/min0150/Projects/VSB/OSY/osy-workspace.rtos/demo-pwm/component/lists" -O0 -fno-common -g3 -gdwarf-4 -Wall -c -ffunction-sections -fdata-sections -ffreestanding -fno-builtin -fmerge-constants -fmacro-prefix-map="../freertos/freertos_kernel/portable/GCC/ARM_CM4F/"= -mcpu=cortex-m4 -mfpu=fpv4-sp-d16 -mfloat-abi=hard -mthumb -D__NEWLIB__ -fstack-usage -specs=nano.specs -MMD -MP -MF"freertos/freertos_kernel/portable/GCC/ARM_CM4F/port.d" -MT"freertos/freertos_kernel/portable/GCC/ARM_CM4F/port.o" -MT"freertos/freertos_kernel/portable/GCC/ARM_CM4F/port.d" -o "freertos/freertos_kernel/portable/GCC/ARM_CM4F/port.o" "../freertos/freertos_kernel/portable/GCC/ARM_CM4F/port.c"
Invoking: MCU C Compiler
Building file: ../freertos/freertos_kernel/event_groups.c
arm-none-eabi-gcc -D__NEWLIB__ -DCPU_MK64FN1M0VLL12 -DCPU_MK64FN1M0VLL12_cm4 -DSDK_OS_BAREMETAL -DSERIAL_PORT_TYPE_UART=1 -DSDK_DEBUGCONSOLE=1 -DSDK_OS_FREE_RTOS -D__MCUXPRESSO -D__USE_CMSIS -DDEBUG -I"/home/fei/min0150/Projects/VSB/OSY/osy-workspace.rtos/demo-pwm/board" -I"/home/fei/min0150/Projects/VSB/OSY/osy-workspace.rtos/demo-pwm/source" -I"/home/fei/min0150/Projects/VSB/OSY/osy-workspace.rtos/demo-pwm/freertos/freertos_kernel/include" -I"/home/fei/min0150/Projects/VSB/OSY/osy-workspace.rtos/demo-pwm/freertos/freertos_kernel/portable/GCC/ARM_CM4F" -I"/home/fei/min0150/Projects/VSB/OSY/osy-workspace.rtos/demo-pwm/drivers" -I"/home/fei/min0150/Projects/VSB/OSY/osy-workspace.rtos/demo-pwm/device" -I"/home/fei/min0150/Projects/VSB/OSY/osy-workspace.rtos/demo-pwm/CMSIS" -I"/home/fei/min0150/Projects/VSB/OSY/osy-workspace.rtos/demo-pwm/utilities" -I"/home/fei/min0150/Projects/VSB/OSY/osy-workspace.rtos/demo-pwm/component/serial_manager" -I"/home/fei/min0150/Projects/VSB/OSY/osy-workspace.rtos/demo-pwm/component/uart" -I"/home/fei/min0150/Projects/VSB/OSY/osy-workspace.rtos/demo-pwm/component/lists" -O0 -fno-common -g3 -gdwarf-4 -Wall -c -ffunction-sections -fdata-sections -ffreestanding -fno-builtin -fmerge-constants -fmacro-prefix-map="../freertos/freertos_kernel/"= -mcpu=cortex-m4 -mfpu=fpv4-sp-d16 -mfloat-abi=hard -mthumb -D__NEWLIB__ -fstack-usage -specs=nano.specs -MMD -MP -MF"freertos/freertos_kernel/croutine.d" -MT"freertos/freertos_kernel/croutine.o" -MT"freertos/freertos_kernel/croutine.d" -o "freertos/freertos_kernel/croutine.o" "../freertos/freertos_kernel/croutine.c"
Invoking: MCU C Compiler
Building file: ../freertos/freertos_kernel/list.c
arm-none-eabi-gcc -D__NEWLIB__ -DCPU_MK64FN1M0VLL12 -DCPU_MK64FN1M0VLL12_cm4 -DSDK_OS_BAREMETAL -DSERIAL_PORT_TYPE_UART=1 -DSDK_DEBUGCONSOLE=1 -DSDK_OS_FREE_RTOS -D__MCUXPRESSO -D__USE_CMSIS -DDEBUG -I"/home/fei/min0150/Projects/VSB/OSY/osy-workspace.rtos/demo-pwm/board" -I"/home/fei/min0150/Projects/VSB/OSY/osy-workspace.rtos/demo-pwm/source" -I"/home/fei/min0150/Projects/VSB/OSY/osy-workspace.rtos/demo-pwm/freertos/freertos_kernel/include" -I"/home/fei/min0150/Projects/VSB/OSY/osy-workspace.rtos/demo-pwm/freertos/freertos_kernel/portable/GCC/ARM_CM4F" -I"/home/fei/min0150/Projects/VSB/OSY/osy-workspace.rtos/demo-pwm/drivers" -I"/home/fei/min0150/Projects/VSB/OSY/osy-workspace.rtos/demo-pwm/device" -I"/home/fei/min0150/Projects/VSB/OSY/osy-workspace.rtos/demo-pwm/CMSIS" -I"/home/fei/min0150/Projects/VSB/OSY/osy-workspace.rtos/demo-pwm/utilities" -I"/home/fei/min0150/Projects/VSB/OSY/osy-workspace.rtos/demo-pwm/component/serial_manager" -I"/home/fei/min0150/Projects/VSB/OSY/osy-workspace.rtos/demo-pwm/component/uart" -I"/home/fei/min0150/Projects/VSB/OSY/osy-workspace.rtos/demo-pwm/component/lists" -O0 -fno-common -g3 -gdwarf-4 -Wall -c -ffunction-sections -fdata-sections -ffreestanding -fno-builtin -fmerge-constants -fmacro-prefix-map="../freertos/freertos_kernel/"= -mcpu=cortex-m4 -mfpu=fpv4-sp-d16 -mfloat-abi=hard -mthumb -D__NEWLIB__ -fstack-usage -specs=nano.specs -MMD -MP -MF"freertos/freertos_kernel/event_groups.d" -MT"freertos/freertos_kernel/event_groups.o" -MT"freertos/freertos_kernel/event_groups.d" -o "freertos/freertos_kernel/event_groups.o" "../freertos/freertos_kernel/event_groups.c"
Invoking: MCU C Compiler
arm-none-eabi-gcc -D__NEWLIB__ -DCPU_MK64FN1M0VLL12 -DCPU_MK64FN1M0VLL12_cm4 -DSDK_OS_BAREMETAL -DSERIAL_PORT_TYPE_UART=1 -DSDK_DEBUGCONSOLE=1 -DSDK_OS_FREE_RTOS -D__MCUXPRESSO -D__USE_CMSIS -DDEBUG -I"/home/fei/min0150/Projects/VSB/OSY/osy-workspace.rtos/demo-pwm/board" -I"/home/fei/min0150/Projects/VSB/OSY/osy-workspace.rtos/demo-pwm/source" -I"/home/fei/min0150/Projects/VSB/OSY/osy-workspace.rtos/demo-pwm/freertos/freertos_kernel/include" -I"/home/fei/min0150/Projects/VSB/OSY/osy-workspace.rtos/demo-pwm/freertos/freertos_kernel/portable/GCC/ARM_CM4F" -I"/home/fei/min0150/Projects/VSB/OSY/osy-workspace.rtos/demo-pwm/drivers" -I"/home/fei/min0150/Projects/VSB/OSY/osy-workspace.rtos/demo-pwm/device" -I"/home/fei/min0150/Projects/VSB/OSY/osy-workspace.rtos/demo-pwm/CMSIS" -I"/home/fei/min0150/Projects/VSB/OSY/osy-workspace.rtos/demo-pwm/utilities" -I"/home/fei/min0150/Projects/VSB/OSY/osy-workspace.rtos/demo-pwm/component/serial_manager" -I"/home/fei/min0150/Projects/VSB/OSY/osy-workspace.rtos/demo-pwm/component/uart" -I"/home/fei/min0150/Projects/VSB/OSY/osy-workspace.rtos/demo-pwm/component/lists" -O0 -fno-common -g3 -gdwarf-4 -Wall -c -ffunction-sections -fdata-sections -ffreestanding -fno-builtin -fmerge-constants -fmacro-prefix-map="../freertos/freertos_kernel/"= -mcpu=cortex-m4 -mfpu=fpv4-sp-d16 -mfloat-abi=hard -mthumb -D__NEWLIB__ -fstack-usage -specs=nano.specs -MMD -MP -MF"freertos/freertos_kernel/list.d" -MT"freertos/freertos_kernel/list.o" -MT"freertos/freertos_kernel/list.d" -o "freertos/freertos_kernel/list.o" "../freertos/freertos_kernel/list.c"
Building file: ../freertos/freertos_kernel/queue.c
Invoking: MCU C Compiler
Building file: ../freertos/freertos_kernel/stream_buffer.c
arm-none-eabi-gcc -D__NEWLIB__ -DCPU_MK64FN1M0VLL12 -DCPU_MK64FN1M0VLL12_cm4 -DSDK_OS_BAREMETAL -DSERIAL_PORT_TYPE_UART=1 -DSDK_DEBUGCONSOLE=1 -DSDK_OS_FREE_RTOS -D__MCUXPRESSO -D__USE_CMSIS -DDEBUG -I"/home/fei/min0150/Projects/VSB/OSY/osy-workspace.rtos/demo-pwm/board" -I"/home/fei/min0150/Projects/VSB/OSY/osy-workspace.rtos/demo-pwm/source" -I"/home/fei/min0150/Projects/VSB/OSY/osy-workspace.rtos/demo-pwm/freertos/freertos_kernel/include" -I"/home/fei/min0150/Projects/VSB/OSY/osy-workspace.rtos/demo-pwm/freertos/freertos_kernel/portable/GCC/ARM_CM4F" -I"/home/fei/min0150/Projects/VSB/OSY/osy-workspace.rtos/demo-pwm/drivers" -I"/home/fei/min0150/Projects/VSB/OSY/osy-workspace.rtos/demo-pwm/device" -I"/home/fei/min0150/Projects/VSB/OSY/osy-workspace.rtos/demo-pwm/CMSIS" -I"/home/fei/min0150/Projects/VSB/OSY/osy-workspace.rtos/demo-pwm/utilities" -I"/home/fei/min0150/Projects/VSB/OSY/osy-workspace.rtos/demo-pwm/component/serial_manager" -I"/home/fei/min0150/Projects/VSB/OSY/osy-workspace.rtos/demo-pwm/component/uart" -I"/home/fei/min0150/Projects/VSB/OSY/osy-workspace.rtos/demo-pwm/component/lists" -O0 -fno-common -g3 -gdwarf-4 -Wall -c -ffunction-sections -fdata-sections -ffreestanding -fno-builtin -fmerge-constants -fmacro-prefix-map="../freertos/freertos_kernel/"= -mcpu=cortex-m4 -mfpu=fpv4-sp-d16 -mfloat-abi=hard -mthumb -D__NEWLIB__ -fstack-usage -specs=nano.specs -MMD -MP -MF"freertos/freertos_kernel/queue.d" -MT"freertos/freertos_kernel/queue.o" -MT"freertos/freertos_kernel/queue.d" -o "freertos/freertos_kernel/queue.o" "../freertos/freertos_kernel/queue.c"
Invoking: MCU C Compiler
arm-none-eabi-gcc -D__NEWLIB__ -DCPU_MK64FN1M0VLL12 -DCPU_MK64FN1M0VLL12_cm4 -DSDK_OS_BAREMETAL -DSERIAL_PORT_TYPE_UART=1 -DSDK_DEBUGCONSOLE=1 -DSDK_OS_FREE_RTOS -D__MCUXPRESSO -D__USE_CMSIS -DDEBUG -I"/home/fei/min0150/Projects/VSB/OSY/osy-workspace.rtos/demo-pwm/board" -I"/home/fei/min0150/Projects/VSB/OSY/osy-workspace.rtos/demo-pwm/source" -I"/home/fei/min0150/Projects/VSB/OSY/osy-workspace.rtos/demo-pwm/freertos/freertos_kernel/include" -I"/home/fei/min0150/Projects/VSB/OSY/osy-workspace.rtos/demo-pwm/freertos/freertos_kernel/portable/GCC/ARM_CM4F" -I"/home/fei/min0150/Projects/VSB/OSY/osy-workspace.rtos/demo-pwm/drivers" -I"/home/fei/min0150/Projects/VSB/OSY/osy-workspace.rtos/demo-pwm/device" -I"/home/fei/min0150/Projects/VSB/OSY/osy-workspace.rtos/demo-pwm/CMSIS" -I"/home/fei/min0150/Projects/VSB/OSY/osy-workspace.rtos/demo-pwm/utilities" -I"/home/fei/min0150/Projects/VSB/OSY/osy-workspace.rtos/demo-pwm/component/serial_manager" -I"/home/fei/min0150/Projects/VSB/OSY/osy-workspace.rtos/demo-pwm/component/uart" -I"/home/fei/min0150/Projects/VSB/OSY/osy-workspace.rtos/demo-pwm/component/lists" -O0 -fno-common -g3 -gdwarf-4 -Wall -c -ffunction-sections -fdata-sections -ffreestanding -fno-builtin -fmerge-constants -fmacro-prefix-map="../freertos/freertos_kernel/"= -mcpu=cortex-m4 -mfpu=fpv4-sp-d16 -mfloat-abi=hard -mthumb -D__NEWLIB__ -fstack-usage -specs=nano.specs -MMD -MP -MF"freertos/freertos_kernel/stream_buffer.d" -MT"freertos/freertos_kernel/stream_buffer.o" -MT"freertos/freertos_kernel/stream_buffer.d" -o "freertos/freertos_kernel/stream_buffer.o" "../freertos/freertos_kernel/stream_buffer.c"
Finished building: ../source/semihost_hardfault.c
 
Building file: ../freertos/freertos_kernel/tasks.c
Invoking: MCU C Compiler
arm-none-eabi-gcc -D__NEWLIB__ -DCPU_MK64FN1M0VLL12 -DCPU_MK64FN1M0VLL12_cm4 -DSDK_OS_BAREMETAL -DSERIAL_PORT_TYPE_UART=1 -DSDK_DEBUGCONSOLE=1 -DSDK_OS_FREE_RTOS -D__MCUXPRESSO -D__USE_CMSIS -DDEBUG -I"/home/fei/min0150/Projects/VSB/OSY/osy-workspace.rtos/demo-pwm/board" -I"/home/fei/min0150/Projects/VSB/OSY/osy-workspace.rtos/demo-pwm/source" -I"/home/fei/min0150/Projects/VSB/OSY/osy-workspace.rtos/demo-pwm/freertos/freertos_kernel/include" -I"/home/fei/min0150/Projects/VSB/OSY/osy-workspace.rtos/demo-pwm/freertos/freertos_kernel/portable/GCC/ARM_CM4F" -I"/home/fei/min0150/Projects/VSB/OSY/osy-workspace.rtos/demo-pwm/drivers" -I"/home/fei/min0150/Projects/VSB/OSY/osy-workspace.rtos/demo-pwm/device" -I"/home/fei/min0150/Projects/VSB/OSY/osy-workspace.rtos/demo-pwm/CMSIS" -I"/home/fei/min0150/Projects/VSB/OSY/osy-workspace.rtos/demo-pwm/utilities" -I"/home/fei/min0150/Projects/VSB/OSY/osy-workspace.rtos/demo-pwm/component/serial_manager" -I"/home/fei/min0150/Projects/VSB/OSY/osy-workspace.rtos/demo-pwm/component/uart" -I"/home/fei/min0150/Projects/VSB/OSY/osy-workspace.rtos/demo-pwm/component/lists" -O0 -fno-common -g3 -gdwarf-4 -Wall -c -ffunction-sections -fdata-sections -ffreestanding -fno-builtin -fmerge-constants -fmacro-prefix-map="../freertos/freertos_kernel/"= -mcpu=cortex-m4 -mfpu=fpv4-sp-d16 -mfloat-abi=hard -mthumb -D__NEWLIB__ -fstack-usage -specs=nano.specs -MMD -MP -MF"freertos/freertos_kernel/tasks.d" -MT"freertos/freertos_kernel/tasks.o" -MT"freertos/freertos_kernel/tasks.d" -o "freertos/freertos_kernel/tasks.o" "../freertos/freertos_kernel/tasks.c"
Finished building: ../freertos/freertos_kernel/croutine.c
 
Building file: ../freertos/freertos_kernel/timers.c
Invoking: MCU C Compiler
arm-none-eabi-gcc -D__NEWLIB__ -DCPU_MK64FN1M0VLL12 -DCPU_MK64FN1M0VLL12_cm4 -DSDK_OS_BAREMETAL -DSERIAL_PORT_TYPE_UART=1 -DSDK_DEBUGCONSOLE=1 -DSDK_OS_FREE_RTOS -D__MCUXPRESSO -D__USE_CMSIS -DDEBUG -I"/home/fei/min0150/Projects/VSB/OSY/osy-workspace.rtos/demo-pwm/board" -I"/home/fei/min0150/Projects/VSB/OSY/osy-workspace.rtos/demo-pwm/source" -I"/home/fei/min0150/Projects/VSB/OSY/osy-workspace.rtos/demo-pwm/freertos/freertos_kernel/include" -I"/home/fei/min0150/Projects/VSB/OSY/osy-workspace.rtos/demo-pwm/freertos/freertos_kernel/portable/GCC/ARM_CM4F" -I"/home/fei/min0150/Projects/VSB/OSY/osy-workspace.rtos/demo-pwm/drivers" -I"/home/fei/min0150/Projects/VSB/OSY/osy-workspace.rtos/demo-pwm/device" -I"/home/fei/min0150/Projects/VSB/OSY/osy-workspace.rtos/demo-pwm/CMSIS" -I"/home/fei/min0150/Projects/VSB/OSY/osy-workspace.rtos/demo-pwm/utilities" -I"/home/fei/min0150/Projects/VSB/OSY/osy-workspace.rtos/demo-pwm/component/serial_manager" -I"/home/fei/min0150/Projects/VSB/OSY/osy-workspace.rtos/demo-pwm/component/uart" -I"/home/fei/min0150/Projects/VSB/OSY/osy-workspace.rtos/demo-pwm/component/lists" -O0 -fno-common -g3 -gdwarf-4 -Wall -c -ffunction-sections -fdata-sections -ffreestanding -fno-builtin -fmerge-constants -fmacro-prefix-map="../freertos/freertos_kernel/"= -mcpu=cortex-m4 -mfpu=fpv4-sp-d16 -mfloat-abi=hard -mthumb -D__NEWLIB__ -fstack-usage -specs=nano.specs -MMD -MP -MF"freertos/freertos_kernel/timers.d" -MT"freertos/freertos_kernel/timers.o" -MT"freertos/freertos_kernel/timers.d" -o "freertos/freertos_kernel/timers.o" "../freertos/freertos_kernel/timers.c"
Finished building: ../freertos/freertos_kernel/portable/GCC/ARM_CM4F/port.c
 
Building file: ../drivers/fsl_adc16.c
Invoking: MCU C Compiler
arm-none-eabi-gcc -D__NEWLIB__ -DCPU_MK64FN1M0VLL12 -DCPU_MK64FN1M0VLL12_cm4 -DSDK_OS_BAREMETAL -DSERIAL_PORT_TYPE_UART=1 -DSDK_DEBUGCONSOLE=1 -DSDK_OS_FREE_RTOS -D__MCUXPRESSO -D__USE_CMSIS -DDEBUG -I"/home/fei/min0150/Projects/VSB/OSY/osy-workspace.rtos/demo-pwm/board" -I"/home/fei/min0150/Projects/VSB/OSY/osy-workspace.rtos/demo-pwm/source" -I"/home/fei/min0150/Projects/VSB/OSY/osy-workspace.rtos/demo-pwm/freertos/freertos_kernel/include" -I"/home/fei/min0150/Projects/VSB/OSY/osy-workspace.rtos/demo-pwm/freertos/freertos_kernel/portable/GCC/ARM_CM4F" -I"/home/fei/min0150/Projects/VSB/OSY/osy-workspace.rtos/demo-pwm/drivers" -I"/home/fei/min0150/Projects/VSB/OSY/osy-workspace.rtos/demo-pwm/device" -I"/home/fei/min0150/Projects/VSB/OSY/osy-workspace.rtos/demo-pwm/CMSIS" -I"/home/fei/min0150/Projects/VSB/OSY/osy-workspace.rtos/demo-pwm/utilities" -I"/home/fei/min0150/Projects/VSB/OSY/osy-workspace.rtos/demo-pwm/component/serial_manager" -I"/home/fei/min0150/Projects/VSB/OSY/osy-workspace.rtos/demo-pwm/component/uart" -I"/home/fei/min0150/Projects/VSB/OSY/osy-workspace.rtos/demo-pwm/component/lists" -O0 -fno-common -g3 -gdwarf-4 -Wall -c -ffunction-sections -fdata-sections -ffreestanding -fno-builtin -fmerge-constants -fmacro-prefix-map="../drivers/"= -mcpu=cortex-m4 -mfpu=fpv4-sp-d16 -mfloat-abi=hard -mthumb -D__NEWLIB__ -fstack-usage -specs=nano.specs -MMD -MP -MF"drivers/fsl_adc16.d" -MT"drivers/fsl_adc16.o" -MT"drivers/fsl_adc16.d" -o "drivers/fsl_adc16.o" "../drivers/fsl_adc16.c"
Finished building: ../freertos/freertos_kernel/list.c
 
Building file: ../drivers/fsl_clock.c
Invoking: MCU C Compiler
arm-none-eabi-gcc -D__NEWLIB__ -DCPU_MK64FN1M0VLL12 -DCPU_MK64FN1M0VLL12_cm4 -DSDK_OS_BAREMETAL -DSERIAL_PORT_TYPE_UART=1 -DSDK_DEBUGCONSOLE=1 -DSDK_OS_FREE_RTOS -D__MCUXPRESSO -D__USE_CMSIS -DDEBUG -I"/home/fei/min0150/Projects/VSB/OSY/osy-workspace.rtos/demo-pwm/board" -I"/home/fei/min0150/Projects/VSB/OSY/osy-workspace.rtos/demo-pwm/source" -I"/home/fei/min0150/Projects/VSB/OSY/osy-workspace.rtos/demo-pwm/freertos/freertos_kernel/include" -I"/home/fei/min0150/Projects/VSB/OSY/osy-workspace.rtos/demo-pwm/freertos/freertos_kernel/portable/GCC/ARM_CM4F" -I"/home/fei/min0150/Projects/VSB/OSY/osy-workspace.rtos/demo-pwm/drivers" -I"/home/fei/min0150/Projects/VSB/OSY/osy-workspace.rtos/demo-pwm/device" -I"/home/fei/min0150/Projects/VSB/OSY/osy-workspace.rtos/demo-pwm/CMSIS" -I"/home/fei/min0150/Projects/VSB/OSY/osy-workspace.rtos/demo-pwm/utilities" -I"/home/fei/min0150/Projects/VSB/OSY/osy-workspace.rtos/demo-pwm/component/serial_manager" -I"/home/fei/min0150/Projects/VSB/OSY/osy-workspace.rtos/demo-pwm/component/uart" -I"/home/fei/min0150/Projects/VSB/OSY/osy-workspace.rtos/demo-pwm/component/lists" -O0 -fno-common -g3 -gdwarf-4 -Wall -c -ffunction-sections -fdata-sections -ffreestanding -fno-builtin -fmerge-constants -fmacro-prefix-map="../drivers/"= -mcpu=cortex-m4 -mfpu=fpv4-sp-d16 -mfloat-abi=hard -mthumb -D__NEWLIB__ -fstack-usage -specs=nano.specs -MMD -MP -MF"drivers/fsl_clock.d" -MT"drivers/fsl_clock.o" -MT"drivers/fsl_clock.d" -o "drivers/fsl_clock.o" "../drivers/fsl_clock.c"
Finished building: ../freertos/freertos_kernel/portable/MemMang/heap_4.c
Finished building: ../freertos/freertos_kernel/timers.c
 
 
Building file: ../drivers/fsl_common.c
Invoking: MCU C Compiler
Building file: ../drivers/fsl_common_arm.c
arm-none-eabi-gcc -D__NEWLIB__ -DCPU_MK64FN1M0VLL12 -DCPU_MK64FN1M0VLL12_cm4 -DSDK_OS_BAREMETAL -DSERIAL_PORT_TYPE_UART=1 -DSDK_DEBUGCONSOLE=1 -DSDK_OS_FREE_RTOS -D__MCUXPRESSO -D__USE_CMSIS -DDEBUG -I"/home/fei/min0150/Projects/VSB/OSY/osy-workspace.rtos/demo-pwm/board" -I"/home/fei/min0150/Projects/VSB/OSY/osy-workspace.rtos/demo-pwm/source" -I"/home/fei/min0150/Projects/VSB/OSY/osy-workspace.rtos/demo-pwm/freertos/freertos_kernel/include" -I"/home/fei/min0150/Projects/VSB/OSY/osy-workspace.rtos/demo-pwm/freertos/freertos_kernel/portable/GCC/ARM_CM4F" -I"/home/fei/min0150/Projects/VSB/OSY/osy-workspace.rtos/demo-pwm/drivers" -I"/home/fei/min0150/Projects/VSB/OSY/osy-workspace.rtos/demo-pwm/device" -I"/home/fei/min0150/Projects/VSB/OSY/osy-workspace.rtos/demo-pwm/CMSIS" -I"/home/fei/min0150/Projects/VSB/OSY/osy-workspace.rtos/demo-pwm/utilities" -I"/home/fei/min0150/Projects/VSB/OSY/osy-workspace.rtos/demo-pwm/component/serial_manager" -I"/home/fei/min0150/Projects/VSB/OSY/osy-workspace.rtos/demo-pwm/component/uart" -I"/home/fei/min0150/Projects/VSB/OSY/osy-workspace.rtos/demo-pwm/component/lists" -O0 -fno-common -g3 -gdwarf-4 -Wall -c -ffunction-sections -fdata-sections -ffreestanding -fno-builtin -fmerge-constants -fmacro-prefix-map="../drivers/"= -mcpu=cortex-m4 -mfpu=fpv4-sp-d16 -mfloat-abi=hard -mthumb -D__NEWLIB__ -fstack-usage -specs=nano.specs -MMD -MP -MF"drivers/fsl_common.d" -MT"drivers/fsl_common.o" -MT"drivers/fsl_common.d" -o "drivers/fsl_common.o" "../drivers/fsl_common.c"
Finished building: ../freertos/freertos_kernel/event_groups.c
Invoking: MCU C Compiler
 
arm-none-eabi-gcc -D__NEWLIB__ -DCPU_MK64FN1M0VLL12 -DCPU_MK64FN1M0VLL12_cm4 -DSDK_OS_BAREMETAL -DSERIAL_PORT_TYPE_UART=1 -DSDK_DEBUGCONSOLE=1 -DSDK_OS_FREE_RTOS -D__MCUXPRESSO -D__USE_CMSIS -DDEBUG -I"/home/fei/min0150/Projects/VSB/OSY/osy-workspace.rtos/demo-pwm/board" -I"/home/fei/min0150/Projects/VSB/OSY/osy-workspace.rtos/demo-pwm/source" -I"/home/fei/min0150/Projects/VSB/OSY/osy-workspace.rtos/demo-pwm/freertos/freertos_kernel/include" -I"/home/fei/min0150/Projects/VSB/OSY/osy-workspace.rtos/demo-pwm/freertos/freertos_kernel/portable/GCC/ARM_CM4F" -I"/home/fei/min0150/Projects/VSB/OSY/osy-workspace.rtos/demo-pwm/drivers" -I"/home/fei/min0150/Projects/VSB/OSY/osy-workspace.rtos/demo-pwm/device" -I"/home/fei/min0150/Projects/VSB/OSY/osy-workspace.rtos/demo-pwm/CMSIS" -I"/home/fei/min0150/Projects/VSB/OSY/osy-workspace.rtos/demo-pwm/utilities" -I"/home/fei/min0150/Projects/VSB/OSY/osy-workspace.rtos/demo-pwm/component/serial_manager" -I"/home/fei/min0150/Projects/VSB/OSY/osy-workspace.rtos/demo-pwm/component/uart" -I"/home/fei/min0150/Projects/VSB/OSY/osy-workspace.rtos/demo-pwm/component/lists" -O0 -fno-common -g3 -gdwarf-4 -Wall -c -ffunction-sections -fdata-sections -ffreestanding -fno-builtin -fmerge-constants -fmacro-prefix-map="../drivers/"= -mcpu=cortex-m4 -mfpu=fpv4-sp-d16 -mfloat-abi=hard -mthumb -D__NEWLIB__ -fstack-usage -specs=nano.specs -MMD -MP -MF"drivers/fsl_common_arm.d" -MT"drivers/fsl_common_arm.o" -MT"drivers/fsl_common_arm.d" -o "drivers/fsl_common_arm.o" "../drivers/fsl_common_arm.c"
Building file: ../drivers/fsl_ftm.c
Invoking: MCU C Compiler
arm-none-eabi-gcc -D__NEWLIB__ -DCPU_MK64FN1M0VLL12 -DCPU_MK64FN1M0VLL12_cm4 -DSDK_OS_BAREMETAL -DSERIAL_PORT_TYPE_UART=1 -DSDK_DEBUGCONSOLE=1 -DSDK_OS_FREE_RTOS -D__MCUXPRESSO -D__USE_CMSIS -DDEBUG -I"/home/fei/min0150/Projects/VSB/OSY/osy-workspace.rtos/demo-pwm/board" -I"/home/fei/min0150/Projects/VSB/OSY/osy-workspace.rtos/demo-pwm/source" -I"/home/fei/min0150/Projects/VSB/OSY/osy-workspace.rtos/demo-pwm/freertos/freertos_kernel/include" -I"/home/fei/min0150/Projects/VSB/OSY/osy-workspace.rtos/demo-pwm/freertos/freertos_kernel/portable/GCC/ARM_CM4F" -I"/home/fei/min0150/Projects/VSB/OSY/osy-workspace.rtos/demo-pwm/drivers" -I"/home/fei/min0150/Projects/VSB/OSY/osy-workspace.rtos/demo-pwm/device" -I"/home/fei/min0150/Projects/VSB/OSY/osy-workspace.rtos/demo-pwm/CMSIS" -I"/home/fei/min0150/Projects/VSB/OSY/osy-workspace.rtos/demo-pwm/utilities" -I"/home/fei/min0150/Projects/VSB/OSY/osy-workspace.rtos/demo-pwm/component/serial_manager" -I"/home/fei/min0150/Projects/VSB/OSY/osy-workspace.rtos/demo-pwm/component/uart" -I"/home/fei/min0150/Projects/VSB/OSY/osy-workspace.rtos/demo-pwm/component/lists" -O0 -fno-common -g3 -gdwarf-4 -Wall -c -ffunction-sections -fdata-sections -ffreestanding -fno-builtin -fmerge-constants -fmacro-prefix-map="../drivers/"= -mcpu=cortex-m4 -mfpu=fpv4-sp-d16 -mfloat-abi=hard -mthumb -D__NEWLIB__ -fstack-usage -specs=nano.specs -MMD -MP -MF"drivers/fsl_ftm.d" -MT"drivers/fsl_ftm.o" -MT"drivers/fsl_ftm.d" -o "drivers/fsl_ftm.o" "../drivers/fsl_ftm.c"
Finished building: ../startup/startup_mk64f12.cpp
 
Building file: ../drivers/fsl_gpio.c
Finished building: ../freertos/freertos_kernel/stream_buffer.c
Invoking: MCU C Compiler
 
arm-none-eabi-gcc -D__NEWLIB__ -DCPU_MK64FN1M0VLL12 -DCPU_MK64FN1M0VLL12_cm4 -DSDK_OS_BAREMETAL -DSERIAL_PORT_TYPE_UART=1 -DSDK_DEBUGCONSOLE=1 -DSDK_OS_FREE_RTOS -D__MCUXPRESSO -D__USE_CMSIS -DDEBUG -I"/home/fei/min0150/Projects/VSB/OSY/osy-workspace.rtos/demo-pwm/board" -I"/home/fei/min0150/Projects/VSB/OSY/osy-workspace.rtos/demo-pwm/source" -I"/home/fei/min0150/Projects/VSB/OSY/osy-workspace.rtos/demo-pwm/freertos/freertos_kernel/include" -I"/home/fei/min0150/Projects/VSB/OSY/osy-workspace.rtos/demo-pwm/freertos/freertos_kernel/portable/GCC/ARM_CM4F" -I"/home/fei/min0150/Projects/VSB/OSY/osy-workspace.rtos/demo-pwm/drivers" -I"/home/fei/min0150/Projects/VSB/OSY/osy-workspace.rtos/demo-pwm/device" -I"/home/fei/min0150/Projects/VSB/OSY/osy-workspace.rtos/demo-pwm/CMSIS" -I"/home/fei/min0150/Projects/VSB/OSY/osy-workspace.rtos/demo-pwm/utilities" -I"/home/fei/min0150/Projects/VSB/OSY/osy-workspace.rtos/demo-pwm/component/serial_manager" -I"/home/fei/min0150/Projects/VSB/OSY/osy-workspace.rtos/demo-pwm/component/uart" -I"/home/fei/min0150/Projects/VSB/OSY/osy-workspace.rtos/demo-pwm/component/lists" -O0 -fno-common -g3 -gdwarf-4 -Wall -c -ffunction-sections -fdata-sections -ffreestanding -fno-builtin -fmerge-constants -fmacro-prefix-map="../drivers/"= -mcpu=cortex-m4 -mfpu=fpv4-sp-d16 -mfloat-abi=hard -mthumb -D__NEWLIB__ -fstack-usage -specs=nano.specs -MMD -MP -MF"drivers/fsl_gpio.d" -MT"drivers/fsl_gpio.o" -MT"drivers/fsl_gpio.d" -o "drivers/fsl_gpio.o" "../drivers/fsl_gpio.c"
Building file: ../drivers/fsl_i2c.c
Invoking: MCU C Compiler
arm-none-eabi-gcc -D__NEWLIB__ -DCPU_MK64FN1M0VLL12 -DCPU_MK64FN1M0VLL12_cm4 -DSDK_OS_BAREMETAL -DSERIAL_PORT_TYPE_UART=1 -DSDK_DEBUGCONSOLE=1 -DSDK_OS_FREE_RTOS -D__MCUXPRESSO -D__USE_CMSIS -DDEBUG -I"/home/fei/min0150/Projects/VSB/OSY/osy-workspace.rtos/demo-pwm/board" -I"/home/fei/min0150/Projects/VSB/OSY/osy-workspace.rtos/demo-pwm/source" -I"/home/fei/min0150/Projects/VSB/OSY/osy-workspace.rtos/demo-pwm/freertos/freertos_kernel/include" -I"/home/fei/min0150/Projects/VSB/OSY/osy-workspace.rtos/demo-pwm/freertos/freertos_kernel/portable/GCC/ARM_CM4F" -I"/home/fei/min0150/Projects/VSB/OSY/osy-workspace.rtos/demo-pwm/drivers" -I"/home/fei/min0150/Projects/VSB/OSY/osy-workspace.rtos/demo-pwm/device" -I"/home/fei/min0150/Projects/VSB/OSY/osy-workspace.rtos/demo-pwm/CMSIS" -I"/home/fei/min0150/Projects/VSB/OSY/osy-workspace.rtos/demo-pwm/utilities" -I"/home/fei/min0150/Projects/VSB/OSY/osy-workspace.rtos/demo-pwm/component/serial_manager" -I"/home/fei/min0150/Projects/VSB/OSY/osy-workspace.rtos/demo-pwm/component/uart" -I"/home/fei/min0150/Projects/VSB/OSY/osy-workspace.rtos/demo-pwm/component/lists" -O0 -fno-common -g3 -gdwarf-4 -Wall -c -ffunction-sections -fdata-sections -ffreestanding -fno-builtin -fmerge-constants -fmacro-prefix-map="../drivers/"= -mcpu=cortex-m4 -mfpu=fpv4-sp-d16 -mfloat-abi=hard -mthumb -D__NEWLIB__ -fstack-usage -specs=nano.specs -MMD -MP -MF"drivers/fsl_i2c.d" -MT"drivers/fsl_i2c.o" -MT"drivers/fsl_i2c.d" -o "drivers/fsl_i2c.o" "../drivers/fsl_i2c.c"
Finished building: ../freertos/freertos_kernel/queue.c
 
Building file: ../drivers/fsl_pit.c
Invoking: MCU C Compiler
arm-none-eabi-gcc -D__NEWLIB__ -DCPU_MK64FN1M0VLL12 -DCPU_MK64FN1M0VLL12_cm4 -DSDK_OS_BAREMETAL -DSERIAL_PORT_TYPE_UART=1 -DSDK_DEBUGCONSOLE=1 -DSDK_OS_FREE_RTOS -D__MCUXPRESSO -D__USE_CMSIS -DDEBUG -I"/home/fei/min0150/Projects/VSB/OSY/osy-workspace.rtos/demo-pwm/board" -I"/home/fei/min0150/Projects/VSB/OSY/osy-workspace.rtos/demo-pwm/source" -I"/home/fei/min0150/Projects/VSB/OSY/osy-workspace.rtos/demo-pwm/freertos/freertos_kernel/include" -I"/home/fei/min0150/Projects/VSB/OSY/osy-workspace.rtos/demo-pwm/freertos/freertos_kernel/portable/GCC/ARM_CM4F" -I"/home/fei/min0150/Projects/VSB/OSY/osy-workspace.rtos/demo-pwm/drivers" -I"/home/fei/min0150/Projects/VSB/OSY/osy-workspace.rtos/demo-pwm/device" -I"/home/fei/min0150/Projects/VSB/OSY/osy-workspace.rtos/demo-pwm/CMSIS" -I"/home/fei/min0150/Projects/VSB/OSY/osy-workspace.rtos/demo-pwm/utilities" -I"/home/fei/min0150/Projects/VSB/OSY/osy-workspace.rtos/demo-pwm/component/serial_manager" -I"/home/fei/min0150/Projects/VSB/OSY/osy-workspace.rtos/demo-pwm/component/uart" -I"/home/fei/min0150/Projects/VSB/OSY/osy-workspace.rtos/demo-pwm/component/lists" -O0 -fno-common -g3 -gdwarf-4 -Wall -c -ffunction-sections -fdata-sections -ffreestanding -fno-builtin -fmerge-constants -fmacro-prefix-map="../drivers/"= -mcpu=cortex-m4 -mfpu=fpv4-sp-d16 -mfloat-abi=hard -mthumb -D__NEWLIB__ -fstack-usage -specs=nano.specs -MMD -MP -MF"drivers/fsl_pit.d" -MT"drivers/fsl_pit.o" -MT"drivers/fsl_pit.d" -o "drivers/fsl_pit.o" "../drivers/fsl_pit.c"
Finished building: ../utilities/fsl_str.c
 
Building file: ../drivers/fsl_smc.c
Invoking: MCU C Compiler
arm-none-eabi-gcc -D__NEWLIB__ -DCPU_MK64FN1M0VLL12 -DCPU_MK64FN1M0VLL12_cm4 -DSDK_OS_BAREMETAL -DSERIAL_PORT_TYPE_UART=1 -DSDK_DEBUGCONSOLE=1 -DSDK_OS_FREE_RTOS -D__MCUXPRESSO -D__USE_CMSIS -DDEBUG -I"/home/fei/min0150/Projects/VSB/OSY/osy-workspace.rtos/demo-pwm/board" -I"/home/fei/min0150/Projects/VSB/OSY/osy-workspace.rtos/demo-pwm/source" -I"/home/fei/min0150/Projects/VSB/OSY/osy-workspace.rtos/demo-pwm/freertos/freertos_kernel/include" -I"/home/fei/min0150/Projects/VSB/OSY/osy-workspace.rtos/demo-pwm/freertos/freertos_kernel/portable/GCC/ARM_CM4F" -I"/home/fei/min0150/Projects/VSB/OSY/osy-workspace.rtos/demo-pwm/drivers" -I"/home/fei/min0150/Projects/VSB/OSY/osy-workspace.rtos/demo-pwm/device" -I"/home/fei/min0150/Projects/VSB/OSY/osy-workspace.rtos/demo-pwm/CMSIS" -I"/home/fei/min0150/Projects/VSB/OSY/osy-workspace.rtos/demo-pwm/utilities" -I"/home/fei/min0150/Projects/VSB/OSY/osy-workspace.rtos/demo-pwm/component/serial_manager" -I"/home/fei/min0150/Projects/VSB/OSY/osy-workspace.rtos/demo-pwm/component/uart" -I"/home/fei/min0150/Projects/VSB/OSY/osy-workspace.rtos/demo-pwm/component/lists" -O0 -fno-common -g3 -gdwarf-4 -Wall -c -ffunction-sections -fdata-sections -ffreestanding -fno-builtin -fmerge-constants -fmacro-prefix-map="../drivers/"= -mcpu=cortex-m4 -mfpu=fpv4-sp-d16 -mfloat-abi=hard -mthumb -D__NEWLIB__ -fstack-usage -specs=nano.specs -MMD -MP -MF"drivers/fsl_smc.d" -MT"drivers/fsl_smc.o" -MT"drivers/fsl_smc.d" -o "drivers/fsl_smc.o" "../drivers/fsl_smc.c"
Finished building: ../freertos/freertos_kernel/tasks.c
 
Building file: ../drivers/fsl_uart.c
Finished building: ../drivers/fsl_adc16.c
Finished building: ../drivers/fsl_common.c
Invoking: MCU C Compiler
arm-none-eabi-gcc -D__NEWLIB__ -DCPU_MK64FN1M0VLL12 -DCPU_MK64FN1M0VLL12_cm4 -DSDK_OS_BAREMETAL -DSERIAL_PORT_TYPE_UART=1 -DSDK_DEBUGCONSOLE=1 -DSDK_OS_FREE_RTOS -D__MCUXPRESSO -D__USE_CMSIS -DDEBUG -I"/home/fei/min0150/Projects/VSB/OSY/osy-workspace.rtos/demo-pwm/board" -I"/home/fei/min0150/Projects/VSB/OSY/osy-workspace.rtos/demo-pwm/source" -I"/home/fei/min0150/Projects/VSB/OSY/osy-workspace.rtos/demo-pwm/freertos/freertos_kernel/include" -I"/home/fei/min0150/Projects/VSB/OSY/osy-workspace.rtos/demo-pwm/freertos/freertos_kernel/portable/GCC/ARM_CM4F" -I"/home/fei/min0150/Projects/VSB/OSY/osy-workspace.rtos/demo-pwm/drivers" -I"/home/fei/min0150/Projects/VSB/OSY/osy-workspace.rtos/demo-pwm/device" -I"/home/fei/min0150/Projects/VSB/OSY/osy-workspace.rtos/demo-pwm/CMSIS" -I"/home/fei/min0150/Projects/VSB/OSY/osy-workspace.rtos/demo-pwm/utilities" -I"/home/fei/min0150/Projects/VSB/OSY/osy-workspace.rtos/demo-pwm/component/serial_manager" -I"/home/fei/min0150/Projects/VSB/OSY/osy-workspace.rtos/demo-pwm/component/uart" -I"/home/fei/min0150/Projects/VSB/OSY/osy-workspace.rtos/demo-pwm/component/lists" -O0 -fno-common -g3 -gdwarf-4 -Wall -c -ffunction-sections -fdata-sections -ffreestanding -fno-builtin -fmerge-constants -fmacro-prefix-map="../drivers/"= -mcpu=cortex-m4 -mfpu=fpv4-sp-d16 -mfloat-abi=hard -mthumb -D__NEWLIB__ -fstack-usage -specs=nano.specs -MMD -MP -MF"drivers/fsl_uart.d" -MT"drivers/fsl_uart.o" -MT"drivers/fsl_uart.d" -o "drivers/fsl_uart.o" "../drivers/fsl_uart.c"
 
 
Building file: ../device/system_MK64F12.c
Finished building: ../utilities/fsl_debug_console.c
Invoking: MCU C Compiler
Building file: ../component/uart/fsl_adapter_uart.c
Finished building: ../source/main-demo-pwm.cpp
arm-none-eabi-gcc -D__NEWLIB__ -DCPU_MK64FN1M0VLL12 -DCPU_MK64FN1M0VLL12_cm4 -DSDK_OS_BAREMETAL -DSERIAL_PORT_TYPE_UART=1 -DSDK_DEBUGCONSOLE=1 -DSDK_OS_FREE_RTOS -D__MCUXPRESSO -D__USE_CMSIS -DDEBUG -I"/home/fei/min0150/Projects/VSB/OSY/osy-workspace.rtos/demo-pwm/board" -I"/home/fei/min0150/Projects/VSB/OSY/osy-workspace.rtos/demo-pwm/source" -I"/home/fei/min0150/Projects/VSB/OSY/osy-workspace.rtos/demo-pwm/freertos/freertos_kernel/include" -I"/home/fei/min0150/Projects/VSB/OSY/osy-workspace.rtos/demo-pwm/freertos/freertos_kernel/portable/GCC/ARM_CM4F" -I"/home/fei/min0150/Projects/VSB/OSY/osy-workspace.rtos/demo-pwm/drivers" -I"/home/fei/min0150/Projects/VSB/OSY/osy-workspace.rtos/demo-pwm/device" -I"/home/fei/min0150/Projects/VSB/OSY/osy-workspace.rtos/demo-pwm/CMSIS" -I"/home/fei/min0150/Projects/VSB/OSY/osy-workspace.rtos/demo-pwm/utilities" -I"/home/fei/min0150/Projects/VSB/OSY/osy-workspace.rtos/demo-pwm/component/serial_manager" -I"/home/fei/min0150/Projects/VSB/OSY/osy-workspace.rtos/demo-pwm/component/uart" -I"/home/fei/min0150/Projects/VSB/OSY/osy-workspace.rtos/demo-pwm/component/lists" -O0 -fno-common -g3 -gdwarf-4 -Wall -c -ffunction-sections -fdata-sections -ffreestanding -fno-builtin -fmerge-constants -fmacro-prefix-map="../device/"= -mcpu=cortex-m4 -mfpu=fpv4-sp-d16 -mfloat-abi=hard -mthumb -D__NEWLIB__ -fstack-usage -specs=nano.specs -MMD -MP -MF"device/system_MK64F12.d" -MT"device/system_MK64F12.o" -MT"device/system_MK64F12.d" -o "device/system_MK64F12.o" "../device/system_MK64F12.c"
Finished building: ../drivers/fsl_common_arm.c
 
Invoking: MCU C Compiler
 
arm-none-eabi-gcc -D__NEWLIB__ -DCPU_MK64FN1M0VLL12 -DCPU_MK64FN1M0VLL12_cm4 -DSDK_OS_BAREMETAL -DSERIAL_PORT_TYPE_UART=1 -DSDK_DEBUGCONSOLE=1 -DSDK_OS_FREE_RTOS -D__MCUXPRESSO -D__USE_CMSIS -DDEBUG -I"/home/fei/min0150/Projects/VSB/OSY/osy-workspace.rtos/demo-pwm/board" -I"/home/fei/min0150/Projects/VSB/OSY/osy-workspace.rtos/demo-pwm/source" -I"/home/fei/min0150/Projects/VSB/OSY/osy-workspace.rtos/demo-pwm/freertos/freertos_kernel/include" -I"/home/fei/min0150/Projects/VSB/OSY/osy-workspace.rtos/demo-pwm/freertos/freertos_kernel/portable/GCC/ARM_CM4F" -I"/home/fei/min0150/Projects/VSB/OSY/osy-workspace.rtos/demo-pwm/drivers" -I"/home/fei/min0150/Projects/VSB/OSY/osy-workspace.rtos/demo-pwm/device" -I"/home/fei/min0150/Projects/VSB/OSY/osy-workspace.rtos/demo-pwm/CMSIS" -I"/home/fei/min0150/Projects/VSB/OSY/osy-workspace.rtos/demo-pwm/utilities" -I"/home/fei/min0150/Projects/VSB/OSY/osy-workspace.rtos/demo-pwm/component/serial_manager" -I"/home/fei/min0150/Projects/VSB/OSY/osy-workspace.rtos/demo-pwm/component/uart" -I"/home/fei/min0150/Projects/VSB/OSY/osy-workspace.rtos/demo-pwm/component/lists" -O0 -fno-common -g3 -gdwarf-4 -Wall -c -ffunction-sections -fdata-sections -ffreestanding -fno-builtin -fmerge-constants -fmacro-prefix-map="../component/uart/"= -mcpu=cortex-m4 -mfpu=fpv4-sp-d16 -mfloat-abi=hard -mthumb -D__NEWLIB__ -fstack-usage -specs=nano.specs -MMD -MP -MF"component/uart/fsl_adapter_uart.d" -MT"component/uart/fsl_adapter_uart.o" -MT"component/uart/fsl_adapter_uart.d" -o "component/uart/fsl_adapter_uart.o" "../component/uart/fsl_adapter_uart.c"
 
Building file: ../component/serial_manager/fsl_component_serial_manager.c
Invoking: MCU C Compiler
Building file: ../component/serial_manager/fsl_component_serial_port_uart.c
arm-none-eabi-gcc -D__NEWLIB__ -DCPU_MK64FN1M0VLL12 -DCPU_MK64FN1M0VLL12_cm4 -DSDK_OS_BAREMETAL -DSERIAL_PORT_TYPE_UART=1 -DSDK_DEBUGCONSOLE=1 -DSDK_OS_FREE_RTOS -D__MCUXPRESSO -D__USE_CMSIS -DDEBUG -I"/home/fei/min0150/Projects/VSB/OSY/osy-workspace.rtos/demo-pwm/board" -I"/home/fei/min0150/Projects/VSB/OSY/osy-workspace.rtos/demo-pwm/source" -I"/home/fei/min0150/Projects/VSB/OSY/osy-workspace.rtos/demo-pwm/freertos/freertos_kernel/include" -I"/home/fei/min0150/Projects/VSB/OSY/osy-workspace.rtos/demo-pwm/freertos/freertos_kernel/portable/GCC/ARM_CM4F" -I"/home/fei/min0150/Projects/VSB/OSY/osy-workspace.rtos/demo-pwm/drivers" -I"/home/fei/min0150/Projects/VSB/OSY/osy-workspace.rtos/demo-pwm/device" -I"/home/fei/min0150/Projects/VSB/OSY/osy-workspace.rtos/demo-pwm/CMSIS" -I"/home/fei/min0150/Projects/VSB/OSY/osy-workspace.rtos/demo-pwm/utilities" -I"/home/fei/min0150/Projects/VSB/OSY/osy-workspace.rtos/demo-pwm/component/serial_manager" -I"/home/fei/min0150/Projects/VSB/OSY/osy-workspace.rtos/demo-pwm/component/uart" -I"/home/fei/min0150/Projects/VSB/OSY/osy-workspace.rtos/demo-pwm/component/lists" -O0 -fno-common -g3 -gdwarf-4 -Wall -c -ffunction-sections -fdata-sections -ffreestanding -fno-builtin -fmerge-constants -fmacro-prefix-map="../component/serial_manager/"= -mcpu=cortex-m4 -mfpu=fpv4-sp-d16 -mfloat-abi=hard -mthumb -D__NEWLIB__ -fstack-usage -specs=nano.specs -MMD -MP -MF"component/serial_manager/fsl_component_serial_manager.d" -MT"component/serial_manager/fsl_component_serial_manager.o" -MT"component/serial_manager/fsl_component_serial_manager.d" -o "component/serial_manager/fsl_component_serial_manager.o" "../component/serial_manager/fsl_component_serial_manager.c"
Invoking: MCU C Compiler
Building file: ../component/lists/fsl_component_generic_list.c
arm-none-eabi-gcc -D__NEWLIB__ -DCPU_MK64FN1M0VLL12 -DCPU_MK64FN1M0VLL12_cm4 -DSDK_OS_BAREMETAL -DSERIAL_PORT_TYPE_UART=1 -DSDK_DEBUGCONSOLE=1 -DSDK_OS_FREE_RTOS -D__MCUXPRESSO -D__USE_CMSIS -DDEBUG -I"/home/fei/min0150/Projects/VSB/OSY/osy-workspace.rtos/demo-pwm/board" -I"/home/fei/min0150/Projects/VSB/OSY/osy-workspace.rtos/demo-pwm/source" -I"/home/fei/min0150/Projects/VSB/OSY/osy-workspace.rtos/demo-pwm/freertos/freertos_kernel/include" -I"/home/fei/min0150/Projects/VSB/OSY/osy-workspace.rtos/demo-pwm/freertos/freertos_kernel/portable/GCC/ARM_CM4F" -I"/home/fei/min0150/Projects/VSB/OSY/osy-workspace.rtos/demo-pwm/drivers" -I"/home/fei/min0150/Projects/VSB/OSY/osy-workspace.rtos/demo-pwm/device" -I"/home/fei/min0150/Projects/VSB/OSY/osy-workspace.rtos/demo-pwm/CMSIS" -I"/home/fei/min0150/Projects/VSB/OSY/osy-workspace.rtos/demo-pwm/utilities" -I"/home/fei/min0150/Projects/VSB/OSY/osy-workspace.rtos/demo-pwm/component/serial_manager" -I"/home/fei/min0150/Projects/VSB/OSY/osy-workspace.rtos/demo-pwm/component/uart" -I"/home/fei/min0150/Projects/VSB/OSY/osy-workspace.rtos/demo-pwm/component/lists" -O0 -fno-common -g3 -gdwarf-4 -Wall -c -ffunction-sections -fdata-sections -ffreestanding -fno-builtin -fmerge-constants -fmacro-prefix-map="../component/serial_manager/"= -mcpu=cortex-m4 -mfpu=fpv4-sp-d16 -mfloat-abi=hard -mthumb -D__NEWLIB__ -fstack-usage -specs=nano.specs -MMD -MP -MF"component/serial_manager/fsl_component_serial_port_uart.d" -MT"component/serial_manager/fsl_component_serial_port_uart.o" -MT"component/serial_manager/fsl_component_serial_port_uart.d" -o "component/serial_manager/fsl_component_serial_port_uart.o" "../component/serial_manager/fsl_component_serial_port_uart.c"
Invoking: MCU C Compiler
arm-none-eabi-gcc -D__NEWLIB__ -DCPU_MK64FN1M0VLL12 -DCPU_MK64FN1M0VLL12_cm4 -DSDK_OS_BAREMETAL -DSERIAL_PORT_TYPE_UART=1 -DSDK_DEBUGCONSOLE=1 -DSDK_OS_FREE_RTOS -D__MCUXPRESSO -D__USE_CMSIS -DDEBUG -I"/home/fei/min0150/Projects/VSB/OSY/osy-workspace.rtos/demo-pwm/board" -I"/home/fei/min0150/Projects/VSB/OSY/osy-workspace.rtos/demo-pwm/source" -I"/home/fei/min0150/Projects/VSB/OSY/osy-workspace.rtos/demo-pwm/freertos/freertos_kernel/include" -I"/home/fei/min0150/Projects/VSB/OSY/osy-workspace.rtos/demo-pwm/freertos/freertos_kernel/portable/GCC/ARM_CM4F" -I"/home/fei/min0150/Projects/VSB/OSY/osy-workspace.rtos/demo-pwm/drivers" -I"/home/fei/min0150/Projects/VSB/OSY/osy-workspace.rtos/demo-pwm/device" -I"/home/fei/min0150/Projects/VSB/OSY/osy-workspace.rtos/demo-pwm/CMSIS" -I"/home/fei/min0150/Projects/VSB/OSY/osy-workspace.rtos/demo-pwm/utilities" -I"/home/fei/min0150/Projects/VSB/OSY/osy-workspace.rtos/demo-pwm/component/serial_manager" -I"/home/fei/min0150/Projects/VSB/OSY/osy-workspace.rtos/demo-pwm/component/uart" -I"/home/fei/min0150/Projects/VSB/OSY/osy-workspace.rtos/demo-pwm/component/lists" -O0 -fno-common -g3 -gdwarf-4 -Wall -c -ffunction-sections -fdata-sections -ffreestanding -fno-builtin -fmerge-constants -fmacro-prefix-map="../component/lists/"= -mcpu=cortex-m4 -mfpu=fpv4-sp-d16 -mfloat-abi=hard -mthumb -D__NEWLIB__ -fstack-usage -specs=nano.specs -MMD -MP -MF"component/lists/fsl_component_generic_list.d" -MT"component/lists/fsl_component_generic_list.o" -MT"component/lists/fsl_component_generic_list.d" -o "component/lists/fsl_component_generic_list.o" "../component/lists/fsl_component_generic_list.c"
Finished building: ../drivers/fsl_pit.c
 
Building file: ../board/board.c
Invoking: MCU C Compiler
arm-none-eabi-gcc -D__NEWLIB__ -DCPU_MK64FN1M0VLL12 -DCPU_MK64FN1M0VLL12_cm4 -DSDK_OS_BAREMETAL -DSERIAL_PORT_TYPE_UART=1 -DSDK_DEBUGCONSOLE=1 -DSDK_OS_FREE_RTOS -D__MCUXPRESSO -D__USE_CMSIS -DDEBUG -I"/home/fei/min0150/Projects/VSB/OSY/osy-workspace.rtos/demo-pwm/board" -I"/home/fei/min0150/Projects/VSB/OSY/osy-workspace.rtos/demo-pwm/source" -I"/home/fei/min0150/Projects/VSB/OSY/osy-workspace.rtos/demo-pwm/freertos/freertos_kernel/include" -I"/home/fei/min0150/Projects/VSB/OSY/osy-workspace.rtos/demo-pwm/freertos/freertos_kernel/portable/GCC/ARM_CM4F" -I"/home/fei/min0150/Projects/VSB/OSY/osy-workspace.rtos/demo-pwm/drivers" -I"/home/fei/min0150/Projects/VSB/OSY/osy-workspace.rtos/demo-pwm/device" -I"/home/fei/min0150/Projects/VSB/OSY/osy-workspace.rtos/demo-pwm/CMSIS" -I"/home/fei/min0150/Projects/VSB/OSY/osy-workspace.rtos/demo-pwm/utilities" -I"/home/fei/min0150/Projects/VSB/OSY/osy-workspace.rtos/demo-pwm/component/serial_manager" -I"/home/fei/min0150/Projects/VSB/OSY/osy-workspace.rtos/demo-pwm/component/uart" -I"/home/fei/min0150/Projects/VSB/OSY/osy-workspace.rtos/demo-pwm/component/lists" -O0 -fno-common -g3 -gdwarf-4 -Wall -c -ffunction-sections -fdata-sections -ffreestanding -fno-builtin -fmerge-constants -fmacro-prefix-map="../board/"= -mcpu=cortex-m4 -mfpu=fpv4-sp-d16 -mfloat-abi=hard -mthumb -D__NEWLIB__ -fstack-usage -specs=nano.specs -MMD -MP -MF"board/board.d" -MT"board/board.o" -MT"board/board.d" -o "board/board.o" "../board/board.c"
Finished building: ../drivers/fsl_gpio.c
 
Finished building: ../drivers/fsl_ftm.c
 
Building file: ../board/clock_config.c
Finished building: ../drivers/fsl_clock.c
Invoking: MCU C Compiler
Building file: ../board/peripherals.c
arm-none-eabi-gcc -D__NEWLIB__ -DCPU_MK64FN1M0VLL12 -DCPU_MK64FN1M0VLL12_cm4 -DSDK_OS_BAREMETAL -DSERIAL_PORT_TYPE_UART=1 -DSDK_DEBUGCONSOLE=1 -DSDK_OS_FREE_RTOS -D__MCUXPRESSO -D__USE_CMSIS -DDEBUG -I"/home/fei/min0150/Projects/VSB/OSY/osy-workspace.rtos/demo-pwm/board" -I"/home/fei/min0150/Projects/VSB/OSY/osy-workspace.rtos/demo-pwm/source" -I"/home/fei/min0150/Projects/VSB/OSY/osy-workspace.rtos/demo-pwm/freertos/freertos_kernel/include" -I"/home/fei/min0150/Projects/VSB/OSY/osy-workspace.rtos/demo-pwm/freertos/freertos_kernel/portable/GCC/ARM_CM4F" -I"/home/fei/min0150/Projects/VSB/OSY/osy-workspace.rtos/demo-pwm/drivers" -I"/home/fei/min0150/Projects/VSB/OSY/osy-workspace.rtos/demo-pwm/device" -I"/home/fei/min0150/Projects/VSB/OSY/osy-workspace.rtos/demo-pwm/CMSIS" -I"/home/fei/min0150/Projects/VSB/OSY/osy-workspace.rtos/demo-pwm/utilities" -I"/home/fei/min0150/Projects/VSB/OSY/osy-workspace.rtos/demo-pwm/component/serial_manager" -I"/home/fei/min0150/Projects/VSB/OSY/osy-workspace.rtos/demo-pwm/component/uart" -I"/home/fei/min0150/Projects/VSB/OSY/osy-workspace.rtos/demo-pwm/component/lists" -O0 -fno-common -g3 -gdwarf-4 -Wall -c -ffunction-sections -fdata-sections -ffreestanding -fno-builtin -fmerge-constants -fmacro-prefix-map="../board/"= -mcpu=cortex-m4 -mfpu=fpv4-sp-d16 -mfloat-abi=hard -mthumb -D__NEWLIB__ -fstack-usage -specs=nano.specs -MMD -MP -MF"board/clock_config.d" -MT"board/clock_config.o" -MT"board/clock_config.d" -o "board/clock_config.o" "../board/clock_config.c"
Finished building: ../drivers/fsl_i2c.c
 
Invoking: MCU C Compiler
arm-none-eabi-gcc -D__NEWLIB__ -DCPU_MK64FN1M0VLL12 -DCPU_MK64FN1M0VLL12_cm4 -DSDK_OS_BAREMETAL -DSERIAL_PORT_TYPE_UART=1 -DSDK_DEBUGCONSOLE=1 -DSDK_OS_FREE_RTOS -D__MCUXPRESSO -D__USE_CMSIS -DDEBUG -I"/home/fei/min0150/Projects/VSB/OSY/osy-workspace.rtos/demo-pwm/board" -I"/home/fei/min0150/Projects/VSB/OSY/osy-workspace.rtos/demo-pwm/source" -I"/home/fei/min0150/Projects/VSB/OSY/osy-workspace.rtos/demo-pwm/freertos/freertos_kernel/include" -I"/home/fei/min0150/Projects/VSB/OSY/osy-workspace.rtos/demo-pwm/freertos/freertos_kernel/portable/GCC/ARM_CM4F" -I"/home/fei/min0150/Projects/VSB/OSY/osy-workspace.rtos/demo-pwm/drivers" -I"/home/fei/min0150/Projects/VSB/OSY/osy-workspace.rtos/demo-pwm/device" -I"/home/fei/min0150/Projects/VSB/OSY/osy-workspace.rtos/demo-pwm/CMSIS" -I"/home/fei/min0150/Projects/VSB/OSY/osy-workspace.rtos/demo-pwm/utilities" -I"/home/fei/min0150/Projects/VSB/OSY/osy-workspace.rtos/demo-pwm/component/serial_manager" -I"/home/fei/min0150/Projects/VSB/OSY/osy-workspace.rtos/demo-pwm/component/uart" -I"/home/fei/min0150/Projects/VSB/OSY/osy-workspace.rtos/demo-pwm/component/lists" -O0 -fno-common -g3 -gdwarf-4 -Wall -c -ffunction-sections -fdata-sections -ffreestanding -fno-builtin -fmerge-constants -fmacro-prefix-map="../board/"= -mcpu=cortex-m4 -mfpu=fpv4-sp-d16 -mfloat-abi=hard -mthumb -D__NEWLIB__ -fstack-usage -specs=nano.specs -MMD -MP -MF"board/peripherals.d" -MT"board/peripherals.o" -MT"board/peripherals.d" -o "board/peripherals.o" "../board/peripherals.c"
 
Building file: ../board/pin_mux.c
Invoking: MCU C Compiler
arm-none-eabi-gcc -D__NEWLIB__ -DCPU_MK64FN1M0VLL12 -DCPU_MK64FN1M0VLL12_cm4 -DSDK_OS_BAREMETAL -DSERIAL_PORT_TYPE_UART=1 -DSDK_DEBUGCONSOLE=1 -DSDK_OS_FREE_RTOS -D__MCUXPRESSO -D__USE_CMSIS -DDEBUG -I"/home/fei/min0150/Projects/VSB/OSY/osy-workspace.rtos/demo-pwm/board" -I"/home/fei/min0150/Projects/VSB/OSY/osy-workspace.rtos/demo-pwm/source" -I"/home/fei/min0150/Projects/VSB/OSY/osy-workspace.rtos/demo-pwm/freertos/freertos_kernel/include" -I"/home/fei/min0150/Projects/VSB/OSY/osy-workspace.rtos/demo-pwm/freertos/freertos_kernel/portable/GCC/ARM_CM4F" -I"/home/fei/min0150/Projects/VSB/OSY/osy-workspace.rtos/demo-pwm/drivers" -I"/home/fei/min0150/Projects/VSB/OSY/osy-workspace.rtos/demo-pwm/device" -I"/home/fei/min0150/Projects/VSB/OSY/osy-workspace.rtos/demo-pwm/CMSIS" -I"/home/fei/min0150/Projects/VSB/OSY/osy-workspace.rtos/demo-pwm/utilities" -I"/home/fei/min0150/Projects/VSB/OSY/osy-workspace.rtos/demo-pwm/component/serial_manager" -I"/home/fei/min0150/Projects/VSB/OSY/osy-workspace.rtos/demo-pwm/component/uart" -I"/home/fei/min0150/Projects/VSB/OSY/osy-workspace.rtos/demo-pwm/component/lists" -O0 -fno-common -g3 -gdwarf-4 -Wall -c -ffunction-sections -fdata-sections -ffreestanding -fno-builtin -fmerge-constants -fmacro-prefix-map="../board/"= -mcpu=cortex-m4 -mfpu=fpv4-sp-d16 -mfloat-abi=hard -mthumb -D__NEWLIB__ -fstack-usage -specs=nano.specs -MMD -MP -MF"board/pin_mux.d" -MT"board/pin_mux.o" -MT"board/pin_mux.d" -o "board/pin_mux.o" "../board/pin_mux.c"
Finished building: ../device/system_MK64F12.c
 
Finished building: ../drivers/fsl_smc.c
Finished building: ../component/serial_manager/fsl_component_serial_port_uart.c
Finished building: ../component/lists/fsl_component_generic_list.c
 
 
 
Finished building: ../component/uart/fsl_adapter_uart.c
 
Finished building: ../component/serial_manager/fsl_component_serial_manager.c
 
Finished building: ../drivers/fsl_uart.c
 
Finished building: ../board/peripherals.c
Finished building: ../board/board.c
 
 
Finished building: ../board/pin_mux.c
Finished building: ../board/clock_config.c
 
 
Building target: demo-pwm.axf
Invoking: MCU C++ Linker
arm-none-eabi-c++ -nostdlib -Xlinker -Map="demo-pwm.map" -Xlinker --gc-sections -Xlinker -print-memory-usage -Xlinker --sort-section=alignment -Xlinker --cref -mcpu=cortex-m4 -mfpu=fpv4-sp-d16 -mfloat-abi=hard -mthumb -T demo-pwm_Debug.ld -o "demo-pwm.axf" ./utilities/fsl_debug_console.o ./utilities/fsl_str.o  ./startup/startup_mk64f12.o  ./source/main-demo-pwm.o ./source/semihost_hardfault.o  ./freertos/freertos_kernel/portable/MemMang/heap_4.o  ./freertos/freertos_kernel/portable/GCC/ARM_CM4F/port.o  ./freertos/freertos_kernel/croutine.o ./freertos/freertos_kernel/event_groups.o ./freertos/freertos_kernel/list.o ./freertos/freertos_kernel/queue.o ./freertos/freertos_kernel/stream_buffer.o ./freertos/freertos_kernel/tasks.o ./freertos/freertos_kernel/timers.o  ./drivers/fsl_adc16.o ./drivers/fsl_clock.o ./drivers/fsl_common.o ./drivers/fsl_common_arm.o ./drivers/fsl_ftm.o ./drivers/fsl_gpio.o ./drivers/fsl_i2c.o ./drivers/fsl_pit.o ./drivers/fsl_smc.o ./drivers/fsl_uart.o  ./device/system_MK64F12.o  ./component/uart/fsl_adapter_uart.o  ./component/serial_manager/fsl_component_serial_manager.o ./component/serial_manager/fsl_component_serial_port_uart.o  ./component/lists/fsl_component_generic_list.o  ./board/board.o ./board/clock_config.o ./board/peripherals.o ./board/pin_mux.o    "/home/fei/min0150/Projects/VSB/OSY/osy-workspace.rtos/demo-pwm/source/demo-pwm-bin.o"
Memory region         Used Size  Region Size  %age Used
   PROGRAM_FLASH:       29384 B         1 MB      2.80%
      SRAM_UPPER:       19504 B       192 KB      9.92%
      SRAM_LOWER:          0 GB        64 KB      0.00%
        FLEX_RAM:          0 GB         4 KB      0.00%
Finished building target: demo-pwm.axf
 
Performing post-build steps
arm-none-eabi-size "demo-pwm.axf"; # arm-none-eabi-objcopy -v -O binary "demo-pwm.axf" "demo-pwm.bin" ; # checksum -p MK64FN1M0xxx12 -d "demo-pwm.bin";
   text	   data	    bss	    dec	    hex	filename
  29096	    288	  19216	  48600	   bdd8	demo-pwm.axf
 

13:16:28 Build Finished. 0 errors, 0 warnings. (took 722ms)

