15:50:19 **** Build of configuration Debug for project frdmk64f_gpio_input_interrupt ****
make -r -j4 all 
Building file: ../utilities/fsl_assert.c
Building file: ../utilities/fsl_debug_console.c
Invoking: MCU C Compiler
Invoking: MCU C Compiler
arm-none-eabi-gcc -std=gnu99 -D__REDLIB__ -DCPU_MK64FN1M0VLL12 -DCPU_MK64FN1M0VLL12_cm4 -DFRDM_K64F -DFREEDOM -DMCUXPRESSO_SDK -DSDK_DEBUGCONSOLE=1 -DCR_INTEGER_PRINTF -DPRINTF_FLOAT_ENABLE=0 -D__MCUXPRESSO -D__USE_CMSIS -DDEBUG -I"/poli/home/vyuka/osy/git/osy-workspace.rtos/frdmk64f_gpio_input_interrupt/source" -I"/poli/home/vyuka/osy/git/osy-workspace.rtos/frdmk64f_gpio_input_interrupt/utilities" -I"/poli/home/vyuka/osy/git/osy-workspace.rtos/frdmk64f_gpio_input_interrupt/drivers" -I"/poli/home/vyuka/osy/git/osy-workspace.rtos/frdmk64f_gpio_input_interrupt/device" -I"/poli/home/vyuka/osy/git/osy-workspace.rtos/frdmk64f_gpio_input_interrupt/component/uart" -I"/poli/home/vyuka/osy/git/osy-workspace.rtos/frdmk64f_gpio_input_interrupt/component/lists" -I"/poli/home/vyuka/osy/git/osy-workspace.rtos/frdmk64f_gpio_input_interrupt/CMSIS" -I"/poli/home/vyuka/osy/git/osy-workspace.rtos/frdmk64f_gpio_input_interrupt/board" -I"/poli/home/vyuka/osy/git/osy-workspace.rtos/frdmk64f_gpio_input_interrupt/frdmk64f/driver_examples/gpio/input_interrupt" -O0 -fno-common -g3 -c -ffunction-sections -fdata-sections -ffreestanding -fno-builtin -fmerge-constants -fmacro-prefix-map="../utilities/"= -mcpu=cortex-m4 -mfpu=fpv4-sp-d16 -mfloat-abi=hard -mthumb -D__REDLIB__ -fstack-usage -specs=redlib.specs -MMD -MP -MF"utilities/fsl_assert.d" -MT"utilities/fsl_assert.o" -MT"utilities/fsl_assert.d" -o "utilities/fsl_assert.o" "../utilities/fsl_assert.c"
Building file: ../startup/startup_mk64f12.c
arm-none-eabi-gcc -std=gnu99 -D__REDLIB__ -DCPU_MK64FN1M0VLL12 -DCPU_MK64FN1M0VLL12_cm4 -DFRDM_K64F -DFREEDOM -DMCUXPRESSO_SDK -DSDK_DEBUGCONSOLE=1 -DCR_INTEGER_PRINTF -DPRINTF_FLOAT_ENABLE=0 -D__MCUXPRESSO -D__USE_CMSIS -DDEBUG -I"/poli/home/vyuka/osy/git/osy-workspace.rtos/frdmk64f_gpio_input_interrupt/source" -I"/poli/home/vyuka/osy/git/osy-workspace.rtos/frdmk64f_gpio_input_interrupt/utilities" -I"/poli/home/vyuka/osy/git/osy-workspace.rtos/frdmk64f_gpio_input_interrupt/drivers" -I"/poli/home/vyuka/osy/git/osy-workspace.rtos/frdmk64f_gpio_input_interrupt/device" -I"/poli/home/vyuka/osy/git/osy-workspace.rtos/frdmk64f_gpio_input_interrupt/component/uart" -I"/poli/home/vyuka/osy/git/osy-workspace.rtos/frdmk64f_gpio_input_interrupt/component/lists" -I"/poli/home/vyuka/osy/git/osy-workspace.rtos/frdmk64f_gpio_input_interrupt/CMSIS" -I"/poli/home/vyuka/osy/git/osy-workspace.rtos/frdmk64f_gpio_input_interrupt/board" -I"/poli/home/vyuka/osy/git/osy-workspace.rtos/frdmk64f_gpio_input_interrupt/frdmk64f/driver_examples/gpio/input_interrupt" -O0 -fno-common -g3 -c -ffunction-sections -fdata-sections -ffreestanding -fno-builtin -fmerge-constants -fmacro-prefix-map="../utilities/"= -mcpu=cortex-m4 -mfpu=fpv4-sp-d16 -mfloat-abi=hard -mthumb -D__REDLIB__ -fstack-usage -specs=redlib.specs -MMD -MP -MF"utilities/fsl_debug_console.d" -MT"utilities/fsl_debug_console.o" -MT"utilities/fsl_debug_console.d" -o "utilities/fsl_debug_console.o" "../utilities/fsl_debug_console.c"
Invoking: MCU C Compiler
arm-none-eabi-gcc -std=gnu99 -D__REDLIB__ -DCPU_MK64FN1M0VLL12 -DCPU_MK64FN1M0VLL12_cm4 -DFRDM_K64F -DFREEDOM -DMCUXPRESSO_SDK -DSDK_DEBUGCONSOLE=1 -DCR_INTEGER_PRINTF -DPRINTF_FLOAT_ENABLE=0 -D__MCUXPRESSO -D__USE_CMSIS -DDEBUG -I"/poli/home/vyuka/osy/git/osy-workspace.rtos/frdmk64f_gpio_input_interrupt/source" -I"/poli/home/vyuka/osy/git/osy-workspace.rtos/frdmk64f_gpio_input_interrupt/utilities" -I"/poli/home/vyuka/osy/git/osy-workspace.rtos/frdmk64f_gpio_input_interrupt/drivers" -I"/poli/home/vyuka/osy/git/osy-workspace.rtos/frdmk64f_gpio_input_interrupt/device" -I"/poli/home/vyuka/osy/git/osy-workspace.rtos/frdmk64f_gpio_input_interrupt/component/uart" -I"/poli/home/vyuka/osy/git/osy-workspace.rtos/frdmk64f_gpio_input_interrupt/component/lists" -I"/poli/home/vyuka/osy/git/osy-workspace.rtos/frdmk64f_gpio_input_interrupt/CMSIS" -I"/poli/home/vyuka/osy/git/osy-workspace.rtos/frdmk64f_gpio_input_interrupt/board" -I"/poli/home/vyuka/osy/git/osy-workspace.rtos/frdmk64f_gpio_input_interrupt/frdmk64f/driver_examples/gpio/input_interrupt" -O0 -fno-common -g3 -c -ffunction-sections -fdata-sections -ffreestanding -fno-builtin -fmerge-constants -fmacro-prefix-map="../startup/"= -mcpu=cortex-m4 -mfpu=fpv4-sp-d16 -mfloat-abi=hard -mthumb -D__REDLIB__ -fstack-usage -specs=redlib.specs -MMD -MP -MF"startup/startup_mk64f12.d" -MT"startup/startup_mk64f12.o" -MT"startup/startup_mk64f12.d" -o "startup/startup_mk64f12.o" "../startup/startup_mk64f12.c"
Building file: ../source/gpio_input_interrupt.c
Invoking: MCU C Compiler
arm-none-eabi-gcc -std=gnu99 -D__REDLIB__ -DCPU_MK64FN1M0VLL12 -DCPU_MK64FN1M0VLL12_cm4 -DFRDM_K64F -DFREEDOM -DMCUXPRESSO_SDK -DSDK_DEBUGCONSOLE=1 -DCR_INTEGER_PRINTF -DPRINTF_FLOAT_ENABLE=0 -D__MCUXPRESSO -D__USE_CMSIS -DDEBUG -I"/poli/home/vyuka/osy/git/osy-workspace.rtos/frdmk64f_gpio_input_interrupt/source" -I"/poli/home/vyuka/osy/git/osy-workspace.rtos/frdmk64f_gpio_input_interrupt/utilities" -I"/poli/home/vyuka/osy/git/osy-workspace.rtos/frdmk64f_gpio_input_interrupt/drivers" -I"/poli/home/vyuka/osy/git/osy-workspace.rtos/frdmk64f_gpio_input_interrupt/device" -I"/poli/home/vyuka/osy/git/osy-workspace.rtos/frdmk64f_gpio_input_interrupt/component/uart" -I"/poli/home/vyuka/osy/git/osy-workspace.rtos/frdmk64f_gpio_input_interrupt/component/lists" -I"/poli/home/vyuka/osy/git/osy-workspace.rtos/frdmk64f_gpio_input_interrupt/CMSIS" -I"/poli/home/vyuka/osy/git/osy-workspace.rtos/frdmk64f_gpio_input_interrupt/board" -I"/poli/home/vyuka/osy/git/osy-workspace.rtos/frdmk64f_gpio_input_interrupt/frdmk64f/driver_examples/gpio/input_interrupt" -O0 -fno-common -g3 -c -ffunction-sections -fdata-sections -ffreestanding -fno-builtin -fmerge-constants -fmacro-prefix-map="../source/"= -mcpu=cortex-m4 -mfpu=fpv4-sp-d16 -mfloat-abi=hard -mthumb -D__REDLIB__ -fstack-usage -specs=redlib.specs -MMD -MP -MF"source/gpio_input_interrupt.d" -MT"source/gpio_input_interrupt.o" -MT"source/gpio_input_interrupt.d" -o "source/gpio_input_interrupt.o" "../source/gpio_input_interrupt.c"
Finished building: ../startup/startup_mk64f12.c
 
Finished building: ../utilities/fsl_assert.c
Building file: ../source/semihost_hardfault.c
Finished building: ../utilities/fsl_debug_console.c
 
Invoking: MCU C Compiler
arm-none-eabi-gcc -std=gnu99 -D__REDLIB__ -DCPU_MK64FN1M0VLL12 -DCPU_MK64FN1M0VLL12_cm4 -DFRDM_K64F -DFREEDOM -DMCUXPRESSO_SDK -DSDK_DEBUGCONSOLE=1 -DCR_INTEGER_PRINTF -DPRINTF_FLOAT_ENABLE=0 -D__MCUXPRESSO -D__USE_CMSIS -DDEBUG -I"/poli/home/vyuka/osy/git/osy-workspace.rtos/frdmk64f_gpio_input_interrupt/source" -I"/poli/home/vyuka/osy/git/osy-workspace.rtos/frdmk64f_gpio_input_interrupt/utilities" -I"/poli/home/vyuka/osy/git/osy-workspace.rtos/frdmk64f_gpio_input_interrupt/drivers" -I"/poli/home/vyuka/osy/git/osy-workspace.rtos/frdmk64f_gpio_input_interrupt/device" -I"/poli/home/vyuka/osy/git/osy-workspace.rtos/frdmk64f_gpio_input_interrupt/component/uart" -I"/poli/home/vyuka/osy/git/osy-workspace.rtos/frdmk64f_gpio_input_interrupt/component/lists" -I"/poli/home/vyuka/osy/git/osy-workspace.rtos/frdmk64f_gpio_input_interrupt/CMSIS" -I"/poli/home/vyuka/osy/git/osy-workspace.rtos/frdmk64f_gpio_input_interrupt/board" -I"/poli/home/vyuka/osy/git/osy-workspace.rtos/frdmk64f_gpio_input_interrupt/frdmk64f/driver_examples/gpio/input_interrupt" -O0 -fno-common -g3 -c -ffunction-sections -fdata-sections -ffreestanding -fno-builtin -fmerge-constants -fmacro-prefix-map="../source/"= -mcpu=cortex-m4 -mfpu=fpv4-sp-d16 -mfloat-abi=hard -mthumb -D__REDLIB__ -fstack-usage -specs=redlib.specs -MMD -MP -MF"source/semihost_hardfault.d" -MT"source/semihost_hardfault.o" -MT"source/semihost_hardfault.d" -o "source/semihost_hardfault.o" "../source/semihost_hardfault.c"
 
Building file: ../drivers/fsl_clock.c
Building file: ../drivers/fsl_common.c
Finished building: ../source/gpio_input_interrupt.c
Invoking: MCU C Compiler
Invoking: MCU C Compiler
arm-none-eabi-gcc -std=gnu99 -D__REDLIB__ -DCPU_MK64FN1M0VLL12 -DCPU_MK64FN1M0VLL12_cm4 -DFRDM_K64F -DFREEDOM -DMCUXPRESSO_SDK -DSDK_DEBUGCONSOLE=1 -DCR_INTEGER_PRINTF -DPRINTF_FLOAT_ENABLE=0 -D__MCUXPRESSO -D__USE_CMSIS -DDEBUG -I"/poli/home/vyuka/osy/git/osy-workspace.rtos/frdmk64f_gpio_input_interrupt/source" -I"/poli/home/vyuka/osy/git/osy-workspace.rtos/frdmk64f_gpio_input_interrupt/utilities" -I"/poli/home/vyuka/osy/git/osy-workspace.rtos/frdmk64f_gpio_input_interrupt/drivers" -I"/poli/home/vyuka/osy/git/osy-workspace.rtos/frdmk64f_gpio_input_interrupt/device" -I"/poli/home/vyuka/osy/git/osy-workspace.rtos/frdmk64f_gpio_input_interrupt/component/uart" -I"/poli/home/vyuka/osy/git/osy-workspace.rtos/frdmk64f_gpio_input_interrupt/component/lists" -I"/poli/home/vyuka/osy/git/osy-workspace.rtos/frdmk64f_gpio_input_interrupt/CMSIS" -I"/poli/home/vyuka/osy/git/osy-workspace.rtos/frdmk64f_gpio_input_interrupt/board" -I"/poli/home/vyuka/osy/git/osy-workspace.rtos/frdmk64f_gpio_input_interrupt/frdmk64f/driver_examples/gpio/input_interrupt" -O0 -fno-common -g3 -c -ffunction-sections -fdata-sections -ffreestanding -fno-builtin -fmerge-constants -fmacro-prefix-map="../drivers/"= -mcpu=cortex-m4 -mfpu=fpv4-sp-d16 -mfloat-abi=hard -mthumb -D__REDLIB__ -fstack-usage -specs=redlib.specs -MMD -MP -MF"drivers/fsl_common.d" -MT"drivers/fsl_common.o" -MT"drivers/fsl_common.d" -o "drivers/fsl_common.o" "../drivers/fsl_common.c"
 
Building file: ../drivers/fsl_common_arm.c
arm-none-eabi-gcc -std=gnu99 -D__REDLIB__ -DCPU_MK64FN1M0VLL12 -DCPU_MK64FN1M0VLL12_cm4 -DFRDM_K64F -DFREEDOM -DMCUXPRESSO_SDK -DSDK_DEBUGCONSOLE=1 -DCR_INTEGER_PRINTF -DPRINTF_FLOAT_ENABLE=0 -D__MCUXPRESSO -D__USE_CMSIS -DDEBUG -I"/poli/home/vyuka/osy/git/osy-workspace.rtos/frdmk64f_gpio_input_interrupt/source" -I"/poli/home/vyuka/osy/git/osy-workspace.rtos/frdmk64f_gpio_input_interrupt/utilities" -I"/poli/home/vyuka/osy/git/osy-workspace.rtos/frdmk64f_gpio_input_interrupt/drivers" -I"/poli/home/vyuka/osy/git/osy-workspace.rtos/frdmk64f_gpio_input_interrupt/device" -I"/poli/home/vyuka/osy/git/osy-workspace.rtos/frdmk64f_gpio_input_interrupt/component/uart" -I"/poli/home/vyuka/osy/git/osy-workspace.rtos/frdmk64f_gpio_input_interrupt/component/lists" -I"/poli/home/vyuka/osy/git/osy-workspace.rtos/frdmk64f_gpio_input_interrupt/CMSIS" -I"/poli/home/vyuka/osy/git/osy-workspace.rtos/frdmk64f_gpio_input_interrupt/board" -I"/poli/home/vyuka/osy/git/osy-workspace.rtos/frdmk64f_gpio_input_interrupt/frdmk64f/driver_examples/gpio/input_interrupt" -O0 -fno-common -g3 -c -ffunction-sections -fdata-sections -ffreestanding -fno-builtin -fmerge-constants -fmacro-prefix-map="../drivers/"= -mcpu=cortex-m4 -mfpu=fpv4-sp-d16 -mfloat-abi=hard -mthumb -D__REDLIB__ -fstack-usage -specs=redlib.specs -MMD -MP -MF"drivers/fsl_clock.d" -MT"drivers/fsl_clock.o" -MT"drivers/fsl_clock.d" -o "drivers/fsl_clock.o" "../drivers/fsl_clock.c"
Invoking: MCU C Compiler
arm-none-eabi-gcc -std=gnu99 -D__REDLIB__ -DCPU_MK64FN1M0VLL12 -DCPU_MK64FN1M0VLL12_cm4 -DFRDM_K64F -DFREEDOM -DMCUXPRESSO_SDK -DSDK_DEBUGCONSOLE=1 -DCR_INTEGER_PRINTF -DPRINTF_FLOAT_ENABLE=0 -D__MCUXPRESSO -D__USE_CMSIS -DDEBUG -I"/poli/home/vyuka/osy/git/osy-workspace.rtos/frdmk64f_gpio_input_interrupt/source" -I"/poli/home/vyuka/osy/git/osy-workspace.rtos/frdmk64f_gpio_input_interrupt/utilities" -I"/poli/home/vyuka/osy/git/osy-workspace.rtos/frdmk64f_gpio_input_interrupt/drivers" -I"/poli/home/vyuka/osy/git/osy-workspace.rtos/frdmk64f_gpio_input_interrupt/device" -I"/poli/home/vyuka/osy/git/osy-workspace.rtos/frdmk64f_gpio_input_interrupt/component/uart" -I"/poli/home/vyuka/osy/git/osy-workspace.rtos/frdmk64f_gpio_input_interrupt/component/lists" -I"/poli/home/vyuka/osy/git/osy-workspace.rtos/frdmk64f_gpio_input_interrupt/CMSIS" -I"/poli/home/vyuka/osy/git/osy-workspace.rtos/frdmk64f_gpio_input_interrupt/board" -I"/poli/home/vyuka/osy/git/osy-workspace.rtos/frdmk64f_gpio_input_interrupt/frdmk64f/driver_examples/gpio/input_interrupt" -O0 -fno-common -g3 -c -ffunction-sections -fdata-sections -ffreestanding -fno-builtin -fmerge-constants -fmacro-prefix-map="../drivers/"= -mcpu=cortex-m4 -mfpu=fpv4-sp-d16 -mfloat-abi=hard -mthumb -D__REDLIB__ -fstack-usage -specs=redlib.specs -MMD -MP -MF"drivers/fsl_common_arm.d" -MT"drivers/fsl_common_arm.o" -MT"drivers/fsl_common_arm.d" -o "drivers/fsl_common_arm.o" "../drivers/fsl_common_arm.c"
Finished building: ../source/semihost_hardfault.c
 
Building file: ../drivers/fsl_ftfx_cache.c
Invoking: MCU C Compiler
arm-none-eabi-gcc -std=gnu99 -D__REDLIB__ -DCPU_MK64FN1M0VLL12 -DCPU_MK64FN1M0VLL12_cm4 -DFRDM_K64F -DFREEDOM -DMCUXPRESSO_SDK -DSDK_DEBUGCONSOLE=1 -DCR_INTEGER_PRINTF -DPRINTF_FLOAT_ENABLE=0 -D__MCUXPRESSO -D__USE_CMSIS -DDEBUG -I"/poli/home/vyuka/osy/git/osy-workspace.rtos/frdmk64f_gpio_input_interrupt/source" -I"/poli/home/vyuka/osy/git/osy-workspace.rtos/frdmk64f_gpio_input_interrupt/utilities" -I"/poli/home/vyuka/osy/git/osy-workspace.rtos/frdmk64f_gpio_input_interrupt/drivers" -I"/poli/home/vyuka/osy/git/osy-workspace.rtos/frdmk64f_gpio_input_interrupt/device" -I"/poli/home/vyuka/osy/git/osy-workspace.rtos/frdmk64f_gpio_input_interrupt/component/uart" -I"/poli/home/vyuka/osy/git/osy-workspace.rtos/frdmk64f_gpio_input_interrupt/component/lists" -I"/poli/home/vyuka/osy/git/osy-workspace.rtos/frdmk64f_gpio_input_interrupt/CMSIS" -I"/poli/home/vyuka/osy/git/osy-workspace.rtos/frdmk64f_gpio_input_interrupt/board" -I"/poli/home/vyuka/osy/git/osy-workspace.rtos/frdmk64f_gpio_input_interrupt/frdmk64f/driver_examples/gpio/input_interrupt" -O0 -fno-common -g3 -c -ffunction-sections -fdata-sections -ffreestanding -fno-builtin -fmerge-constants -fmacro-prefix-map="../drivers/"= -mcpu=cortex-m4 -mfpu=fpv4-sp-d16 -mfloat-abi=hard -mthumb -D__REDLIB__ -fstack-usage -specs=redlib.specs -MMD -MP -MF"drivers/fsl_ftfx_cache.d" -MT"drivers/fsl_ftfx_cache.o" -MT"drivers/fsl_ftfx_cache.d" -o "drivers/fsl_ftfx_cache.o" "../drivers/fsl_ftfx_cache.c"
Finished building: ../drivers/fsl_common.c
 
Building file: ../drivers/fsl_ftfx_controller.c
Invoking: MCU C Compiler
arm-none-eabi-gcc -std=gnu99 -D__REDLIB__ -DCPU_MK64FN1M0VLL12 -DCPU_MK64FN1M0VLL12_cm4 -DFRDM_K64F -DFREEDOM -DMCUXPRESSO_SDK -DSDK_DEBUGCONSOLE=1 -DCR_INTEGER_PRINTF -DPRINTF_FLOAT_ENABLE=0 -D__MCUXPRESSO -D__USE_CMSIS -DDEBUG -I"/poli/home/vyuka/osy/git/osy-workspace.rtos/frdmk64f_gpio_input_interrupt/source" -I"/poli/home/vyuka/osy/git/osy-workspace.rtos/frdmk64f_gpio_input_interrupt/utilities" -I"/poli/home/vyuka/osy/git/osy-workspace.rtos/frdmk64f_gpio_input_interrupt/drivers" -I"/poli/home/vyuka/osy/git/osy-workspace.rtos/frdmk64f_gpio_input_interrupt/device" -I"/poli/home/vyuka/osy/git/osy-workspace.rtos/frdmk64f_gpio_input_interrupt/component/uart" -I"/poli/home/vyuka/osy/git/osy-workspace.rtos/frdmk64f_gpio_input_interrupt/component/lists" -I"/poli/home/vyuka/osy/git/osy-workspace.rtos/frdmk64f_gpio_input_interrupt/CMSIS" -I"/poli/home/vyuka/osy/git/osy-workspace.rtos/frdmk64f_gpio_input_interrupt/board" -I"/poli/home/vyuka/osy/git/osy-workspace.rtos/frdmk64f_gpio_input_interrupt/frdmk64f/driver_examples/gpio/input_interrupt" -O0 -fno-common -g3 -c -ffunction-sections -fdata-sections -ffreestanding -fno-builtin -fmerge-constants -fmacro-prefix-map="../drivers/"= -mcpu=cortex-m4 -mfpu=fpv4-sp-d16 -mfloat-abi=hard -mthumb -D__REDLIB__ -fstack-usage -specs=redlib.specs -MMD -MP -MF"drivers/fsl_ftfx_controller.d" -MT"drivers/fsl_ftfx_controller.o" -MT"drivers/fsl_ftfx_controller.d" -o "drivers/fsl_ftfx_controller.o" "../drivers/fsl_ftfx_controller.c"
Finished building: ../drivers/fsl_ftfx_cache.c
 
Building file: ../drivers/fsl_ftfx_flash.c
Invoking: MCU C Compiler
arm-none-eabi-gcc -std=gnu99 -D__REDLIB__ -DCPU_MK64FN1M0VLL12 -DCPU_MK64FN1M0VLL12_cm4 -DFRDM_K64F -DFREEDOM -DMCUXPRESSO_SDK -DSDK_DEBUGCONSOLE=1 -DCR_INTEGER_PRINTF -DPRINTF_FLOAT_ENABLE=0 -D__MCUXPRESSO -D__USE_CMSIS -DDEBUG -I"/poli/home/vyuka/osy/git/osy-workspace.rtos/frdmk64f_gpio_input_interrupt/source" -I"/poli/home/vyuka/osy/git/osy-workspace.rtos/frdmk64f_gpio_input_interrupt/utilities" -I"/poli/home/vyuka/osy/git/osy-workspace.rtos/frdmk64f_gpio_input_interrupt/drivers" -I"/poli/home/vyuka/osy/git/osy-workspace.rtos/frdmk64f_gpio_input_interrupt/device" -I"/poli/home/vyuka/osy/git/osy-workspace.rtos/frdmk64f_gpio_input_interrupt/component/uart" -I"/poli/home/vyuka/osy/git/osy-workspace.rtos/frdmk64f_gpio_input_interrupt/component/lists" -I"/poli/home/vyuka/osy/git/osy-workspace.rtos/frdmk64f_gpio_input_interrupt/CMSIS" -I"/poli/home/vyuka/osy/git/osy-workspace.rtos/frdmk64f_gpio_input_interrupt/board" -I"/poli/home/vyuka/osy/git/osy-workspace.rtos/frdmk64f_gpio_input_interrupt/frdmk64f/driver_examples/gpio/input_interrupt" -O0 -fno-common -g3 -c -ffunction-sections -fdata-sections -ffreestanding -fno-builtin -fmerge-constants -fmacro-prefix-map="../drivers/"= -mcpu=cortex-m4 -mfpu=fpv4-sp-d16 -mfloat-abi=hard -mthumb -D__REDLIB__ -fstack-usage -specs=redlib.specs -MMD -MP -MF"drivers/fsl_ftfx_flash.d" -MT"drivers/fsl_ftfx_flash.o" -MT"drivers/fsl_ftfx_flash.d" -o "drivers/fsl_ftfx_flash.o" "../drivers/fsl_ftfx_flash.c"
Finished building: ../drivers/fsl_clock.c
Finished building: ../drivers/fsl_common_arm.c
 
 
Building file: ../drivers/fsl_ftfx_flexnvm.c
Building file: ../drivers/fsl_gpio.c
Invoking: MCU C Compiler
arm-none-eabi-gcc -std=gnu99 -D__REDLIB__ -DCPU_MK64FN1M0VLL12 -DCPU_MK64FN1M0VLL12_cm4 -DFRDM_K64F -DFREEDOM -DMCUXPRESSO_SDK -DSDK_DEBUGCONSOLE=1 -DCR_INTEGER_PRINTF -DPRINTF_FLOAT_ENABLE=0 -D__MCUXPRESSO -D__USE_CMSIS -DDEBUG -I"/poli/home/vyuka/osy/git/osy-workspace.rtos/frdmk64f_gpio_input_interrupt/source" -I"/poli/home/vyuka/osy/git/osy-workspace.rtos/frdmk64f_gpio_input_interrupt/utilities" -I"/poli/home/vyuka/osy/git/osy-workspace.rtos/frdmk64f_gpio_input_interrupt/drivers" -I"/poli/home/vyuka/osy/git/osy-workspace.rtos/frdmk64f_gpio_input_interrupt/device" -I"/poli/home/vyuka/osy/git/osy-workspace.rtos/frdmk64f_gpio_input_interrupt/component/uart" -I"/poli/home/vyuka/osy/git/osy-workspace.rtos/frdmk64f_gpio_input_interrupt/component/lists" -I"/poli/home/vyuka/osy/git/osy-workspace.rtos/frdmk64f_gpio_input_interrupt/CMSIS" -I"/poli/home/vyuka/osy/git/osy-workspace.rtos/frdmk64f_gpio_input_interrupt/board" -I"/poli/home/vyuka/osy/git/osy-workspace.rtos/frdmk64f_gpio_input_interrupt/frdmk64f/driver_examples/gpio/input_interrupt" -O0 -fno-common -g3 -c -ffunction-sections -fdata-sections -ffreestanding -fno-builtin -fmerge-constants -fmacro-prefix-map="../drivers/"= -mcpu=cortex-m4 -mfpu=fpv4-sp-d16 -mfloat-abi=hard -mthumb -D__REDLIB__ -fstack-usage -specs=redlib.specs -MMD -MP -MF"drivers/fsl_ftfx_flexnvm.d" -MT"drivers/fsl_ftfx_flexnvm.o" -MT"drivers/fsl_ftfx_flexnvm.d" -o "drivers/fsl_ftfx_flexnvm.o" "../drivers/fsl_ftfx_flexnvm.c"
Invoking: MCU C Compiler
arm-none-eabi-gcc -std=gnu99 -D__REDLIB__ -DCPU_MK64FN1M0VLL12 -DCPU_MK64FN1M0VLL12_cm4 -DFRDM_K64F -DFREEDOM -DMCUXPRESSO_SDK -DSDK_DEBUGCONSOLE=1 -DCR_INTEGER_PRINTF -DPRINTF_FLOAT_ENABLE=0 -D__MCUXPRESSO -D__USE_CMSIS -DDEBUG -I"/poli/home/vyuka/osy/git/osy-workspace.rtos/frdmk64f_gpio_input_interrupt/source" -I"/poli/home/vyuka/osy/git/osy-workspace.rtos/frdmk64f_gpio_input_interrupt/utilities" -I"/poli/home/vyuka/osy/git/osy-workspace.rtos/frdmk64f_gpio_input_interrupt/drivers" -I"/poli/home/vyuka/osy/git/osy-workspace.rtos/frdmk64f_gpio_input_interrupt/device" -I"/poli/home/vyuka/osy/git/osy-workspace.rtos/frdmk64f_gpio_input_interrupt/component/uart" -I"/poli/home/vyuka/osy/git/osy-workspace.rtos/frdmk64f_gpio_input_interrupt/component/lists" -I"/poli/home/vyuka/osy/git/osy-workspace.rtos/frdmk64f_gpio_input_interrupt/CMSIS" -I"/poli/home/vyuka/osy/git/osy-workspace.rtos/frdmk64f_gpio_input_interrupt/board" -I"/poli/home/vyuka/osy/git/osy-workspace.rtos/frdmk64f_gpio_input_interrupt/frdmk64f/driver_examples/gpio/input_interrupt" -O0 -fno-common -g3 -c -ffunction-sections -fdata-sections -ffreestanding -fno-builtin -fmerge-constants -fmacro-prefix-map="../drivers/"= -mcpu=cortex-m4 -mfpu=fpv4-sp-d16 -mfloat-abi=hard -mthumb -D__REDLIB__ -fstack-usage -specs=redlib.specs -MMD -MP -MF"drivers/fsl_gpio.d" -MT"drivers/fsl_gpio.o" -MT"drivers/fsl_gpio.d" -o "drivers/fsl_gpio.o" "../drivers/fsl_gpio.c"
Finished building: ../drivers/fsl_ftfx_flash.c
 
Building file: ../drivers/fsl_smc.c
Invoking: MCU C Compiler
arm-none-eabi-gcc -std=gnu99 -D__REDLIB__ -DCPU_MK64FN1M0VLL12 -DCPU_MK64FN1M0VLL12_cm4 -DFRDM_K64F -DFREEDOM -DMCUXPRESSO_SDK -DSDK_DEBUGCONSOLE=1 -DCR_INTEGER_PRINTF -DPRINTF_FLOAT_ENABLE=0 -D__MCUXPRESSO -D__USE_CMSIS -DDEBUG -I"/poli/home/vyuka/osy/git/osy-workspace.rtos/frdmk64f_gpio_input_interrupt/source" -I"/poli/home/vyuka/osy/git/osy-workspace.rtos/frdmk64f_gpio_input_interrupt/utilities" -I"/poli/home/vyuka/osy/git/osy-workspace.rtos/frdmk64f_gpio_input_interrupt/drivers" -I"/poli/home/vyuka/osy/git/osy-workspace.rtos/frdmk64f_gpio_input_interrupt/device" -I"/poli/home/vyuka/osy/git/osy-workspace.rtos/frdmk64f_gpio_input_interrupt/component/uart" -I"/poli/home/vyuka/osy/git/osy-workspace.rtos/frdmk64f_gpio_input_interrupt/component/lists" -I"/poli/home/vyuka/osy/git/osy-workspace.rtos/frdmk64f_gpio_input_interrupt/CMSIS" -I"/poli/home/vyuka/osy/git/osy-workspace.rtos/frdmk64f_gpio_input_interrupt/board" -I"/poli/home/vyuka/osy/git/osy-workspace.rtos/frdmk64f_gpio_input_interrupt/frdmk64f/driver_examples/gpio/input_interrupt" -O0 -fno-common -g3 -c -ffunction-sections -fdata-sections -ffreestanding -fno-builtin -fmerge-constants -fmacro-prefix-map="../drivers/"= -mcpu=cortex-m4 -mfpu=fpv4-sp-d16 -mfloat-abi=hard -mthumb -D__REDLIB__ -fstack-usage -specs=redlib.specs -MMD -MP -MF"drivers/fsl_smc.d" -MT"drivers/fsl_smc.o" -MT"drivers/fsl_smc.d" -o "drivers/fsl_smc.o" "../drivers/fsl_smc.c"
Finished building: ../drivers/fsl_ftfx_flexnvm.c
 
Building file: ../drivers/fsl_uart.c
Invoking: MCU C Compiler
arm-none-eabi-gcc -std=gnu99 -D__REDLIB__ -DCPU_MK64FN1M0VLL12 -DCPU_MK64FN1M0VLL12_cm4 -DFRDM_K64F -DFREEDOM -DMCUXPRESSO_SDK -DSDK_DEBUGCONSOLE=1 -DCR_INTEGER_PRINTF -DPRINTF_FLOAT_ENABLE=0 -D__MCUXPRESSO -D__USE_CMSIS -DDEBUG -I"/poli/home/vyuka/osy/git/osy-workspace.rtos/frdmk64f_gpio_input_interrupt/source" -I"/poli/home/vyuka/osy/git/osy-workspace.rtos/frdmk64f_gpio_input_interrupt/utilities" -I"/poli/home/vyuka/osy/git/osy-workspace.rtos/frdmk64f_gpio_input_interrupt/drivers" -I"/poli/home/vyuka/osy/git/osy-workspace.rtos/frdmk64f_gpio_input_interrupt/device" -I"/poli/home/vyuka/osy/git/osy-workspace.rtos/frdmk64f_gpio_input_interrupt/component/uart" -I"/poli/home/vyuka/osy/git/osy-workspace.rtos/frdmk64f_gpio_input_interrupt/component/lists" -I"/poli/home/vyuka/osy/git/osy-workspace.rtos/frdmk64f_gpio_input_interrupt/CMSIS" -I"/poli/home/vyuka/osy/git/osy-workspace.rtos/frdmk64f_gpio_input_interrupt/board" -I"/poli/home/vyuka/osy/git/osy-workspace.rtos/frdmk64f_gpio_input_interrupt/frdmk64f/driver_examples/gpio/input_interrupt" -O0 -fno-common -g3 -c -ffunction-sections -fdata-sections -ffreestanding -fno-builtin -fmerge-constants -fmacro-prefix-map="../drivers/"= -mcpu=cortex-m4 -mfpu=fpv4-sp-d16 -mfloat-abi=hard -mthumb -D__REDLIB__ -fstack-usage -specs=redlib.specs -MMD -MP -MF"drivers/fsl_uart.d" -MT"drivers/fsl_uart.o" -MT"drivers/fsl_uart.d" -o "drivers/fsl_uart.o" "../drivers/fsl_uart.c"
Finished building: ../drivers/fsl_ftfx_controller.c
 
Building file: ../device/system_MK64F12.c
Invoking: MCU C Compiler
arm-none-eabi-gcc -std=gnu99 -D__REDLIB__ -DCPU_MK64FN1M0VLL12 -DCPU_MK64FN1M0VLL12_cm4 -DFRDM_K64F -DFREEDOM -DMCUXPRESSO_SDK -DSDK_DEBUGCONSOLE=1 -DCR_INTEGER_PRINTF -DPRINTF_FLOAT_ENABLE=0 -D__MCUXPRESSO -D__USE_CMSIS -DDEBUG -I"/poli/home/vyuka/osy/git/osy-workspace.rtos/frdmk64f_gpio_input_interrupt/source" -I"/poli/home/vyuka/osy/git/osy-workspace.rtos/frdmk64f_gpio_input_interrupt/utilities" -I"/poli/home/vyuka/osy/git/osy-workspace.rtos/frdmk64f_gpio_input_interrupt/drivers" -I"/poli/home/vyuka/osy/git/osy-workspace.rtos/frdmk64f_gpio_input_interrupt/device" -I"/poli/home/vyuka/osy/git/osy-workspace.rtos/frdmk64f_gpio_input_interrupt/component/uart" -I"/poli/home/vyuka/osy/git/osy-workspace.rtos/frdmk64f_gpio_input_interrupt/component/lists" -I"/poli/home/vyuka/osy/git/osy-workspace.rtos/frdmk64f_gpio_input_interrupt/CMSIS" -I"/poli/home/vyuka/osy/git/osy-workspace.rtos/frdmk64f_gpio_input_interrupt/board" -I"/poli/home/vyuka/osy/git/osy-workspace.rtos/frdmk64f_gpio_input_interrupt/frdmk64f/driver_examples/gpio/input_interrupt" -O0 -fno-common -g3 -c -ffunction-sections -fdata-sections -ffreestanding -fno-builtin -fmerge-constants -fmacro-prefix-map="../device/"= -mcpu=cortex-m4 -mfpu=fpv4-sp-d16 -mfloat-abi=hard -mthumb -D__REDLIB__ -fstack-usage -specs=redlib.specs -MMD -MP -MF"device/system_MK64F12.d" -MT"device/system_MK64F12.o" -MT"device/system_MK64F12.d" -o "device/system_MK64F12.o" "../device/system_MK64F12.c"
Finished building: ../drivers/fsl_gpio.c
 
Building file: ../component/uart/fsl_adapter_uart.c
Invoking: MCU C Compiler
arm-none-eabi-gcc -std=gnu99 -D__REDLIB__ -DCPU_MK64FN1M0VLL12 -DCPU_MK64FN1M0VLL12_cm4 -DFRDM_K64F -DFREEDOM -DMCUXPRESSO_SDK -DSDK_DEBUGCONSOLE=1 -DCR_INTEGER_PRINTF -DPRINTF_FLOAT_ENABLE=0 -D__MCUXPRESSO -D__USE_CMSIS -DDEBUG -I"/poli/home/vyuka/osy/git/osy-workspace.rtos/frdmk64f_gpio_input_interrupt/source" -I"/poli/home/vyuka/osy/git/osy-workspace.rtos/frdmk64f_gpio_input_interrupt/utilities" -I"/poli/home/vyuka/osy/git/osy-workspace.rtos/frdmk64f_gpio_input_interrupt/drivers" -I"/poli/home/vyuka/osy/git/osy-workspace.rtos/frdmk64f_gpio_input_interrupt/device" -I"/poli/home/vyuka/osy/git/osy-workspace.rtos/frdmk64f_gpio_input_interrupt/component/uart" -I"/poli/home/vyuka/osy/git/osy-workspace.rtos/frdmk64f_gpio_input_interrupt/component/lists" -I"/poli/home/vyuka/osy/git/osy-workspace.rtos/frdmk64f_gpio_input_interrupt/CMSIS" -I"/poli/home/vyuka/osy/git/osy-workspace.rtos/frdmk64f_gpio_input_interrupt/board" -I"/poli/home/vyuka/osy/git/osy-workspace.rtos/frdmk64f_gpio_input_interrupt/frdmk64f/driver_examples/gpio/input_interrupt" -O0 -fno-common -g3 -c -ffunction-sections -fdata-sections -ffreestanding -fno-builtin -fmerge-constants -fmacro-prefix-map="../component/uart/"= -mcpu=cortex-m4 -mfpu=fpv4-sp-d16 -mfloat-abi=hard -mthumb -D__REDLIB__ -fstack-usage -specs=redlib.specs -MMD -MP -MF"component/uart/fsl_adapter_uart.d" -MT"component/uart/fsl_adapter_uart.o" -MT"component/uart/fsl_adapter_uart.d" -o "component/uart/fsl_adapter_uart.o" "../component/uart/fsl_adapter_uart.c"
Finished building: ../drivers/fsl_smc.c
 
Building file: ../component/lists/fsl_component_generic_list.c
Invoking: MCU C Compiler
arm-none-eabi-gcc -std=gnu99 -D__REDLIB__ -DCPU_MK64FN1M0VLL12 -DCPU_MK64FN1M0VLL12_cm4 -DFRDM_K64F -DFREEDOM -DMCUXPRESSO_SDK -DSDK_DEBUGCONSOLE=1 -DCR_INTEGER_PRINTF -DPRINTF_FLOAT_ENABLE=0 -D__MCUXPRESSO -D__USE_CMSIS -DDEBUG -I"/poli/home/vyuka/osy/git/osy-workspace.rtos/frdmk64f_gpio_input_interrupt/source" -I"/poli/home/vyuka/osy/git/osy-workspace.rtos/frdmk64f_gpio_input_interrupt/utilities" -I"/poli/home/vyuka/osy/git/osy-workspace.rtos/frdmk64f_gpio_input_interrupt/drivers" -I"/poli/home/vyuka/osy/git/osy-workspace.rtos/frdmk64f_gpio_input_interrupt/device" -I"/poli/home/vyuka/osy/git/osy-workspace.rtos/frdmk64f_gpio_input_interrupt/component/uart" -I"/poli/home/vyuka/osy/git/osy-workspace.rtos/frdmk64f_gpio_input_interrupt/component/lists" -I"/poli/home/vyuka/osy/git/osy-workspace.rtos/frdmk64f_gpio_input_interrupt/CMSIS" -I"/poli/home/vyuka/osy/git/osy-workspace.rtos/frdmk64f_gpio_input_interrupt/board" -I"/poli/home/vyuka/osy/git/osy-workspace.rtos/frdmk64f_gpio_input_interrupt/frdmk64f/driver_examples/gpio/input_interrupt" -O0 -fno-common -g3 -c -ffunction-sections -fdata-sections -ffreestanding -fno-builtin -fmerge-constants -fmacro-prefix-map="../component/lists/"= -mcpu=cortex-m4 -mfpu=fpv4-sp-d16 -mfloat-abi=hard -mthumb -D__REDLIB__ -fstack-usage -specs=redlib.specs -MMD -MP -MF"component/lists/fsl_component_generic_list.d" -MT"component/lists/fsl_component_generic_list.o" -MT"component/lists/fsl_component_generic_list.d" -o "component/lists/fsl_component_generic_list.o" "../component/lists/fsl_component_generic_list.c"
Finished building: ../device/system_MK64F12.c
 
Building file: ../board/board.c
Invoking: MCU C Compiler
arm-none-eabi-gcc -std=gnu99 -D__REDLIB__ -DCPU_MK64FN1M0VLL12 -DCPU_MK64FN1M0VLL12_cm4 -DFRDM_K64F -DFREEDOM -DMCUXPRESSO_SDK -DSDK_DEBUGCONSOLE=1 -DCR_INTEGER_PRINTF -DPRINTF_FLOAT_ENABLE=0 -D__MCUXPRESSO -D__USE_CMSIS -DDEBUG -I"/poli/home/vyuka/osy/git/osy-workspace.rtos/frdmk64f_gpio_input_interrupt/source" -I"/poli/home/vyuka/osy/git/osy-workspace.rtos/frdmk64f_gpio_input_interrupt/utilities" -I"/poli/home/vyuka/osy/git/osy-workspace.rtos/frdmk64f_gpio_input_interrupt/drivers" -I"/poli/home/vyuka/osy/git/osy-workspace.rtos/frdmk64f_gpio_input_interrupt/device" -I"/poli/home/vyuka/osy/git/osy-workspace.rtos/frdmk64f_gpio_input_interrupt/component/uart" -I"/poli/home/vyuka/osy/git/osy-workspace.rtos/frdmk64f_gpio_input_interrupt/component/lists" -I"/poli/home/vyuka/osy/git/osy-workspace.rtos/frdmk64f_gpio_input_interrupt/CMSIS" -I"/poli/home/vyuka/osy/git/osy-workspace.rtos/frdmk64f_gpio_input_interrupt/board" -I"/poli/home/vyuka/osy/git/osy-workspace.rtos/frdmk64f_gpio_input_interrupt/frdmk64f/driver_examples/gpio/input_interrupt" -O0 -fno-common -g3 -c -ffunction-sections -fdata-sections -ffreestanding -fno-builtin -fmerge-constants -fmacro-prefix-map="../board/"= -mcpu=cortex-m4 -mfpu=fpv4-sp-d16 -mfloat-abi=hard -mthumb -D__REDLIB__ -fstack-usage -specs=redlib.specs -MMD -MP -MF"board/board.d" -MT"board/board.o" -MT"board/board.d" -o "board/board.o" "../board/board.c"
Finished building: ../component/uart/fsl_adapter_uart.c
 
Building file: ../board/clock_config.c
Invoking: MCU C Compiler
arm-none-eabi-gcc -std=gnu99 -D__REDLIB__ -DCPU_MK64FN1M0VLL12 -DCPU_MK64FN1M0VLL12_cm4 -DFRDM_K64F -DFREEDOM -DMCUXPRESSO_SDK -DSDK_DEBUGCONSOLE=1 -DCR_INTEGER_PRINTF -DPRINTF_FLOAT_ENABLE=0 -D__MCUXPRESSO -D__USE_CMSIS -DDEBUG -I"/poli/home/vyuka/osy/git/osy-workspace.rtos/frdmk64f_gpio_input_interrupt/source" -I"/poli/home/vyuka/osy/git/osy-workspace.rtos/frdmk64f_gpio_input_interrupt/utilities" -I"/poli/home/vyuka/osy/git/osy-workspace.rtos/frdmk64f_gpio_input_interrupt/drivers" -I"/poli/home/vyuka/osy/git/osy-workspace.rtos/frdmk64f_gpio_input_interrupt/device" -I"/poli/home/vyuka/osy/git/osy-workspace.rtos/frdmk64f_gpio_input_interrupt/component/uart" -I"/poli/home/vyuka/osy/git/osy-workspace.rtos/frdmk64f_gpio_input_interrupt/component/lists" -I"/poli/home/vyuka/osy/git/osy-workspace.rtos/frdmk64f_gpio_input_interrupt/CMSIS" -I"/poli/home/vyuka/osy/git/osy-workspace.rtos/frdmk64f_gpio_input_interrupt/board" -I"/poli/home/vyuka/osy/git/osy-workspace.rtos/frdmk64f_gpio_input_interrupt/frdmk64f/driver_examples/gpio/input_interrupt" -O0 -fno-common -g3 -c -ffunction-sections -fdata-sections -ffreestanding -fno-builtin -fmerge-constants -fmacro-prefix-map="../board/"= -mcpu=cortex-m4 -mfpu=fpv4-sp-d16 -mfloat-abi=hard -mthumb -D__REDLIB__ -fstack-usage -specs=redlib.specs -MMD -MP -MF"board/clock_config.d" -MT"board/clock_config.o" -MT"board/clock_config.d" -o "board/clock_config.o" "../board/clock_config.c"
Finished building: ../drivers/fsl_uart.c
 
Building file: ../board/pin_mux.c
Invoking: MCU C Compiler
arm-none-eabi-gcc -std=gnu99 -D__REDLIB__ -DCPU_MK64FN1M0VLL12 -DCPU_MK64FN1M0VLL12_cm4 -DFRDM_K64F -DFREEDOM -DMCUXPRESSO_SDK -DSDK_DEBUGCONSOLE=1 -DCR_INTEGER_PRINTF -DPRINTF_FLOAT_ENABLE=0 -D__MCUXPRESSO -D__USE_CMSIS -DDEBUG -I"/poli/home/vyuka/osy/git/osy-workspace.rtos/frdmk64f_gpio_input_interrupt/source" -I"/poli/home/vyuka/osy/git/osy-workspace.rtos/frdmk64f_gpio_input_interrupt/utilities" -I"/poli/home/vyuka/osy/git/osy-workspace.rtos/frdmk64f_gpio_input_interrupt/drivers" -I"/poli/home/vyuka/osy/git/osy-workspace.rtos/frdmk64f_gpio_input_interrupt/device" -I"/poli/home/vyuka/osy/git/osy-workspace.rtos/frdmk64f_gpio_input_interrupt/component/uart" -I"/poli/home/vyuka/osy/git/osy-workspace.rtos/frdmk64f_gpio_input_interrupt/component/lists" -I"/poli/home/vyuka/osy/git/osy-workspace.rtos/frdmk64f_gpio_input_interrupt/CMSIS" -I"/poli/home/vyuka/osy/git/osy-workspace.rtos/frdmk64f_gpio_input_interrupt/board" -I"/poli/home/vyuka/osy/git/osy-workspace.rtos/frdmk64f_gpio_input_interrupt/frdmk64f/driver_examples/gpio/input_interrupt" -O0 -fno-common -g3 -c -ffunction-sections -fdata-sections -ffreestanding -fno-builtin -fmerge-constants -fmacro-prefix-map="../board/"= -mcpu=cortex-m4 -mfpu=fpv4-sp-d16 -mfloat-abi=hard -mthumb -D__REDLIB__ -fstack-usage -specs=redlib.specs -MMD -MP -MF"board/pin_mux.d" -MT"board/pin_mux.o" -MT"board/pin_mux.d" -o "board/pin_mux.o" "../board/pin_mux.c"
Finished building: ../component/lists/fsl_component_generic_list.c
 
Finished building: ../board/clock_config.c
 
Finished building: ../board/board.c
 
Finished building: ../board/pin_mux.c
 
Building target: frdmk64f_gpio_input_interrupt.axf
Invoking: MCU Linker
arm-none-eabi-gcc -nostdlib -Xlinker -Map="frdmk64f_gpio_input_interrupt.map" -Xlinker --gc-sections -Xlinker -print-memory-usage -Xlinker --sort-section=alignment -Xlinker --cref -mcpu=cortex-m4 -mfpu=fpv4-sp-d16 -mfloat-abi=hard -mthumb -T frdmk64f_gpio_input_interrupt_Debug.ld -o "frdmk64f_gpio_input_interrupt.axf"  ./utilities/fsl_assert.o ./utilities/fsl_debug_console.o  ./startup/startup_mk64f12.o  ./source/gpio_input_interrupt.o ./source/semihost_hardfault.o  ./drivers/fsl_clock.o ./drivers/fsl_common.o ./drivers/fsl_common_arm.o ./drivers/fsl_ftfx_cache.o ./drivers/fsl_ftfx_controller.o ./drivers/fsl_ftfx_flash.o ./drivers/fsl_ftfx_flexnvm.o ./drivers/fsl_gpio.o ./drivers/fsl_smc.o ./drivers/fsl_uart.o  ./device/system_MK64F12.o  ./component/uart/fsl_adapter_uart.o  ./component/lists/fsl_component_generic_list.o  ./board/board.o ./board/clock_config.o ./board/pin_mux.o   
Memory region         Used Size  Region Size  %age Used
   PROGRAM_FLASH:       11944 B         1 MB      1.14%
      SRAM_UPPER:        8456 B       192 KB      4.30%
      SRAM_LOWER:          0 GB        64 KB      0.00%
        FLEX_RAM:          0 GB         4 KB      0.00%
Finished building target: frdmk64f_gpio_input_interrupt.axf
 
Performing post-build steps
arm-none-eabi-size "frdmk64f_gpio_input_interrupt.axf"; # arm-none-eabi-objcopy -v -O binary "frdmk64f_gpio_input_interrupt.axf" "frdmk64f_gpio_input_interrupt.bin" ; # checksum -p MK64FN1M0xxx12 -d "frdmk64f_gpio_input_interrupt.bin";
   text	   data	    bss	    dec	    hex	filename
  11928	     16	   8440	  20384	   4fa0	frdmk64f_gpio_input_interrupt.axf
 

15:50:20 Build Finished. 0 errors, 0 warnings. (took 808ms)

