15:54:45 **** Clean-only build of configuration Debug for project tcpip ****
make -r -j4 clean 
rm -rf ./utilities/fsl_debug_console.d ./utilities/fsl_debug_console.o ./utilities/fsl_str.d ./utilities/fsl_str.o
rm -rf ./startup/startup_mk64f12.d ./startup/startup_mk64f12.o
rm -rf ./source/main-tcpip.d ./source/main-tcpip.o ./source/semihost_hardfault.d ./source/semihost_hardfault.o
rm -rf ./freertos/freertos_kernel/portable/MemMang/heap_4.d ./freertos/freertos_kernel/portable/MemMang/heap_4.o
rm -rf ./freertos/freertos_kernel/portable/GCC/ARM_CM4F/port.d ./freertos/freertos_kernel/portable/GCC/ARM_CM4F/port.o
rm -rf ./freertos/freertos_kernel/croutine.d ./freertos/freertos_kernel/croutine.o ./freertos/freertos_kernel/event_groups.d ./freertos/freertos_kernel/event_groups.o ./freertos/freertos_kernel/list.d ./freertos/freertos_kernel/list.o ./freertos/freertos_kernel/queue.d ./freertos/freertos_kernel/queue.o ./freertos/freertos_kernel/stream_buffer.d ./freertos/freertos_kernel/stream_buffer.o ./freertos/freertos_kernel/tasks.d ./freertos/freertos_kernel/tasks.o ./freertos/freertos_kernel/timers.d ./freertos/freertos_kernel/timers.o
rm -rf ./freertos-plus/FreeRTOS-Plus-TCP/portable/NetworkInterface/K64F/NetworkInterface.d ./freertos-plus/FreeRTOS-Plus-TCP/portable/NetworkInterface/K64F/NetworkInterface.o ./freertos-plus/FreeRTOS-Plus-TCP/portable/NetworkInterface/K64F/NetworkInterface_rand.d ./freertos-plus/FreeRTOS-Plus-TCP/portable/NetworkInterface/K64F/NetworkInterface_rand.o
rm -rf ./freertos-plus/FreeRTOS-Plus-TCP/portable/BufferManagement/BufferAllocation_2.d ./freertos-plus/FreeRTOS-Plus-TCP/portable/BufferManagement/BufferAllocation_2.o
rm -rf ./freertos-plus/FreeRTOS-Plus-TCP/FreeRTOS_ARP.d ./freertos-plus/FreeRTOS-Plus-TCP/FreeRTOS_ARP.o ./freertos-plus/FreeRTOS-Plus-TCP/FreeRTOS_DHCP.d ./freertos-plus/FreeRTOS-Plus-TCP/FreeRTOS_DHCP.o ./freertos-plus/FreeRTOS-Plus-TCP/FreeRTOS_DNS.d ./freertos-plus/FreeRTOS-Plus-TCP/FreeRTOS_DNS.o ./freertos-plus/FreeRTOS-Plus-TCP/FreeRTOS_IP.d ./freertos-plus/FreeRTOS-Plus-TCP/FreeRTOS_IP.o ./freertos-plus/FreeRTOS-Plus-TCP/FreeRTOS_Sockets.d ./freertos-plus/FreeRTOS-Plus-TCP/FreeRTOS_Sockets.o ./freertos-plus/FreeRTOS-Plus-TCP/FreeRTOS_Stream_Buffer.d ./freertos-plus/FreeRTOS-Plus-TCP/FreeRTOS_Stream_Buffer.o ./freertos-plus/FreeRTOS-Plus-TCP/FreeRTOS_TCP_IP.d ./freertos-plus/FreeRTOS-Plus-TCP/FreeRTOS_TCP_IP.o ./freertos-plus/FreeRTOS-Plus-TCP/FreeRTOS_TCP_WIN.d ./freertos-plus/FreeRTOS-Plus-TCP/FreeRTOS_TCP_WIN.o ./freertos-plus/FreeRTOS-Plus-TCP/FreeRTOS_UDP_IP.d ./freertos-plus/FreeRTOS-Plus-TCP/FreeRTOS_UDP_IP.o
rm -rf ./drivers/fsl_adc16.d ./drivers/fsl_adc16.o ./drivers/fsl_clock.d ./drivers/fsl_clock.o ./drivers/fsl_common.d ./drivers/fsl_common.o ./drivers/fsl_common_arm.d ./drivers/fsl_common_arm.o ./drivers/fsl_enet.d ./drivers/fsl_enet.o ./drivers/fsl_ftm.d ./drivers/fsl_ftm.o ./drivers/fsl_gpio.d ./drivers/fsl_gpio.o ./drivers/fsl_i2c.d ./drivers/fsl_i2c.o ./drivers/fsl_pit.d ./drivers/fsl_pit.o ./drivers/fsl_smc.d ./drivers/fsl_smc.o ./drivers/fsl_sysmpu.d ./drivers/fsl_sysmpu.o ./drivers/fsl_uart.d ./drivers/fsl_uart.o
rm -rf ./device/system_MK64F12.d ./device/system_MK64F12.o
rm -rf ./component/uart/fsl_adapter_uart.d ./component/uart/fsl_adapter_uart.o
rm -rf ./component/serial_manager/fsl_component_serial_manager.d ./component/serial_manager/fsl_component_serial_manager.o ./component/serial_manager/fsl_component_serial_port_uart.d ./component/serial_manager/fsl_component_serial_port_uart.o
rm -rf ./component/lists/fsl_component_generic_list.d ./component/lists/fsl_component_generic_list.o
rm -rf ./board/board.d ./board/board.o ./board/clock_config.d ./board/clock_config.o ./board/fsl_phy.d ./board/fsl_phy.o ./board/peripherals.d ./board/peripherals.o ./board/pin_mux.d ./board/pin_mux.o
rm -rf tcpip.axf
 
12:44:39 **** Build of configuration Debug for project tasks ****
make -r -j12 all 
Building file: ../utilities/fsl_debug_console.c
Building file: ../utilities/fsl_str.c
Invoking: MCU C Compiler
Invoking: MCU C Compiler
Building file: ../startup/startup_mk64f12.cpp
arm-none-eabi-gcc -D__NEWLIB__ -DCPU_MK64FN1M0VLL12 -DCPU_MK64FN1M0VLL12_cm4 -DSDK_OS_BAREMETAL -DSERIAL_PORT_TYPE_UART=1 -DSDK_DEBUGCONSOLE=1 -DSDK_OS_FREE_RTOS -D__MCUXPRESSO -D__USE_CMSIS -DDEBUG -I"/home/fei/min0150/Projects/VSB/OSY/osy-workspace.rtos/tasks/board" -I"/home/fei/min0150/Projects/VSB/OSY/osy-workspace.rtos/tasks/source" -I"/home/fei/min0150/Projects/VSB/OSY/osy-workspace.rtos/tasks/freertos/freertos_kernel/include" -I"/home/fei/min0150/Projects/VSB/OSY/osy-workspace.rtos/tasks/freertos/freertos_kernel/portable/GCC/ARM_CM4F" -I"/home/fei/min0150/Projects/VSB/OSY/osy-workspace.rtos/tasks/drivers" -I"/home/fei/min0150/Projects/VSB/OSY/osy-workspace.rtos/tasks/device" -I"/home/fei/min0150/Projects/VSB/OSY/osy-workspace.rtos/tasks/CMSIS" -I"/home/fei/min0150/Projects/VSB/OSY/osy-workspace.rtos/tasks/utilities" -I"/home/fei/min0150/Projects/VSB/OSY/osy-workspace.rtos/tasks/component/serial_manager" -I"/home/fei/min0150/Projects/VSB/OSY/osy-workspace.rtos/tasks/component/uart" -I"/home/fei/min0150/Projects/VSB/OSY/osy-workspace.rtos/tasks/component/lists" -O0 -fno-common -g3 -gdwarf-4 -Wall -c -ffunction-sections -fdata-sections -ffreestanding -fno-builtin -fmerge-constants -fmacro-prefix-map="../utilities/"= -mcpu=cortex-m4 -mfpu=fpv4-sp-d16 -mfloat-abi=hard -mthumb -D__NEWLIB__ -fstack-usage -specs=nano.specs -MMD -MP -MF"utilities/fsl_debug_console.d" -MT"utilities/fsl_debug_console.o" -MT"utilities/fsl_debug_console.d" -o "utilities/fsl_debug_console.o" "../utilities/fsl_debug_console.c"
arm-none-eabi-gcc -D__NEWLIB__ -DCPU_MK64FN1M0VLL12 -DCPU_MK64FN1M0VLL12_cm4 -DSDK_OS_BAREMETAL -DSERIAL_PORT_TYPE_UART=1 -DSDK_DEBUGCONSOLE=1 -DSDK_OS_FREE_RTOS -D__MCUXPRESSO -D__USE_CMSIS -DDEBUG -I"/home/fei/min0150/Projects/VSB/OSY/osy-workspace.rtos/tasks/board" -I"/home/fei/min0150/Projects/VSB/OSY/osy-workspace.rtos/tasks/source" -I"/home/fei/min0150/Projects/VSB/OSY/osy-workspace.rtos/tasks/freertos/freertos_kernel/include" -I"/home/fei/min0150/Projects/VSB/OSY/osy-workspace.rtos/tasks/freertos/freertos_kernel/portable/GCC/ARM_CM4F" -I"/home/fei/min0150/Projects/VSB/OSY/osy-workspace.rtos/tasks/drivers" -I"/home/fei/min0150/Projects/VSB/OSY/osy-workspace.rtos/tasks/device" -I"/home/fei/min0150/Projects/VSB/OSY/osy-workspace.rtos/tasks/CMSIS" -I"/home/fei/min0150/Projects/VSB/OSY/osy-workspace.rtos/tasks/utilities" -I"/home/fei/min0150/Projects/VSB/OSY/osy-workspace.rtos/tasks/component/serial_manager" -I"/home/fei/min0150/Projects/VSB/OSY/osy-workspace.rtos/tasks/component/uart" -I"/home/fei/min0150/Projects/VSB/OSY/osy-workspace.rtos/tasks/component/lists" -O0 -fno-common -g3 -gdwarf-4 -Wall -c -ffunction-sections -fdata-sections -ffreestanding -fno-builtin -fmerge-constants -fmacro-prefix-map="../utilities/"= -mcpu=cortex-m4 -mfpu=fpv4-sp-d16 -mfloat-abi=hard -mthumb -D__NEWLIB__ -fstack-usage -specs=nano.specs -MMD -MP -MF"utilities/fsl_str.d" -MT"utilities/fsl_str.o" -MT"utilities/fsl_str.d" -o "utilities/fsl_str.o" "../utilities/fsl_str.c"
Invoking: MCU C++ Compiler
Building file: ../source/main-tasks.cpp
arm-none-eabi-c++ -DCPU_MK64FN1M0VLL12 -DCPU_MK64FN1M0VLL12_cm4 -DSDK_OS_BAREMETAL -DSERIAL_PORT_TYPE_UART=1 -DSDK_DEBUGCONSOLE=1 -DSDK_OS_FREE_RTOS -D__MCUXPRESSO -D__USE_CMSIS -DDEBUG -D__NEWLIB__ -I"/home/fei/min0150/Projects/VSB/OSY/osy-workspace.rtos/tasks/board" -I"/home/fei/min0150/Projects/VSB/OSY/osy-workspace.rtos/tasks/source" -I"/home/fei/min0150/Projects/VSB/OSY/osy-workspace.rtos/tasks/freertos/freertos_kernel/include" -I"/home/fei/min0150/Projects/VSB/OSY/osy-workspace.rtos/tasks/freertos/freertos_kernel/portable/GCC/ARM_CM4F" -I"/home/fei/min0150/Projects/VSB/OSY/osy-workspace.rtos/tasks/drivers" -I"/home/fei/min0150/Projects/VSB/OSY/osy-workspace.rtos/tasks/device" -I"/home/fei/min0150/Projects/VSB/OSY/osy-workspace.rtos/tasks/CMSIS" -I"/home/fei/min0150/Projects/VSB/OSY/osy-workspace.rtos/tasks/utilities" -I"/home/fei/min0150/Projects/VSB/OSY/osy-workspace.rtos/tasks/component/serial_manager" -I"/home/fei/min0150/Projects/VSB/OSY/osy-workspace.rtos/tasks/component/uart" -I"/home/fei/min0150/Projects/VSB/OSY/osy-workspace.rtos/tasks/component/lists" -O0 -fno-common -g3 -gdwarf-4 -Wall -c -ffunction-sections -fdata-sections -ffreestanding -fno-builtin -fno-rtti -fno-exceptions -fmerge-constants -fmacro-prefix-map="../startup/"= -mcpu=cortex-m4 -mfpu=fpv4-sp-d16 -mfloat-abi=hard -mthumb -D__NEWLIB__ -fstack-usage -specs=nano.specs -MMD -MP -MF"startup/startup_mk64f12.d" -MT"startup/startup_mk64f12.o" -MT"startup/startup_mk64f12.d" -o "startup/startup_mk64f12.o" "../startup/startup_mk64f12.cpp"
Invoking: MCU C++ Compiler
Building file: ../source/semihost_hardfault.c
arm-none-eabi-c++ -DCPU_MK64FN1M0VLL12 -DCPU_MK64FN1M0VLL12_cm4 -DSDK_OS_BAREMETAL -DSERIAL_PORT_TYPE_UART=1 -DSDK_DEBUGCONSOLE=1 -DSDK_OS_FREE_RTOS -D__MCUXPRESSO -D__USE_CMSIS -DDEBUG -D__NEWLIB__ -I"/home/fei/min0150/Projects/VSB/OSY/osy-workspace.rtos/tasks/board" -I"/home/fei/min0150/Projects/VSB/OSY/osy-workspace.rtos/tasks/source" -I"/home/fei/min0150/Projects/VSB/OSY/osy-workspace.rtos/tasks/freertos/freertos_kernel/include" -I"/home/fei/min0150/Projects/VSB/OSY/osy-workspace.rtos/tasks/freertos/freertos_kernel/portable/GCC/ARM_CM4F" -I"/home/fei/min0150/Projects/VSB/OSY/osy-workspace.rtos/tasks/drivers" -I"/home/fei/min0150/Projects/VSB/OSY/osy-workspace.rtos/tasks/device" -I"/home/fei/min0150/Projects/VSB/OSY/osy-workspace.rtos/tasks/CMSIS" -I"/home/fei/min0150/Projects/VSB/OSY/osy-workspace.rtos/tasks/utilities" -I"/home/fei/min0150/Projects/VSB/OSY/osy-workspace.rtos/tasks/component/serial_manager" -I"/home/fei/min0150/Projects/VSB/OSY/osy-workspace.rtos/tasks/component/uart" -I"/home/fei/min0150/Projects/VSB/OSY/osy-workspace.rtos/tasks/component/lists" -O0 -fno-common -g3 -gdwarf-4 -Wall -c -ffunction-sections -fdata-sections -ffreestanding -fno-builtin -fno-rtti -fno-exceptions -fmerge-constants -fmacro-prefix-map="../source/"= -mcpu=cortex-m4 -mfpu=fpv4-sp-d16 -mfloat-abi=hard -mthumb -D__NEWLIB__ -fstack-usage -specs=nano.specs -MMD -MP -MF"source/main-tasks.d" -MT"source/main-tasks.o" -MT"source/main-tasks.d" -o "source/main-tasks.o" "../source/main-tasks.cpp"
Invoking: MCU C Compiler
Building file: ../freertos/freertos_kernel/portable/MemMang/heap_4.c
arm-none-eabi-gcc -D__NEWLIB__ -DCPU_MK64FN1M0VLL12 -DCPU_MK64FN1M0VLL12_cm4 -DSDK_OS_BAREMETAL -DSERIAL_PORT_TYPE_UART=1 -DSDK_DEBUGCONSOLE=1 -DSDK_OS_FREE_RTOS -D__MCUXPRESSO -D__USE_CMSIS -DDEBUG -I"/home/fei/min0150/Projects/VSB/OSY/osy-workspace.rtos/tasks/board" -I"/home/fei/min0150/Projects/VSB/OSY/osy-workspace.rtos/tasks/source" -I"/home/fei/min0150/Projects/VSB/OSY/osy-workspace.rtos/tasks/freertos/freertos_kernel/include" -I"/home/fei/min0150/Projects/VSB/OSY/osy-workspace.rtos/tasks/freertos/freertos_kernel/portable/GCC/ARM_CM4F" -I"/home/fei/min0150/Projects/VSB/OSY/osy-workspace.rtos/tasks/drivers" -I"/home/fei/min0150/Projects/VSB/OSY/osy-workspace.rtos/tasks/device" -I"/home/fei/min0150/Projects/VSB/OSY/osy-workspace.rtos/tasks/CMSIS" -I"/home/fei/min0150/Projects/VSB/OSY/osy-workspace.rtos/tasks/utilities" -I"/home/fei/min0150/Projects/VSB/OSY/osy-workspace.rtos/tasks/component/serial_manager" -I"/home/fei/min0150/Projects/VSB/OSY/osy-workspace.rtos/tasks/component/uart" -I"/home/fei/min0150/Projects/VSB/OSY/osy-workspace.rtos/tasks/component/lists" -O0 -fno-common -g3 -gdwarf-4 -Wall -c -ffunction-sections -fdata-sections -ffreestanding -fno-builtin -fmerge-constants -fmacro-prefix-map="../source/"= -mcpu=cortex-m4 -mfpu=fpv4-sp-d16 -mfloat-abi=hard -mthumb -D__NEWLIB__ -fstack-usage -specs=nano.specs -MMD -MP -MF"source/semihost_hardfault.d" -MT"source/semihost_hardfault.o" -MT"source/semihost_hardfault.d" -o "source/semihost_hardfault.o" "../source/semihost_hardfault.c"
Invoking: MCU C Compiler
Building file: ../freertos/freertos_kernel/portable/GCC/ARM_CM4F/port.c
arm-none-eabi-gcc -D__NEWLIB__ -DCPU_MK64FN1M0VLL12 -DCPU_MK64FN1M0VLL12_cm4 -DSDK_OS_BAREMETAL -DSERIAL_PORT_TYPE_UART=1 -DSDK_DEBUGCONSOLE=1 -DSDK_OS_FREE_RTOS -D__MCUXPRESSO -D__USE_CMSIS -DDEBUG -I"/home/fei/min0150/Projects/VSB/OSY/osy-workspace.rtos/tasks/board" -I"/home/fei/min0150/Projects/VSB/OSY/osy-workspace.rtos/tasks/source" -I"/home/fei/min0150/Projects/VSB/OSY/osy-workspace.rtos/tasks/freertos/freertos_kernel/include" -I"/home/fei/min0150/Projects/VSB/OSY/osy-workspace.rtos/tasks/freertos/freertos_kernel/portable/GCC/ARM_CM4F" -I"/home/fei/min0150/Projects/VSB/OSY/osy-workspace.rtos/tasks/drivers" -I"/home/fei/min0150/Projects/VSB/OSY/osy-workspace.rtos/tasks/device" -I"/home/fei/min0150/Projects/VSB/OSY/osy-workspace.rtos/tasks/CMSIS" -I"/home/fei/min0150/Projects/VSB/OSY/osy-workspace.rtos/tasks/utilities" -I"/home/fei/min0150/Projects/VSB/OSY/osy-workspace.rtos/tasks/component/serial_manager" -I"/home/fei/min0150/Projects/VSB/OSY/osy-workspace.rtos/tasks/component/uart" -I"/home/fei/min0150/Projects/VSB/OSY/osy-workspace.rtos/tasks/component/lists" -O0 -fno-common -g3 -gdwarf-4 -Wall -c -ffunction-sections -fdata-sections -ffreestanding -fno-builtin -fmerge-constants -fmacro-prefix-map="../freertos/freertos_kernel/portable/MemMang/"= -mcpu=cortex-m4 -mfpu=fpv4-sp-d16 -mfloat-abi=hard -mthumb -D__NEWLIB__ -fstack-usage -specs=nano.specs -MMD -MP -MF"freertos/freertos_kernel/portable/MemMang/heap_4.d" -MT"freertos/freertos_kernel/portable/MemMang/heap_4.o" -MT"freertos/freertos_kernel/portable/MemMang/heap_4.d" -o "freertos/freertos_kernel/portable/MemMang/heap_4.o" "../freertos/freertos_kernel/portable/MemMang/heap_4.c"
Invoking: MCU C Compiler
arm-none-eabi-gcc -D__NEWLIB__ -DCPU_MK64FN1M0VLL12 -DCPU_MK64FN1M0VLL12_cm4 -DSDK_OS_BAREMETAL -DSERIAL_PORT_TYPE_UART=1 -DSDK_DEBUGCONSOLE=1 -DSDK_OS_FREE_RTOS -D__MCUXPRESSO -D__USE_CMSIS -DDEBUG -I"/home/fei/min0150/Projects/VSB/OSY/osy-workspace.rtos/tasks/board" -I"/home/fei/min0150/Projects/VSB/OSY/osy-workspace.rtos/tasks/source" -I"/home/fei/min0150/Projects/VSB/OSY/osy-workspace.rtos/tasks/freertos/freertos_kernel/include" -I"/home/fei/min0150/Projects/VSB/OSY/osy-workspace.rtos/tasks/freertos/freertos_kernel/portable/GCC/ARM_CM4F" -I"/home/fei/min0150/Projects/VSB/OSY/osy-workspace.rtos/tasks/drivers" -I"/home/fei/min0150/Projects/VSB/OSY/osy-workspace.rtos/tasks/device" -I"/home/fei/min0150/Projects/VSB/OSY/osy-workspace.rtos/tasks/CMSIS" -I"/home/fei/min0150/Projects/VSB/OSY/osy-workspace.rtos/tasks/utilities" -I"/home/fei/min0150/Projects/VSB/OSY/osy-workspace.rtos/tasks/component/serial_manager" -I"/home/fei/min0150/Projects/VSB/OSY/osy-workspace.rtos/tasks/component/uart" -I"/home/fei/min0150/Projects/VSB/OSY/osy-workspace.rtos/tasks/component/lists" -O0 -fno-common -g3 -gdwarf-4 -Wall -c -ffunction-sections -fdata-sections -ffreestanding -fno-builtin -fmerge-constants -fmacro-prefix-map="../freertos/freertos_kernel/portable/GCC/ARM_CM4F/"= -mcpu=cortex-m4 -mfpu=fpv4-sp-d16 -mfloat-abi=hard -mthumb -D__NEWLIB__ -fstack-usage -specs=nano.specs -MMD -MP -MF"freertos/freertos_kernel/portable/GCC/ARM_CM4F/port.d" -MT"freertos/freertos_kernel/portable/GCC/ARM_CM4F/port.o" -MT"freertos/freertos_kernel/portable/GCC/ARM_CM4F/port.d" -o "freertos/freertos_kernel/portable/GCC/ARM_CM4F/port.o" "../freertos/freertos_kernel/portable/GCC/ARM_CM4F/port.c"
Building file: ../freertos/freertos_kernel/croutine.c
Invoking: MCU C Compiler
Building file: ../freertos/freertos_kernel/event_groups.c
arm-none-eabi-gcc -D__NEWLIB__ -DCPU_MK64FN1M0VLL12 -DCPU_MK64FN1M0VLL12_cm4 -DSDK_OS_BAREMETAL -DSERIAL_PORT_TYPE_UART=1 -DSDK_DEBUGCONSOLE=1 -DSDK_OS_FREE_RTOS -D__MCUXPRESSO -D__USE_CMSIS -DDEBUG -I"/home/fei/min0150/Projects/VSB/OSY/osy-workspace.rtos/tasks/board" -I"/home/fei/min0150/Projects/VSB/OSY/osy-workspace.rtos/tasks/source" -I"/home/fei/min0150/Projects/VSB/OSY/osy-workspace.rtos/tasks/freertos/freertos_kernel/include" -I"/home/fei/min0150/Projects/VSB/OSY/osy-workspace.rtos/tasks/freertos/freertos_kernel/portable/GCC/ARM_CM4F" -I"/home/fei/min0150/Projects/VSB/OSY/osy-workspace.rtos/tasks/drivers" -I"/home/fei/min0150/Projects/VSB/OSY/osy-workspace.rtos/tasks/device" -I"/home/fei/min0150/Projects/VSB/OSY/osy-workspace.rtos/tasks/CMSIS" -I"/home/fei/min0150/Projects/VSB/OSY/osy-workspace.rtos/tasks/utilities" -I"/home/fei/min0150/Projects/VSB/OSY/osy-workspace.rtos/tasks/component/serial_manager" -I"/home/fei/min0150/Projects/VSB/OSY/osy-workspace.rtos/tasks/component/uart" -I"/home/fei/min0150/Projects/VSB/OSY/osy-workspace.rtos/tasks/component/lists" -O0 -fno-common -g3 -gdwarf-4 -Wall -c -ffunction-sections -fdata-sections -ffreestanding -fno-builtin -fmerge-constants -fmacro-prefix-map="../freertos/freertos_kernel/"= -mcpu=cortex-m4 -mfpu=fpv4-sp-d16 -mfloat-abi=hard -mthumb -D__NEWLIB__ -fstack-usage -specs=nano.specs -MMD -MP -MF"freertos/freertos_kernel/croutine.d" -MT"freertos/freertos_kernel/croutine.o" -MT"freertos/freertos_kernel/croutine.d" -o "freertos/freertos_kernel/croutine.o" "../freertos/freertos_kernel/croutine.c"
Invoking: MCU C Compiler
arm-none-eabi-gcc -D__NEWLIB__ -DCPU_MK64FN1M0VLL12 -DCPU_MK64FN1M0VLL12_cm4 -DSDK_OS_BAREMETAL -DSERIAL_PORT_TYPE_UART=1 -DSDK_DEBUGCONSOLE=1 -DSDK_OS_FREE_RTOS -D__MCUXPRESSO -D__USE_CMSIS -DDEBUG -I"/home/fei/min0150/Projects/VSB/OSY/osy-workspace.rtos/tasks/board" -I"/home/fei/min0150/Projects/VSB/OSY/osy-workspace.rtos/tasks/source" -I"/home/fei/min0150/Projects/VSB/OSY/osy-workspace.rtos/tasks/freertos/freertos_kernel/include" -I"/home/fei/min0150/Projects/VSB/OSY/osy-workspace.rtos/tasks/freertos/freertos_kernel/portable/GCC/ARM_CM4F" -I"/home/fei/min0150/Projects/VSB/OSY/osy-workspace.rtos/tasks/drivers" -I"/home/fei/min0150/Projects/VSB/OSY/osy-workspace.rtos/tasks/device" -I"/home/fei/min0150/Projects/VSB/OSY/osy-workspace.rtos/tasks/CMSIS" -I"/home/fei/min0150/Projects/VSB/OSY/osy-workspace.rtos/tasks/utilities" -I"/home/fei/min0150/Projects/VSB/OSY/osy-workspace.rtos/tasks/component/serial_manager" -I"/home/fei/min0150/Projects/VSB/OSY/osy-workspace.rtos/tasks/component/uart" -I"/home/fei/min0150/Projects/VSB/OSY/osy-workspace.rtos/tasks/component/lists" -O0 -fno-common -g3 -gdwarf-4 -Wall -c -ffunction-sections -fdata-sections -ffreestanding -fno-builtin -fmerge-constants -fmacro-prefix-map="../freertos/freertos_kernel/"= -mcpu=cortex-m4 -mfpu=fpv4-sp-d16 -mfloat-abi=hard -mthumb -D__NEWLIB__ -fstack-usage -specs=nano.specs -MMD -MP -MF"freertos/freertos_kernel/event_groups.d" -MT"freertos/freertos_kernel/event_groups.o" -MT"freertos/freertos_kernel/event_groups.d" -o "freertos/freertos_kernel/event_groups.o" "../freertos/freertos_kernel/event_groups.c"
Building file: ../freertos/freertos_kernel/list.c
Invoking: MCU C Compiler
arm-none-eabi-gcc -D__NEWLIB__ -DCPU_MK64FN1M0VLL12 -DCPU_MK64FN1M0VLL12_cm4 -DSDK_OS_BAREMETAL -DSERIAL_PORT_TYPE_UART=1 -DSDK_DEBUGCONSOLE=1 -DSDK_OS_FREE_RTOS -D__MCUXPRESSO -D__USE_CMSIS -DDEBUG -I"/home/fei/min0150/Projects/VSB/OSY/osy-workspace.rtos/tasks/board" -I"/home/fei/min0150/Projects/VSB/OSY/osy-workspace.rtos/tasks/source" -I"/home/fei/min0150/Projects/VSB/OSY/osy-workspace.rtos/tasks/freertos/freertos_kernel/include" -I"/home/fei/min0150/Projects/VSB/OSY/osy-workspace.rtos/tasks/freertos/freertos_kernel/portable/GCC/ARM_CM4F" -I"/home/fei/min0150/Projects/VSB/OSY/osy-workspace.rtos/tasks/drivers" -I"/home/fei/min0150/Projects/VSB/OSY/osy-workspace.rtos/tasks/device" -I"/home/fei/min0150/Projects/VSB/OSY/osy-workspace.rtos/tasks/CMSIS" -I"/home/fei/min0150/Projects/VSB/OSY/osy-workspace.rtos/tasks/utilities" -I"/home/fei/min0150/Projects/VSB/OSY/osy-workspace.rtos/tasks/component/serial_manager" -I"/home/fei/min0150/Projects/VSB/OSY/osy-workspace.rtos/tasks/component/uart" -I"/home/fei/min0150/Projects/VSB/OSY/osy-workspace.rtos/tasks/component/lists" -O0 -fno-common -g3 -gdwarf-4 -Wall -c -ffunction-sections -fdata-sections -ffreestanding -fno-builtin -fmerge-constants -fmacro-prefix-map="../freertos/freertos_kernel/"= -mcpu=cortex-m4 -mfpu=fpv4-sp-d16 -mfloat-abi=hard -mthumb -D__NEWLIB__ -fstack-usage -specs=nano.specs -MMD -MP -MF"freertos/freertos_kernel/list.d" -MT"freertos/freertos_kernel/list.o" -MT"freertos/freertos_kernel/list.d" -o "freertos/freertos_kernel/list.o" "../freertos/freertos_kernel/list.c"
Building file: ../freertos/freertos_kernel/queue.c
Invoking: MCU C Compiler
Building file: ../freertos/freertos_kernel/stream_buffer.c
arm-none-eabi-gcc -D__NEWLIB__ -DCPU_MK64FN1M0VLL12 -DCPU_MK64FN1M0VLL12_cm4 -DSDK_OS_BAREMETAL -DSERIAL_PORT_TYPE_UART=1 -DSDK_DEBUGCONSOLE=1 -DSDK_OS_FREE_RTOS -D__MCUXPRESSO -D__USE_CMSIS -DDEBUG -I"/home/fei/min0150/Projects/VSB/OSY/osy-workspace.rtos/tasks/board" -I"/home/fei/min0150/Projects/VSB/OSY/osy-workspace.rtos/tasks/source" -I"/home/fei/min0150/Projects/VSB/OSY/osy-workspace.rtos/tasks/freertos/freertos_kernel/include" -I"/home/fei/min0150/Projects/VSB/OSY/osy-workspace.rtos/tasks/freertos/freertos_kernel/portable/GCC/ARM_CM4F" -I"/home/fei/min0150/Projects/VSB/OSY/osy-workspace.rtos/tasks/drivers" -I"/home/fei/min0150/Projects/VSB/OSY/osy-workspace.rtos/tasks/device" -I"/home/fei/min0150/Projects/VSB/OSY/osy-workspace.rtos/tasks/CMSIS" -I"/home/fei/min0150/Projects/VSB/OSY/osy-workspace.rtos/tasks/utilities" -I"/home/fei/min0150/Projects/VSB/OSY/osy-workspace.rtos/tasks/component/serial_manager" -I"/home/fei/min0150/Projects/VSB/OSY/osy-workspace.rtos/tasks/component/uart" -I"/home/fei/min0150/Projects/VSB/OSY/osy-workspace.rtos/tasks/component/lists" -O0 -fno-common -g3 -gdwarf-4 -Wall -c -ffunction-sections -fdata-sections -ffreestanding -fno-builtin -fmerge-constants -fmacro-prefix-map="../freertos/freertos_kernel/"= -mcpu=cortex-m4 -mfpu=fpv4-sp-d16 -mfloat-abi=hard -mthumb -D__NEWLIB__ -fstack-usage -specs=nano.specs -MMD -MP -MF"freertos/freertos_kernel/queue.d" -MT"freertos/freertos_kernel/queue.o" -MT"freertos/freertos_kernel/queue.d" -o "freertos/freertos_kernel/queue.o" "../freertos/freertos_kernel/queue.c"
Invoking: MCU C Compiler
arm-none-eabi-gcc -D__NEWLIB__ -DCPU_MK64FN1M0VLL12 -DCPU_MK64FN1M0VLL12_cm4 -DSDK_OS_BAREMETAL -DSERIAL_PORT_TYPE_UART=1 -DSDK_DEBUGCONSOLE=1 -DSDK_OS_FREE_RTOS -D__MCUXPRESSO -D__USE_CMSIS -DDEBUG -I"/home/fei/min0150/Projects/VSB/OSY/osy-workspace.rtos/tasks/board" -I"/home/fei/min0150/Projects/VSB/OSY/osy-workspace.rtos/tasks/source" -I"/home/fei/min0150/Projects/VSB/OSY/osy-workspace.rtos/tasks/freertos/freertos_kernel/include" -I"/home/fei/min0150/Projects/VSB/OSY/osy-workspace.rtos/tasks/freertos/freertos_kernel/portable/GCC/ARM_CM4F" -I"/home/fei/min0150/Projects/VSB/OSY/osy-workspace.rtos/tasks/drivers" -I"/home/fei/min0150/Projects/VSB/OSY/osy-workspace.rtos/tasks/device" -I"/home/fei/min0150/Projects/VSB/OSY/osy-workspace.rtos/tasks/CMSIS" -I"/home/fei/min0150/Projects/VSB/OSY/osy-workspace.rtos/tasks/utilities" -I"/home/fei/min0150/Projects/VSB/OSY/osy-workspace.rtos/tasks/component/serial_manager" -I"/home/fei/min0150/Projects/VSB/OSY/osy-workspace.rtos/tasks/component/uart" -I"/home/fei/min0150/Projects/VSB/OSY/osy-workspace.rtos/tasks/component/lists" -O0 -fno-common -g3 -gdwarf-4 -Wall -c -ffunction-sections -fdata-sections -ffreestanding -fno-builtin -fmerge-constants -fmacro-prefix-map="../freertos/freertos_kernel/"= -mcpu=cortex-m4 -mfpu=fpv4-sp-d16 -mfloat-abi=hard -mthumb -D__NEWLIB__ -fstack-usage -specs=nano.specs -MMD -MP -MF"freertos/freertos_kernel/stream_buffer.d" -MT"freertos/freertos_kernel/stream_buffer.o" -MT"freertos/freertos_kernel/stream_buffer.d" -o "freertos/freertos_kernel/stream_buffer.o" "../freertos/freertos_kernel/stream_buffer.c"
Finished building: ../freertos/freertos_kernel/croutine.c
Finished building: ../source/semihost_hardfault.c
 
 
Building file: ../freertos/freertos_kernel/tasks.c
Invoking: MCU C Compiler
Finished building: ../freertos/freertos_kernel/list.c
Building file: ../freertos/freertos_kernel/timers.c
arm-none-eabi-gcc -D__NEWLIB__ -DCPU_MK64FN1M0VLL12 -DCPU_MK64FN1M0VLL12_cm4 -DSDK_OS_BAREMETAL -DSERIAL_PORT_TYPE_UART=1 -DSDK_DEBUGCONSOLE=1 -DSDK_OS_FREE_RTOS -D__MCUXPRESSO -D__USE_CMSIS -DDEBUG -I"/home/fei/min0150/Projects/VSB/OSY/osy-workspace.rtos/tasks/board" -I"/home/fei/min0150/Projects/VSB/OSY/osy-workspace.rtos/tasks/source" -I"/home/fei/min0150/Projects/VSB/OSY/osy-workspace.rtos/tasks/freertos/freertos_kernel/include" -I"/home/fei/min0150/Projects/VSB/OSY/osy-workspace.rtos/tasks/freertos/freertos_kernel/portable/GCC/ARM_CM4F" -I"/home/fei/min0150/Projects/VSB/OSY/osy-workspace.rtos/tasks/drivers" -I"/home/fei/min0150/Projects/VSB/OSY/osy-workspace.rtos/tasks/device" -I"/home/fei/min0150/Projects/VSB/OSY/osy-workspace.rtos/tasks/CMSIS" -I"/home/fei/min0150/Projects/VSB/OSY/osy-workspace.rtos/tasks/utilities" -I"/home/fei/min0150/Projects/VSB/OSY/osy-workspace.rtos/tasks/component/serial_manager" -I"/home/fei/min0150/Projects/VSB/OSY/osy-workspace.rtos/tasks/component/uart" -I"/home/fei/min0150/Projects/VSB/OSY/osy-workspace.rtos/tasks/component/lists" -O0 -fno-common -g3 -gdwarf-4 -Wall -c -ffunction-sections -fdata-sections -ffreestanding -fno-builtin -fmerge-constants -fmacro-prefix-map="../freertos/freertos_kernel/"= -mcpu=cortex-m4 -mfpu=fpv4-sp-d16 -mfloat-abi=hard -mthumb -D__NEWLIB__ -fstack-usage -specs=nano.specs -MMD -MP -MF"freertos/freertos_kernel/tasks.d" -MT"freertos/freertos_kernel/tasks.o" -MT"freertos/freertos_kernel/tasks.d" -o "freertos/freertos_kernel/tasks.o" "../freertos/freertos_kernel/tasks.c"
 
Invoking: MCU C Compiler
Finished building: ../freertos/freertos_kernel/portable/GCC/ARM_CM4F/port.c
Building file: ../drivers/fsl_adc16.c
 
arm-none-eabi-gcc -D__NEWLIB__ -DCPU_MK64FN1M0VLL12 -DCPU_MK64FN1M0VLL12_cm4 -DSDK_OS_BAREMETAL -DSERIAL_PORT_TYPE_UART=1 -DSDK_DEBUGCONSOLE=1 -DSDK_OS_FREE_RTOS -D__MCUXPRESSO -D__USE_CMSIS -DDEBUG -I"/home/fei/min0150/Projects/VSB/OSY/osy-workspace.rtos/tasks/board" -I"/home/fei/min0150/Projects/VSB/OSY/osy-workspace.rtos/tasks/source" -I"/home/fei/min0150/Projects/VSB/OSY/osy-workspace.rtos/tasks/freertos/freertos_kernel/include" -I"/home/fei/min0150/Projects/VSB/OSY/osy-workspace.rtos/tasks/freertos/freertos_kernel/portable/GCC/ARM_CM4F" -I"/home/fei/min0150/Projects/VSB/OSY/osy-workspace.rtos/tasks/drivers" -I"/home/fei/min0150/Projects/VSB/OSY/osy-workspace.rtos/tasks/device" -I"/home/fei/min0150/Projects/VSB/OSY/osy-workspace.rtos/tasks/CMSIS" -I"/home/fei/min0150/Projects/VSB/OSY/osy-workspace.rtos/tasks/utilities" -I"/home/fei/min0150/Projects/VSB/OSY/osy-workspace.rtos/tasks/component/serial_manager" -I"/home/fei/min0150/Projects/VSB/OSY/osy-workspace.rtos/tasks/component/uart" -I"/home/fei/min0150/Projects/VSB/OSY/osy-workspace.rtos/tasks/component/lists" -O0 -fno-common -g3 -gdwarf-4 -Wall -c -ffunction-sections -fdata-sections -ffreestanding -fno-builtin -fmerge-constants -fmacro-prefix-map="../freertos/freertos_kernel/"= -mcpu=cortex-m4 -mfpu=fpv4-sp-d16 -mfloat-abi=hard -mthumb -D__NEWLIB__ -fstack-usage -specs=nano.specs -MMD -MP -MF"freertos/freertos_kernel/timers.d" -MT"freertos/freertos_kernel/timers.o" -MT"freertos/freertos_kernel/timers.d" -o "freertos/freertos_kernel/timers.o" "../freertos/freertos_kernel/timers.c"
Invoking: MCU C Compiler
arm-none-eabi-gcc -D__NEWLIB__ -DCPU_MK64FN1M0VLL12 -DCPU_MK64FN1M0VLL12_cm4 -DSDK_OS_BAREMETAL -DSERIAL_PORT_TYPE_UART=1 -DSDK_DEBUGCONSOLE=1 -DSDK_OS_FREE_RTOS -D__MCUXPRESSO -D__USE_CMSIS -DDEBUG -I"/home/fei/min0150/Projects/VSB/OSY/osy-workspace.rtos/tasks/board" -I"/home/fei/min0150/Projects/VSB/OSY/osy-workspace.rtos/tasks/source" -I"/home/fei/min0150/Projects/VSB/OSY/osy-workspace.rtos/tasks/freertos/freertos_kernel/include" -I"/home/fei/min0150/Projects/VSB/OSY/osy-workspace.rtos/tasks/freertos/freertos_kernel/portable/GCC/ARM_CM4F" -I"/home/fei/min0150/Projects/VSB/OSY/osy-workspace.rtos/tasks/drivers" -I"/home/fei/min0150/Projects/VSB/OSY/osy-workspace.rtos/tasks/device" -I"/home/fei/min0150/Projects/VSB/OSY/osy-workspace.rtos/tasks/CMSIS" -I"/home/fei/min0150/Projects/VSB/OSY/osy-workspace.rtos/tasks/utilities" -I"/home/fei/min0150/Projects/VSB/OSY/osy-workspace.rtos/tasks/component/serial_manager" -I"/home/fei/min0150/Projects/VSB/OSY/osy-workspace.rtos/tasks/component/uart" -I"/home/fei/min0150/Projects/VSB/OSY/osy-workspace.rtos/tasks/component/lists" -O0 -fno-common -g3 -gdwarf-4 -Wall -c -ffunction-sections -fdata-sections -ffreestanding -fno-builtin -fmerge-constants -fmacro-prefix-map="../drivers/"= -mcpu=cortex-m4 -mfpu=fpv4-sp-d16 -mfloat-abi=hard -mthumb -D__NEWLIB__ -fstack-usage -specs=nano.specs -MMD -MP -MF"drivers/fsl_adc16.d" -MT"drivers/fsl_adc16.o" -MT"drivers/fsl_adc16.d" -o "drivers/fsl_adc16.o" "../drivers/fsl_adc16.c"
Finished building: ../freertos/freertos_kernel/portable/MemMang/heap_4.c
Finished building: ../freertos/freertos_kernel/event_groups.c
 
 
Building file: ../drivers/fsl_clock.c
Invoking: MCU C Compiler
arm-none-eabi-gcc -D__NEWLIB__ -DCPU_MK64FN1M0VLL12 -DCPU_MK64FN1M0VLL12_cm4 -DSDK_OS_BAREMETAL -DSERIAL_PORT_TYPE_UART=1 -DSDK_DEBUGCONSOLE=1 -DSDK_OS_FREE_RTOS -D__MCUXPRESSO -D__USE_CMSIS -DDEBUG -I"/home/fei/min0150/Projects/VSB/OSY/osy-workspace.rtos/tasks/board" -I"/home/fei/min0150/Projects/VSB/OSY/osy-workspace.rtos/tasks/source" -I"/home/fei/min0150/Projects/VSB/OSY/osy-workspace.rtos/tasks/freertos/freertos_kernel/include" -I"/home/fei/min0150/Projects/VSB/OSY/osy-workspace.rtos/tasks/freertos/freertos_kernel/portable/GCC/ARM_CM4F" -I"/home/fei/min0150/Projects/VSB/OSY/osy-workspace.rtos/tasks/drivers" -I"/home/fei/min0150/Projects/VSB/OSY/osy-workspace.rtos/tasks/device" -I"/home/fei/min0150/Projects/VSB/OSY/osy-workspace.rtos/tasks/CMSIS" -I"/home/fei/min0150/Projects/VSB/OSY/osy-workspace.rtos/tasks/utilities" -I"/home/fei/min0150/Projects/VSB/OSY/osy-workspace.rtos/tasks/component/serial_manager" -I"/home/fei/min0150/Projects/VSB/OSY/osy-workspace.rtos/tasks/component/uart" -I"/home/fei/min0150/Projects/VSB/OSY/osy-workspace.rtos/tasks/component/lists" -O0 -fno-common -g3 -gdwarf-4 -Wall -c -ffunction-sections -fdata-sections -ffreestanding -fno-builtin -fmerge-constants -fmacro-prefix-map="../drivers/"= -mcpu=cortex-m4 -mfpu=fpv4-sp-d16 -mfloat-abi=hard -mthumb -D__NEWLIB__ -fstack-usage -specs=nano.specs -MMD -MP -MF"drivers/fsl_clock.d" -MT"drivers/fsl_clock.o" -MT"drivers/fsl_clock.d" -o "drivers/fsl_clock.o" "../drivers/fsl_clock.c"
Building file: ../drivers/fsl_common.c
Invoking: MCU C Compiler
arm-none-eabi-gcc -D__NEWLIB__ -DCPU_MK64FN1M0VLL12 -DCPU_MK64FN1M0VLL12_cm4 -DSDK_OS_BAREMETAL -DSERIAL_PORT_TYPE_UART=1 -DSDK_DEBUGCONSOLE=1 -DSDK_OS_FREE_RTOS -D__MCUXPRESSO -D__USE_CMSIS -DDEBUG -I"/home/fei/min0150/Projects/VSB/OSY/osy-workspace.rtos/tasks/board" -I"/home/fei/min0150/Projects/VSB/OSY/osy-workspace.rtos/tasks/source" -I"/home/fei/min0150/Projects/VSB/OSY/osy-workspace.rtos/tasks/freertos/freertos_kernel/include" -I"/home/fei/min0150/Projects/VSB/OSY/osy-workspace.rtos/tasks/freertos/freertos_kernel/portable/GCC/ARM_CM4F" -I"/home/fei/min0150/Projects/VSB/OSY/osy-workspace.rtos/tasks/drivers" -I"/home/fei/min0150/Projects/VSB/OSY/osy-workspace.rtos/tasks/device" -I"/home/fei/min0150/Projects/VSB/OSY/osy-workspace.rtos/tasks/CMSIS" -I"/home/fei/min0150/Projects/VSB/OSY/osy-workspace.rtos/tasks/utilities" -I"/home/fei/min0150/Projects/VSB/OSY/osy-workspace.rtos/tasks/component/serial_manager" -I"/home/fei/min0150/Projects/VSB/OSY/osy-workspace.rtos/tasks/component/uart" -I"/home/fei/min0150/Projects/VSB/OSY/osy-workspace.rtos/tasks/component/lists" -O0 -fno-common -g3 -gdwarf-4 -Wall -c -ffunction-sections -fdata-sections -ffreestanding -fno-builtin -fmerge-constants -fmacro-prefix-map="../drivers/"= -mcpu=cortex-m4 -mfpu=fpv4-sp-d16 -mfloat-abi=hard -mthumb -D__NEWLIB__ -fstack-usage -specs=nano.specs -MMD -MP -MF"drivers/fsl_common.d" -MT"drivers/fsl_common.o" -MT"drivers/fsl_common.d" -o "drivers/fsl_common.o" "../drivers/fsl_common.c"
Building file: ../drivers/fsl_common_arm.c
Finished building: ../freertos/freertos_kernel/stream_buffer.c
Invoking: MCU C Compiler
arm-none-eabi-gcc -D__NEWLIB__ -DCPU_MK64FN1M0VLL12 -DCPU_MK64FN1M0VLL12_cm4 -DSDK_OS_BAREMETAL -DSERIAL_PORT_TYPE_UART=1 -DSDK_DEBUGCONSOLE=1 -DSDK_OS_FREE_RTOS -D__MCUXPRESSO -D__USE_CMSIS -DDEBUG -I"/home/fei/min0150/Projects/VSB/OSY/osy-workspace.rtos/tasks/board" -I"/home/fei/min0150/Projects/VSB/OSY/osy-workspace.rtos/tasks/source" -I"/home/fei/min0150/Projects/VSB/OSY/osy-workspace.rtos/tasks/freertos/freertos_kernel/include" -I"/home/fei/min0150/Projects/VSB/OSY/osy-workspace.rtos/tasks/freertos/freertos_kernel/portable/GCC/ARM_CM4F" -I"/home/fei/min0150/Projects/VSB/OSY/osy-workspace.rtos/tasks/drivers" -I"/home/fei/min0150/Projects/VSB/OSY/osy-workspace.rtos/tasks/device" -I"/home/fei/min0150/Projects/VSB/OSY/osy-workspace.rtos/tasks/CMSIS" -I"/home/fei/min0150/Projects/VSB/OSY/osy-workspace.rtos/tasks/utilities" -I"/home/fei/min0150/Projects/VSB/OSY/osy-workspace.rtos/tasks/component/serial_manager" -I"/home/fei/min0150/Projects/VSB/OSY/osy-workspace.rtos/tasks/component/uart" -I"/home/fei/min0150/Projects/VSB/OSY/osy-workspace.rtos/tasks/component/lists" -O0 -fno-common -g3 -gdwarf-4 -Wall -c -ffunction-sections -fdata-sections -ffreestanding -fno-builtin -fmerge-constants -fmacro-prefix-map="../drivers/"= -mcpu=cortex-m4 -mfpu=fpv4-sp-d16 -mfloat-abi=hard -mthumb -D__NEWLIB__ -fstack-usage -specs=nano.specs -MMD -MP -MF"drivers/fsl_common_arm.d" -MT"drivers/fsl_common_arm.o" -MT"drivers/fsl_common_arm.d" -o "drivers/fsl_common_arm.o" "../drivers/fsl_common_arm.c"
 
Building file: ../drivers/fsl_ftm.c
Invoking: MCU C Compiler
arm-none-eabi-gcc -D__NEWLIB__ -DCPU_MK64FN1M0VLL12 -DCPU_MK64FN1M0VLL12_cm4 -DSDK_OS_BAREMETAL -DSERIAL_PORT_TYPE_UART=1 -DSDK_DEBUGCONSOLE=1 -DSDK_OS_FREE_RTOS -D__MCUXPRESSO -D__USE_CMSIS -DDEBUG -I"/home/fei/min0150/Projects/VSB/OSY/osy-workspace.rtos/tasks/board" -I"/home/fei/min0150/Projects/VSB/OSY/osy-workspace.rtos/tasks/source" -I"/home/fei/min0150/Projects/VSB/OSY/osy-workspace.rtos/tasks/freertos/freertos_kernel/include" -I"/home/fei/min0150/Projects/VSB/OSY/osy-workspace.rtos/tasks/freertos/freertos_kernel/portable/GCC/ARM_CM4F" -I"/home/fei/min0150/Projects/VSB/OSY/osy-workspace.rtos/tasks/drivers" -I"/home/fei/min0150/Projects/VSB/OSY/osy-workspace.rtos/tasks/device" -I"/home/fei/min0150/Projects/VSB/OSY/osy-workspace.rtos/tasks/CMSIS" -I"/home/fei/min0150/Projects/VSB/OSY/osy-workspace.rtos/tasks/utilities" -I"/home/fei/min0150/Projects/VSB/OSY/osy-workspace.rtos/tasks/component/serial_manager" -I"/home/fei/min0150/Projects/VSB/OSY/osy-workspace.rtos/tasks/component/uart" -I"/home/fei/min0150/Projects/VSB/OSY/osy-workspace.rtos/tasks/component/lists" -O0 -fno-common -g3 -gdwarf-4 -Wall -c -ffunction-sections -fdata-sections -ffreestanding -fno-builtin -fmerge-constants -fmacro-prefix-map="../drivers/"= -mcpu=cortex-m4 -mfpu=fpv4-sp-d16 -mfloat-abi=hard -mthumb -D__NEWLIB__ -fstack-usage -specs=nano.specs -MMD -MP -MF"drivers/fsl_ftm.d" -MT"drivers/fsl_ftm.o" -MT"drivers/fsl_ftm.d" -o "drivers/fsl_ftm.o" "../drivers/fsl_ftm.c"
Finished building: ../freertos/freertos_kernel/queue.c
 
Building file: ../drivers/fsl_gpio.c
Invoking: MCU C Compiler
arm-none-eabi-gcc -D__NEWLIB__ -DCPU_MK64FN1M0VLL12 -DCPU_MK64FN1M0VLL12_cm4 -DSDK_OS_BAREMETAL -DSERIAL_PORT_TYPE_UART=1 -DSDK_DEBUGCONSOLE=1 -DSDK_OS_FREE_RTOS -D__MCUXPRESSO -D__USE_CMSIS -DDEBUG -I"/home/fei/min0150/Projects/VSB/OSY/osy-workspace.rtos/tasks/board" -I"/home/fei/min0150/Projects/VSB/OSY/osy-workspace.rtos/tasks/source" -I"/home/fei/min0150/Projects/VSB/OSY/osy-workspace.rtos/tasks/freertos/freertos_kernel/include" -I"/home/fei/min0150/Projects/VSB/OSY/osy-workspace.rtos/tasks/freertos/freertos_kernel/portable/GCC/ARM_CM4F" -I"/home/fei/min0150/Projects/VSB/OSY/osy-workspace.rtos/tasks/drivers" -I"/home/fei/min0150/Projects/VSB/OSY/osy-workspace.rtos/tasks/device" -I"/home/fei/min0150/Projects/VSB/OSY/osy-workspace.rtos/tasks/CMSIS" -I"/home/fei/min0150/Projects/VSB/OSY/osy-workspace.rtos/tasks/utilities" -I"/home/fei/min0150/Projects/VSB/OSY/osy-workspace.rtos/tasks/component/serial_manager" -I"/home/fei/min0150/Projects/VSB/OSY/osy-workspace.rtos/tasks/component/uart" -I"/home/fei/min0150/Projects/VSB/OSY/osy-workspace.rtos/tasks/component/lists" -O0 -fno-common -g3 -gdwarf-4 -Wall -c -ffunction-sections -fdata-sections -ffreestanding -fno-builtin -fmerge-constants -fmacro-prefix-map="../drivers/"= -mcpu=cortex-m4 -mfpu=fpv4-sp-d16 -mfloat-abi=hard -mthumb -D__NEWLIB__ -fstack-usage -specs=nano.specs -MMD -MP -MF"drivers/fsl_gpio.d" -MT"drivers/fsl_gpio.o" -MT"drivers/fsl_gpio.d" -o "drivers/fsl_gpio.o" "../drivers/fsl_gpio.c"
Finished building: ../freertos/freertos_kernel/timers.c
 
Building file: ../drivers/fsl_i2c.c
Invoking: MCU C Compiler
arm-none-eabi-gcc -D__NEWLIB__ -DCPU_MK64FN1M0VLL12 -DCPU_MK64FN1M0VLL12_cm4 -DSDK_OS_BAREMETAL -DSERIAL_PORT_TYPE_UART=1 -DSDK_DEBUGCONSOLE=1 -DSDK_OS_FREE_RTOS -D__MCUXPRESSO -D__USE_CMSIS -DDEBUG -I"/home/fei/min0150/Projects/VSB/OSY/osy-workspace.rtos/tasks/board" -I"/home/fei/min0150/Projects/VSB/OSY/osy-workspace.rtos/tasks/source" -I"/home/fei/min0150/Projects/VSB/OSY/osy-workspace.rtos/tasks/freertos/freertos_kernel/include" -I"/home/fei/min0150/Projects/VSB/OSY/osy-workspace.rtos/tasks/freertos/freertos_kernel/portable/GCC/ARM_CM4F" -I"/home/fei/min0150/Projects/VSB/OSY/osy-workspace.rtos/tasks/drivers" -I"/home/fei/min0150/Projects/VSB/OSY/osy-workspace.rtos/tasks/device" -I"/home/fei/min0150/Projects/VSB/OSY/osy-workspace.rtos/tasks/CMSIS" -I"/home/fei/min0150/Projects/VSB/OSY/osy-workspace.rtos/tasks/utilities" -I"/home/fei/min0150/Projects/VSB/OSY/osy-workspace.rtos/tasks/component/serial_manager" -I"/home/fei/min0150/Projects/VSB/OSY/osy-workspace.rtos/tasks/component/uart" -I"/home/fei/min0150/Projects/VSB/OSY/osy-workspace.rtos/tasks/component/lists" -O0 -fno-common -g3 -gdwarf-4 -Wall -c -ffunction-sections -fdata-sections -ffreestanding -fno-builtin -fmerge-constants -fmacro-prefix-map="../drivers/"= -mcpu=cortex-m4 -mfpu=fpv4-sp-d16 -mfloat-abi=hard -mthumb -D__NEWLIB__ -fstack-usage -specs=nano.specs -MMD -MP -MF"drivers/fsl_i2c.d" -MT"drivers/fsl_i2c.o" -MT"drivers/fsl_i2c.d" -o "drivers/fsl_i2c.o" "../drivers/fsl_i2c.c"
Finished building: ../utilities/fsl_str.c
 
Building file: ../drivers/fsl_pit.c
Invoking: MCU C Compiler
arm-none-eabi-gcc -D__NEWLIB__ -DCPU_MK64FN1M0VLL12 -DCPU_MK64FN1M0VLL12_cm4 -DSDK_OS_BAREMETAL -DSERIAL_PORT_TYPE_UART=1 -DSDK_DEBUGCONSOLE=1 -DSDK_OS_FREE_RTOS -D__MCUXPRESSO -D__USE_CMSIS -DDEBUG -I"/home/fei/min0150/Projects/VSB/OSY/osy-workspace.rtos/tasks/board" -I"/home/fei/min0150/Projects/VSB/OSY/osy-workspace.rtos/tasks/source" -I"/home/fei/min0150/Projects/VSB/OSY/osy-workspace.rtos/tasks/freertos/freertos_kernel/include" -I"/home/fei/min0150/Projects/VSB/OSY/osy-workspace.rtos/tasks/freertos/freertos_kernel/portable/GCC/ARM_CM4F" -I"/home/fei/min0150/Projects/VSB/OSY/osy-workspace.rtos/tasks/drivers" -I"/home/fei/min0150/Projects/VSB/OSY/osy-workspace.rtos/tasks/device" -I"/home/fei/min0150/Projects/VSB/OSY/osy-workspace.rtos/tasks/CMSIS" -I"/home/fei/min0150/Projects/VSB/OSY/osy-workspace.rtos/tasks/utilities" -I"/home/fei/min0150/Projects/VSB/OSY/osy-workspace.rtos/tasks/component/serial_manager" -I"/home/fei/min0150/Projects/VSB/OSY/osy-workspace.rtos/tasks/component/uart" -I"/home/fei/min0150/Projects/VSB/OSY/osy-workspace.rtos/tasks/component/lists" -O0 -fno-common -g3 -gdwarf-4 -Wall -c -ffunction-sections -fdata-sections -ffreestanding -fno-builtin -fmerge-constants -fmacro-prefix-map="../drivers/"= -mcpu=cortex-m4 -mfpu=fpv4-sp-d16 -mfloat-abi=hard -mthumb -D__NEWLIB__ -fstack-usage -specs=nano.specs -MMD -MP -MF"drivers/fsl_pit.d" -MT"drivers/fsl_pit.o" -MT"drivers/fsl_pit.d" -o "drivers/fsl_pit.o" "../drivers/fsl_pit.c"
Finished building: ../utilities/fsl_debug_console.c
Finished building: ../startup/startup_mk64f12.cpp
 
 
Building file: ../drivers/fsl_smc.c
Invoking: MCU C Compiler
Building file: ../drivers/fsl_uart.c
arm-none-eabi-gcc -D__NEWLIB__ -DCPU_MK64FN1M0VLL12 -DCPU_MK64FN1M0VLL12_cm4 -DSDK_OS_BAREMETAL -DSERIAL_PORT_TYPE_UART=1 -DSDK_DEBUGCONSOLE=1 -DSDK_OS_FREE_RTOS -D__MCUXPRESSO -D__USE_CMSIS -DDEBUG -I"/home/fei/min0150/Projects/VSB/OSY/osy-workspace.rtos/tasks/board" -I"/home/fei/min0150/Projects/VSB/OSY/osy-workspace.rtos/tasks/source" -I"/home/fei/min0150/Projects/VSB/OSY/osy-workspace.rtos/tasks/freertos/freertos_kernel/include" -I"/home/fei/min0150/Projects/VSB/OSY/osy-workspace.rtos/tasks/freertos/freertos_kernel/portable/GCC/ARM_CM4F" -I"/home/fei/min0150/Projects/VSB/OSY/osy-workspace.rtos/tasks/drivers" -I"/home/fei/min0150/Projects/VSB/OSY/osy-workspace.rtos/tasks/device" -I"/home/fei/min0150/Projects/VSB/OSY/osy-workspace.rtos/tasks/CMSIS" -I"/home/fei/min0150/Projects/VSB/OSY/osy-workspace.rtos/tasks/utilities" -I"/home/fei/min0150/Projects/VSB/OSY/osy-workspace.rtos/tasks/component/serial_manager" -I"/home/fei/min0150/Projects/VSB/OSY/osy-workspace.rtos/tasks/component/uart" -I"/home/fei/min0150/Projects/VSB/OSY/osy-workspace.rtos/tasks/component/lists" -O0 -fno-common -g3 -gdwarf-4 -Wall -c -ffunction-sections -fdata-sections -ffreestanding -fno-builtin -fmerge-constants -fmacro-prefix-map="../drivers/"= -mcpu=cortex-m4 -mfpu=fpv4-sp-d16 -mfloat-abi=hard -mthumb -D__NEWLIB__ -fstack-usage -specs=nano.specs -MMD -MP -MF"drivers/fsl_smc.d" -MT"drivers/fsl_smc.o" -MT"drivers/fsl_smc.d" -o "drivers/fsl_smc.o" "../drivers/fsl_smc.c"
Invoking: MCU C Compiler
arm-none-eabi-gcc -D__NEWLIB__ -DCPU_MK64FN1M0VLL12 -DCPU_MK64FN1M0VLL12_cm4 -DSDK_OS_BAREMETAL -DSERIAL_PORT_TYPE_UART=1 -DSDK_DEBUGCONSOLE=1 -DSDK_OS_FREE_RTOS -D__MCUXPRESSO -D__USE_CMSIS -DDEBUG -I"/home/fei/min0150/Projects/VSB/OSY/osy-workspace.rtos/tasks/board" -I"/home/fei/min0150/Projects/VSB/OSY/osy-workspace.rtos/tasks/source" -I"/home/fei/min0150/Projects/VSB/OSY/osy-workspace.rtos/tasks/freertos/freertos_kernel/include" -I"/home/fei/min0150/Projects/VSB/OSY/osy-workspace.rtos/tasks/freertos/freertos_kernel/portable/GCC/ARM_CM4F" -I"/home/fei/min0150/Projects/VSB/OSY/osy-workspace.rtos/tasks/drivers" -I"/home/fei/min0150/Projects/VSB/OSY/osy-workspace.rtos/tasks/device" -I"/home/fei/min0150/Projects/VSB/OSY/osy-workspace.rtos/tasks/CMSIS" -I"/home/fei/min0150/Projects/VSB/OSY/osy-workspace.rtos/tasks/utilities" -I"/home/fei/min0150/Projects/VSB/OSY/osy-workspace.rtos/tasks/component/serial_manager" -I"/home/fei/min0150/Projects/VSB/OSY/osy-workspace.rtos/tasks/component/uart" -I"/home/fei/min0150/Projects/VSB/OSY/osy-workspace.rtos/tasks/component/lists" -O0 -fno-common -g3 -gdwarf-4 -Wall -c -ffunction-sections -fdata-sections -ffreestanding -fno-builtin -fmerge-constants -fmacro-prefix-map="../drivers/"= -mcpu=cortex-m4 -mfpu=fpv4-sp-d16 -mfloat-abi=hard -mthumb -D__NEWLIB__ -fstack-usage -specs=nano.specs -MMD -MP -MF"drivers/fsl_uart.d" -MT"drivers/fsl_uart.o" -MT"drivers/fsl_uart.d" -o "drivers/fsl_uart.o" "../drivers/fsl_uart.c"
Finished building: ../source/main-tasks.cpp
 
Finished building: ../freertos/freertos_kernel/tasks.c
Building file: ../device/system_MK64F12.c
 
Invoking: MCU C Compiler
arm-none-eabi-gcc -D__NEWLIB__ -DCPU_MK64FN1M0VLL12 -DCPU_MK64FN1M0VLL12_cm4 -DSDK_OS_BAREMETAL -DSERIAL_PORT_TYPE_UART=1 -DSDK_DEBUGCONSOLE=1 -DSDK_OS_FREE_RTOS -D__MCUXPRESSO -D__USE_CMSIS -DDEBUG -I"/home/fei/min0150/Projects/VSB/OSY/osy-workspace.rtos/tasks/board" -I"/home/fei/min0150/Projects/VSB/OSY/osy-workspace.rtos/tasks/source" -I"/home/fei/min0150/Projects/VSB/OSY/osy-workspace.rtos/tasks/freertos/freertos_kernel/include" -I"/home/fei/min0150/Projects/VSB/OSY/osy-workspace.rtos/tasks/freertos/freertos_kernel/portable/GCC/ARM_CM4F" -I"/home/fei/min0150/Projects/VSB/OSY/osy-workspace.rtos/tasks/drivers" -I"/home/fei/min0150/Projects/VSB/OSY/osy-workspace.rtos/tasks/device" -I"/home/fei/min0150/Projects/VSB/OSY/osy-workspace.rtos/tasks/CMSIS" -I"/home/fei/min0150/Projects/VSB/OSY/osy-workspace.rtos/tasks/utilities" -I"/home/fei/min0150/Projects/VSB/OSY/osy-workspace.rtos/tasks/component/serial_manager" -I"/home/fei/min0150/Projects/VSB/OSY/osy-workspace.rtos/tasks/component/uart" -I"/home/fei/min0150/Projects/VSB/OSY/osy-workspace.rtos/tasks/component/lists" -O0 -fno-common -g3 -gdwarf-4 -Wall -c -ffunction-sections -fdata-sections -ffreestanding -fno-builtin -fmerge-constants -fmacro-prefix-map="../device/"= -mcpu=cortex-m4 -mfpu=fpv4-sp-d16 -mfloat-abi=hard -mthumb -D__NEWLIB__ -fstack-usage -specs=nano.specs -MMD -MP -MF"device/system_MK64F12.d" -MT"device/system_MK64F12.o" -MT"device/system_MK64F12.d" -o "device/system_MK64F12.o" "../device/system_MK64F12.c"
Building file: ../component/uart/fsl_adapter_uart.c
Finished building: ../drivers/fsl_adc16.c
Invoking: MCU C Compiler
arm-none-eabi-gcc -D__NEWLIB__ -DCPU_MK64FN1M0VLL12 -DCPU_MK64FN1M0VLL12_cm4 -DSDK_OS_BAREMETAL -DSERIAL_PORT_TYPE_UART=1 -DSDK_DEBUGCONSOLE=1 -DSDK_OS_FREE_RTOS -D__MCUXPRESSO -D__USE_CMSIS -DDEBUG -I"/home/fei/min0150/Projects/VSB/OSY/osy-workspace.rtos/tasks/board" -I"/home/fei/min0150/Projects/VSB/OSY/osy-workspace.rtos/tasks/source" -I"/home/fei/min0150/Projects/VSB/OSY/osy-workspace.rtos/tasks/freertos/freertos_kernel/include" -I"/home/fei/min0150/Projects/VSB/OSY/osy-workspace.rtos/tasks/freertos/freertos_kernel/portable/GCC/ARM_CM4F" -I"/home/fei/min0150/Projects/VSB/OSY/osy-workspace.rtos/tasks/drivers" -I"/home/fei/min0150/Projects/VSB/OSY/osy-workspace.rtos/tasks/device" -I"/home/fei/min0150/Projects/VSB/OSY/osy-workspace.rtos/tasks/CMSIS" -I"/home/fei/min0150/Projects/VSB/OSY/osy-workspace.rtos/tasks/utilities" -I"/home/fei/min0150/Projects/VSB/OSY/osy-workspace.rtos/tasks/component/serial_manager" -I"/home/fei/min0150/Projects/VSB/OSY/osy-workspace.rtos/tasks/component/uart" -I"/home/fei/min0150/Projects/VSB/OSY/osy-workspace.rtos/tasks/component/lists" -O0 -fno-common -g3 -gdwarf-4 -Wall -c -ffunction-sections -fdata-sections -ffreestanding -fno-builtin -fmerge-constants -fmacro-prefix-map="../component/uart/"= -mcpu=cortex-m4 -mfpu=fpv4-sp-d16 -mfloat-abi=hard -mthumb -D__NEWLIB__ -fstack-usage -specs=nano.specs -MMD -MP -MF"component/uart/fsl_adapter_uart.d" -MT"component/uart/fsl_adapter_uart.o" -MT"component/uart/fsl_adapter_uart.d" -o "component/uart/fsl_adapter_uart.o" "../component/uart/fsl_adapter_uart.c"
 
Building file: ../component/serial_manager/fsl_component_serial_manager.c
Finished building: ../drivers/fsl_common_arm.c
Finished building: ../drivers/fsl_common.c
Invoking: MCU C Compiler
 
 
arm-none-eabi-gcc -D__NEWLIB__ -DCPU_MK64FN1M0VLL12 -DCPU_MK64FN1M0VLL12_cm4 -DSDK_OS_BAREMETAL -DSERIAL_PORT_TYPE_UART=1 -DSDK_DEBUGCONSOLE=1 -DSDK_OS_FREE_RTOS -D__MCUXPRESSO -D__USE_CMSIS -DDEBUG -I"/home/fei/min0150/Projects/VSB/OSY/osy-workspace.rtos/tasks/board" -I"/home/fei/min0150/Projects/VSB/OSY/osy-workspace.rtos/tasks/source" -I"/home/fei/min0150/Projects/VSB/OSY/osy-workspace.rtos/tasks/freertos/freertos_kernel/include" -I"/home/fei/min0150/Projects/VSB/OSY/osy-workspace.rtos/tasks/freertos/freertos_kernel/portable/GCC/ARM_CM4F" -I"/home/fei/min0150/Projects/VSB/OSY/osy-workspace.rtos/tasks/drivers" -I"/home/fei/min0150/Projects/VSB/OSY/osy-workspace.rtos/tasks/device" -I"/home/fei/min0150/Projects/VSB/OSY/osy-workspace.rtos/tasks/CMSIS" -I"/home/fei/min0150/Projects/VSB/OSY/osy-workspace.rtos/tasks/utilities" -I"/home/fei/min0150/Projects/VSB/OSY/osy-workspace.rtos/tasks/component/serial_manager" -I"/home/fei/min0150/Projects/VSB/OSY/osy-workspace.rtos/tasks/component/uart" -I"/home/fei/min0150/Projects/VSB/OSY/osy-workspace.rtos/tasks/component/lists" -O0 -fno-common -g3 -gdwarf-4 -Wall -c -ffunction-sections -fdata-sections -ffreestanding -fno-builtin -fmerge-constants -fmacro-prefix-map="../component/serial_manager/"= -mcpu=cortex-m4 -mfpu=fpv4-sp-d16 -mfloat-abi=hard -mthumb -D__NEWLIB__ -fstack-usage -specs=nano.specs -MMD -MP -MF"component/serial_manager/fsl_component_serial_manager.d" -MT"component/serial_manager/fsl_component_serial_manager.o" -MT"component/serial_manager/fsl_component_serial_manager.d" -o "component/serial_manager/fsl_component_serial_manager.o" "../component/serial_manager/fsl_component_serial_manager.c"
Building file: ../component/serial_manager/fsl_component_serial_port_uart.c
Finished building: ../drivers/fsl_gpio.c
Invoking: MCU C Compiler
arm-none-eabi-gcc -D__NEWLIB__ -DCPU_MK64FN1M0VLL12 -DCPU_MK64FN1M0VLL12_cm4 -DSDK_OS_BAREMETAL -DSERIAL_PORT_TYPE_UART=1 -DSDK_DEBUGCONSOLE=1 -DSDK_OS_FREE_RTOS -D__MCUXPRESSO -D__USE_CMSIS -DDEBUG -I"/home/fei/min0150/Projects/VSB/OSY/osy-workspace.rtos/tasks/board" -I"/home/fei/min0150/Projects/VSB/OSY/osy-workspace.rtos/tasks/source" -I"/home/fei/min0150/Projects/VSB/OSY/osy-workspace.rtos/tasks/freertos/freertos_kernel/include" -I"/home/fei/min0150/Projects/VSB/OSY/osy-workspace.rtos/tasks/freertos/freertos_kernel/portable/GCC/ARM_CM4F" -I"/home/fei/min0150/Projects/VSB/OSY/osy-workspace.rtos/tasks/drivers" -I"/home/fei/min0150/Projects/VSB/OSY/osy-workspace.rtos/tasks/device" -I"/home/fei/min0150/Projects/VSB/OSY/osy-workspace.rtos/tasks/CMSIS" -I"/home/fei/min0150/Projects/VSB/OSY/osy-workspace.rtos/tasks/utilities" -I"/home/fei/min0150/Projects/VSB/OSY/osy-workspace.rtos/tasks/component/serial_manager" -I"/home/fei/min0150/Projects/VSB/OSY/osy-workspace.rtos/tasks/component/uart" -I"/home/fei/min0150/Projects/VSB/OSY/osy-workspace.rtos/tasks/component/lists" -O0 -fno-common -g3 -gdwarf-4 -Wall -c -ffunction-sections -fdata-sections -ffreestanding -fno-builtin -fmerge-constants -fmacro-prefix-map="../component/serial_manager/"= -mcpu=cortex-m4 -mfpu=fpv4-sp-d16 -mfloat-abi=hard -mthumb -D__NEWLIB__ -fstack-usage -specs=nano.specs -MMD -MP -MF"component/serial_manager/fsl_component_serial_port_uart.d" -MT"component/serial_manager/fsl_component_serial_port_uart.o" -MT"component/serial_manager/fsl_component_serial_port_uart.d" -o "component/serial_manager/fsl_component_serial_port_uart.o" "../component/serial_manager/fsl_component_serial_port_uart.c"
 
Building file: ../component/lists/fsl_component_generic_list.c
Invoking: MCU C Compiler
arm-none-eabi-gcc -D__NEWLIB__ -DCPU_MK64FN1M0VLL12 -DCPU_MK64FN1M0VLL12_cm4 -DSDK_OS_BAREMETAL -DSERIAL_PORT_TYPE_UART=1 -DSDK_DEBUGCONSOLE=1 -DSDK_OS_FREE_RTOS -D__MCUXPRESSO -D__USE_CMSIS -DDEBUG -I"/home/fei/min0150/Projects/VSB/OSY/osy-workspace.rtos/tasks/board" -I"/home/fei/min0150/Projects/VSB/OSY/osy-workspace.rtos/tasks/source" -I"/home/fei/min0150/Projects/VSB/OSY/osy-workspace.rtos/tasks/freertos/freertos_kernel/include" -I"/home/fei/min0150/Projects/VSB/OSY/osy-workspace.rtos/tasks/freertos/freertos_kernel/portable/GCC/ARM_CM4F" -I"/home/fei/min0150/Projects/VSB/OSY/osy-workspace.rtos/tasks/drivers" -I"/home/fei/min0150/Projects/VSB/OSY/osy-workspace.rtos/tasks/device" -I"/home/fei/min0150/Projects/VSB/OSY/osy-workspace.rtos/tasks/CMSIS" -I"/home/fei/min0150/Projects/VSB/OSY/osy-workspace.rtos/tasks/utilities" -I"/home/fei/min0150/Projects/VSB/OSY/osy-workspace.rtos/tasks/component/serial_manager" -I"/home/fei/min0150/Projects/VSB/OSY/osy-workspace.rtos/tasks/component/uart" -I"/home/fei/min0150/Projects/VSB/OSY/osy-workspace.rtos/tasks/component/lists" -O0 -fno-common -g3 -gdwarf-4 -Wall -c -ffunction-sections -fdata-sections -ffreestanding -fno-builtin -fmerge-constants -fmacro-prefix-map="../component/lists/"= -mcpu=cortex-m4 -mfpu=fpv4-sp-d16 -mfloat-abi=hard -mthumb -D__NEWLIB__ -fstack-usage -specs=nano.specs -MMD -MP -MF"component/lists/fsl_component_generic_list.d" -MT"component/lists/fsl_component_generic_list.o" -MT"component/lists/fsl_component_generic_list.d" -o "component/lists/fsl_component_generic_list.o" "../component/lists/fsl_component_generic_list.c"
Building file: ../board/board.c
Invoking: MCU C Compiler
arm-none-eabi-gcc -D__NEWLIB__ -DCPU_MK64FN1M0VLL12 -DCPU_MK64FN1M0VLL12_cm4 -DSDK_OS_BAREMETAL -DSERIAL_PORT_TYPE_UART=1 -DSDK_DEBUGCONSOLE=1 -DSDK_OS_FREE_RTOS -D__MCUXPRESSO -D__USE_CMSIS -DDEBUG -I"/home/fei/min0150/Projects/VSB/OSY/osy-workspace.rtos/tasks/board" -I"/home/fei/min0150/Projects/VSB/OSY/osy-workspace.rtos/tasks/source" -I"/home/fei/min0150/Projects/VSB/OSY/osy-workspace.rtos/tasks/freertos/freertos_kernel/include" -I"/home/fei/min0150/Projects/VSB/OSY/osy-workspace.rtos/tasks/freertos/freertos_kernel/portable/GCC/ARM_CM4F" -I"/home/fei/min0150/Projects/VSB/OSY/osy-workspace.rtos/tasks/drivers" -I"/home/fei/min0150/Projects/VSB/OSY/osy-workspace.rtos/tasks/device" -I"/home/fei/min0150/Projects/VSB/OSY/osy-workspace.rtos/tasks/CMSIS" -I"/home/fei/min0150/Projects/VSB/OSY/osy-workspace.rtos/tasks/utilities" -I"/home/fei/min0150/Projects/VSB/OSY/osy-workspace.rtos/tasks/component/serial_manager" -I"/home/fei/min0150/Projects/VSB/OSY/osy-workspace.rtos/tasks/component/uart" -I"/home/fei/min0150/Projects/VSB/OSY/osy-workspace.rtos/tasks/component/lists" -O0 -fno-common -g3 -gdwarf-4 -Wall -c -ffunction-sections -fdata-sections -ffreestanding -fno-builtin -fmerge-constants -fmacro-prefix-map="../board/"= -mcpu=cortex-m4 -mfpu=fpv4-sp-d16 -mfloat-abi=hard -mthumb -D__NEWLIB__ -fstack-usage -specs=nano.specs -MMD -MP -MF"board/board.d" -MT"board/board.o" -MT"board/board.d" -o "board/board.o" "../board/board.c"
Finished building: ../drivers/fsl_pit.c
 
Building file: ../board/clock_config.c
Finished building: ../drivers/fsl_clock.c
Finished building: ../drivers/fsl_ftm.c
 
Invoking: MCU C Compiler
arm-none-eabi-gcc -D__NEWLIB__ -DCPU_MK64FN1M0VLL12 -DCPU_MK64FN1M0VLL12_cm4 -DSDK_OS_BAREMETAL -DSERIAL_PORT_TYPE_UART=1 -DSDK_DEBUGCONSOLE=1 -DSDK_OS_FREE_RTOS -D__MCUXPRESSO -D__USE_CMSIS -DDEBUG -I"/home/fei/min0150/Projects/VSB/OSY/osy-workspace.rtos/tasks/board" -I"/home/fei/min0150/Projects/VSB/OSY/osy-workspace.rtos/tasks/source" -I"/home/fei/min0150/Projects/VSB/OSY/osy-workspace.rtos/tasks/freertos/freertos_kernel/include" -I"/home/fei/min0150/Projects/VSB/OSY/osy-workspace.rtos/tasks/freertos/freertos_kernel/portable/GCC/ARM_CM4F" -I"/home/fei/min0150/Projects/VSB/OSY/osy-workspace.rtos/tasks/drivers" -I"/home/fei/min0150/Projects/VSB/OSY/osy-workspace.rtos/tasks/device" -I"/home/fei/min0150/Projects/VSB/OSY/osy-workspace.rtos/tasks/CMSIS" -I"/home/fei/min0150/Projects/VSB/OSY/osy-workspace.rtos/tasks/utilities" -I"/home/fei/min0150/Projects/VSB/OSY/osy-workspace.rtos/tasks/component/serial_manager" -I"/home/fei/min0150/Projects/VSB/OSY/osy-workspace.rtos/tasks/component/uart" -I"/home/fei/min0150/Projects/VSB/OSY/osy-workspace.rtos/tasks/component/lists" -O0 -fno-common -g3 -gdwarf-4 -Wall -c -ffunction-sections -fdata-sections -ffreestanding -fno-builtin -fmerge-constants -fmacro-prefix-map="../board/"= -mcpu=cortex-m4 -mfpu=fpv4-sp-d16 -mfloat-abi=hard -mthumb -D__NEWLIB__ -fstack-usage -specs=nano.specs -MMD -MP -MF"board/clock_config.d" -MT"board/clock_config.o" -MT"board/clock_config.d" -o "board/clock_config.o" "../board/clock_config.c"
 
Building file: ../board/peripherals.c
Invoking: MCU C Compiler
Building file: ../board/pin_mux.c
arm-none-eabi-gcc -D__NEWLIB__ -DCPU_MK64FN1M0VLL12 -DCPU_MK64FN1M0VLL12_cm4 -DSDK_OS_BAREMETAL -DSERIAL_PORT_TYPE_UART=1 -DSDK_DEBUGCONSOLE=1 -DSDK_OS_FREE_RTOS -D__MCUXPRESSO -D__USE_CMSIS -DDEBUG -I"/home/fei/min0150/Projects/VSB/OSY/osy-workspace.rtos/tasks/board" -I"/home/fei/min0150/Projects/VSB/OSY/osy-workspace.rtos/tasks/source" -I"/home/fei/min0150/Projects/VSB/OSY/osy-workspace.rtos/tasks/freertos/freertos_kernel/include" -I"/home/fei/min0150/Projects/VSB/OSY/osy-workspace.rtos/tasks/freertos/freertos_kernel/portable/GCC/ARM_CM4F" -I"/home/fei/min0150/Projects/VSB/OSY/osy-workspace.rtos/tasks/drivers" -I"/home/fei/min0150/Projects/VSB/OSY/osy-workspace.rtos/tasks/device" -I"/home/fei/min0150/Projects/VSB/OSY/osy-workspace.rtos/tasks/CMSIS" -I"/home/fei/min0150/Projects/VSB/OSY/osy-workspace.rtos/tasks/utilities" -I"/home/fei/min0150/Projects/VSB/OSY/osy-workspace.rtos/tasks/component/serial_manager" -I"/home/fei/min0150/Projects/VSB/OSY/osy-workspace.rtos/tasks/component/uart" -I"/home/fei/min0150/Projects/VSB/OSY/osy-workspace.rtos/tasks/component/lists" -O0 -fno-common -g3 -gdwarf-4 -Wall -c -ffunction-sections -fdata-sections -ffreestanding -fno-builtin -fmerge-constants -fmacro-prefix-map="../board/"= -mcpu=cortex-m4 -mfpu=fpv4-sp-d16 -mfloat-abi=hard -mthumb -D__NEWLIB__ -fstack-usage -specs=nano.specs -MMD -MP -MF"board/peripherals.d" -MT"board/peripherals.o" -MT"board/peripherals.d" -o "board/peripherals.o" "../board/peripherals.c"
Finished building: ../drivers/fsl_smc.c
Invoking: MCU C Compiler
arm-none-eabi-gcc -D__NEWLIB__ -DCPU_MK64FN1M0VLL12 -DCPU_MK64FN1M0VLL12_cm4 -DSDK_OS_BAREMETAL -DSERIAL_PORT_TYPE_UART=1 -DSDK_DEBUGCONSOLE=1 -DSDK_OS_FREE_RTOS -D__MCUXPRESSO -D__USE_CMSIS -DDEBUG -I"/home/fei/min0150/Projects/VSB/OSY/osy-workspace.rtos/tasks/board" -I"/home/fei/min0150/Projects/VSB/OSY/osy-workspace.rtos/tasks/source" -I"/home/fei/min0150/Projects/VSB/OSY/osy-workspace.rtos/tasks/freertos/freertos_kernel/include" -I"/home/fei/min0150/Projects/VSB/OSY/osy-workspace.rtos/tasks/freertos/freertos_kernel/portable/GCC/ARM_CM4F" -I"/home/fei/min0150/Projects/VSB/OSY/osy-workspace.rtos/tasks/drivers" -I"/home/fei/min0150/Projects/VSB/OSY/osy-workspace.rtos/tasks/device" -I"/home/fei/min0150/Projects/VSB/OSY/osy-workspace.rtos/tasks/CMSIS" -I"/home/fei/min0150/Projects/VSB/OSY/osy-workspace.rtos/tasks/utilities" -I"/home/fei/min0150/Projects/VSB/OSY/osy-workspace.rtos/tasks/component/serial_manager" -I"/home/fei/min0150/Projects/VSB/OSY/osy-workspace.rtos/tasks/component/uart" -I"/home/fei/min0150/Projects/VSB/OSY/osy-workspace.rtos/tasks/component/lists" -O0 -fno-common -g3 -gdwarf-4 -Wall -c -ffunction-sections -fdata-sections -ffreestanding -fno-builtin -fmerge-constants -fmacro-prefix-map="../board/"= -mcpu=cortex-m4 -mfpu=fpv4-sp-d16 -mfloat-abi=hard -mthumb -D__NEWLIB__ -fstack-usage -specs=nano.specs -MMD -MP -MF"board/pin_mux.d" -MT"board/pin_mux.o" -MT"board/pin_mux.d" -o "board/pin_mux.o" "../board/pin_mux.c"
 
Finished building: ../drivers/fsl_i2c.c
Finished building: ../device/system_MK64F12.c
 
 
Finished building: ../drivers/fsl_uart.c
 
Finished building: ../component/serial_manager/fsl_component_serial_port_uart.c
 
Finished building: ../component/serial_manager/fsl_component_serial_manager.c
 
Finished building: ../board/board.c
 
Finished building: ../component/lists/fsl_component_generic_list.c
 
Finished building: ../board/peripherals.c
Finished building: ../component/uart/fsl_adapter_uart.c
 
 
Finished building: ../board/clock_config.c
 
Finished building: ../board/pin_mux.c
 
Building target: tasks.axf
Invoking: MCU C++ Linker
arm-none-eabi-c++ -nostdlib -Xlinker -Map="tasks.map" -Xlinker --gc-sections -Xlinker -print-memory-usage -Xlinker --sort-section=alignment -Xlinker --cref -mcpu=cortex-m4 -mfpu=fpv4-sp-d16 -mfloat-abi=hard -mthumb -T tasks_Debug.ld -o "tasks.axf" ./utilities/fsl_debug_console.o ./utilities/fsl_str.o  ./startup/startup_mk64f12.o  ./source/main-tasks.o ./source/semihost_hardfault.o  ./freertos/freertos_kernel/portable/MemMang/heap_4.o  ./freertos/freertos_kernel/portable/GCC/ARM_CM4F/port.o  ./freertos/freertos_kernel/croutine.o ./freertos/freertos_kernel/event_groups.o ./freertos/freertos_kernel/list.o ./freertos/freertos_kernel/queue.o ./freertos/freertos_kernel/stream_buffer.o ./freertos/freertos_kernel/tasks.o ./freertos/freertos_kernel/timers.o  ./drivers/fsl_adc16.o ./drivers/fsl_clock.o ./drivers/fsl_common.o ./drivers/fsl_common_arm.o ./drivers/fsl_ftm.o ./drivers/fsl_gpio.o ./drivers/fsl_i2c.o ./drivers/fsl_pit.o ./drivers/fsl_smc.o ./drivers/fsl_uart.o  ./device/system_MK64F12.o  ./component/uart/fsl_adapter_uart.o  ./component/serial_manager/fsl_component_serial_manager.o ./component/serial_manager/fsl_component_serial_port_uart.o  ./component/lists/fsl_component_generic_list.o  ./board/board.o ./board/clock_config.o ./board/peripherals.o ./board/pin_mux.o   
Memory region         Used Size  Region Size  %age Used
   PROGRAM_FLASH:       24024 B         1 MB      2.29%
      SRAM_UPPER:       19376 B       192 KB      9.86%
      SRAM_LOWER:          0 GB        64 KB      0.00%
        FLEX_RAM:          0 GB         4 KB      0.00%
Finished building target: tasks.axf
 
Performing post-build steps
arm-none-eabi-size "tasks.axf"; # arm-none-eabi-objcopy -v -O binary "tasks.axf" "tasks.bin" ; # checksum -p MK64FN1M0xxx12 -d "tasks.bin";
   text	   data	    bss	    dec	    hex	filename
  23832	    192	  19184	  43208	   a8c8	tasks.axf
 
12:51:58 **** Incremental Build of configuration Debug for project tasks ****
make -r -j12 all 
Building file: ../source/main-tasks.cpp
Invoking: MCU C++ Compiler
arm-none-eabi-c++ -DCPU_MK64FN1M0VLL12 -DCPU_MK64FN1M0VLL12_cm4 -DSDK_OS_BAREMETAL -DSERIAL_PORT_TYPE_UART=1 -DSDK_DEBUGCONSOLE=1 -DSDK_OS_FREE_RTOS -D__MCUXPRESSO -D__USE_CMSIS -DDEBUG -D__NEWLIB__ -I"/home/fei/min0150/Projects/VSB/OSY/osy-workspace.rtos/tasks/board" -I"/home/fei/min0150/Projects/VSB/OSY/osy-workspace.rtos/tasks/source" -I"/home/fei/min0150/Projects/VSB/OSY/osy-workspace.rtos/tasks/freertos/freertos_kernel/include" -I"/home/fei/min0150/Projects/VSB/OSY/osy-workspace.rtos/tasks/freertos/freertos_kernel/portable/GCC/ARM_CM4F" -I"/home/fei/min0150/Projects/VSB/OSY/osy-workspace.rtos/tasks/drivers" -I"/home/fei/min0150/Projects/VSB/OSY/osy-workspace.rtos/tasks/device" -I"/home/fei/min0150/Projects/VSB/OSY/osy-workspace.rtos/tasks/CMSIS" -I"/home/fei/min0150/Projects/VSB/OSY/osy-workspace.rtos/tasks/utilities" -I"/home/fei/min0150/Projects/VSB/OSY/osy-workspace.rtos/tasks/component/serial_manager" -I"/home/fei/min0150/Projects/VSB/OSY/osy-workspace.rtos/tasks/component/uart" -I"/home/fei/min0150/Projects/VSB/OSY/osy-workspace.rtos/tasks/component/lists" -O0 -fno-common -g3 -gdwarf-4 -Wall -c -ffunction-sections -fdata-sections -ffreestanding -fno-builtin -fno-rtti -fno-exceptions -fmerge-constants -fmacro-prefix-map="../source/"= -mcpu=cortex-m4 -mfpu=fpv4-sp-d16 -mfloat-abi=hard -mthumb -D__NEWLIB__ -fstack-usage -specs=nano.specs -MMD -MP -MF"source/main-tasks.d" -MT"source/main-tasks.o" -MT"source/main-tasks.d" -o "source/main-tasks.o" "../source/main-tasks.cpp"
Finished building: ../source/main-tasks.cpp
 
Building target: tasks.axf
Invoking: MCU C++ Linker
arm-none-eabi-c++ -nostdlib -Xlinker -Map="tasks.map" -Xlinker --gc-sections -Xlinker -print-memory-usage -Xlinker --sort-section=alignment -Xlinker --cref -mcpu=cortex-m4 -mfpu=fpv4-sp-d16 -mfloat-abi=hard -mthumb -T tasks_Debug.ld -o "tasks.axf" ./utilities/fsl_debug_console.o ./utilities/fsl_str.o  ./startup/startup_mk64f12.o  ./source/main-tasks.o ./source/semihost_hardfault.o  ./freertos/freertos_kernel/portable/MemMang/heap_4.o  ./freertos/freertos_kernel/portable/GCC/ARM_CM4F/port.o  ./freertos/freertos_kernel/croutine.o ./freertos/freertos_kernel/event_groups.o ./freertos/freertos_kernel/list.o ./freertos/freertos_kernel/queue.o ./freertos/freertos_kernel/stream_buffer.o ./freertos/freertos_kernel/tasks.o ./freertos/freertos_kernel/timers.o  ./drivers/fsl_adc16.o ./drivers/fsl_clock.o ./drivers/fsl_common.o ./drivers/fsl_common_arm.o ./drivers/fsl_ftm.o ./drivers/fsl_gpio.o ./drivers/fsl_i2c.o ./drivers/fsl_pit.o ./drivers/fsl_smc.o ./drivers/fsl_uart.o  ./device/system_MK64F12.o  ./component/uart/fsl_adapter_uart.o  ./component/serial_manager/fsl_component_serial_manager.o ./component/serial_manager/fsl_component_serial_port_uart.o  ./component/lists/fsl_component_generic_list.o  ./board/board.o ./board/clock_config.o ./board/peripherals.o ./board/pin_mux.o   
Memory region         Used Size  Region Size  %age Used
   PROGRAM_FLASH:       24024 B         1 MB      2.29%
      SRAM_UPPER:       19376 B       192 KB      9.86%
      SRAM_LOWER:          0 GB        64 KB      0.00%
        FLEX_RAM:          0 GB         4 KB      0.00%
Finished building target: tasks.axf
 
Performing post-build steps
arm-none-eabi-size "tasks.axf"; # arm-none-eabi-objcopy -v -O binary "tasks.axf" "tasks.bin" ; # checksum -p MK64FN1M0xxx12 -d "tasks.bin";
   text	   data	    bss	    dec	    hex	filename
  23832	    192	  19184	  43208	   a8c8	tasks.axf
 
12:52:16 **** Incremental Build of configuration Debug for project tasks ****
make -r -j12 all 
Building file: ../source/main-tasks.cpp
Invoking: MCU C++ Compiler
arm-none-eabi-c++ -DCPU_MK64FN1M0VLL12 -DCPU_MK64FN1M0VLL12_cm4 -DSDK_OS_BAREMETAL -DSERIAL_PORT_TYPE_UART=1 -DSDK_DEBUGCONSOLE=1 -DSDK_OS_FREE_RTOS -D__MCUXPRESSO -D__USE_CMSIS -DDEBUG -D__NEWLIB__ -I"/home/fei/min0150/Projects/VSB/OSY/osy-workspace.rtos/tasks/board" -I"/home/fei/min0150/Projects/VSB/OSY/osy-workspace.rtos/tasks/source" -I"/home/fei/min0150/Projects/VSB/OSY/osy-workspace.rtos/tasks/freertos/freertos_kernel/include" -I"/home/fei/min0150/Projects/VSB/OSY/osy-workspace.rtos/tasks/freertos/freertos_kernel/portable/GCC/ARM_CM4F" -I"/home/fei/min0150/Projects/VSB/OSY/osy-workspace.rtos/tasks/drivers" -I"/home/fei/min0150/Projects/VSB/OSY/osy-workspace.rtos/tasks/device" -I"/home/fei/min0150/Projects/VSB/OSY/osy-workspace.rtos/tasks/CMSIS" -I"/home/fei/min0150/Projects/VSB/OSY/osy-workspace.rtos/tasks/utilities" -I"/home/fei/min0150/Projects/VSB/OSY/osy-workspace.rtos/tasks/component/serial_manager" -I"/home/fei/min0150/Projects/VSB/OSY/osy-workspace.rtos/tasks/component/uart" -I"/home/fei/min0150/Projects/VSB/OSY/osy-workspace.rtos/tasks/component/lists" -O0 -fno-common -g3 -gdwarf-4 -Wall -c -ffunction-sections -fdata-sections -ffreestanding -fno-builtin -fno-rtti -fno-exceptions -fmerge-constants -fmacro-prefix-map="../source/"= -mcpu=cortex-m4 -mfpu=fpv4-sp-d16 -mfloat-abi=hard -mthumb -D__NEWLIB__ -fstack-usage -specs=nano.specs -MMD -MP -MF"source/main-tasks.d" -MT"source/main-tasks.o" -MT"source/main-tasks.d" -o "source/main-tasks.o" "../source/main-tasks.cpp"
Finished building: ../source/main-tasks.cpp
 
Building target: tasks.axf
Invoking: MCU C++ Linker
arm-none-eabi-c++ -nostdlib -Xlinker -Map="tasks.map" -Xlinker --gc-sections -Xlinker -print-memory-usage -Xlinker --sort-section=alignment -Xlinker --cref -mcpu=cortex-m4 -mfpu=fpv4-sp-d16 -mfloat-abi=hard -mthumb -T tasks_Debug.ld -o "tasks.axf" ./utilities/fsl_debug_console.o ./utilities/fsl_str.o  ./startup/startup_mk64f12.o  ./source/main-tasks.o ./source/semihost_hardfault.o  ./freertos/freertos_kernel/portable/MemMang/heap_4.o  ./freertos/freertos_kernel/portable/GCC/ARM_CM4F/port.o  ./freertos/freertos_kernel/croutine.o ./freertos/freertos_kernel/event_groups.o ./freertos/freertos_kernel/list.o ./freertos/freertos_kernel/queue.o ./freertos/freertos_kernel/stream_buffer.o ./freertos/freertos_kernel/tasks.o ./freertos/freertos_kernel/timers.o  ./drivers/fsl_adc16.o ./drivers/fsl_clock.o ./drivers/fsl_common.o ./drivers/fsl_common_arm.o ./drivers/fsl_ftm.o ./drivers/fsl_gpio.o ./drivers/fsl_i2c.o ./drivers/fsl_pit.o ./drivers/fsl_smc.o ./drivers/fsl_uart.o  ./device/system_MK64F12.o  ./component/uart/fsl_adapter_uart.o  ./component/serial_manager/fsl_component_serial_manager.o ./component/serial_manager/fsl_component_serial_port_uart.o  ./component/lists/fsl_component_generic_list.o  ./board/board.o ./board/clock_config.o ./board/peripherals.o ./board/pin_mux.o   
Memory region         Used Size  Region Size  %age Used
   PROGRAM_FLASH:       24024 B         1 MB      2.29%
      SRAM_UPPER:       19376 B       192 KB      9.86%
      SRAM_LOWER:          0 GB        64 KB      0.00%
        FLEX_RAM:          0 GB         4 KB      0.00%
Finished building target: tasks.axf
 
Performing post-build steps
arm-none-eabi-size "tasks.axf"; # arm-none-eabi-objcopy -v -O binary "tasks.axf" "tasks.bin" ; # checksum -p MK64FN1M0xxx12 -d "tasks.bin";
   text	   data	    bss	    dec	    hex	filename
  23832	    192	  19184	  43208	   a8c8	tasks.axf
 
12:52:31 **** Incremental Build of configuration Debug for project tasks ****
make -r -j12 all 
Building file: ../source/main-tasks.cpp
Invoking: MCU C++ Compiler
arm-none-eabi-c++ -DCPU_MK64FN1M0VLL12 -DCPU_MK64FN1M0VLL12_cm4 -DSDK_OS_BAREMETAL -DSERIAL_PORT_TYPE_UART=1 -DSDK_DEBUGCONSOLE=1 -DSDK_OS_FREE_RTOS -D__MCUXPRESSO -D__USE_CMSIS -DDEBUG -D__NEWLIB__ -I"/home/fei/min0150/Projects/VSB/OSY/osy-workspace.rtos/tasks/board" -I"/home/fei/min0150/Projects/VSB/OSY/osy-workspace.rtos/tasks/source" -I"/home/fei/min0150/Projects/VSB/OSY/osy-workspace.rtos/tasks/freertos/freertos_kernel/include" -I"/home/fei/min0150/Projects/VSB/OSY/osy-workspace.rtos/tasks/freertos/freertos_kernel/portable/GCC/ARM_CM4F" -I"/home/fei/min0150/Projects/VSB/OSY/osy-workspace.rtos/tasks/drivers" -I"/home/fei/min0150/Projects/VSB/OSY/osy-workspace.rtos/tasks/device" -I"/home/fei/min0150/Projects/VSB/OSY/osy-workspace.rtos/tasks/CMSIS" -I"/home/fei/min0150/Projects/VSB/OSY/osy-workspace.rtos/tasks/utilities" -I"/home/fei/min0150/Projects/VSB/OSY/osy-workspace.rtos/tasks/component/serial_manager" -I"/home/fei/min0150/Projects/VSB/OSY/osy-workspace.rtos/tasks/component/uart" -I"/home/fei/min0150/Projects/VSB/OSY/osy-workspace.rtos/tasks/component/lists" -O0 -fno-common -g3 -gdwarf-4 -Wall -c -ffunction-sections -fdata-sections -ffreestanding -fno-builtin -fno-rtti -fno-exceptions -fmerge-constants -fmacro-prefix-map="../source/"= -mcpu=cortex-m4 -mfpu=fpv4-sp-d16 -mfloat-abi=hard -mthumb -D__NEWLIB__ -fstack-usage -specs=nano.specs -MMD -MP -MF"source/main-tasks.d" -MT"source/main-tasks.o" -MT"source/main-tasks.d" -o "source/main-tasks.o" "../source/main-tasks.cpp"
Finished building: ../source/main-tasks.cpp
 
Building target: tasks.axf
Invoking: MCU C++ Linker
arm-none-eabi-c++ -nostdlib -Xlinker -Map="tasks.map" -Xlinker --gc-sections -Xlinker -print-memory-usage -Xlinker --sort-section=alignment -Xlinker --cref -mcpu=cortex-m4 -mfpu=fpv4-sp-d16 -mfloat-abi=hard -mthumb -T tasks_Debug.ld -o "tasks.axf" ./utilities/fsl_debug_console.o ./utilities/fsl_str.o  ./startup/startup_mk64f12.o  ./source/main-tasks.o ./source/semihost_hardfault.o  ./freertos/freertos_kernel/portable/MemMang/heap_4.o  ./freertos/freertos_kernel/portable/GCC/ARM_CM4F/port.o  ./freertos/freertos_kernel/croutine.o ./freertos/freertos_kernel/event_groups.o ./freertos/freertos_kernel/list.o ./freertos/freertos_kernel/queue.o ./freertos/freertos_kernel/stream_buffer.o ./freertos/freertos_kernel/tasks.o ./freertos/freertos_kernel/timers.o  ./drivers/fsl_adc16.o ./drivers/fsl_clock.o ./drivers/fsl_common.o ./drivers/fsl_common_arm.o ./drivers/fsl_ftm.o ./drivers/fsl_gpio.o ./drivers/fsl_i2c.o ./drivers/fsl_pit.o ./drivers/fsl_smc.o ./drivers/fsl_uart.o  ./device/system_MK64F12.o  ./component/uart/fsl_adapter_uart.o  ./component/serial_manager/fsl_component_serial_manager.o ./component/serial_manager/fsl_component_serial_port_uart.o  ./component/lists/fsl_component_generic_list.o  ./board/board.o ./board/clock_config.o ./board/peripherals.o ./board/pin_mux.o   
Memory region         Used Size  Region Size  %age Used
   PROGRAM_FLASH:       24024 B         1 MB      2.29%
      SRAM_UPPER:       19376 B       192 KB      9.86%
      SRAM_LOWER:          0 GB        64 KB      0.00%
        FLEX_RAM:          0 GB         4 KB      0.00%
Finished building target: tasks.axf
 
Performing post-build steps
arm-none-eabi-size "tasks.axf"; # arm-none-eabi-objcopy -v -O binary "tasks.axf" "tasks.bin" ; # checksum -p MK64FN1M0xxx12 -d "tasks.bin";
   text	   data	    bss	    dec	    hex	filename
  23832	    192	  19184	  43208	   a8c8	tasks.axf
 
12:54:17 **** Incremental Build of configuration Debug for project tasks ****
make -r -j12 all 
Building file: ../source/main-tasks.cpp
Invoking: MCU C++ Compiler
arm-none-eabi-c++ -DCPU_MK64FN1M0VLL12 -DCPU_MK64FN1M0VLL12_cm4 -DSDK_OS_BAREMETAL -DSERIAL_PORT_TYPE_UART=1 -DSDK_DEBUGCONSOLE=1 -DSDK_OS_FREE_RTOS -D__MCUXPRESSO -D__USE_CMSIS -DDEBUG -D__NEWLIB__ -I"/home/fei/min0150/Projects/VSB/OSY/osy-workspace.rtos/tasks/board" -I"/home/fei/min0150/Projects/VSB/OSY/osy-workspace.rtos/tasks/source" -I"/home/fei/min0150/Projects/VSB/OSY/osy-workspace.rtos/tasks/freertos/freertos_kernel/include" -I"/home/fei/min0150/Projects/VSB/OSY/osy-workspace.rtos/tasks/freertos/freertos_kernel/portable/GCC/ARM_CM4F" -I"/home/fei/min0150/Projects/VSB/OSY/osy-workspace.rtos/tasks/drivers" -I"/home/fei/min0150/Projects/VSB/OSY/osy-workspace.rtos/tasks/device" -I"/home/fei/min0150/Projects/VSB/OSY/osy-workspace.rtos/tasks/CMSIS" -I"/home/fei/min0150/Projects/VSB/OSY/osy-workspace.rtos/tasks/utilities" -I"/home/fei/min0150/Projects/VSB/OSY/osy-workspace.rtos/tasks/component/serial_manager" -I"/home/fei/min0150/Projects/VSB/OSY/osy-workspace.rtos/tasks/component/uart" -I"/home/fei/min0150/Projects/VSB/OSY/osy-workspace.rtos/tasks/component/lists" -O0 -fno-common -g3 -gdwarf-4 -Wall -c -ffunction-sections -fdata-sections -ffreestanding -fno-builtin -fno-rtti -fno-exceptions -fmerge-constants -fmacro-prefix-map="../source/"= -mcpu=cortex-m4 -mfpu=fpv4-sp-d16 -mfloat-abi=hard -mthumb -D__NEWLIB__ -fstack-usage -specs=nano.specs -MMD -MP -MF"source/main-tasks.d" -MT"source/main-tasks.o" -MT"source/main-tasks.d" -o "source/main-tasks.o" "../source/main-tasks.cpp"
Finished building: ../source/main-tasks.cpp
 
Building target: tasks.axf
Invoking: MCU C++ Linker
arm-none-eabi-c++ -nostdlib -Xlinker -Map="tasks.map" -Xlinker --gc-sections -Xlinker -print-memory-usage -Xlinker --sort-section=alignment -Xlinker --cref -mcpu=cortex-m4 -mfpu=fpv4-sp-d16 -mfloat-abi=hard -mthumb -T tasks_Debug.ld -o "tasks.axf" ./utilities/fsl_debug_console.o ./utilities/fsl_str.o  ./startup/startup_mk64f12.o  ./source/main-tasks.o ./source/semihost_hardfault.o  ./freertos/freertos_kernel/portable/MemMang/heap_4.o  ./freertos/freertos_kernel/portable/GCC/ARM_CM4F/port.o  ./freertos/freertos_kernel/croutine.o ./freertos/freertos_kernel/event_groups.o ./freertos/freertos_kernel/list.o ./freertos/freertos_kernel/queue.o ./freertos/freertos_kernel/stream_buffer.o ./freertos/freertos_kernel/tasks.o ./freertos/freertos_kernel/timers.o  ./drivers/fsl_adc16.o ./drivers/fsl_clock.o ./drivers/fsl_common.o ./drivers/fsl_common_arm.o ./drivers/fsl_ftm.o ./drivers/fsl_gpio.o ./drivers/fsl_i2c.o ./drivers/fsl_pit.o ./drivers/fsl_smc.o ./drivers/fsl_uart.o  ./device/system_MK64F12.o  ./component/uart/fsl_adapter_uart.o  ./component/serial_manager/fsl_component_serial_manager.o ./component/serial_manager/fsl_component_serial_port_uart.o  ./component/lists/fsl_component_generic_list.o  ./board/board.o ./board/clock_config.o ./board/peripherals.o ./board/pin_mux.o   
Memory region         Used Size  Region Size  %age Used
   PROGRAM_FLASH:       24056 B         1 MB      2.29%
      SRAM_UPPER:       19376 B       192 KB      9.86%
      SRAM_LOWER:          0 GB        64 KB      0.00%
        FLEX_RAM:          0 GB         4 KB      0.00%
Finished building target: tasks.axf
 
Performing post-build steps
arm-none-eabi-size "tasks.axf"; # arm-none-eabi-objcopy -v -O binary "tasks.axf" "tasks.bin" ; # checksum -p MK64FN1M0xxx12 -d "tasks.bin";
   text	   data	    bss	    dec	    hex	filename
  23864	    192	  19184	  43240	   a8e8	tasks.axf
 
