12:54:17 **** Incremental Build of configuration Debug for project tasks ****
make -r -j12 all 
Building file: ../source/main-tasks.cpp
Invoking: MCU C++ Compiler
arm-none-eabi-c++ -DCPU_MK64FN1M0VLL12 -DCPU_MK64FN1M0VLL12_cm4 -DSDK_OS_BAREMETAL -DSERIAL_PORT_TYPE_UART=1 -DSDK_DEBUGCONSOLE=1 -DSDK_OS_FREE_RTOS -D__MCUXPRESSO -D__USE_CMSIS -DDEBUG -D__NEWLIB__ -I"/home/fei/min0150/Projects/VSB/OSY/osy-workspace.rtos/tasks/board" -I"/home/fei/min0150/Projects/VSB/OSY/osy-workspace.rtos/tasks/source" -I"/home/fei/min0150/Projects/VSB/OSY/osy-workspace.rtos/tasks/freertos/freertos_kernel/include" -I"/home/fei/min0150/Projects/VSB/OSY/osy-workspace.rtos/tasks/freertos/freertos_kernel/portable/GCC/ARM_CM4F" -I"/home/fei/min0150/Projects/VSB/OSY/osy-workspace.rtos/tasks/drivers" -I"/home/fei/min0150/Projects/VSB/OSY/osy-workspace.rtos/tasks/device" -I"/home/fei/min0150/Projects/VSB/OSY/osy-workspace.rtos/tasks/CMSIS" -I"/home/fei/min0150/Projects/VSB/OSY/osy-workspace.rtos/tasks/utilities" -I"/home/fei/min0150/Projects/VSB/OSY/osy-workspace.rtos/tasks/component/serial_manager" -I"/home/fei/min0150/Projects/VSB/OSY/osy-workspace.rtos/tasks/component/uart" -I"/home/fei/min0150/Projects/VSB/OSY/osy-workspace.rtos/tasks/component/lists" -O0 -fno-common -g3 -gdwarf-4 -Wall -c -ffunction-sections -fdata-sections -ffreestanding -fno-builtin -fno-rtti -fno-exceptions -fmerge-constants -fmacro-prefix-map="../source/"= -mcpu=cortex-m4 -mfpu=fpv4-sp-d16 -mfloat-abi=hard -mthumb -D__NEWLIB__ -fstack-usage -specs=nano.specs -MMD -MP -MF"source/main-tasks.d" -MT"source/main-tasks.o" -MT"source/main-tasks.d" -o "source/main-tasks.o" "../source/main-tasks.cpp"
Finished building: ../source/main-tasks.cpp
 
Building target: tasks.axf
Invoking: MCU C++ Linker
arm-none-eabi-c++ -nostdlib -Xlinker -Map="tasks.map" -Xlinker --gc-sections -Xlinker -print-memory-usage -Xlinker --sort-section=alignment -Xlinker --cref -mcpu=cortex-m4 -mfpu=fpv4-sp-d16 -mfloat-abi=hard -mthumb -T tasks_Debug.ld -o "tasks.axf" ./utilities/fsl_debug_console.o ./utilities/fsl_str.o  ./startup/startup_mk64f12.o  ./source/main-tasks.o ./source/semihost_hardfault.o  ./freertos/freertos_kernel/portable/MemMang/heap_4.o  ./freertos/freertos_kernel/portable/GCC/ARM_CM4F/port.o  ./freertos/freertos_kernel/croutine.o ./freertos/freertos_kernel/event_groups.o ./freertos/freertos_kernel/list.o ./freertos/freertos_kernel/queue.o ./freertos/freertos_kernel/stream_buffer.o ./freertos/freertos_kernel/tasks.o ./freertos/freertos_kernel/timers.o  ./drivers/fsl_adc16.o ./drivers/fsl_clock.o ./drivers/fsl_common.o ./drivers/fsl_common_arm.o ./drivers/fsl_ftm.o ./drivers/fsl_gpio.o ./drivers/fsl_i2c.o ./drivers/fsl_pit.o ./drivers/fsl_smc.o ./drivers/fsl_uart.o  ./device/system_MK64F12.o  ./component/uart/fsl_adapter_uart.o  ./component/serial_manager/fsl_component_serial_manager.o ./component/serial_manager/fsl_component_serial_port_uart.o  ./component/lists/fsl_component_generic_list.o  ./board/board.o ./board/clock_config.o ./board/peripherals.o ./board/pin_mux.o   
Memory region         Used Size  Region Size  %age Used
   PROGRAM_FLASH:       24056 B         1 MB      2.29%
      SRAM_UPPER:       19376 B       192 KB      9.86%
      SRAM_LOWER:          0 GB        64 KB      0.00%
        FLEX_RAM:          0 GB         4 KB      0.00%
Finished building target: tasks.axf
 
Performing post-build steps
arm-none-eabi-size "tasks.axf"; # arm-none-eabi-objcopy -v -O binary "tasks.axf" "tasks.bin" ; # checksum -p MK64FN1M0xxx12 -d "tasks.bin";
   text	   data	    bss	    dec	    hex	filename
  23864	    192	  19184	  43240	   a8e8	tasks.axf
 

12:54:17 Build Finished. 0 errors, 0 warnings. (took 317ms)

