19:08:14 **** Clean-only build of configuration Debug for project leds ****
make -r -j4 mbedclean 
rm -rf  ./main-leds.o 
rm -rf  ./main-leds.d 
rm -rf  empty-mbed-os.* linker-script-*.ld
 
10:11:21 **** Build of configuration Debug for project demo ****
make -r -j12 linker-script-debug.ld all 
arm-none-eabi-cpp -E -P -DMBED_DEBUG -DMBED_TRAP_ERRORS_ENABLED=1 -DMBED_MINIMAL_PRINTF -Wl,-n -Wl,--start-group -lstdc++ -lsupc++ -lm -lc -lgcc -lnosys -lmbed-os -Wl,--end-group ../mbed-os/targets/TARGET_Freescale/TARGET_MCUXpresso_MCUS/TARGET_MCU_K64F/device/TOOLCHAIN_GCC_ARM/MK64FN1M0xxx12.ld -o linker-script-debug.ld
Building file: ../main-demo.cpp
Invoking: MCU C++ Compiler
arm-none-eabi-c++ -std=gnu++14 -DTARGET_NAME=K64F -DCOMPONENT_SD=1 -DDEVICE_RTC=1 -DFSL_RTOS_MBED -DTOOLCHAIN_GCC -DTARGET_LIKE_CORTEX_M4 -DTARGET_Freescale -DTARGET_MCUXpresso_MCUS -DTARGET_KPSDK_CODE -DTOOLCHAIN_GCC_ARM -DFEATURE_PSA=1 -DDEVICE_USTICKER=1 -DDEVICE_PORTIN=1 -DDEVICE_USBDEVICE=1 -DDEVICE_STDIO_MESSAGES=1 -DCOMPONENT_FLASHIAP=1 -DDEVICE_EMAC=1 -DDEVICE_TRNG=1 -DMBED_SPLIT_HEAP -DTARGET_KPSDK_MCUS -DTARGET_MCU_K64F -DDEVICE_PORTOUT=1 -D__MBED__=1 -DTARGET_Freescale_EMAC -DMBED_TICKLESS -DDEVICE_SERIAL=1 -DTARGET_PSA_Target -DDEVICE_PORTINOUT=1 -DDEVICE_LPTICKER=1 -DDEVICE_SERIAL_FC=1 -DTARGET_KSDK2_MCUS -DDEVICE_WATCHDOG=1 -DTARGET_PSA_V7_M -DDEVICE_ANALOGOUT=1 -DDEVICE_SPI_ASYNCH=1 -DDEVICE_ANALOGIN=1 -DDEVICE_I2C=1 -DTARGET_M4 -DDEVICE_SLEEP=1 -D__CORTEX_M4 -D__MBED_CMSIS_RTOS_CM -DDEVICE_FLASH=1 -DTARGET_K64F -DARM_MATH_CM4 -DMBED_BUILD_TIMESTAMP=1645455281.1211684 -DDEVICE_INTERRUPTIN=1 -DTARGET_RELEASE -DTARGET_LIKE_MBED -DTARGET_RTOS_M4_M7 -D__FPU_PRESENT=1 -DDEVICE_SERIAL_ASYNCH=1 -DTARGET_FRDM -DDEVICE_SPI=1 -D__CMSIS_RTOS -DTARGET_MBED_PSA_SRV -DDEVICE_RESET_REASON=1 -DDEVICE_SPISLAVE=1 -DTARGET_CORTEX -DTARGET_CORTEX_M -DDEVICE_PWMOUT=1 -DTARGET_FF_ARDUINO_UNO -DDEVICE_I2CSLAVE=1 -DDEVICE_CRC=1 -DCPU_MK64FN1M0VMD12 -D__NEWLIB__ -I"/home/fei/min0150/Projects/VSB/APPS/apps-workspace.mcu/demo/." -I"/home/fei/min0150/Projects/VSB/APPS/apps-workspace.mcu/demo/mbed-os" -I"/home/fei/min0150/Projects/VSB/APPS/apps-workspace.mcu/demo/mbed-os/cmsis" -I"/home/fei/min0150/Projects/VSB/APPS/apps-workspace.mcu/demo/mbed-os/cmsis/CMSIS_5" -I"/home/fei/min0150/Projects/VSB/APPS/apps-workspace.mcu/demo/mbed-os/cmsis/CMSIS_5/CMSIS" -I"/home/fei/min0150/Projects/VSB/APPS/apps-workspace.mcu/demo/mbed-os/cmsis/CMSIS_5/CMSIS/TARGET_CORTEX_M" -I"/home/fei/min0150/Projects/VSB/APPS/apps-workspace.mcu/demo/mbed-os/cmsis/CMSIS_5/CMSIS/TARGET_CORTEX_M/Include" -I"/home/fei/min0150/Projects/VSB/APPS/apps-workspace.mcu/demo/mbed-os/cmsis/device" -I"/home/fei/min0150/Projects/VSB/APPS/apps-workspace.mcu/demo/mbed-os/cmsis/device/RTE" -I"/home/fei/min0150/Projects/VSB/APPS/apps-workspace.mcu/demo/mbed-os/cmsis/device/RTE/include" -I"/home/fei/min0150/Projects/VSB/APPS/apps-workspace.mcu/demo/mbed-os/drivers" -I"/home/fei/min0150/Projects/VSB/APPS/apps-workspace.mcu/demo/mbed-os/drivers/include" -I"/home/fei/min0150/Projects/VSB/APPS/apps-workspace.mcu/demo/mbed-os/drivers/include/drivers" -I"/home/fei/min0150/Projects/VSB/APPS/apps-workspace.mcu/demo/mbed-os/drivers/include/drivers/interfaces" -I"/home/fei/min0150/Projects/VSB/APPS/apps-workspace.mcu/demo/mbed-os/features" -I"/home/fei/min0150/Projects/VSB/APPS/apps-workspace.mcu/demo/mbed-os/features/frameworks" -I"/home/fei/min0150/Projects/VSB/APPS/apps-workspace.mcu/demo/mbed-os/hal" -I"/home/fei/min0150/Projects/VSB/APPS/apps-workspace.mcu/demo/mbed-os/hal/include" -I"/home/fei/min0150/Projects/VSB/APPS/apps-workspace.mcu/demo/mbed-os/hal/include/hal" -I"/home/fei/min0150/Projects/VSB/APPS/apps-workspace.mcu/demo/mbed-os/hal/usb" -I"/home/fei/min0150/Projects/VSB/APPS/apps-workspace.mcu/demo/mbed-os/hal/usb/include" -I"/home/fei/min0150/Projects/VSB/APPS/apps-workspace.mcu/demo/mbed-os/hal/usb/include/usb" -I"/home/fei/min0150/Projects/VSB/APPS/apps-workspace.mcu/demo/mbed-os/platform" -I"/home/fei/min0150/Projects/VSB/APPS/apps-workspace.mcu/demo/mbed-os/platform/cxxsupport" -I"/home/fei/min0150/Projects/VSB/APPS/apps-workspace.mcu/demo/mbed-os/platform/include" -I"/home/fei/min0150/Projects/VSB/APPS/apps-workspace.mcu/demo/mbed-os/platform/include/platform" -I"/home/fei/min0150/Projects/VSB/APPS/apps-workspace.mcu/demo/mbed-os/platform/include/platform/internal" -I"/home/fei/min0150/Projects/VSB/APPS/apps-workspace.mcu/demo/mbed-os/platform/mbed-trace" -I"/home/fei/min0150/Projects/VSB/APPS/apps-workspace.mcu/demo/mbed-os/platform/mbed-trace/include" -I"/home/fei/min0150/Projects/VSB/APPS/apps-workspace.mcu/demo/mbed-os/platform/mbed-trace/include/mbed-trace" -I"/home/fei/min0150/Projects/VSB/APPS/apps-workspace.mcu/demo/mbed-os/platform/source" -I"/home/fei/min0150/Projects/VSB/APPS/apps-workspace.mcu/demo/mbed-os/platform/source/minimal-printf" -I"/home/fei/min0150/Projects/VSB/APPS/apps-workspace.mcu/demo/mbed-os/rtos" -I"/home/fei/min0150/Projects/VSB/APPS/apps-workspace.mcu/demo/mbed-os/rtos/include" -I"/home/fei/min0150/Projects/VSB/APPS/apps-workspace.mcu/demo/mbed-os/rtos/include/rtos" -I"/home/fei/min0150/Projects/VSB/APPS/apps-workspace.mcu/demo/mbed-os/rtos/include/rtos/internal" -I"/home/fei/min0150/Projects/VSB/APPS/apps-workspace.mcu/demo/mbed-os/rtos/source" -I"/home/fei/min0150/Projects/VSB/APPS/apps-workspace.mcu/demo/mbed-os/storage" -I"/home/fei/min0150/Projects/VSB/APPS/apps-workspace.mcu/demo/mbed-os/storage/blockdevice" -I"/home/fei/min0150/Projects/VSB/APPS/apps-workspace.mcu/demo/mbed-os/storage/blockdevice/include" -I"/home/fei/min0150/Projects/VSB/APPS/apps-workspace.mcu/demo/mbed-os/storage/blockdevice/include/blockdevice" -I"/home/fei/min0150/Projects/VSB/APPS/apps-workspace.mcu/demo/mbed-os/storage/blockdevice/include/blockdevice/internal" -I"/home/fei/min0150/Projects/VSB/APPS/apps-workspace.mcu/demo/mbed-os/targets/TARGET_Freescale" -I"/home/fei/min0150/Projects/VSB/APPS/apps-workspace.mcu/demo/mbed-os/targets/TARGET_Freescale/TARGET_MCUXpresso_MCUS" -I"/home/fei/min0150/Projects/VSB/APPS/apps-workspace.mcu/demo/mbed-os/targets/TARGET_Freescale/TARGET_MCUXpresso_MCUS/TARGET_MCU_K64F" -I"/home/fei/min0150/Projects/VSB/APPS/apps-workspace.mcu/demo/mbed-os/targets/TARGET_Freescale/TARGET_MCUXpresso_MCUS/TARGET_MCU_K64F/TARGET_FRDM" -I"/home/fei/min0150/Projects/VSB/APPS/apps-workspace.mcu/demo/mbed-os/targets/TARGET_Freescale/TARGET_MCUXpresso_MCUS/TARGET_MCU_K64F/device" -I"/home/fei/min0150/Projects/VSB/APPS/apps-workspace.mcu/demo/mbed-os/targets/TARGET_Freescale/TARGET_MCUXpresso_MCUS/TARGET_MCU_K64F/drivers" -I"/home/fei/min0150/Projects/VSB/APPS/apps-workspace.mcu/demo/mbed-os/targets/TARGET_Freescale/TARGET_MCUXpresso_MCUS/api" -include"/home/fei/min0150/Projects/VSB/APPS/apps-workspace.mcu/demo/mbed_config.h" -fno-rtti -fmessage-length=0 -fno-exceptions -ffunction-sections -fdata-sections -funsigned-char -fomit-frame-pointer -g3 -Wall -Wextra -c -DMBED_DEBUG -DMBED_TRAP_ERRORS_ENABLED=1 -DMBED_MINIMAL_PRINTF -c -g3 -Wno-unused-parameter -Wno-missing-field-initializers -fmacro-prefix-map="../"= -mcpu=cortex-m4 -mfpu=fpv4-sp-d16 -mfloat-abi=softfp -mthumb -D__NEWLIB__ -fstack-usage -specs=nano.specs -MMD -MP -MF"main-demo.d" -MT"main-demo.o" -MT"main-demo.d" -o "main-demo.o" "../main-demo.cpp"
Finished building: ../main-demo.cpp
 
Building target: demo.axf
Invoking: MCU C++ Linker
arm-none-eabi-c++ -o "demo.axf"  ./main-demo.o   -lmbed-os -ldemo-all -lstdc++ -lsupc++ -lm -lc -lgcc -lnosys -L"/home/fei/min0150/Projects/VSB/APPS/apps-workspace.mcu/demo/mbed-os/lib" -L"/home/fei/min0150/Projects/VSB/APPS/apps-workspace.mcu/demo" -DMBED_DEBUG -DMBED_TRAP_ERRORS_ENABLED=1 -DMBED_MINIMAL_PRINTF -Wl,-n -Wl,--start-group -lstdc++ -lsupc++ -lm -lc -lgcc -lnosys -lmbed-os -Wl,--end-group -Xlinker -Map="demo.map" -Xlinker -print-memory-usage -Xlinker --gc-sections -Xlinker --wrap=main -Xlinker --wrap=_malloc_r -Xlinker --wrap=_free_r -Xlinker --wrap=_realloc_r -Xlinker --wrap=_memalign_r -Xlinker --wrap=_calloc_r -Xlinker --wrap=exit -Xlinker --wrap=atexit -Xlinker --wrap=printf -Xlinker --wrap=sprintf -Xlinker --wrap=snprintf -Xlinker --wrap=vprintf -Xlinker --wrap=vsprintf -Xlinker --wrap=vsnprintf -Xlinker --wrap=fprintf -Xlinker --wrap=vfprintf -mcpu=cortex-m4 -mfpu=fpv4-sp-d16 -mfloat-abi=softfp -mthumb -T /home/fei/min0150/Projects/VSB/APPS/apps-workspace.mcu/demo/Debug/linker-script-debug.ld
Memory region         Used Size  Region Size  %age Used
    m_interrupts:          1 KB         1 KB    100.00%
  m_flash_config:          16 B         16 B    100.00%
          m_text:       29188 B    1047536 B      2.79%
          m_data:         64 KB        64 KB    100.00%
        m_data_2:        191 KB       192 KB     99.48%
Finished building target: demo.axf
 
Performing post-build steps
arm-none-eabi-size "demo.axf" ; arm-none-eabi-objcopy -v -O binary "demo.axf" "demo.bin" ; checksum -p MK64FN1M0xxx12 -d "demo.bin"
   text	   data	    bss	    dec	    hex	filename
  27416	   2764	 258368	 288548	  46724	demo.axf
copy from `demo.axf' [elf32-littlearm] to `demo.bin' [binary]
Written checksum 0xdffce0b2 at offset 0x1c in file demo.bin
Previous value 0x00000000 at offset 0x1c in file demo.bin
 
10:12:08 **** Incremental Build of configuration Debug for project demo ****
make -r -j12 linker-script-debug.ld all 
make: 'linker-script-debug.ld' is up to date.
Building file: ../main-demo.cpp
Invoking: MCU C++ Compiler
arm-none-eabi-c++ -std=gnu++14 -DTARGET_NAME=K64F -DCOMPONENT_SD=1 -DDEVICE_RTC=1 -DFSL_RTOS_MBED -DTOOLCHAIN_GCC -DTARGET_LIKE_CORTEX_M4 -DTARGET_Freescale -DTARGET_MCUXpresso_MCUS -DTARGET_KPSDK_CODE -DTOOLCHAIN_GCC_ARM -DFEATURE_PSA=1 -DDEVICE_USTICKER=1 -DDEVICE_PORTIN=1 -DDEVICE_USBDEVICE=1 -DDEVICE_STDIO_MESSAGES=1 -DCOMPONENT_FLASHIAP=1 -DDEVICE_EMAC=1 -DDEVICE_TRNG=1 -DMBED_SPLIT_HEAP -DTARGET_KPSDK_MCUS -DTARGET_MCU_K64F -DDEVICE_PORTOUT=1 -D__MBED__=1 -DTARGET_Freescale_EMAC -DMBED_TICKLESS -DDEVICE_SERIAL=1 -DTARGET_PSA_Target -DDEVICE_PORTINOUT=1 -DDEVICE_LPTICKER=1 -DDEVICE_SERIAL_FC=1 -DTARGET_KSDK2_MCUS -DDEVICE_WATCHDOG=1 -DTARGET_PSA_V7_M -DDEVICE_ANALOGOUT=1 -DDEVICE_SPI_ASYNCH=1 -DDEVICE_ANALOGIN=1 -DDEVICE_I2C=1 -DTARGET_M4 -DDEVICE_SLEEP=1 -D__CORTEX_M4 -D__MBED_CMSIS_RTOS_CM -DDEVICE_FLASH=1 -DTARGET_K64F -DARM_MATH_CM4 -DMBED_BUILD_TIMESTAMP=1645455281.1211684 -DDEVICE_INTERRUPTIN=1 -DTARGET_RELEASE -DTARGET_LIKE_MBED -DTARGET_RTOS_M4_M7 -D__FPU_PRESENT=1 -DDEVICE_SERIAL_ASYNCH=1 -DTARGET_FRDM -DDEVICE_SPI=1 -D__CMSIS_RTOS -DTARGET_MBED_PSA_SRV -DDEVICE_RESET_REASON=1 -DDEVICE_SPISLAVE=1 -DTARGET_CORTEX -DTARGET_CORTEX_M -DDEVICE_PWMOUT=1 -DTARGET_FF_ARDUINO_UNO -DDEVICE_I2CSLAVE=1 -DDEVICE_CRC=1 -DCPU_MK64FN1M0VMD12 -D__NEWLIB__ -I"/home/fei/min0150/Projects/VSB/APPS/apps-workspace.mcu/demo/." -I"/home/fei/min0150/Projects/VSB/APPS/apps-workspace.mcu/demo/mbed-os" -I"/home/fei/min0150/Projects/VSB/APPS/apps-workspace.mcu/demo/mbed-os/cmsis" -I"/home/fei/min0150/Projects/VSB/APPS/apps-workspace.mcu/demo/mbed-os/cmsis/CMSIS_5" -I"/home/fei/min0150/Projects/VSB/APPS/apps-workspace.mcu/demo/mbed-os/cmsis/CMSIS_5/CMSIS" -I"/home/fei/min0150/Projects/VSB/APPS/apps-workspace.mcu/demo/mbed-os/cmsis/CMSIS_5/CMSIS/TARGET_CORTEX_M" -I"/home/fei/min0150/Projects/VSB/APPS/apps-workspace.mcu/demo/mbed-os/cmsis/CMSIS_5/CMSIS/TARGET_CORTEX_M/Include" -I"/home/fei/min0150/Projects/VSB/APPS/apps-workspace.mcu/demo/mbed-os/cmsis/device" -I"/home/fei/min0150/Projects/VSB/APPS/apps-workspace.mcu/demo/mbed-os/cmsis/device/RTE" -I"/home/fei/min0150/Projects/VSB/APPS/apps-workspace.mcu/demo/mbed-os/cmsis/device/RTE/include" -I"/home/fei/min0150/Projects/VSB/APPS/apps-workspace.mcu/demo/mbed-os/drivers" -I"/home/fei/min0150/Projects/VSB/APPS/apps-workspace.mcu/demo/mbed-os/drivers/include" -I"/home/fei/min0150/Projects/VSB/APPS/apps-workspace.mcu/demo/mbed-os/drivers/include/drivers" -I"/home/fei/min0150/Projects/VSB/APPS/apps-workspace.mcu/demo/mbed-os/drivers/include/drivers/interfaces" -I"/home/fei/min0150/Projects/VSB/APPS/apps-workspace.mcu/demo/mbed-os/features" -I"/home/fei/min0150/Projects/VSB/APPS/apps-workspace.mcu/demo/mbed-os/features/frameworks" -I"/home/fei/min0150/Projects/VSB/APPS/apps-workspace.mcu/demo/mbed-os/hal" -I"/home/fei/min0150/Projects/VSB/APPS/apps-workspace.mcu/demo/mbed-os/hal/include" -I"/home/fei/min0150/Projects/VSB/APPS/apps-workspace.mcu/demo/mbed-os/hal/include/hal" -I"/home/fei/min0150/Projects/VSB/APPS/apps-workspace.mcu/demo/mbed-os/hal/usb" -I"/home/fei/min0150/Projects/VSB/APPS/apps-workspace.mcu/demo/mbed-os/hal/usb/include" -I"/home/fei/min0150/Projects/VSB/APPS/apps-workspace.mcu/demo/mbed-os/hal/usb/include/usb" -I"/home/fei/min0150/Projects/VSB/APPS/apps-workspace.mcu/demo/mbed-os/platform" -I"/home/fei/min0150/Projects/VSB/APPS/apps-workspace.mcu/demo/mbed-os/platform/cxxsupport" -I"/home/fei/min0150/Projects/VSB/APPS/apps-workspace.mcu/demo/mbed-os/platform/include" -I"/home/fei/min0150/Projects/VSB/APPS/apps-workspace.mcu/demo/mbed-os/platform/include/platform" -I"/home/fei/min0150/Projects/VSB/APPS/apps-workspace.mcu/demo/mbed-os/platform/include/platform/internal" -I"/home/fei/min0150/Projects/VSB/APPS/apps-workspace.mcu/demo/mbed-os/platform/mbed-trace" -I"/home/fei/min0150/Projects/VSB/APPS/apps-workspace.mcu/demo/mbed-os/platform/mbed-trace/include" -I"/home/fei/min0150/Projects/VSB/APPS/apps-workspace.mcu/demo/mbed-os/platform/mbed-trace/include/mbed-trace" -I"/home/fei/min0150/Projects/VSB/APPS/apps-workspace.mcu/demo/mbed-os/platform/source" -I"/home/fei/min0150/Projects/VSB/APPS/apps-workspace.mcu/demo/mbed-os/platform/source/minimal-printf" -I"/home/fei/min0150/Projects/VSB/APPS/apps-workspace.mcu/demo/mbed-os/rtos" -I"/home/fei/min0150/Projects/VSB/APPS/apps-workspace.mcu/demo/mbed-os/rtos/include" -I"/home/fei/min0150/Projects/VSB/APPS/apps-workspace.mcu/demo/mbed-os/rtos/include/rtos" -I"/home/fei/min0150/Projects/VSB/APPS/apps-workspace.mcu/demo/mbed-os/rtos/include/rtos/internal" -I"/home/fei/min0150/Projects/VSB/APPS/apps-workspace.mcu/demo/mbed-os/rtos/source" -I"/home/fei/min0150/Projects/VSB/APPS/apps-workspace.mcu/demo/mbed-os/storage" -I"/home/fei/min0150/Projects/VSB/APPS/apps-workspace.mcu/demo/mbed-os/storage/blockdevice" -I"/home/fei/min0150/Projects/VSB/APPS/apps-workspace.mcu/demo/mbed-os/storage/blockdevice/include" -I"/home/fei/min0150/Projects/VSB/APPS/apps-workspace.mcu/demo/mbed-os/storage/blockdevice/include/blockdevice" -I"/home/fei/min0150/Projects/VSB/APPS/apps-workspace.mcu/demo/mbed-os/storage/blockdevice/include/blockdevice/internal" -I"/home/fei/min0150/Projects/VSB/APPS/apps-workspace.mcu/demo/mbed-os/targets/TARGET_Freescale" -I"/home/fei/min0150/Projects/VSB/APPS/apps-workspace.mcu/demo/mbed-os/targets/TARGET_Freescale/TARGET_MCUXpresso_MCUS" -I"/home/fei/min0150/Projects/VSB/APPS/apps-workspace.mcu/demo/mbed-os/targets/TARGET_Freescale/TARGET_MCUXpresso_MCUS/TARGET_MCU_K64F" -I"/home/fei/min0150/Projects/VSB/APPS/apps-workspace.mcu/demo/mbed-os/targets/TARGET_Freescale/TARGET_MCUXpresso_MCUS/TARGET_MCU_K64F/TARGET_FRDM" -I"/home/fei/min0150/Projects/VSB/APPS/apps-workspace.mcu/demo/mbed-os/targets/TARGET_Freescale/TARGET_MCUXpresso_MCUS/TARGET_MCU_K64F/device" -I"/home/fei/min0150/Projects/VSB/APPS/apps-workspace.mcu/demo/mbed-os/targets/TARGET_Freescale/TARGET_MCUXpresso_MCUS/TARGET_MCU_K64F/drivers" -I"/home/fei/min0150/Projects/VSB/APPS/apps-workspace.mcu/demo/mbed-os/targets/TARGET_Freescale/TARGET_MCUXpresso_MCUS/api" -include"/home/fei/min0150/Projects/VSB/APPS/apps-workspace.mcu/demo/mbed_config.h" -fno-rtti -fmessage-length=0 -fno-exceptions -ffunction-sections -fdata-sections -funsigned-char -fomit-frame-pointer -g3 -Wall -Wextra -c -DMBED_DEBUG -DMBED_TRAP_ERRORS_ENABLED=1 -DMBED_MINIMAL_PRINTF -c -g3 -Wno-unused-parameter -Wno-missing-field-initializers -fmacro-prefix-map="../"= -mcpu=cortex-m4 -mfpu=fpv4-sp-d16 -mfloat-abi=softfp -mthumb -D__NEWLIB__ -fstack-usage -specs=nano.specs -MMD -MP -MF"main-demo.d" -MT"main-demo.o" -MT"main-demo.d" -o "main-demo.o" "../main-demo.cpp"
Finished building: ../main-demo.cpp
 
Building target: demo.axf
Invoking: MCU C++ Linker
arm-none-eabi-c++ -o "demo.axf"  ./main-demo.o   -lmbed-os -ldemo-all -lstdc++ -lsupc++ -lm -lc -lgcc -lnosys -L"/home/fei/min0150/Projects/VSB/APPS/apps-workspace.mcu/demo/mbed-os/lib" -L"/home/fei/min0150/Projects/VSB/APPS/apps-workspace.mcu/demo" -DMBED_DEBUG -DMBED_TRAP_ERRORS_ENABLED=1 -DMBED_MINIMAL_PRINTF -Wl,-n -Wl,--start-group -lstdc++ -lsupc++ -lm -lc -lgcc -lnosys -lmbed-os -Wl,--end-group -Xlinker -Map="demo.map" -Xlinker -print-memory-usage -Xlinker --gc-sections -Xlinker --wrap=main -Xlinker --wrap=_malloc_r -Xlinker --wrap=_free_r -Xlinker --wrap=_realloc_r -Xlinker --wrap=_memalign_r -Xlinker --wrap=_calloc_r -Xlinker --wrap=exit -Xlinker --wrap=atexit -Xlinker --wrap=printf -Xlinker --wrap=sprintf -Xlinker --wrap=snprintf -Xlinker --wrap=vprintf -Xlinker --wrap=vsprintf -Xlinker --wrap=vsnprintf -Xlinker --wrap=fprintf -Xlinker --wrap=vfprintf -mcpu=cortex-m4 -mfpu=fpv4-sp-d16 -mfloat-abi=softfp -mthumb -T /home/fei/min0150/Projects/VSB/APPS/apps-workspace.mcu/demo/Debug/linker-script-debug.ld
Memory region         Used Size  Region Size  %age Used
    m_interrupts:          1 KB         1 KB    100.00%
  m_flash_config:          16 B         16 B    100.00%
          m_text:       32968 B    1047536 B      3.15%
          m_data:         64 KB        64 KB    100.00%
        m_data_2:        191 KB       192 KB     99.48%
Finished building target: demo.axf
 
Performing post-build steps
arm-none-eabi-size "demo.axf" ; arm-none-eabi-objcopy -v -O binary "demo.axf" "demo.bin" ; checksum -p MK64FN1M0xxx12 -d "demo.bin"
   text	   data	    bss	    dec	    hex	filename
  31176	   2784	 258352	 292312	  475d8	demo.axf
copy from `demo.axf' [elf32-littlearm] to `demo.bin' [binary]
Written checksum 0xdffce0b2 at offset 0x1c in file demo.bin
Previous value 0x00000000 at offset 0x1c in file demo.bin
 
10:13:05 **** Build of configuration Debug for project leds ****
make -r -j12 linker-script-debug.ld all 
arm-none-eabi-cpp -E -P -DMBED_DEBUG -DMBED_TRAP_ERRORS_ENABLED=1 -DMBED_MINIMAL_PRINTF -Wl,-n -Wl,--start-group -lstdc++ -lsupc++ -lm -lc -lgcc -lnosys -lmbed-os -Wl,--end-group ../mbed-os/targets/TARGET_Freescale/TARGET_MCUXpresso_MCUS/TARGET_MCU_K64F/device/TOOLCHAIN_GCC_ARM/MK64FN1M0xxx12.ld -o linker-script-debug.ld
Building file: ../main-leds.cpp
Invoking: MCU C++ Compiler
arm-none-eabi-c++ -std=gnu++14 -DTARGET_NAME=K64F -DCOMPONENT_SD=1 -DDEVICE_RTC=1 -DFSL_RTOS_MBED -DTOOLCHAIN_GCC -DTARGET_LIKE_CORTEX_M4 -DTARGET_Freescale -DTARGET_MCUXpresso_MCUS -DTARGET_KPSDK_CODE -DTOOLCHAIN_GCC_ARM -DFEATURE_PSA=1 -DDEVICE_USTICKER=1 -DDEVICE_PORTIN=1 -DDEVICE_USBDEVICE=1 -DDEVICE_STDIO_MESSAGES=1 -DCOMPONENT_FLASHIAP=1 -DDEVICE_EMAC=1 -DDEVICE_TRNG=1 -DMBED_SPLIT_HEAP -DTARGET_KPSDK_MCUS -DTARGET_MCU_K64F -DDEVICE_PORTOUT=1 -D__MBED__=1 -DTARGET_Freescale_EMAC -DMBED_TICKLESS -DDEVICE_SERIAL=1 -DTARGET_PSA_Target -DDEVICE_PORTINOUT=1 -DDEVICE_LPTICKER=1 -DDEVICE_SERIAL_FC=1 -DTARGET_KSDK2_MCUS -DDEVICE_WATCHDOG=1 -DTARGET_PSA_V7_M -DDEVICE_ANALOGOUT=1 -DDEVICE_SPI_ASYNCH=1 -DDEVICE_ANALOGIN=1 -DDEVICE_I2C=1 -DTARGET_M4 -DDEVICE_SLEEP=1 -D__CORTEX_M4 -D__MBED_CMSIS_RTOS_CM -DDEVICE_FLASH=1 -DTARGET_K64F -DARM_MATH_CM4 -DMBED_BUILD_TIMESTAMP=1645455281.1211684 -DDEVICE_INTERRUPTIN=1 -DTARGET_RELEASE -DTARGET_LIKE_MBED -DTARGET_RTOS_M4_M7 -D__FPU_PRESENT=1 -DDEVICE_SERIAL_ASYNCH=1 -DTARGET_FRDM -DDEVICE_SPI=1 -D__CMSIS_RTOS -DTARGET_MBED_PSA_SRV -DDEVICE_RESET_REASON=1 -DDEVICE_SPISLAVE=1 -DTARGET_CORTEX -DTARGET_CORTEX_M -DDEVICE_PWMOUT=1 -DTARGET_FF_ARDUINO_UNO -DDEVICE_I2CSLAVE=1 -DDEVICE_CRC=1 -DCPU_MK64FN1M0VMD12 -D__NEWLIB__ -I"/home/fei/min0150/Projects/VSB/APPS/apps-workspace.mcu/leds/." -I"/home/fei/min0150/Projects/VSB/APPS/apps-workspace.mcu/leds/mbed-os" -I"/home/fei/min0150/Projects/VSB/APPS/apps-workspace.mcu/leds/mbed-os/cmsis" -I"/home/fei/min0150/Projects/VSB/APPS/apps-workspace.mcu/leds/mbed-os/cmsis/CMSIS_5" -I"/home/fei/min0150/Projects/VSB/APPS/apps-workspace.mcu/leds/mbed-os/cmsis/CMSIS_5/CMSIS" -I"/home/fei/min0150/Projects/VSB/APPS/apps-workspace.mcu/leds/mbed-os/cmsis/CMSIS_5/CMSIS/TARGET_CORTEX_M" -I"/home/fei/min0150/Projects/VSB/APPS/apps-workspace.mcu/leds/mbed-os/cmsis/CMSIS_5/CMSIS/TARGET_CORTEX_M/Include" -I"/home/fei/min0150/Projects/VSB/APPS/apps-workspace.mcu/leds/mbed-os/cmsis/device" -I"/home/fei/min0150/Projects/VSB/APPS/apps-workspace.mcu/leds/mbed-os/cmsis/device/RTE" -I"/home/fei/min0150/Projects/VSB/APPS/apps-workspace.mcu/leds/mbed-os/cmsis/device/RTE/include" -I"/home/fei/min0150/Projects/VSB/APPS/apps-workspace.mcu/leds/mbed-os/drivers" -I"/home/fei/min0150/Projects/VSB/APPS/apps-workspace.mcu/leds/mbed-os/drivers/include" -I"/home/fei/min0150/Projects/VSB/APPS/apps-workspace.mcu/leds/mbed-os/drivers/include/drivers" -I"/home/fei/min0150/Projects/VSB/APPS/apps-workspace.mcu/leds/mbed-os/drivers/include/drivers/interfaces" -I"/home/fei/min0150/Projects/VSB/APPS/apps-workspace.mcu/leds/mbed-os/features" -I"/home/fei/min0150/Projects/VSB/APPS/apps-workspace.mcu/leds/mbed-os/features/frameworks" -I"/home/fei/min0150/Projects/VSB/APPS/apps-workspace.mcu/leds/mbed-os/hal" -I"/home/fei/min0150/Projects/VSB/APPS/apps-workspace.mcu/leds/mbed-os/hal/include" -I"/home/fei/min0150/Projects/VSB/APPS/apps-workspace.mcu/leds/mbed-os/hal/include/hal" -I"/home/fei/min0150/Projects/VSB/APPS/apps-workspace.mcu/leds/mbed-os/hal/usb" -I"/home/fei/min0150/Projects/VSB/APPS/apps-workspace.mcu/leds/mbed-os/hal/usb/include" -I"/home/fei/min0150/Projects/VSB/APPS/apps-workspace.mcu/leds/mbed-os/hal/usb/include/usb" -I"/home/fei/min0150/Projects/VSB/APPS/apps-workspace.mcu/leds/mbed-os/platform" -I"/home/fei/min0150/Projects/VSB/APPS/apps-workspace.mcu/leds/mbed-os/platform/cxxsupport" -I"/home/fei/min0150/Projects/VSB/APPS/apps-workspace.mcu/leds/mbed-os/platform/include" -I"/home/fei/min0150/Projects/VSB/APPS/apps-workspace.mcu/leds/mbed-os/platform/include/platform" -I"/home/fei/min0150/Projects/VSB/APPS/apps-workspace.mcu/leds/mbed-os/platform/include/platform/internal" -I"/home/fei/min0150/Projects/VSB/APPS/apps-workspace.mcu/leds/mbed-os/platform/mbed-trace" -I"/home/fei/min0150/Projects/VSB/APPS/apps-workspace.mcu/leds/mbed-os/platform/mbed-trace/include" -I"/home/fei/min0150/Projects/VSB/APPS/apps-workspace.mcu/leds/mbed-os/platform/mbed-trace/include/mbed-trace" -I"/home/fei/min0150/Projects/VSB/APPS/apps-workspace.mcu/leds/mbed-os/platform/source" -I"/home/fei/min0150/Projects/VSB/APPS/apps-workspace.mcu/leds/mbed-os/platform/source/minimal-printf" -I"/home/fei/min0150/Projects/VSB/APPS/apps-workspace.mcu/leds/mbed-os/rtos" -I"/home/fei/min0150/Projects/VSB/APPS/apps-workspace.mcu/leds/mbed-os/rtos/include" -I"/home/fei/min0150/Projects/VSB/APPS/apps-workspace.mcu/leds/mbed-os/rtos/include/rtos" -I"/home/fei/min0150/Projects/VSB/APPS/apps-workspace.mcu/leds/mbed-os/rtos/include/rtos/internal" -I"/home/fei/min0150/Projects/VSB/APPS/apps-workspace.mcu/leds/mbed-os/rtos/source" -I"/home/fei/min0150/Projects/VSB/APPS/apps-workspace.mcu/leds/mbed-os/storage" -I"/home/fei/min0150/Projects/VSB/APPS/apps-workspace.mcu/leds/mbed-os/storage/blockdevice" -I"/home/fei/min0150/Projects/VSB/APPS/apps-workspace.mcu/leds/mbed-os/storage/blockdevice/include" -I"/home/fei/min0150/Projects/VSB/APPS/apps-workspace.mcu/leds/mbed-os/storage/blockdevice/include/blockdevice" -I"/home/fei/min0150/Projects/VSB/APPS/apps-workspace.mcu/leds/mbed-os/storage/blockdevice/include/blockdevice/internal" -I"/home/fei/min0150/Projects/VSB/APPS/apps-workspace.mcu/leds/mbed-os/targets/TARGET_Freescale" -I"/home/fei/min0150/Projects/VSB/APPS/apps-workspace.mcu/leds/mbed-os/targets/TARGET_Freescale/TARGET_MCUXpresso_MCUS" -I"/home/fei/min0150/Projects/VSB/APPS/apps-workspace.mcu/leds/mbed-os/targets/TARGET_Freescale/TARGET_MCUXpresso_MCUS/TARGET_MCU_K64F" -I"/home/fei/min0150/Projects/VSB/APPS/apps-workspace.mcu/leds/mbed-os/targets/TARGET_Freescale/TARGET_MCUXpresso_MCUS/TARGET_MCU_K64F/TARGET_FRDM" -I"/home/fei/min0150/Projects/VSB/APPS/apps-workspace.mcu/leds/mbed-os/targets/TARGET_Freescale/TARGET_MCUXpresso_MCUS/TARGET_MCU_K64F/device" -I"/home/fei/min0150/Projects/VSB/APPS/apps-workspace.mcu/leds/mbed-os/targets/TARGET_Freescale/TARGET_MCUXpresso_MCUS/TARGET_MCU_K64F/drivers" -I"/home/fei/min0150/Projects/VSB/APPS/apps-workspace.mcu/leds/mbed-os/targets/TARGET_Freescale/TARGET_MCUXpresso_MCUS/api" -include"/home/fei/min0150/Projects/VSB/APPS/apps-workspace.mcu/leds/mbed_config.h" -fno-rtti -fmessage-length=0 -fno-exceptions -ffunction-sections -fdata-sections -funsigned-char -fomit-frame-pointer -g3 -Wall -Wextra -c -DMBED_DEBUG -DMBED_TRAP_ERRORS_ENABLED=1 -DMBED_MINIMAL_PRINTF -c -g3 -Wno-unused-parameter -Wno-missing-field-initializers -fmacro-prefix-map="../"= -mcpu=cortex-m4 -mfpu=fpv4-sp-d16 -mfloat-abi=softfp -mthumb -D__NEWLIB__ -fstack-usage -specs=nano.specs -MMD -MP -MF"main-leds.d" -MT"main-leds.o" -MT"main-leds.d" -o "main-leds.o" "../main-leds.cpp"
Finished building: ../main-leds.cpp
 
Building target: leds.axf
Invoking: MCU C++ Linker
arm-none-eabi-c++ -o "leds.axf"  ./main-leds.o   -lmbed-os -lstdc++ -lsupc++ -lm -lc -lgcc -lnosys -L"/home/fei/min0150/Projects/VSB/APPS/apps-workspace.mcu/leds/mbed-os/lib" -DMBED_DEBUG -DMBED_TRAP_ERRORS_ENABLED=1 -DMBED_MINIMAL_PRINTF -Wl,-n -Wl,--start-group -lstdc++ -lsupc++ -lm -lc -lgcc -lnosys -lmbed-os -Wl,--end-group -Xlinker -Map="leds.map" -Xlinker -print-memory-usage -Xlinker --gc-sections -Xlinker --wrap=main -Xlinker --wrap=_malloc_r -Xlinker --wrap=_free_r -Xlinker --wrap=_realloc_r -Xlinker --wrap=_memalign_r -Xlinker --wrap=_calloc_r -Xlinker --wrap=exit -Xlinker --wrap=atexit -Xlinker --wrap=printf -Xlinker --wrap=sprintf -Xlinker --wrap=snprintf -Xlinker --wrap=vprintf -Xlinker --wrap=vsprintf -Xlinker --wrap=vsnprintf -Xlinker --wrap=fprintf -Xlinker --wrap=vfprintf -mcpu=cortex-m4 -mfpu=fpv4-sp-d16 -mfloat-abi=softfp -mthumb -T /home/fei/min0150/Projects/VSB/APPS/apps-workspace.mcu/leds/Debug/linker-script-debug.ld
Memory region         Used Size  Region Size  %age Used
    m_interrupts:          1 KB         1 KB    100.00%
  m_flash_config:          16 B         16 B    100.00%
          m_text:       30428 B    1047536 B      2.90%
          m_data:         64 KB        64 KB    100.00%
        m_data_2:        191 KB       192 KB     99.48%
Finished building target: leds.axf
 
Performing post-build steps
arm-none-eabi-size "leds.axf" ; arm-none-eabi-objcopy -v -O binary "leds.axf" "leds.bin" ; checksum -p MK64FN1M0xxx12 -d "leds.bin"
   text	   data	    bss	    dec	    hex	filename
  28656	   2764	 258368	 289788	  46bfc	leds.axf
copy from `leds.axf' [elf32-littlearm] to `leds.bin' [binary]
Written checksum 0xdffce0b2 at offset 0x1c in file leds.bin
Previous value 0x00000000 at offset 0x1c in file leds.bin
 
10:13:30 **** Incremental Build of configuration Debug for project demo ****
make -r -j12 linker-script-debug.ld all 
make: 'linker-script-debug.ld' is up to date.
make[1]: Nothing to be done for 'main-build'.
Performing post-build steps
arm-none-eabi-size "demo.axf" ; arm-none-eabi-objcopy -v -O binary "demo.axf" "demo.bin" ; checksum -p MK64FN1M0xxx12 -d "demo.bin"
   text	   data	    bss	    dec	    hex	filename
  31176	   2784	 258352	 292312	  475d8	demo.axf
copy from `demo.axf' [elf32-littlearm] to `demo.bin' [binary]
Written checksum 0xdffce0b2 at offset 0x1c in file demo.bin
Previous value 0x00000000 at offset 0x1c in file demo.bin
 
10:13:37 **** Incremental Build of configuration Debug for project demo ****
make -r -j12 linker-script-debug.ld all 
make: 'linker-script-debug.ld' is up to date.
make[1]: Nothing to be done for 'main-build'.
Performing post-build steps
arm-none-eabi-size "demo.axf" ; arm-none-eabi-objcopy -v -O binary "demo.axf" "demo.bin" ; checksum -p MK64FN1M0xxx12 -d "demo.bin"
   text	   data	    bss	    dec	    hex	filename
  31176	   2784	 258352	 292312	  475d8	demo.axf
copy from `demo.axf' [elf32-littlearm] to `demo.bin' [binary]
Written checksum 0xdffce0b2 at offset 0x1c in file demo.bin
Previous value 0x00000000 at offset 0x1c in file demo.bin
 
10:14:03 **** Incremental Build of configuration Debug for project leds ****
make -r -j12 linker-script-debug.ld all 
make: 'linker-script-debug.ld' is up to date.
make[1]: Nothing to be done for 'main-build'.
Performing post-build steps
arm-none-eabi-size "leds.axf" ; arm-none-eabi-objcopy -v -O binary "leds.axf" "leds.bin" ; checksum -p MK64FN1M0xxx12 -d "leds.bin"
   text	   data	    bss	    dec	    hex	filename
  28656	   2764	 258368	 289788	  46bfc	leds.axf
copy from `leds.axf' [elf32-littlearm] to `leds.bin' [binary]
Written checksum 0xdffce0b2 at offset 0x1c in file leds.bin
Previous value 0x00000000 at offset 0x1c in file leds.bin
 
10:14:40 **** Incremental Build of configuration Debug for project leds ****
make -r -j12 linker-script-debug.ld all 
make: 'linker-script-debug.ld' is up to date.
Building file: ../main-leds.cpp
Invoking: MCU C++ Compiler
arm-none-eabi-c++ -std=gnu++14 -DTARGET_NAME=K64F -DCOMPONENT_SD=1 -DDEVICE_RTC=1 -DFSL_RTOS_MBED -DTOOLCHAIN_GCC -DTARGET_LIKE_CORTEX_M4 -DTARGET_Freescale -DTARGET_MCUXpresso_MCUS -DTARGET_KPSDK_CODE -DTOOLCHAIN_GCC_ARM -DFEATURE_PSA=1 -DDEVICE_USTICKER=1 -DDEVICE_PORTIN=1 -DDEVICE_USBDEVICE=1 -DDEVICE_STDIO_MESSAGES=1 -DCOMPONENT_FLASHIAP=1 -DDEVICE_EMAC=1 -DDEVICE_TRNG=1 -DMBED_SPLIT_HEAP -DTARGET_KPSDK_MCUS -DTARGET_MCU_K64F -DDEVICE_PORTOUT=1 -D__MBED__=1 -DTARGET_Freescale_EMAC -DMBED_TICKLESS -DDEVICE_SERIAL=1 -DTARGET_PSA_Target -DDEVICE_PORTINOUT=1 -DDEVICE_LPTICKER=1 -DDEVICE_SERIAL_FC=1 -DTARGET_KSDK2_MCUS -DDEVICE_WATCHDOG=1 -DTARGET_PSA_V7_M -DDEVICE_ANALOGOUT=1 -DDEVICE_SPI_ASYNCH=1 -DDEVICE_ANALOGIN=1 -DDEVICE_I2C=1 -DTARGET_M4 -DDEVICE_SLEEP=1 -D__CORTEX_M4 -D__MBED_CMSIS_RTOS_CM -DDEVICE_FLASH=1 -DTARGET_K64F -DARM_MATH_CM4 -DMBED_BUILD_TIMESTAMP=1645455281.1211684 -DDEVICE_INTERRUPTIN=1 -DTARGET_RELEASE -DTARGET_LIKE_MBED -DTARGET_RTOS_M4_M7 -D__FPU_PRESENT=1 -DDEVICE_SERIAL_ASYNCH=1 -DTARGET_FRDM -DDEVICE_SPI=1 -D__CMSIS_RTOS -DTARGET_MBED_PSA_SRV -DDEVICE_RESET_REASON=1 -DDEVICE_SPISLAVE=1 -DTARGET_CORTEX -DTARGET_CORTEX_M -DDEVICE_PWMOUT=1 -DTARGET_FF_ARDUINO_UNO -DDEVICE_I2CSLAVE=1 -DDEVICE_CRC=1 -DCPU_MK64FN1M0VMD12 -D__NEWLIB__ -I"/home/fei/min0150/Projects/VSB/APPS/apps-workspace.mcu/leds/." -I"/home/fei/min0150/Projects/VSB/APPS/apps-workspace.mcu/leds/mbed-os" -I"/home/fei/min0150/Projects/VSB/APPS/apps-workspace.mcu/leds/mbed-os/cmsis" -I"/home/fei/min0150/Projects/VSB/APPS/apps-workspace.mcu/leds/mbed-os/cmsis/CMSIS_5" -I"/home/fei/min0150/Projects/VSB/APPS/apps-workspace.mcu/leds/mbed-os/cmsis/CMSIS_5/CMSIS" -I"/home/fei/min0150/Projects/VSB/APPS/apps-workspace.mcu/leds/mbed-os/cmsis/CMSIS_5/CMSIS/TARGET_CORTEX_M" -I"/home/fei/min0150/Projects/VSB/APPS/apps-workspace.mcu/leds/mbed-os/cmsis/CMSIS_5/CMSIS/TARGET_CORTEX_M/Include" -I"/home/fei/min0150/Projects/VSB/APPS/apps-workspace.mcu/leds/mbed-os/cmsis/device" -I"/home/fei/min0150/Projects/VSB/APPS/apps-workspace.mcu/leds/mbed-os/cmsis/device/RTE" -I"/home/fei/min0150/Projects/VSB/APPS/apps-workspace.mcu/leds/mbed-os/cmsis/device/RTE/include" -I"/home/fei/min0150/Projects/VSB/APPS/apps-workspace.mcu/leds/mbed-os/drivers" -I"/home/fei/min0150/Projects/VSB/APPS/apps-workspace.mcu/leds/mbed-os/drivers/include" -I"/home/fei/min0150/Projects/VSB/APPS/apps-workspace.mcu/leds/mbed-os/drivers/include/drivers" -I"/home/fei/min0150/Projects/VSB/APPS/apps-workspace.mcu/leds/mbed-os/drivers/include/drivers/interfaces" -I"/home/fei/min0150/Projects/VSB/APPS/apps-workspace.mcu/leds/mbed-os/features" -I"/home/fei/min0150/Projects/VSB/APPS/apps-workspace.mcu/leds/mbed-os/features/frameworks" -I"/home/fei/min0150/Projects/VSB/APPS/apps-workspace.mcu/leds/mbed-os/hal" -I"/home/fei/min0150/Projects/VSB/APPS/apps-workspace.mcu/leds/mbed-os/hal/include" -I"/home/fei/min0150/Projects/VSB/APPS/apps-workspace.mcu/leds/mbed-os/hal/include/hal" -I"/home/fei/min0150/Projects/VSB/APPS/apps-workspace.mcu/leds/mbed-os/hal/usb" -I"/home/fei/min0150/Projects/VSB/APPS/apps-workspace.mcu/leds/mbed-os/hal/usb/include" -I"/home/fei/min0150/Projects/VSB/APPS/apps-workspace.mcu/leds/mbed-os/hal/usb/include/usb" -I"/home/fei/min0150/Projects/VSB/APPS/apps-workspace.mcu/leds/mbed-os/platform" -I"/home/fei/min0150/Projects/VSB/APPS/apps-workspace.mcu/leds/mbed-os/platform/cxxsupport" -I"/home/fei/min0150/Projects/VSB/APPS/apps-workspace.mcu/leds/mbed-os/platform/include" -I"/home/fei/min0150/Projects/VSB/APPS/apps-workspace.mcu/leds/mbed-os/platform/include/platform" -I"/home/fei/min0150/Projects/VSB/APPS/apps-workspace.mcu/leds/mbed-os/platform/include/platform/internal" -I"/home/fei/min0150/Projects/VSB/APPS/apps-workspace.mcu/leds/mbed-os/platform/mbed-trace" -I"/home/fei/min0150/Projects/VSB/APPS/apps-workspace.mcu/leds/mbed-os/platform/mbed-trace/include" -I"/home/fei/min0150/Projects/VSB/APPS/apps-workspace.mcu/leds/mbed-os/platform/mbed-trace/include/mbed-trace" -I"/home/fei/min0150/Projects/VSB/APPS/apps-workspace.mcu/leds/mbed-os/platform/source" -I"/home/fei/min0150/Projects/VSB/APPS/apps-workspace.mcu/leds/mbed-os/platform/source/minimal-printf" -I"/home/fei/min0150/Projects/VSB/APPS/apps-workspace.mcu/leds/mbed-os/rtos" -I"/home/fei/min0150/Projects/VSB/APPS/apps-workspace.mcu/leds/mbed-os/rtos/include" -I"/home/fei/min0150/Projects/VSB/APPS/apps-workspace.mcu/leds/mbed-os/rtos/include/rtos" -I"/home/fei/min0150/Projects/VSB/APPS/apps-workspace.mcu/leds/mbed-os/rtos/include/rtos/internal" -I"/home/fei/min0150/Projects/VSB/APPS/apps-workspace.mcu/leds/mbed-os/rtos/source" -I"/home/fei/min0150/Projects/VSB/APPS/apps-workspace.mcu/leds/mbed-os/storage" -I"/home/fei/min0150/Projects/VSB/APPS/apps-workspace.mcu/leds/mbed-os/storage/blockdevice" -I"/home/fei/min0150/Projects/VSB/APPS/apps-workspace.mcu/leds/mbed-os/storage/blockdevice/include" -I"/home/fei/min0150/Projects/VSB/APPS/apps-workspace.mcu/leds/mbed-os/storage/blockdevice/include/blockdevice" -I"/home/fei/min0150/Projects/VSB/APPS/apps-workspace.mcu/leds/mbed-os/storage/blockdevice/include/blockdevice/internal" -I"/home/fei/min0150/Projects/VSB/APPS/apps-workspace.mcu/leds/mbed-os/targets/TARGET_Freescale" -I"/home/fei/min0150/Projects/VSB/APPS/apps-workspace.mcu/leds/mbed-os/targets/TARGET_Freescale/TARGET_MCUXpresso_MCUS" -I"/home/fei/min0150/Projects/VSB/APPS/apps-workspace.mcu/leds/mbed-os/targets/TARGET_Freescale/TARGET_MCUXpresso_MCUS/TARGET_MCU_K64F" -I"/home/fei/min0150/Projects/VSB/APPS/apps-workspace.mcu/leds/mbed-os/targets/TARGET_Freescale/TARGET_MCUXpresso_MCUS/TARGET_MCU_K64F/TARGET_FRDM" -I"/home/fei/min0150/Projects/VSB/APPS/apps-workspace.mcu/leds/mbed-os/targets/TARGET_Freescale/TARGET_MCUXpresso_MCUS/TARGET_MCU_K64F/device" -I"/home/fei/min0150/Projects/VSB/APPS/apps-workspace.mcu/leds/mbed-os/targets/TARGET_Freescale/TARGET_MCUXpresso_MCUS/TARGET_MCU_K64F/drivers" -I"/home/fei/min0150/Projects/VSB/APPS/apps-workspace.mcu/leds/mbed-os/targets/TARGET_Freescale/TARGET_MCUXpresso_MCUS/api" -include"/home/fei/min0150/Projects/VSB/APPS/apps-workspace.mcu/leds/mbed_config.h" -fno-rtti -fmessage-length=0 -fno-exceptions -ffunction-sections -fdata-sections -funsigned-char -fomit-frame-pointer -g3 -Wall -Wextra -c -DMBED_DEBUG -DMBED_TRAP_ERRORS_ENABLED=1 -DMBED_MINIMAL_PRINTF -c -g3 -Wno-unused-parameter -Wno-missing-field-initializers -fmacro-prefix-map="../"= -mcpu=cortex-m4 -mfpu=fpv4-sp-d16 -mfloat-abi=softfp -mthumb -D__NEWLIB__ -fstack-usage -specs=nano.specs -MMD -MP -MF"main-leds.d" -MT"main-leds.o" -MT"main-leds.d" -o "main-leds.o" "../main-leds.cpp"
Finished building: ../main-leds.cpp
 
Building target: leds.axf
Invoking: MCU C++ Linker
arm-none-eabi-c++ -o "leds.axf"  ./main-leds.o   -lmbed-os -lstdc++ -lsupc++ -lm -lc -lgcc -lnosys -L"/home/fei/min0150/Projects/VSB/APPS/apps-workspace.mcu/leds/mbed-os/lib" -DMBED_DEBUG -DMBED_TRAP_ERRORS_ENABLED=1 -DMBED_MINIMAL_PRINTF -Wl,-n -Wl,--start-group -lstdc++ -lsupc++ -lm -lc -lgcc -lnosys -lmbed-os -Wl,--end-group -Xlinker -Map="leds.map" -Xlinker -print-memory-usage -Xlinker --gc-sections -Xlinker --wrap=main -Xlinker --wrap=_malloc_r -Xlinker --wrap=_free_r -Xlinker --wrap=_realloc_r -Xlinker --wrap=_memalign_r -Xlinker --wrap=_calloc_r -Xlinker --wrap=exit -Xlinker --wrap=atexit -Xlinker --wrap=printf -Xlinker --wrap=sprintf -Xlinker --wrap=snprintf -Xlinker --wrap=vprintf -Xlinker --wrap=vsprintf -Xlinker --wrap=vsnprintf -Xlinker --wrap=fprintf -Xlinker --wrap=vfprintf -mcpu=cortex-m4 -mfpu=fpv4-sp-d16 -mfloat-abi=softfp -mthumb -T /home/fei/min0150/Projects/VSB/APPS/apps-workspace.mcu/leds/Debug/linker-script-debug.ld
Memory region         Used Size  Region Size  %age Used
    m_interrupts:          1 KB         1 KB    100.00%
  m_flash_config:          16 B         16 B    100.00%
          m_text:       30428 B    1047536 B      2.90%
          m_data:         64 KB        64 KB    100.00%
        m_data_2:        191 KB       192 KB     99.48%
Finished building target: leds.axf
 
Performing post-build steps
arm-none-eabi-size "leds.axf" ; arm-none-eabi-objcopy -v -O binary "leds.axf" "leds.bin" ; checksum -p MK64FN1M0xxx12 -d "leds.bin"
   text	   data	    bss	    dec	    hex	filename
  28656	   2764	 258368	 289788	  46bfc	leds.axf
copy from `leds.axf' [elf32-littlearm] to `leds.bin' [binary]
Written checksum 0xdffce0b2 at offset 0x1c in file leds.bin
Previous value 0x00000000 at offset 0x1c in file leds.bin
 
10:20:05 **** Incremental Build of configuration Debug for project leds ****
make -r -j12 linker-script-debug.ld all 
make: 'linker-script-debug.ld' is up to date.
Building file: ../main-leds.cpp
Invoking: MCU C++ Compiler
arm-none-eabi-c++ -std=gnu++14 -DTARGET_NAME=K64F -DCOMPONENT_SD=1 -DDEVICE_RTC=1 -DFSL_RTOS_MBED -DTOOLCHAIN_GCC -DTARGET_LIKE_CORTEX_M4 -DTARGET_Freescale -DTARGET_MCUXpresso_MCUS -DTARGET_KPSDK_CODE -DTOOLCHAIN_GCC_ARM -DFEATURE_PSA=1 -DDEVICE_USTICKER=1 -DDEVICE_PORTIN=1 -DDEVICE_USBDEVICE=1 -DDEVICE_STDIO_MESSAGES=1 -DCOMPONENT_FLASHIAP=1 -DDEVICE_EMAC=1 -DDEVICE_TRNG=1 -DMBED_SPLIT_HEAP -DTARGET_KPSDK_MCUS -DTARGET_MCU_K64F -DDEVICE_PORTOUT=1 -D__MBED__=1 -DTARGET_Freescale_EMAC -DMBED_TICKLESS -DDEVICE_SERIAL=1 -DTARGET_PSA_Target -DDEVICE_PORTINOUT=1 -DDEVICE_LPTICKER=1 -DDEVICE_SERIAL_FC=1 -DTARGET_KSDK2_MCUS -DDEVICE_WATCHDOG=1 -DTARGET_PSA_V7_M -DDEVICE_ANALOGOUT=1 -DDEVICE_SPI_ASYNCH=1 -DDEVICE_ANALOGIN=1 -DDEVICE_I2C=1 -DTARGET_M4 -DDEVICE_SLEEP=1 -D__CORTEX_M4 -D__MBED_CMSIS_RTOS_CM -DDEVICE_FLASH=1 -DTARGET_K64F -DARM_MATH_CM4 -DMBED_BUILD_TIMESTAMP=1645455281.1211684 -DDEVICE_INTERRUPTIN=1 -DTARGET_RELEASE -DTARGET_LIKE_MBED -DTARGET_RTOS_M4_M7 -D__FPU_PRESENT=1 -DDEVICE_SERIAL_ASYNCH=1 -DTARGET_FRDM -DDEVICE_SPI=1 -D__CMSIS_RTOS -DTARGET_MBED_PSA_SRV -DDEVICE_RESET_REASON=1 -DDEVICE_SPISLAVE=1 -DTARGET_CORTEX -DTARGET_CORTEX_M -DDEVICE_PWMOUT=1 -DTARGET_FF_ARDUINO_UNO -DDEVICE_I2CSLAVE=1 -DDEVICE_CRC=1 -DCPU_MK64FN1M0VMD12 -D__NEWLIB__ -I"/home/fei/min0150/Projects/VSB/APPS/apps-workspace.mcu/leds/." -I"/home/fei/min0150/Projects/VSB/APPS/apps-workspace.mcu/leds/mbed-os" -I"/home/fei/min0150/Projects/VSB/APPS/apps-workspace.mcu/leds/mbed-os/cmsis" -I"/home/fei/min0150/Projects/VSB/APPS/apps-workspace.mcu/leds/mbed-os/cmsis/CMSIS_5" -I"/home/fei/min0150/Projects/VSB/APPS/apps-workspace.mcu/leds/mbed-os/cmsis/CMSIS_5/CMSIS" -I"/home/fei/min0150/Projects/VSB/APPS/apps-workspace.mcu/leds/mbed-os/cmsis/CMSIS_5/CMSIS/TARGET_CORTEX_M" -I"/home/fei/min0150/Projects/VSB/APPS/apps-workspace.mcu/leds/mbed-os/cmsis/CMSIS_5/CMSIS/TARGET_CORTEX_M/Include" -I"/home/fei/min0150/Projects/VSB/APPS/apps-workspace.mcu/leds/mbed-os/cmsis/device" -I"/home/fei/min0150/Projects/VSB/APPS/apps-workspace.mcu/leds/mbed-os/cmsis/device/RTE" -I"/home/fei/min0150/Projects/VSB/APPS/apps-workspace.mcu/leds/mbed-os/cmsis/device/RTE/include" -I"/home/fei/min0150/Projects/VSB/APPS/apps-workspace.mcu/leds/mbed-os/drivers" -I"/home/fei/min0150/Projects/VSB/APPS/apps-workspace.mcu/leds/mbed-os/drivers/include" -I"/home/fei/min0150/Projects/VSB/APPS/apps-workspace.mcu/leds/mbed-os/drivers/include/drivers" -I"/home/fei/min0150/Projects/VSB/APPS/apps-workspace.mcu/leds/mbed-os/drivers/include/drivers/interfaces" -I"/home/fei/min0150/Projects/VSB/APPS/apps-workspace.mcu/leds/mbed-os/features" -I"/home/fei/min0150/Projects/VSB/APPS/apps-workspace.mcu/leds/mbed-os/features/frameworks" -I"/home/fei/min0150/Projects/VSB/APPS/apps-workspace.mcu/leds/mbed-os/hal" -I"/home/fei/min0150/Projects/VSB/APPS/apps-workspace.mcu/leds/mbed-os/hal/include" -I"/home/fei/min0150/Projects/VSB/APPS/apps-workspace.mcu/leds/mbed-os/hal/include/hal" -I"/home/fei/min0150/Projects/VSB/APPS/apps-workspace.mcu/leds/mbed-os/hal/usb" -I"/home/fei/min0150/Projects/VSB/APPS/apps-workspace.mcu/leds/mbed-os/hal/usb/include" -I"/home/fei/min0150/Projects/VSB/APPS/apps-workspace.mcu/leds/mbed-os/hal/usb/include/usb" -I"/home/fei/min0150/Projects/VSB/APPS/apps-workspace.mcu/leds/mbed-os/platform" -I"/home/fei/min0150/Projects/VSB/APPS/apps-workspace.mcu/leds/mbed-os/platform/cxxsupport" -I"/home/fei/min0150/Projects/VSB/APPS/apps-workspace.mcu/leds/mbed-os/platform/include" -I"/home/fei/min0150/Projects/VSB/APPS/apps-workspace.mcu/leds/mbed-os/platform/include/platform" -I"/home/fei/min0150/Projects/VSB/APPS/apps-workspace.mcu/leds/mbed-os/platform/include/platform/internal" -I"/home/fei/min0150/Projects/VSB/APPS/apps-workspace.mcu/leds/mbed-os/platform/mbed-trace" -I"/home/fei/min0150/Projects/VSB/APPS/apps-workspace.mcu/leds/mbed-os/platform/mbed-trace/include" -I"/home/fei/min0150/Projects/VSB/APPS/apps-workspace.mcu/leds/mbed-os/platform/mbed-trace/include/mbed-trace" -I"/home/fei/min0150/Projects/VSB/APPS/apps-workspace.mcu/leds/mbed-os/platform/source" -I"/home/fei/min0150/Projects/VSB/APPS/apps-workspace.mcu/leds/mbed-os/platform/source/minimal-printf" -I"/home/fei/min0150/Projects/VSB/APPS/apps-workspace.mcu/leds/mbed-os/rtos" -I"/home/fei/min0150/Projects/VSB/APPS/apps-workspace.mcu/leds/mbed-os/rtos/include" -I"/home/fei/min0150/Projects/VSB/APPS/apps-workspace.mcu/leds/mbed-os/rtos/include/rtos" -I"/home/fei/min0150/Projects/VSB/APPS/apps-workspace.mcu/leds/mbed-os/rtos/include/rtos/internal" -I"/home/fei/min0150/Projects/VSB/APPS/apps-workspace.mcu/leds/mbed-os/rtos/source" -I"/home/fei/min0150/Projects/VSB/APPS/apps-workspace.mcu/leds/mbed-os/storage" -I"/home/fei/min0150/Projects/VSB/APPS/apps-workspace.mcu/leds/mbed-os/storage/blockdevice" -I"/home/fei/min0150/Projects/VSB/APPS/apps-workspace.mcu/leds/mbed-os/storage/blockdevice/include" -I"/home/fei/min0150/Projects/VSB/APPS/apps-workspace.mcu/leds/mbed-os/storage/blockdevice/include/blockdevice" -I"/home/fei/min0150/Projects/VSB/APPS/apps-workspace.mcu/leds/mbed-os/storage/blockdevice/include/blockdevice/internal" -I"/home/fei/min0150/Projects/VSB/APPS/apps-workspace.mcu/leds/mbed-os/targets/TARGET_Freescale" -I"/home/fei/min0150/Projects/VSB/APPS/apps-workspace.mcu/leds/mbed-os/targets/TARGET_Freescale/TARGET_MCUXpresso_MCUS" -I"/home/fei/min0150/Projects/VSB/APPS/apps-workspace.mcu/leds/mbed-os/targets/TARGET_Freescale/TARGET_MCUXpresso_MCUS/TARGET_MCU_K64F" -I"/home/fei/min0150/Projects/VSB/APPS/apps-workspace.mcu/leds/mbed-os/targets/TARGET_Freescale/TARGET_MCUXpresso_MCUS/TARGET_MCU_K64F/TARGET_FRDM" -I"/home/fei/min0150/Projects/VSB/APPS/apps-workspace.mcu/leds/mbed-os/targets/TARGET_Freescale/TARGET_MCUXpresso_MCUS/TARGET_MCU_K64F/device" -I"/home/fei/min0150/Projects/VSB/APPS/apps-workspace.mcu/leds/mbed-os/targets/TARGET_Freescale/TARGET_MCUXpresso_MCUS/TARGET_MCU_K64F/drivers" -I"/home/fei/min0150/Projects/VSB/APPS/apps-workspace.mcu/leds/mbed-os/targets/TARGET_Freescale/TARGET_MCUXpresso_MCUS/api" -include"/home/fei/min0150/Projects/VSB/APPS/apps-workspace.mcu/leds/mbed_config.h" -fno-rtti -fmessage-length=0 -fno-exceptions -ffunction-sections -fdata-sections -funsigned-char -fomit-frame-pointer -g3 -Wall -Wextra -c -DMBED_DEBUG -DMBED_TRAP_ERRORS_ENABLED=1 -DMBED_MINIMAL_PRINTF -c -g3 -Wno-unused-parameter -Wno-missing-field-initializers -fmacro-prefix-map="../"= -mcpu=cortex-m4 -mfpu=fpv4-sp-d16 -mfloat-abi=softfp -mthumb -D__NEWLIB__ -fstack-usage -specs=nano.specs -MMD -MP -MF"main-leds.d" -MT"main-leds.o" -MT"main-leds.d" -o "main-leds.o" "../main-leds.cpp"
../main-leds.cpp: In function 'void test()':
../main-leds.cpp:57:10: warning: unused variable 'l_periode' [-Wunused-variable]
   57 |  int32_t l_periode = 20;
      |          ^~~~~~~~~
Finished building: ../main-leds.cpp
 
Building target: leds.axf
Invoking: MCU C++ Linker
arm-none-eabi-c++ -o "leds.axf"  ./main-leds.o   -lmbed-os -lstdc++ -lsupc++ -lm -lc -lgcc -lnosys -L"/home/fei/min0150/Projects/VSB/APPS/apps-workspace.mcu/leds/mbed-os/lib" -DMBED_DEBUG -DMBED_TRAP_ERRORS_ENABLED=1 -DMBED_MINIMAL_PRINTF -Wl,-n -Wl,--start-group -lstdc++ -lsupc++ -lm -lc -lgcc -lnosys -lmbed-os -Wl,--end-group -Xlinker -Map="leds.map" -Xlinker -print-memory-usage -Xlinker --gc-sections -Xlinker --wrap=main -Xlinker --wrap=_malloc_r -Xlinker --wrap=_free_r -Xlinker --wrap=_realloc_r -Xlinker --wrap=_memalign_r -Xlinker --wrap=_calloc_r -Xlinker --wrap=exit -Xlinker --wrap=atexit -Xlinker --wrap=printf -Xlinker --wrap=sprintf -Xlinker --wrap=snprintf -Xlinker --wrap=vprintf -Xlinker --wrap=vsprintf -Xlinker --wrap=vsnprintf -Xlinker --wrap=fprintf -Xlinker --wrap=vfprintf -mcpu=cortex-m4 -mfpu=fpv4-sp-d16 -mfloat-abi=softfp -mthumb -T /home/fei/min0150/Projects/VSB/APPS/apps-workspace.mcu/leds/Debug/linker-script-debug.ld
Memory region         Used Size  Region Size  %age Used
    m_interrupts:          1 KB         1 KB    100.00%
  m_flash_config:          16 B         16 B    100.00%
          m_text:       30428 B    1047536 B      2.90%
          m_data:         64 KB        64 KB    100.00%
        m_data_2:        191 KB       192 KB     99.48%
Finished building target: leds.axf
 
Performing post-build steps
arm-none-eabi-size "leds.axf" ; arm-none-eabi-objcopy -v -O binary "leds.axf" "leds.bin" ; checksum -p MK64FN1M0xxx12 -d "leds.bin"
   text	   data	    bss	    dec	    hex	filename
  28656	   2764	 258368	 289788	  46bfc	leds.axf
copy from `leds.axf' [elf32-littlearm] to `leds.bin' [binary]
Written checksum 0xdffce0b2 at offset 0x1c in file leds.bin
Previous value 0x00000000 at offset 0x1c in file leds.bin
 
10:20:28 **** Incremental Build of configuration Debug for project leds ****
make -r -j12 linker-script-debug.ld all 
make: 'linker-script-debug.ld' is up to date.
Building file: ../main-leds.cpp
Invoking: MCU C++ Compiler
arm-none-eabi-c++ -std=gnu++14 -DTARGET_NAME=K64F -DCOMPONENT_SD=1 -DDEVICE_RTC=1 -DFSL_RTOS_MBED -DTOOLCHAIN_GCC -DTARGET_LIKE_CORTEX_M4 -DTARGET_Freescale -DTARGET_MCUXpresso_MCUS -DTARGET_KPSDK_CODE -DTOOLCHAIN_GCC_ARM -DFEATURE_PSA=1 -DDEVICE_USTICKER=1 -DDEVICE_PORTIN=1 -DDEVICE_USBDEVICE=1 -DDEVICE_STDIO_MESSAGES=1 -DCOMPONENT_FLASHIAP=1 -DDEVICE_EMAC=1 -DDEVICE_TRNG=1 -DMBED_SPLIT_HEAP -DTARGET_KPSDK_MCUS -DTARGET_MCU_K64F -DDEVICE_PORTOUT=1 -D__MBED__=1 -DTARGET_Freescale_EMAC -DMBED_TICKLESS -DDEVICE_SERIAL=1 -DTARGET_PSA_Target -DDEVICE_PORTINOUT=1 -DDEVICE_LPTICKER=1 -DDEVICE_SERIAL_FC=1 -DTARGET_KSDK2_MCUS -DDEVICE_WATCHDOG=1 -DTARGET_PSA_V7_M -DDEVICE_ANALOGOUT=1 -DDEVICE_SPI_ASYNCH=1 -DDEVICE_ANALOGIN=1 -DDEVICE_I2C=1 -DTARGET_M4 -DDEVICE_SLEEP=1 -D__CORTEX_M4 -D__MBED_CMSIS_RTOS_CM -DDEVICE_FLASH=1 -DTARGET_K64F -DARM_MATH_CM4 -DMBED_BUILD_TIMESTAMP=1645455281.1211684 -DDEVICE_INTERRUPTIN=1 -DTARGET_RELEASE -DTARGET_LIKE_MBED -DTARGET_RTOS_M4_M7 -D__FPU_PRESENT=1 -DDEVICE_SERIAL_ASYNCH=1 -DTARGET_FRDM -DDEVICE_SPI=1 -D__CMSIS_RTOS -DTARGET_MBED_PSA_SRV -DDEVICE_RESET_REASON=1 -DDEVICE_SPISLAVE=1 -DTARGET_CORTEX -DTARGET_CORTEX_M -DDEVICE_PWMOUT=1 -DTARGET_FF_ARDUINO_UNO -DDEVICE_I2CSLAVE=1 -DDEVICE_CRC=1 -DCPU_MK64FN1M0VMD12 -D__NEWLIB__ -I"/home/fei/min0150/Projects/VSB/APPS/apps-workspace.mcu/leds/." -I"/home/fei/min0150/Projects/VSB/APPS/apps-workspace.mcu/leds/mbed-os" -I"/home/fei/min0150/Projects/VSB/APPS/apps-workspace.mcu/leds/mbed-os/cmsis" -I"/home/fei/min0150/Projects/VSB/APPS/apps-workspace.mcu/leds/mbed-os/cmsis/CMSIS_5" -I"/home/fei/min0150/Projects/VSB/APPS/apps-workspace.mcu/leds/mbed-os/cmsis/CMSIS_5/CMSIS" -I"/home/fei/min0150/Projects/VSB/APPS/apps-workspace.mcu/leds/mbed-os/cmsis/CMSIS_5/CMSIS/TARGET_CORTEX_M" -I"/home/fei/min0150/Projects/VSB/APPS/apps-workspace.mcu/leds/mbed-os/cmsis/CMSIS_5/CMSIS/TARGET_CORTEX_M/Include" -I"/home/fei/min0150/Projects/VSB/APPS/apps-workspace.mcu/leds/mbed-os/cmsis/device" -I"/home/fei/min0150/Projects/VSB/APPS/apps-workspace.mcu/leds/mbed-os/cmsis/device/RTE" -I"/home/fei/min0150/Projects/VSB/APPS/apps-workspace.mcu/leds/mbed-os/cmsis/device/RTE/include" -I"/home/fei/min0150/Projects/VSB/APPS/apps-workspace.mcu/leds/mbed-os/drivers" -I"/home/fei/min0150/Projects/VSB/APPS/apps-workspace.mcu/leds/mbed-os/drivers/include" -I"/home/fei/min0150/Projects/VSB/APPS/apps-workspace.mcu/leds/mbed-os/drivers/include/drivers" -I"/home/fei/min0150/Projects/VSB/APPS/apps-workspace.mcu/leds/mbed-os/drivers/include/drivers/interfaces" -I"/home/fei/min0150/Projects/VSB/APPS/apps-workspace.mcu/leds/mbed-os/features" -I"/home/fei/min0150/Projects/VSB/APPS/apps-workspace.mcu/leds/mbed-os/features/frameworks" -I"/home/fei/min0150/Projects/VSB/APPS/apps-workspace.mcu/leds/mbed-os/hal" -I"/home/fei/min0150/Projects/VSB/APPS/apps-workspace.mcu/leds/mbed-os/hal/include" -I"/home/fei/min0150/Projects/VSB/APPS/apps-workspace.mcu/leds/mbed-os/hal/include/hal" -I"/home/fei/min0150/Projects/VSB/APPS/apps-workspace.mcu/leds/mbed-os/hal/usb" -I"/home/fei/min0150/Projects/VSB/APPS/apps-workspace.mcu/leds/mbed-os/hal/usb/include" -I"/home/fei/min0150/Projects/VSB/APPS/apps-workspace.mcu/leds/mbed-os/hal/usb/include/usb" -I"/home/fei/min0150/Projects/VSB/APPS/apps-workspace.mcu/leds/mbed-os/platform" -I"/home/fei/min0150/Projects/VSB/APPS/apps-workspace.mcu/leds/mbed-os/platform/cxxsupport" -I"/home/fei/min0150/Projects/VSB/APPS/apps-workspace.mcu/leds/mbed-os/platform/include" -I"/home/fei/min0150/Projects/VSB/APPS/apps-workspace.mcu/leds/mbed-os/platform/include/platform" -I"/home/fei/min0150/Projects/VSB/APPS/apps-workspace.mcu/leds/mbed-os/platform/include/platform/internal" -I"/home/fei/min0150/Projects/VSB/APPS/apps-workspace.mcu/leds/mbed-os/platform/mbed-trace" -I"/home/fei/min0150/Projects/VSB/APPS/apps-workspace.mcu/leds/mbed-os/platform/mbed-trace/include" -I"/home/fei/min0150/Projects/VSB/APPS/apps-workspace.mcu/leds/mbed-os/platform/mbed-trace/include/mbed-trace" -I"/home/fei/min0150/Projects/VSB/APPS/apps-workspace.mcu/leds/mbed-os/platform/source" -I"/home/fei/min0150/Projects/VSB/APPS/apps-workspace.mcu/leds/mbed-os/platform/source/minimal-printf" -I"/home/fei/min0150/Projects/VSB/APPS/apps-workspace.mcu/leds/mbed-os/rtos" -I"/home/fei/min0150/Projects/VSB/APPS/apps-workspace.mcu/leds/mbed-os/rtos/include" -I"/home/fei/min0150/Projects/VSB/APPS/apps-workspace.mcu/leds/mbed-os/rtos/include/rtos" -I"/home/fei/min0150/Projects/VSB/APPS/apps-workspace.mcu/leds/mbed-os/rtos/include/rtos/internal" -I"/home/fei/min0150/Projects/VSB/APPS/apps-workspace.mcu/leds/mbed-os/rtos/source" -I"/home/fei/min0150/Projects/VSB/APPS/apps-workspace.mcu/leds/mbed-os/storage" -I"/home/fei/min0150/Projects/VSB/APPS/apps-workspace.mcu/leds/mbed-os/storage/blockdevice" -I"/home/fei/min0150/Projects/VSB/APPS/apps-workspace.mcu/leds/mbed-os/storage/blockdevice/include" -I"/home/fei/min0150/Projects/VSB/APPS/apps-workspace.mcu/leds/mbed-os/storage/blockdevice/include/blockdevice" -I"/home/fei/min0150/Projects/VSB/APPS/apps-workspace.mcu/leds/mbed-os/storage/blockdevice/include/blockdevice/internal" -I"/home/fei/min0150/Projects/VSB/APPS/apps-workspace.mcu/leds/mbed-os/targets/TARGET_Freescale" -I"/home/fei/min0150/Projects/VSB/APPS/apps-workspace.mcu/leds/mbed-os/targets/TARGET_Freescale/TARGET_MCUXpresso_MCUS" -I"/home/fei/min0150/Projects/VSB/APPS/apps-workspace.mcu/leds/mbed-os/targets/TARGET_Freescale/TARGET_MCUXpresso_MCUS/TARGET_MCU_K64F" -I"/home/fei/min0150/Projects/VSB/APPS/apps-workspace.mcu/leds/mbed-os/targets/TARGET_Freescale/TARGET_MCUXpresso_MCUS/TARGET_MCU_K64F/TARGET_FRDM" -I"/home/fei/min0150/Projects/VSB/APPS/apps-workspace.mcu/leds/mbed-os/targets/TARGET_Freescale/TARGET_MCUXpresso_MCUS/TARGET_MCU_K64F/device" -I"/home/fei/min0150/Projects/VSB/APPS/apps-workspace.mcu/leds/mbed-os/targets/TARGET_Freescale/TARGET_MCUXpresso_MCUS/TARGET_MCU_K64F/drivers" -I"/home/fei/min0150/Projects/VSB/APPS/apps-workspace.mcu/leds/mbed-os/targets/TARGET_Freescale/TARGET_MCUXpresso_MCUS/api" -include"/home/fei/min0150/Projects/VSB/APPS/apps-workspace.mcu/leds/mbed_config.h" -fno-rtti -fmessage-length=0 -fno-exceptions -ffunction-sections -fdata-sections -funsigned-char -fomit-frame-pointer -g3 -Wall -Wextra -c -DMBED_DEBUG -DMBED_TRAP_ERRORS_ENABLED=1 -DMBED_MINIMAL_PRINTF -c -g3 -Wno-unused-parameter -Wno-missing-field-initializers -fmacro-prefix-map="../"= -mcpu=cortex-m4 -mfpu=fpv4-sp-d16 -mfloat-abi=softfp -mthumb -D__NEWLIB__ -fstack-usage -specs=nano.specs -MMD -MP -MF"main-leds.d" -MT"main-leds.o" -MT"main-leds.d" -o "main-leds.o" "../main-leds.cpp"
../main-leds.cpp: In function 'void test()':
../main-leds.cpp:57:10: warning: unused variable 'l_periode' [-Wunused-variable]
   57 |  int32_t l_periode = 20;
      |          ^~~~~~~~~
Finished building: ../main-leds.cpp
 
Building target: leds.axf
Invoking: MCU C++ Linker
arm-none-eabi-c++ -o "leds.axf"  ./main-leds.o   -lmbed-os -lstdc++ -lsupc++ -lm -lc -lgcc -lnosys -L"/home/fei/min0150/Projects/VSB/APPS/apps-workspace.mcu/leds/mbed-os/lib" -DMBED_DEBUG -DMBED_TRAP_ERRORS_ENABLED=1 -DMBED_MINIMAL_PRINTF -Wl,-n -Wl,--start-group -lstdc++ -lsupc++ -lm -lc -lgcc -lnosys -lmbed-os -Wl,--end-group -Xlinker -Map="leds.map" -Xlinker -print-memory-usage -Xlinker --gc-sections -Xlinker --wrap=main -Xlinker --wrap=_malloc_r -Xlinker --wrap=_free_r -Xlinker --wrap=_realloc_r -Xlinker --wrap=_memalign_r -Xlinker --wrap=_calloc_r -Xlinker --wrap=exit -Xlinker --wrap=atexit -Xlinker --wrap=printf -Xlinker --wrap=sprintf -Xlinker --wrap=snprintf -Xlinker --wrap=vprintf -Xlinker --wrap=vsprintf -Xlinker --wrap=vsnprintf -Xlinker --wrap=fprintf -Xlinker --wrap=vfprintf -mcpu=cortex-m4 -mfpu=fpv4-sp-d16 -mfloat-abi=softfp -mthumb -T /home/fei/min0150/Projects/VSB/APPS/apps-workspace.mcu/leds/Debug/linker-script-debug.ld
Memory region         Used Size  Region Size  %age Used
    m_interrupts:          1 KB         1 KB    100.00%
  m_flash_config:          16 B         16 B    100.00%
          m_text:       30476 B    1047536 B      2.91%
          m_data:         64 KB        64 KB    100.00%
        m_data_2:        191 KB       192 KB     99.48%
Finished building target: leds.axf
 
Performing post-build steps
arm-none-eabi-size "leds.axf" ; arm-none-eabi-objcopy -v -O binary "leds.axf" "leds.bin" ; checksum -p MK64FN1M0xxx12 -d "leds.bin"
   text	   data	    bss	    dec	    hex	filename
  28696	   2772	 258360	 289828	  46c24	leds.axf
copy from `leds.axf' [elf32-littlearm] to `leds.bin' [binary]
Written checksum 0xdffce0b2 at offset 0x1c in file leds.bin
Previous value 0x00000000 at offset 0x1c in file leds.bin
 
10:21:36 **** Incremental Build of configuration Debug for project leds ****
make -r -j12 linker-script-debug.ld all 
make: 'linker-script-debug.ld' is up to date.
Building file: ../main-leds.cpp
Invoking: MCU C++ Compiler
arm-none-eabi-c++ -std=gnu++14 -DTARGET_NAME=K64F -DCOMPONENT_SD=1 -DDEVICE_RTC=1 -DFSL_RTOS_MBED -DTOOLCHAIN_GCC -DTARGET_LIKE_CORTEX_M4 -DTARGET_Freescale -DTARGET_MCUXpresso_MCUS -DTARGET_KPSDK_CODE -DTOOLCHAIN_GCC_ARM -DFEATURE_PSA=1 -DDEVICE_USTICKER=1 -DDEVICE_PORTIN=1 -DDEVICE_USBDEVICE=1 -DDEVICE_STDIO_MESSAGES=1 -DCOMPONENT_FLASHIAP=1 -DDEVICE_EMAC=1 -DDEVICE_TRNG=1 -DMBED_SPLIT_HEAP -DTARGET_KPSDK_MCUS -DTARGET_MCU_K64F -DDEVICE_PORTOUT=1 -D__MBED__=1 -DTARGET_Freescale_EMAC -DMBED_TICKLESS -DDEVICE_SERIAL=1 -DTARGET_PSA_Target -DDEVICE_PORTINOUT=1 -DDEVICE_LPTICKER=1 -DDEVICE_SERIAL_FC=1 -DTARGET_KSDK2_MCUS -DDEVICE_WATCHDOG=1 -DTARGET_PSA_V7_M -DDEVICE_ANALOGOUT=1 -DDEVICE_SPI_ASYNCH=1 -DDEVICE_ANALOGIN=1 -DDEVICE_I2C=1 -DTARGET_M4 -DDEVICE_SLEEP=1 -D__CORTEX_M4 -D__MBED_CMSIS_RTOS_CM -DDEVICE_FLASH=1 -DTARGET_K64F -DARM_MATH_CM4 -DMBED_BUILD_TIMESTAMP=1645455281.1211684 -DDEVICE_INTERRUPTIN=1 -DTARGET_RELEASE -DTARGET_LIKE_MBED -DTARGET_RTOS_M4_M7 -D__FPU_PRESENT=1 -DDEVICE_SERIAL_ASYNCH=1 -DTARGET_FRDM -DDEVICE_SPI=1 -D__CMSIS_RTOS -DTARGET_MBED_PSA_SRV -DDEVICE_RESET_REASON=1 -DDEVICE_SPISLAVE=1 -DTARGET_CORTEX -DTARGET_CORTEX_M -DDEVICE_PWMOUT=1 -DTARGET_FF_ARDUINO_UNO -DDEVICE_I2CSLAVE=1 -DDEVICE_CRC=1 -DCPU_MK64FN1M0VMD12 -D__NEWLIB__ -I"/home/fei/min0150/Projects/VSB/APPS/apps-workspace.mcu/leds/." -I"/home/fei/min0150/Projects/VSB/APPS/apps-workspace.mcu/leds/mbed-os" -I"/home/fei/min0150/Projects/VSB/APPS/apps-workspace.mcu/leds/mbed-os/cmsis" -I"/home/fei/min0150/Projects/VSB/APPS/apps-workspace.mcu/leds/mbed-os/cmsis/CMSIS_5" -I"/home/fei/min0150/Projects/VSB/APPS/apps-workspace.mcu/leds/mbed-os/cmsis/CMSIS_5/CMSIS" -I"/home/fei/min0150/Projects/VSB/APPS/apps-workspace.mcu/leds/mbed-os/cmsis/CMSIS_5/CMSIS/TARGET_CORTEX_M" -I"/home/fei/min0150/Projects/VSB/APPS/apps-workspace.mcu/leds/mbed-os/cmsis/CMSIS_5/CMSIS/TARGET_CORTEX_M/Include" -I"/home/fei/min0150/Projects/VSB/APPS/apps-workspace.mcu/leds/mbed-os/cmsis/device" -I"/home/fei/min0150/Projects/VSB/APPS/apps-workspace.mcu/leds/mbed-os/cmsis/device/RTE" -I"/home/fei/min0150/Projects/VSB/APPS/apps-workspace.mcu/leds/mbed-os/cmsis/device/RTE/include" -I"/home/fei/min0150/Projects/VSB/APPS/apps-workspace.mcu/leds/mbed-os/drivers" -I"/home/fei/min0150/Projects/VSB/APPS/apps-workspace.mcu/leds/mbed-os/drivers/include" -I"/home/fei/min0150/Projects/VSB/APPS/apps-workspace.mcu/leds/mbed-os/drivers/include/drivers" -I"/home/fei/min0150/Projects/VSB/APPS/apps-workspace.mcu/leds/mbed-os/drivers/include/drivers/interfaces" -I"/home/fei/min0150/Projects/VSB/APPS/apps-workspace.mcu/leds/mbed-os/features" -I"/home/fei/min0150/Projects/VSB/APPS/apps-workspace.mcu/leds/mbed-os/features/frameworks" -I"/home/fei/min0150/Projects/VSB/APPS/apps-workspace.mcu/leds/mbed-os/hal" -I"/home/fei/min0150/Projects/VSB/APPS/apps-workspace.mcu/leds/mbed-os/hal/include" -I"/home/fei/min0150/Projects/VSB/APPS/apps-workspace.mcu/leds/mbed-os/hal/include/hal" -I"/home/fei/min0150/Projects/VSB/APPS/apps-workspace.mcu/leds/mbed-os/hal/usb" -I"/home/fei/min0150/Projects/VSB/APPS/apps-workspace.mcu/leds/mbed-os/hal/usb/include" -I"/home/fei/min0150/Projects/VSB/APPS/apps-workspace.mcu/leds/mbed-os/hal/usb/include/usb" -I"/home/fei/min0150/Projects/VSB/APPS/apps-workspace.mcu/leds/mbed-os/platform" -I"/home/fei/min0150/Projects/VSB/APPS/apps-workspace.mcu/leds/mbed-os/platform/cxxsupport" -I"/home/fei/min0150/Projects/VSB/APPS/apps-workspace.mcu/leds/mbed-os/platform/include" -I"/home/fei/min0150/Projects/VSB/APPS/apps-workspace.mcu/leds/mbed-os/platform/include/platform" -I"/home/fei/min0150/Projects/VSB/APPS/apps-workspace.mcu/leds/mbed-os/platform/include/platform/internal" -I"/home/fei/min0150/Projects/VSB/APPS/apps-workspace.mcu/leds/mbed-os/platform/mbed-trace" -I"/home/fei/min0150/Projects/VSB/APPS/apps-workspace.mcu/leds/mbed-os/platform/mbed-trace/include" -I"/home/fei/min0150/Projects/VSB/APPS/apps-workspace.mcu/leds/mbed-os/platform/mbed-trace/include/mbed-trace" -I"/home/fei/min0150/Projects/VSB/APPS/apps-workspace.mcu/leds/mbed-os/platform/source" -I"/home/fei/min0150/Projects/VSB/APPS/apps-workspace.mcu/leds/mbed-os/platform/source/minimal-printf" -I"/home/fei/min0150/Projects/VSB/APPS/apps-workspace.mcu/leds/mbed-os/rtos" -I"/home/fei/min0150/Projects/VSB/APPS/apps-workspace.mcu/leds/mbed-os/rtos/include" -I"/home/fei/min0150/Projects/VSB/APPS/apps-workspace.mcu/leds/mbed-os/rtos/include/rtos" -I"/home/fei/min0150/Projects/VSB/APPS/apps-workspace.mcu/leds/mbed-os/rtos/include/rtos/internal" -I"/home/fei/min0150/Projects/VSB/APPS/apps-workspace.mcu/leds/mbed-os/rtos/source" -I"/home/fei/min0150/Projects/VSB/APPS/apps-workspace.mcu/leds/mbed-os/storage" -I"/home/fei/min0150/Projects/VSB/APPS/apps-workspace.mcu/leds/mbed-os/storage/blockdevice" -I"/home/fei/min0150/Projects/VSB/APPS/apps-workspace.mcu/leds/mbed-os/storage/blockdevice/include" -I"/home/fei/min0150/Projects/VSB/APPS/apps-workspace.mcu/leds/mbed-os/storage/blockdevice/include/blockdevice" -I"/home/fei/min0150/Projects/VSB/APPS/apps-workspace.mcu/leds/mbed-os/storage/blockdevice/include/blockdevice/internal" -I"/home/fei/min0150/Projects/VSB/APPS/apps-workspace.mcu/leds/mbed-os/targets/TARGET_Freescale" -I"/home/fei/min0150/Projects/VSB/APPS/apps-workspace.mcu/leds/mbed-os/targets/TARGET_Freescale/TARGET_MCUXpresso_MCUS" -I"/home/fei/min0150/Projects/VSB/APPS/apps-workspace.mcu/leds/mbed-os/targets/TARGET_Freescale/TARGET_MCUXpresso_MCUS/TARGET_MCU_K64F" -I"/home/fei/min0150/Projects/VSB/APPS/apps-workspace.mcu/leds/mbed-os/targets/TARGET_Freescale/TARGET_MCUXpresso_MCUS/TARGET_MCU_K64F/TARGET_FRDM" -I"/home/fei/min0150/Projects/VSB/APPS/apps-workspace.mcu/leds/mbed-os/targets/TARGET_Freescale/TARGET_MCUXpresso_MCUS/TARGET_MCU_K64F/device" -I"/home/fei/min0150/Projects/VSB/APPS/apps-workspace.mcu/leds/mbed-os/targets/TARGET_Freescale/TARGET_MCUXpresso_MCUS/TARGET_MCU_K64F/drivers" -I"/home/fei/min0150/Projects/VSB/APPS/apps-workspace.mcu/leds/mbed-os/targets/TARGET_Freescale/TARGET_MCUXpresso_MCUS/api" -include"/home/fei/min0150/Projects/VSB/APPS/apps-workspace.mcu/leds/mbed_config.h" -fno-rtti -fmessage-length=0 -fno-exceptions -ffunction-sections -fdata-sections -funsigned-char -fomit-frame-pointer -g3 -Wall -Wextra -c -DMBED_DEBUG -DMBED_TRAP_ERRORS_ENABLED=1 -DMBED_MINIMAL_PRINTF -c -g3 -Wno-unused-parameter -Wno-missing-field-initializers -fmacro-prefix-map="../"= -mcpu=cortex-m4 -mfpu=fpv4-sp-d16 -mfloat-abi=softfp -mthumb -D__NEWLIB__ -fstack-usage -specs=nano.specs -MMD -MP -MF"main-leds.d" -MT"main-leds.o" -MT"main-leds.d" -o "main-leds.o" "../main-leds.cpp"
Finished building: ../main-leds.cpp
 
Building target: leds.axf
Invoking: MCU C++ Linker
arm-none-eabi-c++ -o "leds.axf"  ./main-leds.o   -lmbed-os -lstdc++ -lsupc++ -lm -lc -lgcc -lnosys -L"/home/fei/min0150/Projects/VSB/APPS/apps-workspace.mcu/leds/mbed-os/lib" -DMBED_DEBUG -DMBED_TRAP_ERRORS_ENABLED=1 -DMBED_MINIMAL_PRINTF -Wl,-n -Wl,--start-group -lstdc++ -lsupc++ -lm -lc -lgcc -lnosys -lmbed-os -Wl,--end-group -Xlinker -Map="leds.map" -Xlinker -print-memory-usage -Xlinker --gc-sections -Xlinker --wrap=main -Xlinker --wrap=_malloc_r -Xlinker --wrap=_free_r -Xlinker --wrap=_realloc_r -Xlinker --wrap=_memalign_r -Xlinker --wrap=_calloc_r -Xlinker --wrap=exit -Xlinker --wrap=atexit -Xlinker --wrap=printf -Xlinker --wrap=sprintf -Xlinker --wrap=snprintf -Xlinker --wrap=vprintf -Xlinker --wrap=vsprintf -Xlinker --wrap=vsnprintf -Xlinker --wrap=fprintf -Xlinker --wrap=vfprintf -mcpu=cortex-m4 -mfpu=fpv4-sp-d16 -mfloat-abi=softfp -mthumb -T /home/fei/min0150/Projects/VSB/APPS/apps-workspace.mcu/leds/Debug/linker-script-debug.ld
Memory region         Used Size  Region Size  %age Used
    m_interrupts:          1 KB         1 KB    100.00%
  m_flash_config:          16 B         16 B    100.00%
          m_text:       30500 B    1047536 B      2.91%
          m_data:         64 KB        64 KB    100.00%
        m_data_2:        191 KB       192 KB     99.48%
Finished building target: leds.axf
 
Performing post-build steps
arm-none-eabi-size "leds.axf" ; arm-none-eabi-objcopy -v -O binary "leds.axf" "leds.bin" ; checksum -p MK64FN1M0xxx12 -d "leds.bin"
   text	   data	    bss	    dec	    hex	filename
  28720	   2772	 258360	 289852	  46c3c	leds.axf
copy from `leds.axf' [elf32-littlearm] to `leds.bin' [binary]
Written checksum 0xdffce0b2 at offset 0x1c in file leds.bin
Previous value 0x00000000 at offset 0x1c in file leds.bin
 
10:22:54 **** Incremental Build of configuration Debug for project leds ****
make -r -j12 linker-script-debug.ld all 
make: 'linker-script-debug.ld' is up to date.
Building file: ../main-leds.cpp
Invoking: MCU C++ Compiler
arm-none-eabi-c++ -std=gnu++14 -DTARGET_NAME=K64F -DCOMPONENT_SD=1 -DDEVICE_RTC=1 -DFSL_RTOS_MBED -DTOOLCHAIN_GCC -DTARGET_LIKE_CORTEX_M4 -DTARGET_Freescale -DTARGET_MCUXpresso_MCUS -DTARGET_KPSDK_CODE -DTOOLCHAIN_GCC_ARM -DFEATURE_PSA=1 -DDEVICE_USTICKER=1 -DDEVICE_PORTIN=1 -DDEVICE_USBDEVICE=1 -DDEVICE_STDIO_MESSAGES=1 -DCOMPONENT_FLASHIAP=1 -DDEVICE_EMAC=1 -DDEVICE_TRNG=1 -DMBED_SPLIT_HEAP -DTARGET_KPSDK_MCUS -DTARGET_MCU_K64F -DDEVICE_PORTOUT=1 -D__MBED__=1 -DTARGET_Freescale_EMAC -DMBED_TICKLESS -DDEVICE_SERIAL=1 -DTARGET_PSA_Target -DDEVICE_PORTINOUT=1 -DDEVICE_LPTICKER=1 -DDEVICE_SERIAL_FC=1 -DTARGET_KSDK2_MCUS -DDEVICE_WATCHDOG=1 -DTARGET_PSA_V7_M -DDEVICE_ANALOGOUT=1 -DDEVICE_SPI_ASYNCH=1 -DDEVICE_ANALOGIN=1 -DDEVICE_I2C=1 -DTARGET_M4 -DDEVICE_SLEEP=1 -D__CORTEX_M4 -D__MBED_CMSIS_RTOS_CM -DDEVICE_FLASH=1 -DTARGET_K64F -DARM_MATH_CM4 -DMBED_BUILD_TIMESTAMP=1645455281.1211684 -DDEVICE_INTERRUPTIN=1 -DTARGET_RELEASE -DTARGET_LIKE_MBED -DTARGET_RTOS_M4_M7 -D__FPU_PRESENT=1 -DDEVICE_SERIAL_ASYNCH=1 -DTARGET_FRDM -DDEVICE_SPI=1 -D__CMSIS_RTOS -DTARGET_MBED_PSA_SRV -DDEVICE_RESET_REASON=1 -DDEVICE_SPISLAVE=1 -DTARGET_CORTEX -DTARGET_CORTEX_M -DDEVICE_PWMOUT=1 -DTARGET_FF_ARDUINO_UNO -DDEVICE_I2CSLAVE=1 -DDEVICE_CRC=1 -DCPU_MK64FN1M0VMD12 -D__NEWLIB__ -I"/home/fei/min0150/Projects/VSB/APPS/apps-workspace.mcu/leds/." -I"/home/fei/min0150/Projects/VSB/APPS/apps-workspace.mcu/leds/mbed-os" -I"/home/fei/min0150/Projects/VSB/APPS/apps-workspace.mcu/leds/mbed-os/cmsis" -I"/home/fei/min0150/Projects/VSB/APPS/apps-workspace.mcu/leds/mbed-os/cmsis/CMSIS_5" -I"/home/fei/min0150/Projects/VSB/APPS/apps-workspace.mcu/leds/mbed-os/cmsis/CMSIS_5/CMSIS" -I"/home/fei/min0150/Projects/VSB/APPS/apps-workspace.mcu/leds/mbed-os/cmsis/CMSIS_5/CMSIS/TARGET_CORTEX_M" -I"/home/fei/min0150/Projects/VSB/APPS/apps-workspace.mcu/leds/mbed-os/cmsis/CMSIS_5/CMSIS/TARGET_CORTEX_M/Include" -I"/home/fei/min0150/Projects/VSB/APPS/apps-workspace.mcu/leds/mbed-os/cmsis/device" -I"/home/fei/min0150/Projects/VSB/APPS/apps-workspace.mcu/leds/mbed-os/cmsis/device/RTE" -I"/home/fei/min0150/Projects/VSB/APPS/apps-workspace.mcu/leds/mbed-os/cmsis/device/RTE/include" -I"/home/fei/min0150/Projects/VSB/APPS/apps-workspace.mcu/leds/mbed-os/drivers" -I"/home/fei/min0150/Projects/VSB/APPS/apps-workspace.mcu/leds/mbed-os/drivers/include" -I"/home/fei/min0150/Projects/VSB/APPS/apps-workspace.mcu/leds/mbed-os/drivers/include/drivers" -I"/home/fei/min0150/Projects/VSB/APPS/apps-workspace.mcu/leds/mbed-os/drivers/include/drivers/interfaces" -I"/home/fei/min0150/Projects/VSB/APPS/apps-workspace.mcu/leds/mbed-os/features" -I"/home/fei/min0150/Projects/VSB/APPS/apps-workspace.mcu/leds/mbed-os/features/frameworks" -I"/home/fei/min0150/Projects/VSB/APPS/apps-workspace.mcu/leds/mbed-os/hal" -I"/home/fei/min0150/Projects/VSB/APPS/apps-workspace.mcu/leds/mbed-os/hal/include" -I"/home/fei/min0150/Projects/VSB/APPS/apps-workspace.mcu/leds/mbed-os/hal/include/hal" -I"/home/fei/min0150/Projects/VSB/APPS/apps-workspace.mcu/leds/mbed-os/hal/usb" -I"/home/fei/min0150/Projects/VSB/APPS/apps-workspace.mcu/leds/mbed-os/hal/usb/include" -I"/home/fei/min0150/Projects/VSB/APPS/apps-workspace.mcu/leds/mbed-os/hal/usb/include/usb" -I"/home/fei/min0150/Projects/VSB/APPS/apps-workspace.mcu/leds/mbed-os/platform" -I"/home/fei/min0150/Projects/VSB/APPS/apps-workspace.mcu/leds/mbed-os/platform/cxxsupport" -I"/home/fei/min0150/Projects/VSB/APPS/apps-workspace.mcu/leds/mbed-os/platform/include" -I"/home/fei/min0150/Projects/VSB/APPS/apps-workspace.mcu/leds/mbed-os/platform/include/platform" -I"/home/fei/min0150/Projects/VSB/APPS/apps-workspace.mcu/leds/mbed-os/platform/include/platform/internal" -I"/home/fei/min0150/Projects/VSB/APPS/apps-workspace.mcu/leds/mbed-os/platform/mbed-trace" -I"/home/fei/min0150/Projects/VSB/APPS/apps-workspace.mcu/leds/mbed-os/platform/mbed-trace/include" -I"/home/fei/min0150/Projects/VSB/APPS/apps-workspace.mcu/leds/mbed-os/platform/mbed-trace/include/mbed-trace" -I"/home/fei/min0150/Projects/VSB/APPS/apps-workspace.mcu/leds/mbed-os/platform/source" -I"/home/fei/min0150/Projects/VSB/APPS/apps-workspace.mcu/leds/mbed-os/platform/source/minimal-printf" -I"/home/fei/min0150/Projects/VSB/APPS/apps-workspace.mcu/leds/mbed-os/rtos" -I"/home/fei/min0150/Projects/VSB/APPS/apps-workspace.mcu/leds/mbed-os/rtos/include" -I"/home/fei/min0150/Projects/VSB/APPS/apps-workspace.mcu/leds/mbed-os/rtos/include/rtos" -I"/home/fei/min0150/Projects/VSB/APPS/apps-workspace.mcu/leds/mbed-os/rtos/include/rtos/internal" -I"/home/fei/min0150/Projects/VSB/APPS/apps-workspace.mcu/leds/mbed-os/rtos/source" -I"/home/fei/min0150/Projects/VSB/APPS/apps-workspace.mcu/leds/mbed-os/storage" -I"/home/fei/min0150/Projects/VSB/APPS/apps-workspace.mcu/leds/mbed-os/storage/blockdevice" -I"/home/fei/min0150/Projects/VSB/APPS/apps-workspace.mcu/leds/mbed-os/storage/blockdevice/include" -I"/home/fei/min0150/Projects/VSB/APPS/apps-workspace.mcu/leds/mbed-os/storage/blockdevice/include/blockdevice" -I"/home/fei/min0150/Projects/VSB/APPS/apps-workspace.mcu/leds/mbed-os/storage/blockdevice/include/blockdevice/internal" -I"/home/fei/min0150/Projects/VSB/APPS/apps-workspace.mcu/leds/mbed-os/targets/TARGET_Freescale" -I"/home/fei/min0150/Projects/VSB/APPS/apps-workspace.mcu/leds/mbed-os/targets/TARGET_Freescale/TARGET_MCUXpresso_MCUS" -I"/home/fei/min0150/Projects/VSB/APPS/apps-workspace.mcu/leds/mbed-os/targets/TARGET_Freescale/TARGET_MCUXpresso_MCUS/TARGET_MCU_K64F" -I"/home/fei/min0150/Projects/VSB/APPS/apps-workspace.mcu/leds/mbed-os/targets/TARGET_Freescale/TARGET_MCUXpresso_MCUS/TARGET_MCU_K64F/TARGET_FRDM" -I"/home/fei/min0150/Projects/VSB/APPS/apps-workspace.mcu/leds/mbed-os/targets/TARGET_Freescale/TARGET_MCUXpresso_MCUS/TARGET_MCU_K64F/device" -I"/home/fei/min0150/Projects/VSB/APPS/apps-workspace.mcu/leds/mbed-os/targets/TARGET_Freescale/TARGET_MCUXpresso_MCUS/TARGET_MCU_K64F/drivers" -I"/home/fei/min0150/Projects/VSB/APPS/apps-workspace.mcu/leds/mbed-os/targets/TARGET_Freescale/TARGET_MCUXpresso_MCUS/api" -include"/home/fei/min0150/Projects/VSB/APPS/apps-workspace.mcu/leds/mbed_config.h" -fno-rtti -fmessage-length=0 -fno-exceptions -ffunction-sections -fdata-sections -funsigned-char -fomit-frame-pointer -g3 -Wall -Wextra -c -DMBED_DEBUG -DMBED_TRAP_ERRORS_ENABLED=1 -DMBED_MINIMAL_PRINTF -c -g3 -Wno-unused-parameter -Wno-missing-field-initializers -fmacro-prefix-map="../"= -mcpu=cortex-m4 -mfpu=fpv4-sp-d16 -mfloat-abi=softfp -mthumb -D__NEWLIB__ -fstack-usage -specs=nano.specs -MMD -MP -MF"main-leds.d" -MT"main-leds.o" -MT"main-leds.d" -o "main-leds.o" "../main-leds.cpp"
Finished building: ../main-leds.cpp
 
Building target: leds.axf
Invoking: MCU C++ Linker
arm-none-eabi-c++ -o "leds.axf"  ./main-leds.o   -lmbed-os -lstdc++ -lsupc++ -lm -lc -lgcc -lnosys -L"/home/fei/min0150/Projects/VSB/APPS/apps-workspace.mcu/leds/mbed-os/lib" -DMBED_DEBUG -DMBED_TRAP_ERRORS_ENABLED=1 -DMBED_MINIMAL_PRINTF -Wl,-n -Wl,--start-group -lstdc++ -lsupc++ -lm -lc -lgcc -lnosys -lmbed-os -Wl,--end-group -Xlinker -Map="leds.map" -Xlinker -print-memory-usage -Xlinker --gc-sections -Xlinker --wrap=main -Xlinker --wrap=_malloc_r -Xlinker --wrap=_free_r -Xlinker --wrap=_realloc_r -Xlinker --wrap=_memalign_r -Xlinker --wrap=_calloc_r -Xlinker --wrap=exit -Xlinker --wrap=atexit -Xlinker --wrap=printf -Xlinker --wrap=sprintf -Xlinker --wrap=snprintf -Xlinker --wrap=vprintf -Xlinker --wrap=vsprintf -Xlinker --wrap=vsnprintf -Xlinker --wrap=fprintf -Xlinker --wrap=vfprintf -mcpu=cortex-m4 -mfpu=fpv4-sp-d16 -mfloat-abi=softfp -mthumb -T /home/fei/min0150/Projects/VSB/APPS/apps-workspace.mcu/leds/Debug/linker-script-debug.ld
Memory region         Used Size  Region Size  %age Used
    m_interrupts:          1 KB         1 KB    100.00%
  m_flash_config:          16 B         16 B    100.00%
          m_text:       30492 B    1047536 B      2.91%
          m_data:         64 KB        64 KB    100.00%
        m_data_2:        191 KB       192 KB     99.48%
Finished building target: leds.axf
 
Performing post-build steps
arm-none-eabi-size "leds.axf" ; arm-none-eabi-objcopy -v -O binary "leds.axf" "leds.bin" ; checksum -p MK64FN1M0xxx12 -d "leds.bin"
   text	   data	    bss	    dec	    hex	filename
  28712	   2772	 258360	 289844	  46c34	leds.axf
copy from `leds.axf' [elf32-littlearm] to `leds.bin' [binary]
Written checksum 0xdffce0b2 at offset 0x1c in file leds.bin
Previous value 0x00000000 at offset 0x1c in file leds.bin
 
10:24:30 **** Incremental Build of configuration Debug for project leds ****
make -r -j12 linker-script-debug.ld all 
make: 'linker-script-debug.ld' is up to date.
make[1]: Nothing to be done for 'main-build'.
Performing post-build steps
arm-none-eabi-size "leds.axf" ; arm-none-eabi-objcopy -v -O binary "leds.axf" "leds.bin" ; checksum -p MK64FN1M0xxx12 -d "leds.bin"
   text	   data	    bss	    dec	    hex	filename
  28712	   2772	 258360	 289844	  46c34	leds.axf
copy from `leds.axf' [elf32-littlearm] to `leds.bin' [binary]
Written checksum 0xdffce0b2 at offset 0x1c in file leds.bin
Previous value 0x00000000 at offset 0x1c in file leds.bin
 
10:25:23 **** Incremental Build of configuration Debug for project leds ****
make -r -j12 linker-script-debug.ld all 
make: 'linker-script-debug.ld' is up to date.
Building file: ../main-leds.cpp
Invoking: MCU C++ Compiler
arm-none-eabi-c++ -std=gnu++14 -DTARGET_NAME=K64F -DCOMPONENT_SD=1 -DDEVICE_RTC=1 -DFSL_RTOS_MBED -DTOOLCHAIN_GCC -DTARGET_LIKE_CORTEX_M4 -DTARGET_Freescale -DTARGET_MCUXpresso_MCUS -DTARGET_KPSDK_CODE -DTOOLCHAIN_GCC_ARM -DFEATURE_PSA=1 -DDEVICE_USTICKER=1 -DDEVICE_PORTIN=1 -DDEVICE_USBDEVICE=1 -DDEVICE_STDIO_MESSAGES=1 -DCOMPONENT_FLASHIAP=1 -DDEVICE_EMAC=1 -DDEVICE_TRNG=1 -DMBED_SPLIT_HEAP -DTARGET_KPSDK_MCUS -DTARGET_MCU_K64F -DDEVICE_PORTOUT=1 -D__MBED__=1 -DTARGET_Freescale_EMAC -DMBED_TICKLESS -DDEVICE_SERIAL=1 -DTARGET_PSA_Target -DDEVICE_PORTINOUT=1 -DDEVICE_LPTICKER=1 -DDEVICE_SERIAL_FC=1 -DTARGET_KSDK2_MCUS -DDEVICE_WATCHDOG=1 -DTARGET_PSA_V7_M -DDEVICE_ANALOGOUT=1 -DDEVICE_SPI_ASYNCH=1 -DDEVICE_ANALOGIN=1 -DDEVICE_I2C=1 -DTARGET_M4 -DDEVICE_SLEEP=1 -D__CORTEX_M4 -D__MBED_CMSIS_RTOS_CM -DDEVICE_FLASH=1 -DTARGET_K64F -DARM_MATH_CM4 -DMBED_BUILD_TIMESTAMP=1645455281.1211684 -DDEVICE_INTERRUPTIN=1 -DTARGET_RELEASE -DTARGET_LIKE_MBED -DTARGET_RTOS_M4_M7 -D__FPU_PRESENT=1 -DDEVICE_SERIAL_ASYNCH=1 -DTARGET_FRDM -DDEVICE_SPI=1 -D__CMSIS_RTOS -DTARGET_MBED_PSA_SRV -DDEVICE_RESET_REASON=1 -DDEVICE_SPISLAVE=1 -DTARGET_CORTEX -DTARGET_CORTEX_M -DDEVICE_PWMOUT=1 -DTARGET_FF_ARDUINO_UNO -DDEVICE_I2CSLAVE=1 -DDEVICE_CRC=1 -DCPU_MK64FN1M0VMD12 -D__NEWLIB__ -I"/home/fei/min0150/Projects/VSB/APPS/apps-workspace.mcu/leds/." -I"/home/fei/min0150/Projects/VSB/APPS/apps-workspace.mcu/leds/mbed-os" -I"/home/fei/min0150/Projects/VSB/APPS/apps-workspace.mcu/leds/mbed-os/cmsis" -I"/home/fei/min0150/Projects/VSB/APPS/apps-workspace.mcu/leds/mbed-os/cmsis/CMSIS_5" -I"/home/fei/min0150/Projects/VSB/APPS/apps-workspace.mcu/leds/mbed-os/cmsis/CMSIS_5/CMSIS" -I"/home/fei/min0150/Projects/VSB/APPS/apps-workspace.mcu/leds/mbed-os/cmsis/CMSIS_5/CMSIS/TARGET_CORTEX_M" -I"/home/fei/min0150/Projects/VSB/APPS/apps-workspace.mcu/leds/mbed-os/cmsis/CMSIS_5/CMSIS/TARGET_CORTEX_M/Include" -I"/home/fei/min0150/Projects/VSB/APPS/apps-workspace.mcu/leds/mbed-os/cmsis/device" -I"/home/fei/min0150/Projects/VSB/APPS/apps-workspace.mcu/leds/mbed-os/cmsis/device/RTE" -I"/home/fei/min0150/Projects/VSB/APPS/apps-workspace.mcu/leds/mbed-os/cmsis/device/RTE/include" -I"/home/fei/min0150/Projects/VSB/APPS/apps-workspace.mcu/leds/mbed-os/drivers" -I"/home/fei/min0150/Projects/VSB/APPS/apps-workspace.mcu/leds/mbed-os/drivers/include" -I"/home/fei/min0150/Projects/VSB/APPS/apps-workspace.mcu/leds/mbed-os/drivers/include/drivers" -I"/home/fei/min0150/Projects/VSB/APPS/apps-workspace.mcu/leds/mbed-os/drivers/include/drivers/interfaces" -I"/home/fei/min0150/Projects/VSB/APPS/apps-workspace.mcu/leds/mbed-os/features" -I"/home/fei/min0150/Projects/VSB/APPS/apps-workspace.mcu/leds/mbed-os/features/frameworks" -I"/home/fei/min0150/Projects/VSB/APPS/apps-workspace.mcu/leds/mbed-os/hal" -I"/home/fei/min0150/Projects/VSB/APPS/apps-workspace.mcu/leds/mbed-os/hal/include" -I"/home/fei/min0150/Projects/VSB/APPS/apps-workspace.mcu/leds/mbed-os/hal/include/hal" -I"/home/fei/min0150/Projects/VSB/APPS/apps-workspace.mcu/leds/mbed-os/hal/usb" -I"/home/fei/min0150/Projects/VSB/APPS/apps-workspace.mcu/leds/mbed-os/hal/usb/include" -I"/home/fei/min0150/Projects/VSB/APPS/apps-workspace.mcu/leds/mbed-os/hal/usb/include/usb" -I"/home/fei/min0150/Projects/VSB/APPS/apps-workspace.mcu/leds/mbed-os/platform" -I"/home/fei/min0150/Projects/VSB/APPS/apps-workspace.mcu/leds/mbed-os/platform/cxxsupport" -I"/home/fei/min0150/Projects/VSB/APPS/apps-workspace.mcu/leds/mbed-os/platform/include" -I"/home/fei/min0150/Projects/VSB/APPS/apps-workspace.mcu/leds/mbed-os/platform/include/platform" -I"/home/fei/min0150/Projects/VSB/APPS/apps-workspace.mcu/leds/mbed-os/platform/include/platform/internal" -I"/home/fei/min0150/Projects/VSB/APPS/apps-workspace.mcu/leds/mbed-os/platform/mbed-trace" -I"/home/fei/min0150/Projects/VSB/APPS/apps-workspace.mcu/leds/mbed-os/platform/mbed-trace/include" -I"/home/fei/min0150/Projects/VSB/APPS/apps-workspace.mcu/leds/mbed-os/platform/mbed-trace/include/mbed-trace" -I"/home/fei/min0150/Projects/VSB/APPS/apps-workspace.mcu/leds/mbed-os/platform/source" -I"/home/fei/min0150/Projects/VSB/APPS/apps-workspace.mcu/leds/mbed-os/platform/source/minimal-printf" -I"/home/fei/min0150/Projects/VSB/APPS/apps-workspace.mcu/leds/mbed-os/rtos" -I"/home/fei/min0150/Projects/VSB/APPS/apps-workspace.mcu/leds/mbed-os/rtos/include" -I"/home/fei/min0150/Projects/VSB/APPS/apps-workspace.mcu/leds/mbed-os/rtos/include/rtos" -I"/home/fei/min0150/Projects/VSB/APPS/apps-workspace.mcu/leds/mbed-os/rtos/include/rtos/internal" -I"/home/fei/min0150/Projects/VSB/APPS/apps-workspace.mcu/leds/mbed-os/rtos/source" -I"/home/fei/min0150/Projects/VSB/APPS/apps-workspace.mcu/leds/mbed-os/storage" -I"/home/fei/min0150/Projects/VSB/APPS/apps-workspace.mcu/leds/mbed-os/storage/blockdevice" -I"/home/fei/min0150/Projects/VSB/APPS/apps-workspace.mcu/leds/mbed-os/storage/blockdevice/include" -I"/home/fei/min0150/Projects/VSB/APPS/apps-workspace.mcu/leds/mbed-os/storage/blockdevice/include/blockdevice" -I"/home/fei/min0150/Projects/VSB/APPS/apps-workspace.mcu/leds/mbed-os/storage/blockdevice/include/blockdevice/internal" -I"/home/fei/min0150/Projects/VSB/APPS/apps-workspace.mcu/leds/mbed-os/targets/TARGET_Freescale" -I"/home/fei/min0150/Projects/VSB/APPS/apps-workspace.mcu/leds/mbed-os/targets/TARGET_Freescale/TARGET_MCUXpresso_MCUS" -I"/home/fei/min0150/Projects/VSB/APPS/apps-workspace.mcu/leds/mbed-os/targets/TARGET_Freescale/TARGET_MCUXpresso_MCUS/TARGET_MCU_K64F" -I"/home/fei/min0150/Projects/VSB/APPS/apps-workspace.mcu/leds/mbed-os/targets/TARGET_Freescale/TARGET_MCUXpresso_MCUS/TARGET_MCU_K64F/TARGET_FRDM" -I"/home/fei/min0150/Projects/VSB/APPS/apps-workspace.mcu/leds/mbed-os/targets/TARGET_Freescale/TARGET_MCUXpresso_MCUS/TARGET_MCU_K64F/device" -I"/home/fei/min0150/Projects/VSB/APPS/apps-workspace.mcu/leds/mbed-os/targets/TARGET_Freescale/TARGET_MCUXpresso_MCUS/TARGET_MCU_K64F/drivers" -I"/home/fei/min0150/Projects/VSB/APPS/apps-workspace.mcu/leds/mbed-os/targets/TARGET_Freescale/TARGET_MCUXpresso_MCUS/api" -include"/home/fei/min0150/Projects/VSB/APPS/apps-workspace.mcu/leds/mbed_config.h" -fno-rtti -fmessage-length=0 -fno-exceptions -ffunction-sections -fdata-sections -funsigned-char -fomit-frame-pointer -g3 -Wall -Wextra -c -DMBED_DEBUG -DMBED_TRAP_ERRORS_ENABLED=1 -DMBED_MINIMAL_PRINTF -c -g3 -Wno-unused-parameter -Wno-missing-field-initializers -fmacro-prefix-map="../"= -mcpu=cortex-m4 -mfpu=fpv4-sp-d16 -mfloat-abi=softfp -mthumb -D__NEWLIB__ -fstack-usage -specs
[...]
../main-leds.cpp: In lambda function:
../main-leds.cpp:369:9: error: 'i' is not captured
  369 |    leds[i].set_brightness(100 * (invert == false ? 1 : 0))
      |         ^
../main-leds.cpp:366:17: note: the lambda has no capture-default
  366 |   auto local = []() {
      |                 ^
../main-leds.cpp:361:11: note: 'int i' declared here
  361 |  for (int i = 0; i < 10; i++) {
      |           ^
../main-leds.cpp:373:6: error: 'else' without a previous 'if'
  373 |    } else {
      |      ^~~~
make[1]: *** [subdir.mk:20: main-leds.o] Error 1
make: *** [makefile:52: all] Error 2
"make -r -j12 linker-script-debug.ld all" terminated with exit code 2. Build might be incomplete.
10:06:01 **** Incremental Build of configuration Debug for project leds ****
make -r -j12 linker-script-debug.ld all 
make: 'linker-script-debug.ld' is up to date.
Building file: ../main-leds.cpp
Invoking: MCU C++ Compiler
arm-none-eabi-c++ -std=gnu++14 -DTARGET_NAME=K64F -DCOMPONENT_SD=1 -DDEVICE_RTC=1 -DFSL_RTOS_MBED -DTOOLCHAIN_GCC -DTARGET_LIKE_CORTEX_M4 -DTARGET_Freescale -DTARGET_MCUXpresso_MCUS -DTARGET_KPSDK_CODE -DTOOLCHAIN_GCC_ARM -DFEATURE_PSA=1 -DDEVICE_USTICKER=1 -DDEVICE_PORTIN=1 -DDEVICE_USBDEVICE=1 -DDEVICE_STDIO_MESSAGES=1 -DCOMPONENT_FLASHIAP=1 -DDEVICE_EMAC=1 -DDEVICE_TRNG=1 -DMBED_SPLIT_HEAP -DTARGET_KPSDK_MCUS -DTARGET_MCU_K64F -DDEVICE_PORTOUT=1 -D__MBED__=1 -DTARGET_Freescale_EMAC -DMBED_TICKLESS -DDEVICE_SERIAL=1 -DTARGET_PSA_Target -DDEVICE_PORTINOUT=1 -DDEVICE_LPTICKER=1 -DDEVICE_SERIAL_FC=1 -DTARGET_KSDK2_MCUS -DDEVICE_WATCHDOG=1 -DTARGET_PSA_V7_M -DDEVICE_ANALOGOUT=1 -DDEVICE_SPI_ASYNCH=1 -DDEVICE_ANALOGIN=1 -DDEVICE_I2C=1 -DTARGET_M4 -DDEVICE_SLEEP=1 -D__CORTEX_M4 -D__MBED_CMSIS_RTOS_CM -DDEVICE_FLASH=1 -DTARGET_K64F -DARM_MATH_CM4 -DMBED_BUILD_TIMESTAMP=1645455281.1211684 -DDEVICE_INTERRUPTIN=1 -DTARGET_RELEASE -DTARGET_LIKE_MBED -DTARGET_RTOS_M4_M7 -D__FPU_PRESENT=1 -DDEVICE_SERIAL_ASYNCH=1 -DTARGET_FRDM -DDEVICE_SPI=1 -D__CMSIS_RTOS -DTARGET_MBED_PSA_SRV -DDEVICE_RESET_REASON=1 -DDEVICE_SPISLAVE=1 -DTARGET_CORTEX -DTARGET_CORTEX_M -DDEVICE_PWMOUT=1 -DTARGET_FF_ARDUINO_UNO -DDEVICE_I2CSLAVE=1 -DDEVICE_CRC=1 -DCPU_MK64FN1M0VMD12 -D__NEWLIB__ -I"/home/fei/min0150/Projects/VSB/APPS/apps-workspace.mcu/leds/." -I"/home/fei/min0150/Projects/VSB/APPS/apps-workspace.mcu/leds/mbed-os" -I"/home/fei/min0150/Projects/VSB/APPS/apps-workspace.mcu/leds/mbed-os/cmsis" -I"/home/fei/min0150/Projects/VSB/APPS/apps-workspace.mcu/leds/mbed-os/cmsis/CMSIS_5" -I"/home/fei/min0150/Projects/VSB/APPS/apps-workspace.mcu/leds/mbed-os/cmsis/CMSIS_5/CMSIS" -I"/home/fei/min0150/Projects/VSB/APPS/apps-workspace.mcu/leds/mbed-os/cmsis/CMSIS_5/CMSIS/TARGET_CORTEX_M" -I"/home/fei/min0150/Projects/VSB/APPS/apps-workspace.mcu/leds/mbed-os/cmsis/CMSIS_5/CMSIS/TARGET_CORTEX_M/Include" -I"/home/fei/min0150/Projects/VSB/APPS/apps-workspace.mcu/leds/mbed-os/cmsis/device" -I"/home/fei/min0150/Projects/VSB/APPS/apps-workspace.mcu/leds/mbed-os/cmsis/device/RTE" -I"/home/fei/min0150/Projects/VSB/APPS/apps-workspace.mcu/leds/mbed-os/cmsis/device/RTE/include" -I"/home/fei/min0150/Projects/VSB/APPS/apps-workspace.mcu/leds/mbed-os/drivers" -I"/home/fei/min0150/Projects/VSB/APPS/apps-workspace.mcu/leds/mbed-os/drivers/include" -I"/home/fei/min0150/Projects/VSB/APPS/apps-workspace.mcu/leds/mbed-os/drivers/include/drivers" -I"/home/fei/min0150/Projects/VSB/APPS/apps-workspace.mcu/leds/mbed-os/drivers/include/drivers/interfaces" -I"/home/fei/min0150/Projects/VSB/APPS/apps-workspace.mcu/leds/mbed-os/features" -I"/home/fei/min0150/Projects/VSB/APPS/apps-workspace.mcu/leds/mbed-os/features/frameworks" -I"/home/fei/min0150/Projects/VSB/APPS/apps-workspace.mcu/leds/mbed-os/hal" -I"/home/fei/min0150/Projects/VSB/APPS/apps-workspace.mcu/leds/mbed-os/hal/include" -I"/home/fei/min0150/Projects/VSB/APPS/apps-workspace.mcu/leds/mbed-os/hal/include/hal" -I"/home/fei/min0150/Projects/VSB/APPS/apps-workspace.mcu/leds/mbed-os/hal/usb" -I"/home/fei/min0150/Projects/VSB/APPS/apps-workspace.mcu/leds/mbed-os/hal/usb/include" -I"/home/fei/min0150/Projects/VSB/APPS/apps-workspace.mcu/leds/mbed-os/hal/usb/include/usb" -I"/home/fei/min0150/Projects/VSB/APPS/apps-workspace.mcu/leds/mbed-os/platform" -I"/home/fei/min0150/Projects/VSB/APPS/apps-workspace.mcu/leds/mbed-os/platform/cxxsupport" -I"/home/fei/min0150/Projects/VSB/APPS/apps-workspace.mcu/leds/mbed-os/platform/include" -I"/home/fei/min0150/Projects/VSB/APPS/apps-workspace.mcu/leds/mbed-os/platform/include/platform" -I"/home/fei/min0150/Projects/VSB/APPS/apps-workspace.mcu/leds/mbed-os/platform/include/platform/internal" -I"/home/fei/min0150/Projects/VSB/APPS/apps-workspace.mcu/leds/mbed-os/platform/mbed-trace" -I"/home/fei/min0150/Projects/VSB/APPS/apps-workspace.mcu/leds/mbed-os/platform/mbed-trace/include" -I"/home/fei/min0150/Projects/VSB/APPS/apps-workspace.mcu/leds/mbed-os/platform/mbed-trace/include/mbed-trace" -I"/home/fei/min0150/Projects/VSB/APPS/apps-workspace.mcu/leds/mbed-os/platform/source" -I"/home/fei/min0150/Projects/VSB/APPS/apps-workspace.mcu/leds/mbed-os/platform/source/minimal-printf" -I"/home/fei/min0150/Projects/VSB/APPS/apps-workspace.mcu/leds/mbed-os/rtos" -I"/home/fei/min0150/Projects/VSB/APPS/apps-workspace.mcu/leds/mbed-os/rtos/include" -I"/home/fei/min0150/Projects/VSB/APPS/apps-workspace.mcu/leds/mbed-os/rtos/include/rtos" -I"/home/fei/min0150/Projects/VSB/APPS/apps-workspace.mcu/leds/mbed-os/rtos/include/rtos/internal" -I"/home/fei/min0150/Projects/VSB/APPS/apps-workspace.mcu/leds/mbed-os/rtos/source" -I"/home/fei/min0150/Projects/VSB/APPS/apps-workspace.mcu/leds/mbed-os/storage" -I"/home/fei/min0150/Projects/VSB/APPS/apps-workspace.mcu/leds/mbed-os/storage/blockdevice" -I"/home/fei/min0150/Projects/VSB/APPS/apps-workspace.mcu/leds/mbed-os/storage/blockdevice/include" -I"/home/fei/min0150/Projects/VSB/APPS/apps-workspace.mcu/leds/mbed-os/storage/blockdevice/include/blockdevice" -I"/home/fei/min0150/Projects/VSB/APPS/apps-workspace.mcu/leds/mbed-os/storage/blockdevice/include/blockdevice/internal" -I"/home/fei/min0150/Projects/VSB/APPS/apps-workspace.mcu/leds/mbed-os/targets/TARGET_Freescale" -I"/home/fei/min0150/Projects/VSB/APPS/apps-workspace.mcu/leds/mbed-os/targets/TARGET_Freescale/TARGET_MCUXpresso_MCUS" -I"/home/fei/min0150/Projects/VSB/APPS/apps-workspace.mcu/leds/mbed-os/targets/TARGET_Freescale/TARGET_MCUXpresso_MCUS/TARGET_MCU_K64F" -I"/home/fei/min0150/Projects/VSB/APPS/apps-workspace.mcu/leds/mbed-os/targets/TARGET_Freescale/TARGET_MCUXpresso_MCUS/TARGET_MCU_K64F/TARGET_FRDM" -I"/home/fei/min0150/Projects/VSB/APPS/apps-workspace.mcu/leds/mbed-os/targets/TARGET_Freescale/TARGET_MCUXpresso_MCUS/TARGET_MCU_K64F/device" -I"/home/fei/min0150/Projects/VSB/APPS/apps-workspace.mcu/leds/mbed-os/targets/TARGET_Freescale/TARGET_MCUXpresso_MCUS/TARGET_MCU_K64F/drivers" -I"/home/fei/min0150/Projects/VSB/APPS/apps-workspace.mcu/leds/mbed-os/targets/TARGET_Freescale/TARGET_MCUXpresso_MCUS/api" -include"/home/fei/min0150/Projects/VSB/APPS/apps-workspace.mcu/leds/mbed_config.h" -fno-rtti -fmessage-length=0 -fno-exceptions -ffunction-sections -fdata-sections -funsigned-char -fomit-frame-pointer -g3 -Wall -Wextra -c -DMBED_DEBUG -DMBED_TRAP_ERRORS_ENABLED=1 -DMBED_MINIMAL_PRINTF -c -g3 -Wno-unused-parameter -Wno-missing-field-initializers -fmacro-prefix-map="../"= -mcpu=cortex-m4 -mfpu=fpv4-sp-d16 -mfloat-abi=softfp -mthumb -D__NEWLIB__ -fstack-usage -specs=nano.specs -MMD -MP -MF"main-leds.d" -MT"main-leds.o" -MT"main-leds.d" -o "main-leds.o" "../main-leds.cpp"
Finished building: ../main-leds.cpp
 
Building target: leds.axf
Invoking: MCU C++ Linker
arm-none-eabi-c++ -o "leds.axf"  ./main-leds.o   -lmbed-os -lstdc++ -lsupc++ -lm -lc -lgcc -lnosys -L"/home/fei/min0150/Projects/VSB/APPS/apps-workspace.mcu/leds/mbed-os/lib" -DMBED_DEBUG -DMBED_TRAP_ERRORS_ENABLED=1 -DMBED_MINIMAL_PRINTF -Wl,-n -Wl,--start-group -lstdc++ -lsupc++ -lm -lc -lgcc -lnosys -lmbed-os -Wl,--end-group -Xlinker -Map="leds.map" -Xlinker -print-memory-usage -Xlinker --gc-sections -Xlinker --wrap=main -Xlinker --wrap=_malloc_r -Xlinker --wrap=_free_r -Xlinker --wrap=_realloc_r -Xlinker --wrap=_memalign_r -Xlinker --wrap=_calloc_r -Xlinker --wrap=exit -Xlinker --wrap=atexit -Xlinker --wrap=printf -Xlinker --wrap=sprintf -Xlinker --wrap=snprintf -Xlinker --wrap=vprintf -Xlinker --wrap=vsprintf -Xlinker --wrap=vsnprintf -Xlinker --wrap=fprintf -Xlinker --wrap=vfprintf -mcpu=cortex-m4 -mfpu=fpv4-sp-d16 -mfloat-abi=softfp -mthumb -T /home/fei/min0150/Projects/VSB/APPS/apps-workspace.mcu/leds/Debug/linker-script-debug.ld
Memory region         Used Size  Region Size  %age Used
    m_interrupts:          1 KB         1 KB    100.00%
  m_flash_config:          16 B         16 B    100.00%
          m_text:       31132 B    1047536 B      2.97%
          m_data:         64 KB        64 KB    100.00%
        m_data_2:        191 KB       192 KB     99.48%
Finished building target: leds.axf
 
Performing post-build steps
arm-none-eabi-size "leds.axf" ; arm-none-eabi-objcopy -v -O binary "leds.axf" "leds.bin" ; checksum -p MK64FN1M0xxx12 -d "leds.bin"
   text	   data	    bss	    dec	    hex	filename
  29360	   2764	 258368	 290492	  46ebc	leds.axf
copy from `leds.axf' [elf32-littlearm] to `leds.bin' [binary]
Written checksum 0xdffce0b2 at offset 0x1c in file leds.bin
Previous value 0x00000000 at offset 0x1c in file leds.bin
 
10:06:51 **** Incremental Build of configuration Debug for project leds ****
make -r -j12 linker-script-debug.ld all 
make: 'linker-script-debug.ld' is up to date.
Building file: ../main-leds.cpp
Invoking: MCU C++ Compiler
arm-none-eabi-c++ -std=gnu++14 -DTARGET_NAME=K64F -DCOMPONENT_SD=1 -DDEVICE_RTC=1 -DFSL_RTOS_MBED -DTOOLCHAIN_GCC -DTARGET_LIKE_CORTEX_M4 -DTARGET_Freescale -DTARGET_MCUXpresso_MCUS -DTARGET_KPSDK_CODE -DTOOLCHAIN_GCC_ARM -DFEATURE_PSA=1 -DDEVICE_USTICKER=1 -DDEVICE_PORTIN=1 -DDEVICE_USBDEVICE=1 -DDEVICE_STDIO_MESSAGES=1 -DCOMPONENT_FLASHIAP=1 -DDEVICE_EMAC=1 -DDEVICE_TRNG=1 -DMBED_SPLIT_HEAP -DTARGET_KPSDK_MCUS -DTARGET_MCU_K64F -DDEVICE_PORTOUT=1 -D__MBED__=1 -DTARGET_Freescale_EMAC -DMBED_TICKLESS -DDEVICE_SERIAL=1 -DTARGET_PSA_Target -DDEVICE_PORTINOUT=1 -DDEVICE_LPTICKER=1 -DDEVICE_SERIAL_FC=1 -DTARGET_KSDK2_MCUS -DDEVICE_WATCHDOG=1 -DTARGET_PSA_V7_M -DDEVICE_ANALOGOUT=1 -DDEVICE_SPI_ASYNCH=1 -DDEVICE_ANALOGIN=1 -DDEVICE_I2C=1 -DTARGET_M4 -DDEVICE_SLEEP=1 -D__CORTEX_M4 -D__MBED_CMSIS_RTOS_CM -DDEVICE_FLASH=1 -DTARGET_K64F -DARM_MATH_CM4 -DMBED_BUILD_TIMESTAMP=1645455281.1211684 -DDEVICE_INTERRUPTIN=1 -DTARGET_RELEASE -DTARGET_LIKE_MBED -DTARGET_RTOS_M4_M7 -D__FPU_PRESENT=1 -DDEVICE_SERIAL_ASYNCH=1 -DTARGET_FRDM -DDEVICE_SPI=1 -D__CMSIS_RTOS -DTARGET_MBED_PSA_SRV -DDEVICE_RESET_REASON=1 -DDEVICE_SPISLAVE=1 -DTARGET_CORTEX -DTARGET_CORTEX_M -DDEVICE_PWMOUT=1 -DTARGET_FF_ARDUINO_UNO -DDEVICE_I2CSLAVE=1 -DDEVICE_CRC=1 -DCPU_MK64FN1M0VMD12 -D__NEWLIB__ -I"/home/fei/min0150/Projects/VSB/APPS/apps-workspace.mcu/leds/." -I"/home/fei/min0150/Projects/VSB/APPS/apps-workspace.mcu/leds/mbed-os" -I"/home/fei/min0150/Projects/VSB/APPS/apps-workspace.mcu/leds/mbed-os/cmsis" -I"/home/fei/min0150/Projects/VSB/APPS/apps-workspace.mcu/leds/mbed-os/cmsis/CMSIS_5" -I"/home/fei/min0150/Projects/VSB/APPS/apps-workspace.mcu/leds/mbed-os/cmsis/CMSIS_5/CMSIS" -I"/home/fei/min0150/Projects/VSB/APPS/apps-workspace.mcu/leds/mbed-os/cmsis/CMSIS_5/CMSIS/TARGET_CORTEX_M" -I"/home/fei/min0150/Projects/VSB/APPS/apps-workspace.mcu/leds/mbed-os/cmsis/CMSIS_5/CMSIS/TARGET_CORTEX_M/Include" -I"/home/fei/min0150/Projects/VSB/APPS/apps-workspace.mcu/leds/mbed-os/cmsis/device" -I"/home/fei/min0150/Projects/VSB/APPS/apps-workspace.mcu/leds/mbed-os/cmsis/device/RTE" -I"/home/fei/min0150/Projects/VSB/APPS/apps-workspace.mcu/leds/mbed-os/cmsis/device/RTE/include" -I"/home/fei/min0150/Projects/VSB/APPS/apps-workspace.mcu/leds/mbed-os/drivers" -I"/home/fei/min0150/Projects/VSB/APPS/apps-workspace.mcu/leds/mbed-os/drivers/include" -I"/home/fei/min0150/Projects/VSB/APPS/apps-workspace.mcu/leds/mbed-os/drivers/include/drivers" -I"/home/fei/min0150/Projects/VSB/APPS/apps-workspace.mcu/leds/mbed-os/drivers/include/drivers/interfaces" -I"/home/fei/min0150/Projects/VSB/APPS/apps-workspace.mcu/leds/mbed-os/features" -I"/home/fei/min0150/Projects/VSB/APPS/apps-workspace.mcu/leds/mbed-os/features/frameworks" -I"/home/fei/min0150/Projects/VSB/APPS/apps-workspace.mcu/leds/mbed-os/hal" -I"/home/fei/min0150/Projects/VSB/APPS/apps-workspace.mcu/leds/mbed-os/hal/include" -I"/home/fei/min0150/Projects/VSB/APPS/apps-workspace.mcu/leds/mbed-os/hal/include/hal" -I"/home/fei/min0150/Projects/VSB/APPS/apps-workspace.mcu/leds/mbed-os/hal/usb" -I"/home/fei/min0150/Projects/VSB/APPS/apps-workspace.mcu/leds/mbed-os/hal/usb/include" -I"/home/fei/min0150/Projects/VSB/APPS/apps-workspace.mcu/leds/mbed-os/hal/usb/include/usb" -I"/home/fei/min0150/Projects/VSB/APPS/apps-workspace.mcu/leds/mbed-os/platform" -I"/home/fei/min0150/Projects/VSB/APPS/apps-workspace.mcu/leds/mbed-os/platform/cxxsupport" -I"/home/fei/min0150/Projects/VSB/APPS/apps-workspace.mcu/leds/mbed-os/platform/include" -I"/home/fei/min0150/Projects/VSB/APPS/apps-workspace.mcu/leds/mbed-os/platform/include/platform" -I"/home/fei/min0150/Projects/VSB/APPS/apps-workspace.mcu/leds/mbed-os/platform/include/platform/internal" -I"/home/fei/min0150/Projects/VSB/APPS/apps-workspace.mcu/leds/mbed-os/platform/mbed-trace" -I"/home/fei/min0150/Projects/VSB/APPS/apps-workspace.mcu/leds/mbed-os/platform/mbed-trace/include" -I"/home/fei/min0150/Projects/VSB/APPS/apps-workspace.mcu/leds/mbed-os/platform/mbed-trace/include/mbed-trace" -I"/home/fei/min0150/Projects/VSB/APPS/apps-workspace.mcu/leds/mbed-os/platform/source" -I"/home/fei/min0150/Projects/VSB/APPS/apps-workspace.mcu/leds/mbed-os/platform/source/minimal-printf" -I"/home/fei/min0150/Projects/VSB/APPS/apps-workspace.mcu/leds/mbed-os/rtos" -I"/home/fei/min0150/Projects/VSB/APPS/apps-workspace.mcu/leds/mbed-os/rtos/include" -I"/home/fei/min0150/Projects/VSB/APPS/apps-workspace.mcu/leds/mbed-os/rtos/include/rtos" -I"/home/fei/min0150/Projects/VSB/APPS/apps-workspace.mcu/leds/mbed-os/rtos/include/rtos/internal" -I"/home/fei/min0150/Projects/VSB/APPS/apps-workspace.mcu/leds/mbed-os/rtos/source" -I"/home/fei/min0150/Projects/VSB/APPS/apps-workspace.mcu/leds/mbed-os/storage" -I"/home/fei/min0150/Projects/VSB/APPS/apps-workspace.mcu/leds/mbed-os/storage/blockdevice" -I"/home/fei/min0150/Projects/VSB/APPS/apps-workspace.mcu/leds/mbed-os/storage/blockdevice/include" -I"/home/fei/min0150/Projects/VSB/APPS/apps-workspace.mcu/leds/mbed-os/storage/blockdevice/include/blockdevice" -I"/home/fei/min0150/Projects/VSB/APPS/apps-workspace.mcu/leds/mbed-os/storage/blockdevice/include/blockdevice/internal" -I"/home/fei/min0150/Projects/VSB/APPS/apps-workspace.mcu/leds/mbed-os/targets/TARGET_Freescale" -I"/home/fei/min0150/Projects/VSB/APPS/apps-workspace.mcu/leds/mbed-os/targets/TARGET_Freescale/TARGET_MCUXpresso_MCUS" -I"/home/fei/min0150/Projects/VSB/APPS/apps-workspace.mcu/leds/mbed-os/targets/TARGET_Freescale/TARGET_MCUXpresso_MCUS/TARGET_MCU_K64F" -I"/home/fei/min0150/Projects/VSB/APPS/apps-workspace.mcu/leds/mbed-os/targets/TARGET_Freescale/TARGET_MCUXpresso_MCUS/TARGET_MCU_K64F/TARGET_FRDM" -I"/home/fei/min0150/Projects/VSB/APPS/apps-workspace.mcu/leds/mbed-os/targets/TARGET_Freescale/TARGET_MCUXpresso_MCUS/TARGET_MCU_K64F/device" -I"/home/fei/min0150/Projects/VSB/APPS/apps-workspace.mcu/leds/mbed-os/targets/TARGET_Freescale/TARGET_MCUXpresso_MCUS/TARGET_MCU_K64F/drivers" -I"/home/fei/min0150/Projects/VSB/APPS/apps-workspace.mcu/leds/mbed-os/targets/TARGET_Freescale/TARGET_MCUXpresso_MCUS/api" -include"/home/fei/min0150/Projects/VSB/APPS/apps-workspace.mcu/leds/mbed_config.h" -fno-rtti -fmessage-length=0 -fno-exceptions -ffunction-sections -fdata-sections -funsigned-char -fomit-frame-pointer -g3 -Wall -Wextra -c -DMBED_DEBUG -DMBED_TRAP_ERRORS_ENABLED=1 -DMBED_MINIMAL_PRINTF -c -g3 -Wno-unused-parameter -Wno-missing-field-initializers -fmacro-prefix-map="../"= -mcpu=cortex-m4 -mfpu=fpv4-sp-d16 -mfloat-abi=softfp -mthumb -D__NEWLIB__ -fstack-usage -specs=nano.specs -MMD -MP -MF"main-leds.d" -MT"main-leds.o" -MT"main-leds.d" -o "main-leds.o" "../main-leds.cpp"
Finished building: ../main-leds.cpp
 
Building target: leds.axf
Invoking: MCU C++ Linker
arm-none-eabi-c++ -o "leds.axf"  ./main-leds.o   -lmbed-os -lstdc++ -lsupc++ -lm -lc -lgcc -lnosys -L"/home/fei/min0150/Projects/VSB/APPS/apps-workspace.mcu/leds/mbed-os/lib" -DMBED_DEBUG -DMBED_TRAP_ERRORS_ENABLED=1 -DMBED_MINIMAL_PRINTF -Wl,-n -Wl,--start-group -lstdc++ -lsupc++ -lm -lc -lgcc -lnosys -lmbed-os -Wl,--end-group -Xlinker -Map="leds.map" -Xlinker -print-memory-usage -Xlinker --gc-sections -Xlinker --wrap=main -Xlinker --wrap=_malloc_r -Xlinker --wrap=_free_r -Xlinker --wrap=_realloc_r -Xlinker --wrap=_memalign_r -Xlinker --wrap=_calloc_r -Xlinker --wrap=exit -Xlinker --wrap=atexit -Xlinker --wrap=printf -Xlinker --wrap=sprintf -Xlinker --wrap=snprintf -Xlinker --wrap=vprintf -Xlinker --wrap=vsprintf -Xlinker --wrap=vsnprintf -Xlinker --wrap=fprintf -Xlinker --wrap=vfprintf -mcpu=cortex-m4 -mfpu=fpv4-sp-d16 -mfloat-abi=softfp -mthumb -T /home/fei/min0150/Projects/VSB/APPS/apps-workspace.mcu/leds/Debug/linker-script-debug.ld
Memory region         Used Size  Region Size  %age Used
    m_interrupts:          1 KB         1 KB    100.00%
  m_flash_config:          16 B         16 B    100.00%
          m_text:       31132 B    1047536 B      2.97%
          m_data:         64 KB        64 KB    100.00%
        m_data_2:        191 KB       192 KB     99.48%
Finished building target: leds.axf
 
Performing post-build steps
arm-none-eabi-size "leds.axf" ; arm-none-eabi-objcopy -v -O binary "leds.axf" "leds.bin" ; checksum -p MK64FN1M0xxx12 -d "leds.bin"
   text	   data	    bss	    dec	    hex	filename
  29360	   2764	 258368	 290492	  46ebc	leds.axf
copy from `leds.axf' [elf32-littlearm] to `leds.bin' [binary]
Written checksum 0xdffce0b2 at offset 0x1c in file leds.bin
Previous value 0x00000000 at offset 0x1c in file leds.bin
 
